  Determining projects to restore...
  All projects are up-to-date for restore.
  OSLC4Net.Test.AspireHost -> /app/OSLC4Net_SDK/Tests/OSLC4Net.Test.AspireHost/bin/Debug/net10.0/OSLC4Net.Test.AspireHost.dll
/app/OSLC4Net_SDK/OSLC4Net.Core/Model/Property.cs(62,16): warning CS8767: Nullability of reference types in type of parameter 'o' of 'int Property.CompareTo(Property o)' doesn't match implicitly implemented member 'int IComparable<Property>.CompareTo(Property? other)' (possibly because of nullability attributes). [/app/OSLC4Net_SDK/OSLC4Net.Core/OSLC4Net.Core.csproj]
/app/OSLC4Net_SDK/OSLC4Net.Core/Attribute/OslcResourceShape.cs(34,19): warning CS8618: Non-nullable field 'title' must contain a non-null value when exiting constructor. Consider adding the 'required' modifier or declaring the field as nullable. [/app/OSLC4Net_SDK/OSLC4Net.Core/OSLC4Net.Core.csproj]
/app/OSLC4Net_SDK/OSLC4Net.Core/Attribute/OslcDialog.cs(49,19): warning CS8618: Non-nullable field 'title' must contain a non-null value when exiting constructor. Consider adding the 'required' modifier or declaring the field as nullable. [/app/OSLC4Net_SDK/OSLC4Net.Core/OSLC4Net.Core.csproj]
/app/OSLC4Net_SDK/OSLC4Net.Core/Attribute/OslcDialog.cs(54,19): warning CS8618: Non-nullable field 'uri' must contain a non-null value when exiting constructor. Consider adding the 'required' modifier or declaring the field as nullable. [/app/OSLC4Net_SDK/OSLC4Net.Core/OSLC4Net.Core.csproj]
/app/OSLC4Net_SDK/OSLC4Net.Core/Attribute/OslcCreationFactory.cs(44,19): warning CS8618: Non-nullable field 'title' must contain a non-null value when exiting constructor. Consider adding the 'required' modifier or declaring the field as nullable. [/app/OSLC4Net_SDK/OSLC4Net.Core/OSLC4Net.Core.csproj]
/app/OSLC4Net_SDK/OSLC4Net.Core/Model/ServiceProviderFactory.cs(33,28): warning CS8625: Cannot convert null literal to non-nullable reference type. [/app/OSLC4Net_SDK/OSLC4Net.Core/OSLC4Net.Core.csproj]
/app/OSLC4Net_SDK/OSLC4Net.Core/Model/ServiceProviderFactory.cs(78,55): warning CS8604: Possible null reference argument for parameter 'service' in 'void ServiceProviderFactory.HandleResourceType(string baseURI, Type resourceType, Service service, Dictionary<string, object> pathParameterValues)'. [/app/OSLC4Net_SDK/OSLC4Net.Core/OSLC4Net.Core.csproj]
/app/OSLC4Net_SDK/OSLC4Net.Core/Model/ServiceProviderFactory.cs(265,51): warning CS8604: Possible null reference argument for parameter 'title' in 'QueryCapability.QueryCapability(string title, Uri queryBase)'. [/app/OSLC4Net_SDK/OSLC4Net.Core/OSLC4Net.Core.csproj]
/app/OSLC4Net_SDK/OSLC4Net.Core/Model/ServiceProviderCatalog.cs(32,20): warning CS8618: Non-nullable field 'description' must contain a non-null value when exiting constructor. Consider adding the 'required' modifier or declaring the field as nullable. [/app/OSLC4Net_SDK/OSLC4Net.Core/OSLC4Net.Core.csproj]
/app/OSLC4Net_SDK/OSLC4Net.Core/Model/ServiceProviderCatalog.cs(33,32): warning CS8618: Non-nullable field 'oauthConfiguration' must contain a non-null value when exiting constructor. Consider adding the 'required' modifier or declaring the field as nullable. [/app/OSLC4Net_SDK/OSLC4Net.Core/OSLC4Net.Core.csproj]
/app/OSLC4Net_SDK/OSLC4Net.Core/Model/ServiceProviderCatalog.cs(34,23): warning CS8618: Non-nullable field 'publisher' must contain a non-null value when exiting constructor. Consider adding the 'required' modifier or declaring the field as nullable. [/app/OSLC4Net_SDK/OSLC4Net.Core/OSLC4Net.Core.csproj]
/app/OSLC4Net_SDK/OSLC4Net.Core/Model/ServiceProviderCatalog.cs(35,20): warning CS8618: Non-nullable field 'title' must contain a non-null value when exiting constructor. Consider adding the 'required' modifier or declaring the field as nullable. [/app/OSLC4Net_SDK/OSLC4Net.Core/OSLC4Net.Core.csproj]
/app/OSLC4Net_SDK/OSLC4Net.Core/Model/ServiceProvider.cs(36,20): warning CS8618: Non-nullable field '_description' must contain a non-null value when exiting constructor. Consider adding the 'required' modifier or declaring the field as nullable. [/app/OSLC4Net_SDK/OSLC4Net.Core/OSLC4Net.Core.csproj]
/app/OSLC4Net_SDK/OSLC4Net.Core/Model/ServiceProvider.cs(37,20): warning CS8618: Non-nullable field '_identifier' must contain a non-null value when exiting constructor. Consider adding the 'required' modifier or declaring the field as nullable. [/app/OSLC4Net_SDK/OSLC4Net.Core/OSLC4Net.Core.csproj]
/app/OSLC4Net_SDK/OSLC4Net.Core/Model/ServiceProvider.cs(38,32): warning CS8618: Non-nullable field '_oauthConfiguration' must contain a non-null value when exiting constructor. Consider adding the 'required' modifier or declaring the field as nullable. [/app/OSLC4Net_SDK/OSLC4Net.Core/OSLC4Net.Core.csproj]
/app/OSLC4Net_SDK/OSLC4Net.Core/Model/ServiceProvider.cs(39,23): warning CS8618: Non-nullable field '_publisher' must contain a non-null value when exiting constructor. Consider adding the 'required' modifier or declaring the field as nullable. [/app/OSLC4Net_SDK/OSLC4Net.Core/OSLC4Net.Core.csproj]
/app/OSLC4Net_SDK/OSLC4Net.Core/Model/Service.cs(35,12): warning CS8618: Non-nullable field 'domain' must contain a non-null value when exiting constructor. Consider adding the 'required' modifier or declaring the field as nullable. [/app/OSLC4Net_SDK/OSLC4Net.Core/OSLC4Net.Core.csproj]
/app/OSLC4Net_SDK/OSLC4Net.Core/Model/AbstractReifiedResource.cs(26,15): warning CS8618: Non-nullable field 'value' must contain a non-null value when exiting constructor. Consider adding the 'required' modifier or declaring the field as nullable. [/app/OSLC4Net_SDK/OSLC4Net.Core/OSLC4Net.Core.csproj]
/app/OSLC4Net_SDK/OSLC4Net.Core/Model/AbstractResource.cs(35,15): warning CS8618: Non-nullable property 'About' must contain a non-null value when exiting constructor. Consider adding the 'required' modifier or declaring the property as nullable. [/app/OSLC4Net_SDK/OSLC4Net.Core/OSLC4Net.Core.csproj]
/app/OSLC4Net_SDK/OSLC4Net.Core/Model/AbstractResourceRecord.cs(29,15): warning CS8618: Non-nullable property 'About' must contain a non-null value when exiting constructor. Consider adding the 'required' modifier or declaring the property as nullable. [/app/OSLC4Net_SDK/OSLC4Net.Core/OSLC4Net.Core.csproj]
/app/OSLC4Net_SDK/OSLC4Net.Core/Model/ResponseInfo.cs(42,9): warning CS8604: Possible null reference argument for parameter 'nextPage' in 'ResponseInfo<T>.ResponseInfo(T resource, IDictionary<string, object> properties, int totalCount, string nextPage)'. [/app/OSLC4Net_SDK/OSLC4Net.Core/OSLC4Net.Core.csproj]
/app/OSLC4Net_SDK/OSLC4Net.Core/Model/Compact.cs(28,17): warning CS8618: Non-nullable field 'icon' must contain a non-null value when exiting constructor. Consider adding the 'required' modifier or declaring the field as nullable. [/app/OSLC4Net_SDK/OSLC4Net.Core/OSLC4Net.Core.csproj]
/app/OSLC4Net_SDK/OSLC4Net.Core/Model/Compact.cs(29,21): warning CS8618: Non-nullable field 'largePreview' must contain a non-null value when exiting constructor. Consider adding the 'required' modifier or declaring the field as nullable. [/app/OSLC4Net_SDK/OSLC4Net.Core/OSLC4Net.Core.csproj]
/app/OSLC4Net_SDK/OSLC4Net.Core/Model/Compact.cs(30,20): warning CS8618: Non-nullable field 'shortTitle' must contain a non-null value when exiting constructor. Consider adding the 'required' modifier or declaring the field as nullable. [/app/OSLC4Net_SDK/OSLC4Net.Core/OSLC4Net.Core.csproj]
/app/OSLC4Net_SDK/OSLC4Net.Core/Model/Compact.cs(31,21): warning CS8618: Non-nullable field 'smallPreview' must contain a non-null value when exiting constructor. Consider adding the 'required' modifier or declaring the field as nullable. [/app/OSLC4Net_SDK/OSLC4Net.Core/OSLC4Net.Core.csproj]
/app/OSLC4Net_SDK/OSLC4Net.Core/Model/Compact.cs(32,20): warning CS8618: Non-nullable field 'title' must contain a non-null value when exiting constructor. Consider adding the 'required' modifier or declaring the field as nullable. [/app/OSLC4Net_SDK/OSLC4Net.Core/OSLC4Net.Core.csproj]
/app/OSLC4Net_SDK/OSLC4Net.Core/Model/CreationFactory.cs(37,12): warning CS8618: Non-nullable field 'creation' must contain a non-null value when exiting constructor. Consider adding the 'required' modifier or declaring the field as nullable. [/app/OSLC4Net_SDK/OSLC4Net.Core/OSLC4Net.Core.csproj]
/app/OSLC4Net_SDK/OSLC4Net.Core/Model/CreationFactory.cs(37,12): warning CS8618: Non-nullable field 'label' must contain a non-null value when exiting constructor. Consider adding the 'required' modifier or declaring the field as nullable. [/app/OSLC4Net_SDK/OSLC4Net.Core/OSLC4Net.Core.csproj]
/app/OSLC4Net_SDK/OSLC4Net.Core/Model/CreationFactory.cs(37,12): warning CS8618: Non-nullable field 'title' must contain a non-null value when exiting constructor. Consider adding the 'required' modifier or declaring the field as nullable. [/app/OSLC4Net_SDK/OSLC4Net.Core/OSLC4Net.Core.csproj]
/app/OSLC4Net_SDK/OSLC4Net.Core/Model/ResourceShape.cs(33,12): warning CS8618: Non-nullable field 'title' must contain a non-null value when exiting constructor. Consider adding the 'required' modifier or declaring the field as nullable. [/app/OSLC4Net_SDK/OSLC4Net.Core/OSLC4Net.Core.csproj]
/app/OSLC4Net_SDK/OSLC4Net.Core/Model/ResourceShape.cs(37,12): warning CS8618: Non-nullable field 'title' must contain a non-null value when exiting constructor. Consider adding the 'required' modifier or declaring the field as nullable. [/app/OSLC4Net_SDK/OSLC4Net.Core/OSLC4Net.Core.csproj]
/app/OSLC4Net_SDK/OSLC4Net.Core/Model/QueryCapability.cs(38,12): warning CS8618: Non-nullable field 'label' must contain a non-null value when exiting constructor. Consider adding the 'required' modifier or declaring the field as nullable. [/app/OSLC4Net_SDK/OSLC4Net.Core/OSLC4Net.Core.csproj]
/app/OSLC4Net_SDK/OSLC4Net.Core/Model/QueryCapability.cs(38,12): warning CS8618: Non-nullable field 'queryBase' must contain a non-null value when exiting constructor. Consider adding the 'required' modifier or declaring the field as nullable. [/app/OSLC4Net_SDK/OSLC4Net.Core/OSLC4Net.Core.csproj]
/app/OSLC4Net_SDK/OSLC4Net.Core/Model/QueryCapability.cs(38,12): warning CS8618: Non-nullable field 'resourceShape' must contain a non-null value when exiting constructor. Consider adding the 'required' modifier or declaring the field as nullable. [/app/OSLC4Net_SDK/OSLC4Net.Core/OSLC4Net.Core.csproj]
/app/OSLC4Net_SDK/OSLC4Net.Core/Model/QueryCapability.cs(38,12): warning CS8618: Non-nullable field 'title' must contain a non-null value when exiting constructor. Consider adding the 'required' modifier or declaring the field as nullable. [/app/OSLC4Net_SDK/OSLC4Net.Core/OSLC4Net.Core.csproj]
/app/OSLC4Net_SDK/OSLC4Net.Core/Model/Publisher.cs(33,12): warning CS8618: Non-nullable field 'icon' must contain a non-null value when exiting constructor. Consider adding the 'required' modifier or declaring the field as nullable. [/app/OSLC4Net_SDK/OSLC4Net.Core/OSLC4Net.Core.csproj]
/app/OSLC4Net_SDK/OSLC4Net.Core/Model/Publisher.cs(33,12): warning CS8618: Non-nullable field 'identifier' must contain a non-null value when exiting constructor. Consider adding the 'required' modifier or declaring the field as nullable. [/app/OSLC4Net_SDK/OSLC4Net.Core/OSLC4Net.Core.csproj]
/app/OSLC4Net_SDK/OSLC4Net.Core/Model/Publisher.cs(33,12): warning CS8618: Non-nullable field 'label' must contain a non-null value when exiting constructor. Consider adding the 'required' modifier or declaring the field as nullable. [/app/OSLC4Net_SDK/OSLC4Net.Core/OSLC4Net.Core.csproj]
/app/OSLC4Net_SDK/OSLC4Net.Core/Model/Publisher.cs(33,12): warning CS8618: Non-nullable field 'title' must contain a non-null value when exiting constructor. Consider adding the 'required' modifier or declaring the field as nullable. [/app/OSLC4Net_SDK/OSLC4Net.Core/OSLC4Net.Core.csproj]
/app/OSLC4Net_SDK/OSLC4Net.Core/Model/Property.cs(47,12): warning CS8618: Non-nullable field 'allowedValuesRef' must contain a non-null value when exiting constructor. Consider adding the 'required' modifier or declaring the field as nullable. [/app/OSLC4Net_SDK/OSLC4Net.Core/OSLC4Net.Core.csproj]
/app/OSLC4Net_SDK/OSLC4Net.Core/Model/Property.cs(47,12): warning CS8618: Non-nullable field 'defaultValue' must contain a non-null value when exiting constructor. Consider adding the 'required' modifier or declaring the field as nullable. [/app/OSLC4Net_SDK/OSLC4Net.Core/OSLC4Net.Core.csproj]
/app/OSLC4Net_SDK/OSLC4Net.Core/Model/Property.cs(47,12): warning CS8618: Non-nullable field 'description' must contain a non-null value when exiting constructor. Consider adding the 'required' modifier or declaring the field as nullable. [/app/OSLC4Net_SDK/OSLC4Net.Core/OSLC4Net.Core.csproj]
/app/OSLC4Net_SDK/OSLC4Net.Core/Model/Property.cs(47,12): warning CS8618: Non-nullable field 'name' must contain a non-null value when exiting constructor. Consider adding the 'required' modifier or declaring the field as nullable. [/app/OSLC4Net_SDK/OSLC4Net.Core/OSLC4Net.Core.csproj]
/app/OSLC4Net_SDK/OSLC4Net.Core/Model/Property.cs(47,12): warning CS8618: Non-nullable field 'propertyDefinition' must contain a non-null value when exiting constructor. Consider adding the 'required' modifier or declaring the field as nullable. [/app/OSLC4Net_SDK/OSLC4Net.Core/OSLC4Net.Core.csproj]
/app/OSLC4Net_SDK/OSLC4Net.Core/Model/Property.cs(47,12): warning CS8618: Non-nullable field 'title' must contain a non-null value when exiting constructor. Consider adding the 'required' modifier or declaring the field as nullable. [/app/OSLC4Net_SDK/OSLC4Net.Core/OSLC4Net.Core.csproj]
/app/OSLC4Net_SDK/OSLC4Net.Core/Model/Property.cs(47,12): warning CS8618: Non-nullable field 'valueShape' must contain a non-null value when exiting constructor. Consider adding the 'required' modifier or declaring the field as nullable. [/app/OSLC4Net_SDK/OSLC4Net.Core/OSLC4Net.Core.csproj]
/app/OSLC4Net_SDK/OSLC4Net.Core/Model/Property.cs(370,37): warning CS8625: Cannot convert null literal to non-nullable reference type. [/app/OSLC4Net_SDK/OSLC4Net.Core/OSLC4Net.Core.csproj]
/app/OSLC4Net_SDK/OSLC4Net.Core/Model/Preview.cs(28,17): warning CS8618: Non-nullable field 'document' must contain a non-null value when exiting constructor. Consider adding the 'required' modifier or declaring the field as nullable. [/app/OSLC4Net_SDK/OSLC4Net.Core/OSLC4Net.Core.csproj]
/app/OSLC4Net_SDK/OSLC4Net.Core/Model/Preview.cs(29,20): warning CS8618: Non-nullable field 'hintHeight' must contain a non-null value when exiting constructor. Consider adding the 'required' modifier or declaring the field as nullable. [/app/OSLC4Net_SDK/OSLC4Net.Core/OSLC4Net.Core.csproj]
/app/OSLC4Net_SDK/OSLC4Net.Core/Model/Preview.cs(30,20): warning CS8618: Non-nullable field 'hintWidth' must contain a non-null value when exiting constructor. Consider adding the 'required' modifier or declaring the field as nullable. [/app/OSLC4Net_SDK/OSLC4Net.Core/OSLC4Net.Core.csproj]
/app/OSLC4Net_SDK/OSLC4Net.Core/Model/Preview.cs(31,20): warning CS8618: Non-nullable field 'initialHeight' must contain a non-null value when exiting constructor. Consider adding the 'required' modifier or declaring the field as nullable. [/app/OSLC4Net_SDK/OSLC4Net.Core/OSLC4Net.Core.csproj]
/app/OSLC4Net_SDK/OSLC4Net.Core/Model/PrefixDefinition.cs(31,12): warning CS8618: Non-nullable field 'prefix' must contain a non-null value when exiting constructor. Consider adding the 'required' modifier or declaring the field as nullable. [/app/OSLC4Net_SDK/OSLC4Net.Core/OSLC4Net.Core.csproj]
/app/OSLC4Net_SDK/OSLC4Net.Core/Model/PrefixDefinition.cs(31,12): warning CS8618: Non-nullable field 'prefixBase' must contain a non-null value when exiting constructor. Consider adding the 'required' modifier or declaring the field as nullable. [/app/OSLC4Net_SDK/OSLC4Net.Core/OSLC4Net.Core.csproj]
/app/OSLC4Net_SDK/OSLC4Net.Core/Model/OAuthConfiguration.cs(34,12): warning CS8618: Non-nullable field 'authorizationURI' must contain a non-null value when exiting constructor. Consider adding the 'required' modifier or declaring the field as nullable. [/app/OSLC4Net_SDK/OSLC4Net.Core/OSLC4Net.Core.csproj]
/app/OSLC4Net_SDK/OSLC4Net.Core/Model/OAuthConfiguration.cs(34,12): warning CS8618: Non-nullable field 'oauthAccessTokenURI' must contain a non-null value when exiting constructor. Consider adding the 'required' modifier or declaring the field as nullable. [/app/OSLC4Net_SDK/OSLC4Net.Core/OSLC4Net.Core.csproj]
/app/OSLC4Net_SDK/OSLC4Net.Core/Model/OAuthConfiguration.cs(34,12): warning CS8618: Non-nullable field 'oauthRequestTokenURI' must contain a non-null value when exiting constructor. Consider adding the 'required' modifier or declaring the field as nullable. [/app/OSLC4Net_SDK/OSLC4Net.Core/OSLC4Net.Core.csproj]
/app/OSLC4Net_SDK/OSLC4Net.Core/Model/Link.cs(27,12): warning CS8618: Non-nullable field 'label' must contain a non-null value when exiting constructor. Consider adding the 'required' modifier or declaring the field as nullable. [/app/OSLC4Net_SDK/OSLC4Net.Core/OSLC4Net.Core.csproj]
/app/OSLC4Net_SDK/OSLC4Net.Core/Model/Link.cs(31,12): warning CS8618: Non-nullable field 'label' must contain a non-null value when exiting constructor. Consider adding the 'required' modifier or declaring the field as nullable. [/app/OSLC4Net_SDK/OSLC4Net.Core/OSLC4Net.Core.csproj]
/app/OSLC4Net_SDK/OSLC4Net.Core/Model/ExtendedError.cs(10,20): warning CS8618: Non-nullable field 'hintHeight' must contain a non-null value when exiting constructor. Consider adding the 'required' modifier or declaring the field as nullable. [/app/OSLC4Net_SDK/OSLC4Net.Core/OSLC4Net.Core.csproj]
/app/OSLC4Net_SDK/OSLC4Net.Core/Model/ExtendedError.cs(11,20): warning CS8618: Non-nullable field 'hintWidth' must contain a non-null value when exiting constructor. Consider adding the 'required' modifier or declaring the field as nullable. [/app/OSLC4Net_SDK/OSLC4Net.Core/OSLC4Net.Core.csproj]
/app/OSLC4Net_SDK/OSLC4Net.Core/Model/ExtendedError.cs(12,17): warning CS8618: Non-nullable field 'moreInfo' must contain a non-null value when exiting constructor. Consider adding the 'required' modifier or declaring the field as nullable. [/app/OSLC4Net_SDK/OSLC4Net.Core/OSLC4Net.Core.csproj]
/app/OSLC4Net_SDK/OSLC4Net.Core/Model/ExtendedError.cs(13,20): warning CS8618: Non-nullable field 'rel' must contain a non-null value when exiting constructor. Consider adding the 'required' modifier or declaring the field as nullable. [/app/OSLC4Net_SDK/OSLC4Net.Core/OSLC4Net.Core.csproj]
/app/OSLC4Net_SDK/OSLC4Net.Core/Model/Error.cs(10,27): warning CS8618: Non-nullable field 'extendedError' must contain a non-null value when exiting constructor. Consider adding the 'required' modifier or declaring the field as nullable. [/app/OSLC4Net_SDK/OSLC4Net.Core/OSLC4Net.Core.csproj]
/app/OSLC4Net_SDK/OSLC4Net.Core/Model/Error.cs(11,20): warning CS8618: Non-nullable field 'message' must contain a non-null value when exiting constructor. Consider adding the 'required' modifier or declaring the field as nullable. [/app/OSLC4Net_SDK/OSLC4Net.Core/OSLC4Net.Core.csproj]
/app/OSLC4Net_SDK/OSLC4Net.Core/Model/Error.cs(12,20): warning CS8618: Non-nullable field 'statusCode' must contain a non-null value when exiting constructor. Consider adding the 'required' modifier or declaring the field as nullable. [/app/OSLC4Net_SDK/OSLC4Net.Core/OSLC4Net.Core.csproj]
/app/OSLC4Net_SDK/OSLC4Net.Core/Model/Dialog.cs(37,12): warning CS8618: Non-nullable field 'dialog' must contain a non-null value when exiting constructor. Consider adding the 'required' modifier or declaring the field as nullable. [/app/OSLC4Net_SDK/OSLC4Net.Core/OSLC4Net.Core.csproj]
/app/OSLC4Net_SDK/OSLC4Net.Core/Model/Dialog.cs(37,12): warning CS8618: Non-nullable field 'hintHeight' must contain a non-null value when exiting constructor. Consider adding the 'required' modifier or declaring the field as nullable. [/app/OSLC4Net_SDK/OSLC4Net.Core/OSLC4Net.Core.csproj]
/app/OSLC4Net_SDK/OSLC4Net.Core/Model/Dialog.cs(37,12): warning CS8618: Non-nullable field 'hintWidth' must contain a non-null value when exiting constructor. Consider adding the 'required' modifier or declaring the field as nullable. [/app/OSLC4Net_SDK/OSLC4Net.Core/OSLC4Net.Core.csproj]
/app/OSLC4Net_SDK/OSLC4Net.Core/Model/Dialog.cs(37,12): warning CS8618: Non-nullable field 'label' must contain a non-null value when exiting constructor. Consider adding the 'required' modifier or declaring the field as nullable. [/app/OSLC4Net_SDK/OSLC4Net.Core/OSLC4Net.Core.csproj]
/app/OSLC4Net_SDK/OSLC4Net.Core/Model/Dialog.cs(37,12): warning CS8618: Non-nullable field 'title' must contain a non-null value when exiting constructor. Consider adding the 'required' modifier or declaring the field as nullable. [/app/OSLC4Net_SDK/OSLC4Net.Core/OSLC4Net.Core.csproj]
/app/OSLC4Net_SDK/OSLC4Net.Core/Exceptions/OslcCoreRequestException.cs(23,4): warning MA0026: TODO accept HttpResponseMessage in a static ctor but do not retain it (@berezovskyi 2025-06) (https://github.com/meziantou/Meziantou.Analyzer/blob/main/docs/Rules/MA0026.md) [/app/OSLC4Net_SDK/OSLC4Net.Core/OSLC4Net.Core.csproj]
/app/OSLC4Net_SDK/OSLC4Net.Core/Model/OslcMediaType.cs(36,39): warning MA0026: TODO - Compact media type never defined in the OSLC spec for JSON (https://github.com/meziantou/Meziantou.Analyzer/blob/main/docs/Rules/MA0026.md) [/app/OSLC4Net_SDK/OSLC4Net.Core/OSLC4Net.Core.csproj]
/app/OSLC4Net_SDK/OSLC4Net.Core/Model/Publisher.cs(62,23): warning MA0026: TODO - Marked as unspecified in the spec, but is this correct? (https://github.com/meziantou/Meziantou.Analyzer/blob/main/docs/Rules/MA0026.md) [/app/OSLC4Net_SDK/OSLC4Net.Core/OSLC4Net.Core.csproj]
/app/OSLC4Net_SDK/OSLC4Net.Core/Model/ServiceProvider.cs(35,36): warning MA0026: TODO - ServiceProvider.created nice to have, but not required. (https://github.com/meziantou/Meziantou.Analyzer/blob/main/docs/Rules/MA0026.md) [/app/OSLC4Net_SDK/OSLC4Net.Core/OSLC4Net.Core.csproj]
/app/OSLC4Net_SDK/OSLC4Net.Core/Model/ServiceProvider.cs(37,36): warning MA0026: TODO - ServiceProvider.identifier nice to have, but not required. (https://github.com/meziantou/Meziantou.Analyzer/blob/main/docs/Rules/MA0026.md) [/app/OSLC4Net_SDK/OSLC4Net.Core/OSLC4Net.Core.csproj]
/app/OSLC4Net_SDK/OSLC4Net.Core/Model/ServiceProviderFactory.cs(209,12): warning MA0026: TODO Path methodPathAttribute = method.getAttribute(Path.class); (https://github.com/meziantou/Meziantou.Analyzer/blob/main/docs/Rules/MA0026.md) [/app/OSLC4Net_SDK/OSLC4Net.Core/OSLC4Net.Core.csproj]
/app/OSLC4Net_SDK/OSLC4Net.Core/Model/ServiceProviderFactory.cs(215,12): warning MA0026: TODO normalise URI (https://github.com/meziantou/Meziantou.Analyzer/blob/main/docs/Rules/MA0026.md) [/app/OSLC4Net_SDK/OSLC4Net.Core/OSLC4Net.Core.csproj]
/app/OSLC4Net_SDK/OSLC4Net.Core/Model/ServiceProviderFactory.cs(259,12): warning MA0026: TODO  (https://github.com/meziantou/Meziantou.Analyzer/blob/main/docs/Rules/MA0026.md) [/app/OSLC4Net_SDK/OSLC4Net.Core/OSLC4Net.Core.csproj]
/app/OSLC4Net_SDK/OSLC4Net.Core/Model/ServiceProviderFactory.cs(323,16): warning MA0026: TODO Do we chop off everything after the port and then append the dialog URI? (https://github.com/meziantou/Meziantou.Analyzer/blob/main/docs/Rules/MA0026.md) [/app/OSLC4Net_SDK/OSLC4Net.Core/OSLC4Net.Core.csproj]
/app/OSLC4Net_SDK/OSLC4Net.Core/Model/ServiceProviderFactory.cs(370,16): warning MA0026: TODO - not supported yet (https://github.com/meziantou/Meziantou.Analyzer/blob/main/docs/Rules/MA0026.md) [/app/OSLC4Net_SDK/OSLC4Net.Core/OSLC4Net.Core.csproj]
/app/OSLC4Net_SDK/OSLC4Net.Core/Model/AbstractResourceRecord.cs(19,12): warning MA0016: Prefer using collection abstraction instead of implementation (https://github.com/meziantou/Meziantou.Analyzer/blob/main/docs/Rules/MA0016.md) [/app/OSLC4Net_SDK/OSLC4Net.Core/OSLC4Net.Core.csproj]
/app/OSLC4Net_SDK/OSLC4Net.Core/Model/Property.cs(27,21): warning MA0096: A class that implements IComparable<T> should also implement IEquatable<T> (https://github.com/meziantou/Meziantou.Analyzer/blob/main/docs/Rules/MA0096.md) [/app/OSLC4Net_SDK/OSLC4Net.Core/OSLC4Net.Core.csproj]
/app/OSLC4Net_SDK/OSLC4Net.Core/Model/Property.cs(27,21): warning MA0097: A class that implements IComparable<T> or IComparable should override comparison operators (https://github.com/meziantou/Meziantou.Analyzer/blob/main/docs/Rules/MA0097.md) [/app/OSLC4Net_SDK/OSLC4Net.Core/OSLC4Net.Core.csproj]
/app/OSLC4Net_SDK/OSLC4Net.Core/Model/ServiceProviderFactory.cs(99,25): warning MA0051: Method is too long (87 lines; maximum allowed: 60) (https://github.com/meziantou/Meziantou.Analyzer/blob/main/docs/Rules/MA0051.md) [/app/OSLC4Net_SDK/OSLC4Net.Core/OSLC4Net.Core.csproj]
/app/OSLC4Net_SDK/OSLC4Net.Core/Model/ServiceProviderFactory.cs(38,9): warning MA0016: Prefer using collection abstraction instead of implementation (https://github.com/meziantou/Meziantou.Analyzer/blob/main/docs/Rules/MA0016.md) [/app/OSLC4Net_SDK/OSLC4Net.Core/OSLC4Net.Core.csproj]
/app/OSLC4Net_SDK/OSLC4Net.Core/Model/ServiceProviderFactory.cs(46,9): warning MA0016: Prefer using collection abstraction instead of implementation (https://github.com/meziantou/Meziantou.Analyzer/blob/main/docs/Rules/MA0016.md) [/app/OSLC4Net_SDK/OSLC4Net.Core/OSLC4Net.Core.csproj]
/app/OSLC4Net_SDK/OSLC4Net.Core/Model/ServiceProviderFactory.cs(368,9): warning MA0140: Both if and else branch have identical code (https://github.com/meziantou/Meziantou.Analyzer/blob/main/docs/Rules/MA0140.md) [/app/OSLC4Net_SDK/OSLC4Net.Core/OSLC4Net.Core.csproj]
/app/OSLC4Net_SDK/OSLC4Net.Core/Model/ResourceShapeFactory.cs(152,29): warning MA0051: Method is too long (177 lines; maximum allowed: 60) (https://github.com/meziantou/Meziantou.Analyzer/blob/main/docs/Rules/MA0051.md) [/app/OSLC4Net_SDK/OSLC4Net.Core/OSLC4Net.Core.csproj]
/app/OSLC4Net_SDK/OSLC4Net.Core/Model/RepresentationExtension.cs(35,15): warning CA2208: Call the ArgumentException constructor that contains a message and/or paramName parameter (https://learn.microsoft.com/dotnet/fundamentals/code-analysis/quality-rules/ca2208) [/app/OSLC4Net_SDK/OSLC4Net.Core/OSLC4Net.Core.csproj]
/app/OSLC4Net_SDK/OSLC4Net.Core/Model/RepresentationExtension.cs(35,15): warning MA0015: Use an overload of 'System.ArgumentException' with the parameter name (https://github.com/meziantou/Meziantou.Analyzer/blob/main/docs/Rules/MA0015.md) [/app/OSLC4Net_SDK/OSLC4Net.Core/OSLC4Net.Core.csproj]
/app/OSLC4Net_SDK/OSLC4Net.Core/Model/Property.cs(183,23): warning CA2201: Exception type System.SystemException is not sufficiently specific (https://learn.microsoft.com/dotnet/fundamentals/code-analysis/quality-rules/ca2201) [/app/OSLC4Net_SDK/OSLC4Net.Core/OSLC4Net.Core.csproj]
/app/OSLC4Net_SDK/OSLC4Net.Core/Model/Property.cs(241,19): warning CA2201: Exception type System.SystemException is not sufficiently specific (https://learn.microsoft.com/dotnet/fundamentals/code-analysis/quality-rules/ca2201) [/app/OSLC4Net_SDK/OSLC4Net.Core/OSLC4Net.Core.csproj]
/app/OSLC4Net_SDK/OSLC4Net.Core/Model/Property.cs(303,23): warning CA2201: Exception type System.SystemException is not sufficiently specific (https://learn.microsoft.com/dotnet/fundamentals/code-analysis/quality-rules/ca2201) [/app/OSLC4Net_SDK/OSLC4Net.Core/OSLC4Net.Core.csproj]
/app/OSLC4Net_SDK/OSLC4Net.Core/Model/OccursExtension.cs(35,15): warning CA2208: Call the ArgumentException constructor that contains a message and/or paramName parameter (https://learn.microsoft.com/dotnet/fundamentals/code-analysis/quality-rules/ca2208) [/app/OSLC4Net_SDK/OSLC4Net.Core/OSLC4Net.Core.csproj]
/app/OSLC4Net_SDK/OSLC4Net.Core/Model/OccursExtension.cs(35,15): warning MA0015: Use an overload of 'System.ArgumentException' with the parameter name (https://github.com/meziantou/Meziantou.Analyzer/blob/main/docs/Rules/MA0015.md) [/app/OSLC4Net_SDK/OSLC4Net.Core/OSLC4Net.Core.csproj]
  OSLC4Net.Core -> /app/OSLC4Net_SDK/OSLC4Net.Core/bin/Debug/net10.0/OSLC4Net.Core.dll
/app/OSLC4Net_SDK/OSLC4Net.Domains.RequirementsManagement/RequirementCollection.cs(12,12): warning CS8618: Non-nullable property 'Identifier' must contain a non-null value when exiting constructor. Consider adding the 'required' modifier or declaring the property as nullable. [/app/OSLC4Net_SDK/OSLC4Net.Domains.RequirementsManagement/OSLC4Net.Domains.RequirementsManagement.csproj]
/app/OSLC4Net_SDK/OSLC4Net.Domains.RequirementsManagement/RequirementCollection.cs(12,12): warning CS8618: Non-nullable property 'Title' must contain a non-null value when exiting constructor. Consider adding the 'required' modifier or declaring the property as nullable. [/app/OSLC4Net_SDK/OSLC4Net.Domains.RequirementsManagement/OSLC4Net.Domains.RequirementsManagement.csproj]
/app/OSLC4Net_SDK/OSLC4Net.Domains.RequirementsManagement/RequirementCollection.cs(12,12): warning CS8618: Non-nullable property 'ShortTitle' must contain a non-null value when exiting constructor. Consider adding the 'required' modifier or declaring the property as nullable. [/app/OSLC4Net_SDK/OSLC4Net.Domains.RequirementsManagement/OSLC4Net.Domains.RequirementsManagement.csproj]
/app/OSLC4Net_SDK/OSLC4Net.Domains.RequirementsManagement/RequirementCollection.cs(12,12): warning CS8618: Non-nullable property 'Description' must contain a non-null value when exiting constructor. Consider adding the 'required' modifier or declaring the property as nullable. [/app/OSLC4Net_SDK/OSLC4Net.Domains.RequirementsManagement/OSLC4Net.Domains.RequirementsManagement.csproj]
/app/OSLC4Net_SDK/OSLC4Net.Domains.RequirementsManagement/RequirementCollection.cs(12,12): warning CS8618: Non-nullable property 'Subject' must contain a non-null value when exiting constructor. Consider adding the 'required' modifier or declaring the property as nullable. [/app/OSLC4Net_SDK/OSLC4Net.Domains.RequirementsManagement/OSLC4Net.Domains.RequirementsManagement.csproj]
/app/OSLC4Net_SDK/OSLC4Net.Domains.RequirementsManagement/RequirementCollection.cs(12,12): warning CS8618: Non-nullable property 'Creator' must contain a non-null value when exiting constructor. Consider adding the 'required' modifier or declaring the property as nullable. [/app/OSLC4Net_SDK/OSLC4Net.Domains.RequirementsManagement/OSLC4Net.Domains.RequirementsManagement.csproj]
/app/OSLC4Net_SDK/OSLC4Net.Domains.RequirementsManagement/RequirementCollection.cs(12,12): warning CS8618: Non-nullable property 'Contributor' must contain a non-null value when exiting constructor. Consider adding the 'required' modifier or declaring the property as nullable. [/app/OSLC4Net_SDK/OSLC4Net.Domains.RequirementsManagement/OSLC4Net.Domains.RequirementsManagement.csproj]
/app/OSLC4Net_SDK/OSLC4Net.Domains.RequirementsManagement/RequirementCollection.cs(12,12): warning CS8618: Non-nullable property 'ServiceProvider' must contain a non-null value when exiting constructor. Consider adding the 'required' modifier or declaring the property as nullable. [/app/OSLC4Net_SDK/OSLC4Net.Domains.RequirementsManagement/OSLC4Net.Domains.RequirementsManagement.csproj]
/app/OSLC4Net_SDK/OSLC4Net.Domains.RequirementsManagement/RequirementCollection.cs(12,12): warning CS8618: Non-nullable property 'InstanceShape' must contain a non-null value when exiting constructor. Consider adding the 'required' modifier or declaring the property as nullable. [/app/OSLC4Net_SDK/OSLC4Net.Domains.RequirementsManagement/OSLC4Net.Domains.RequirementsManagement.csproj]
/app/OSLC4Net_SDK/OSLC4Net.Domains.RequirementsManagement/RequirementCollection.cs(12,12): warning CS8618: Non-nullable property 'Uses' must contain a non-null value when exiting constructor. Consider adding the 'required' modifier or declaring the property as nullable. [/app/OSLC4Net_SDK/OSLC4Net.Domains.RequirementsManagement/OSLC4Net.Domains.RequirementsManagement.csproj]
/app/OSLC4Net_SDK/OSLC4Net.Domains.RequirementsManagement/RequirementCollection.cs(12,12): warning CS8618: Non-nullable property 'ElaboratedBy' must contain a non-null value when exiting constructor. Consider adding the 'required' modifier or declaring the property as nullable. [/app/OSLC4Net_SDK/OSLC4Net.Domains.RequirementsManagement/OSLC4Net.Domains.RequirementsManagement.csproj]
/app/OSLC4Net_SDK/OSLC4Net.Domains.RequirementsManagement/RequirementCollection.cs(12,12): warning CS8618: Non-nullable property 'Elaborates' must contain a non-null value when exiting constructor. Consider adding the 'required' modifier or declaring the property as nullable. [/app/OSLC4Net_SDK/OSLC4Net.Domains.RequirementsManagement/OSLC4Net.Domains.RequirementsManagement.csproj]
/app/OSLC4Net_SDK/OSLC4Net.Domains.RequirementsManagement/RequirementCollection.cs(12,12): warning CS8618: Non-nullable property 'SpecifiedBy' must contain a non-null value when exiting constructor. Consider adding the 'required' modifier or declaring the property as nullable. [/app/OSLC4Net_SDK/OSLC4Net.Domains.RequirementsManagement/OSLC4Net.Domains.RequirementsManagement.csproj]
/app/OSLC4Net_SDK/OSLC4Net.Domains.RequirementsManagement/RequirementCollection.cs(12,12): warning CS8618: Non-nullable property 'Specifies' must contain a non-null value when exiting constructor. Consider adding the 'required' modifier or declaring the property as nullable. [/app/OSLC4Net_SDK/OSLC4Net.Domains.RequirementsManagement/OSLC4Net.Domains.RequirementsManagement.csproj]
/app/OSLC4Net_SDK/OSLC4Net.Domains.RequirementsManagement/RequirementCollection.cs(12,12): warning CS8618: Non-nullable property 'AffectedBy' must contain a non-null value when exiting constructor. Consider adding the 'required' modifier or declaring the property as nullable. [/app/OSLC4Net_SDK/OSLC4Net.Domains.RequirementsManagement/OSLC4Net.Domains.RequirementsManagement.csproj]
/app/OSLC4Net_SDK/OSLC4Net.Domains.RequirementsManagement/RequirementCollection.cs(12,12): warning CS8618: Non-nullable property 'TrackedBy' must contain a non-null value when exiting constructor. Consider adding the 'required' modifier or declaring the property as nullable. [/app/OSLC4Net_SDK/OSLC4Net.Domains.RequirementsManagement/OSLC4Net.Domains.RequirementsManagement.csproj]
/app/OSLC4Net_SDK/OSLC4Net.Domains.RequirementsManagement/RequirementCollection.cs(12,12): warning CS8618: Non-nullable property 'ImplementedBy' must contain a non-null value when exiting constructor. Consider adding the 'required' modifier or declaring the property as nullable. [/app/OSLC4Net_SDK/OSLC4Net.Domains.RequirementsManagement/OSLC4Net.Domains.RequirementsManagement.csproj]
/app/OSLC4Net_SDK/OSLC4Net.Domains.RequirementsManagement/RequirementCollection.cs(12,12): warning CS8618: Non-nullable property 'ValidatedBy' must contain a non-null value when exiting constructor. Consider adding the 'required' modifier or declaring the property as nullable. [/app/OSLC4Net_SDK/OSLC4Net.Domains.RequirementsManagement/OSLC4Net.Domains.RequirementsManagement.csproj]
/app/OSLC4Net_SDK/OSLC4Net.Domains.RequirementsManagement/RequirementCollection.cs(12,12): warning CS8618: Non-nullable property 'SatisfiedBy' must contain a non-null value when exiting constructor. Consider adding the 'required' modifier or declaring the property as nullable. [/app/OSLC4Net_SDK/OSLC4Net.Domains.RequirementsManagement/OSLC4Net.Domains.RequirementsManagement.csproj]
/app/OSLC4Net_SDK/OSLC4Net.Domains.RequirementsManagement/RequirementCollection.cs(12,12): warning CS8618: Non-nullable property 'Satisfies' must contain a non-null value when exiting constructor. Consider adding the 'required' modifier or declaring the property as nullable. [/app/OSLC4Net_SDK/OSLC4Net.Domains.RequirementsManagement/OSLC4Net.Domains.RequirementsManagement.csproj]
/app/OSLC4Net_SDK/OSLC4Net.Domains.RequirementsManagement/RequirementCollection.cs(12,12): warning CS8618: Non-nullable property 'DecomposedBy' must contain a non-null value when exiting constructor. Consider adding the 'required' modifier or declaring the property as nullable. [/app/OSLC4Net_SDK/OSLC4Net.Domains.RequirementsManagement/OSLC4Net.Domains.RequirementsManagement.csproj]
/app/OSLC4Net_SDK/OSLC4Net.Domains.RequirementsManagement/RequirementCollection.cs(12,12): warning CS8618: Non-nullable property 'Decomposes' must contain a non-null value when exiting constructor. Consider adding the 'required' modifier or declaring the property as nullable. [/app/OSLC4Net_SDK/OSLC4Net.Domains.RequirementsManagement/OSLC4Net.Domains.RequirementsManagement.csproj]
/app/OSLC4Net_SDK/OSLC4Net.Domains.RequirementsManagement/RequirementCollection.cs(12,12): warning CS8618: Non-nullable property 'ConstrainedBy' must contain a non-null value when exiting constructor. Consider adding the 'required' modifier or declaring the property as nullable. [/app/OSLC4Net_SDK/OSLC4Net.Domains.RequirementsManagement/OSLC4Net.Domains.RequirementsManagement.csproj]
/app/OSLC4Net_SDK/OSLC4Net.Domains.RequirementsManagement/RequirementCollection.cs(12,12): warning CS8618: Non-nullable property 'Constrains' must contain a non-null value when exiting constructor. Consider adding the 'required' modifier or declaring the property as nullable. [/app/OSLC4Net_SDK/OSLC4Net.Domains.RequirementsManagement/OSLC4Net.Domains.RequirementsManagement.csproj]
/app/OSLC4Net_SDK/OSLC4Net.Domains.RequirementsManagement/RequirementCollection.cs(16,12): warning CS8618: Non-nullable property 'Identifier' must contain a non-null value when exiting constructor. Consider adding the 'required' modifier or declaring the property as nullable. [/app/OSLC4Net_SDK/OSLC4Net.Domains.RequirementsManagement/OSLC4Net.Domains.RequirementsManagement.csproj]
/app/OSLC4Net_SDK/OSLC4Net.Domains.RequirementsManagement/RequirementCollection.cs(16,12): warning CS8618: Non-nullable property 'Title' must contain a non-null value when exiting constructor. Consider adding the 'required' modifier or declaring the property as nullable. [/app/OSLC4Net_SDK/OSLC4Net.Domains.RequirementsManagement/OSLC4Net.Domains.RequirementsManagement.csproj]
/app/OSLC4Net_SDK/OSLC4Net.Domains.RequirementsManagement/RequirementCollection.cs(16,12): warning CS8618: Non-nullable property 'ShortTitle' must contain a non-null value when exiting constructor. Consider adding the 'required' modifier or declaring the property as nullable. [/app/OSLC4Net_SDK/OSLC4Net.Domains.RequirementsManagement/OSLC4Net.Domains.RequirementsManagement.csproj]
/app/OSLC4Net_SDK/OSLC4Net.Domains.RequirementsManagement/RequirementCollection.cs(16,12): warning CS8618: Non-nullable property 'Description' must contain a non-null value when exiting constructor. Consider adding the 'required' modifier or declaring the property as nullable. [/app/OSLC4Net_SDK/OSLC4Net.Domains.RequirementsManagement/OSLC4Net.Domains.RequirementsManagement.csproj]
/app/OSLC4Net_SDK/OSLC4Net.Domains.RequirementsManagement/RequirementCollection.cs(16,12): warning CS8618: Non-nullable property 'Subject' must contain a non-null value when exiting constructor. Consider adding the 'required' modifier or declaring the property as nullable. [/app/OSLC4Net_SDK/OSLC4Net.Domains.RequirementsManagement/OSLC4Net.Domains.RequirementsManagement.csproj]
/app/OSLC4Net_SDK/OSLC4Net.Domains.RequirementsManagement/RequirementCollection.cs(16,12): warning CS8618: Non-nullable property 'Creator' must contain a non-null value when exiting constructor. Consider adding the 'required' modifier or declaring the property as nullable. [/app/OSLC4Net_SDK/OSLC4Net.Domains.RequirementsManagement/OSLC4Net.Domains.RequirementsManagement.csproj]
/app/OSLC4Net_SDK/OSLC4Net.Domains.RequirementsManagement/RequirementCollection.cs(16,12): warning CS8618: Non-nullable property 'Contributor' must contain a non-null value when exiting constructor. Consider adding the 'required' modifier or declaring the property as nullable. [/app/OSLC4Net_SDK/OSLC4Net.Domains.RequirementsManagement/OSLC4Net.Domains.RequirementsManagement.csproj]
/app/OSLC4Net_SDK/OSLC4Net.Domains.RequirementsManagement/RequirementCollection.cs(16,12): warning CS8618: Non-nullable property 'ServiceProvider' must contain a non-null value when exiting constructor. Consider adding the 'required' modifier or declaring the property as nullable. [/app/OSLC4Net_SDK/OSLC4Net.Domains.RequirementsManagement/OSLC4Net.Domains.RequirementsManagement.csproj]
/app/OSLC4Net_SDK/OSLC4Net.Domains.RequirementsManagement/RequirementCollection.cs(16,12): warning CS8618: Non-nullable property 'InstanceShape' must contain a non-null value when exiting constructor. Consider adding the 'required' modifier or declaring the property as nullable. [/app/OSLC4Net_SDK/OSLC4Net.Domains.RequirementsManagement/OSLC4Net.Domains.RequirementsManagement.csproj]
/app/OSLC4Net_SDK/OSLC4Net.Domains.RequirementsManagement/RequirementCollection.cs(16,12): warning CS8618: Non-nullable property 'Uses' must contain a non-null value when exiting constructor. Consider adding the 'required' modifier or declaring the property as nullable. [/app/OSLC4Net_SDK/OSLC4Net.Domains.RequirementsManagement/OSLC4Net.Domains.RequirementsManagement.csproj]
/app/OSLC4Net_SDK/OSLC4Net.Domains.RequirementsManagement/RequirementCollection.cs(16,12): warning CS8618: Non-nullable property 'ElaboratedBy' must contain a non-null value when exiting constructor. Consider adding the 'required' modifier or declaring the property as nullable. [/app/OSLC4Net_SDK/OSLC4Net.Domains.RequirementsManagement/OSLC4Net.Domains.RequirementsManagement.csproj]
/app/OSLC4Net_SDK/OSLC4Net.Domains.RequirementsManagement/RequirementCollection.cs(16,12): warning CS8618: Non-nullable property 'Elaborates' must contain a non-null value when exiting constructor. Consider adding the 'required' modifier or declaring the property as nullable. [/app/OSLC4Net_SDK/OSLC4Net.Domains.RequirementsManagement/OSLC4Net.Domains.RequirementsManagement.csproj]
/app/OSLC4Net_SDK/OSLC4Net.Domains.RequirementsManagement/RequirementCollection.cs(16,12): warning CS8618: Non-nullable property 'SpecifiedBy' must contain a non-null value when exiting constructor. Consider adding the 'required' modifier or declaring the property as nullable. [/app/OSLC4Net_SDK/OSLC4Net.Domains.RequirementsManagement/OSLC4Net.Domains.RequirementsManagement.csproj]
/app/OSLC4Net_SDK/OSLC4Net.Domains.RequirementsManagement/RequirementCollection.cs(16,12): warning CS8618: Non-nullable property 'Specifies' must contain a non-null value when exiting constructor. Consider adding the 'required' modifier or declaring the property as nullable. [/app/OSLC4Net_SDK/OSLC4Net.Domains.RequirementsManagement/OSLC4Net.Domains.RequirementsManagement.csproj]
/app/OSLC4Net_SDK/OSLC4Net.Domains.RequirementsManagement/RequirementCollection.cs(16,12): warning CS8618: Non-nullable property 'AffectedBy' must contain a non-null value when exiting constructor. Consider adding the 'required' modifier or declaring the property as nullable. [/app/OSLC4Net_SDK/OSLC4Net.Domains.RequirementsManagement/OSLC4Net.Domains.RequirementsManagement.csproj]
/app/OSLC4Net_SDK/OSLC4Net.Domains.RequirementsManagement/RequirementCollection.cs(16,12): warning CS8618: Non-nullable property 'TrackedBy' must contain a non-null value when exiting constructor. Consider adding the 'required' modifier or declaring the property as nullable. [/app/OSLC4Net_SDK/OSLC4Net.Domains.RequirementsManagement/OSLC4Net.Domains.RequirementsManagement.csproj]
/app/OSLC4Net_SDK/OSLC4Net.Domains.RequirementsManagement/RequirementCollection.cs(16,12): warning CS8618: Non-nullable property 'ImplementedBy' must contain a non-null value when exiting constructor. Consider adding the 'required' modifier or declaring the property as nullable. [/app/OSLC4Net_SDK/OSLC4Net.Domains.RequirementsManagement/OSLC4Net.Domains.RequirementsManagement.csproj]
/app/OSLC4Net_SDK/OSLC4Net.Domains.RequirementsManagement/RequirementCollection.cs(16,12): warning CS8618: Non-nullable property 'ValidatedBy' must contain a non-null value when exiting constructor. Consider adding the 'required' modifier or declaring the property as nullable. [/app/OSLC4Net_SDK/OSLC4Net.Domains.RequirementsManagement/OSLC4Net.Domains.RequirementsManagement.csproj]
/app/OSLC4Net_SDK/OSLC4Net.Domains.RequirementsManagement/RequirementCollection.cs(16,12): warning CS8618: Non-nullable property 'SatisfiedBy' must contain a non-null value when exiting constructor. Consider adding the 'required' modifier or declaring the property as nullable. [/app/OSLC4Net_SDK/OSLC4Net.Domains.RequirementsManagement/OSLC4Net.Domains.RequirementsManagement.csproj]
/app/OSLC4Net_SDK/OSLC4Net.Domains.RequirementsManagement/RequirementCollection.cs(16,12): warning CS8618: Non-nullable property 'Satisfies' must contain a non-null value when exiting constructor. Consider adding the 'required' modifier or declaring the property as nullable. [/app/OSLC4Net_SDK/OSLC4Net.Domains.RequirementsManagement/OSLC4Net.Domains.RequirementsManagement.csproj]
/app/OSLC4Net_SDK/OSLC4Net.Domains.RequirementsManagement/RequirementCollection.cs(16,12): warning CS8618: Non-nullable property 'DecomposedBy' must contain a non-null value when exiting constructor. Consider adding the 'required' modifier or declaring the property as nullable. [/app/OSLC4Net_SDK/OSLC4Net.Domains.RequirementsManagement/OSLC4Net.Domains.RequirementsManagement.csproj]
/app/OSLC4Net_SDK/OSLC4Net.Domains.RequirementsManagement/RequirementCollection.cs(16,12): warning CS8618: Non-nullable property 'Decomposes' must contain a non-null value when exiting constructor. Consider adding the 'required' modifier or declaring the property as nullable. [/app/OSLC4Net_SDK/OSLC4Net.Domains.RequirementsManagement/OSLC4Net.Domains.RequirementsManagement.csproj]
/app/OSLC4Net_SDK/OSLC4Net.Domains.RequirementsManagement/RequirementCollection.cs(16,12): warning CS8618: Non-nullable property 'ConstrainedBy' must contain a non-null value when exiting constructor. Consider adding the 'required' modifier or declaring the property as nullable. [/app/OSLC4Net_SDK/OSLC4Net.Domains.RequirementsManagement/OSLC4Net.Domains.RequirementsManagement.csproj]
/app/OSLC4Net_SDK/OSLC4Net.Domains.RequirementsManagement/RequirementCollection.cs(16,12): warning CS8618: Non-nullable property 'Constrains' must contain a non-null value when exiting constructor. Consider adding the 'required' modifier or declaring the property as nullable. [/app/OSLC4Net_SDK/OSLC4Net.Domains.RequirementsManagement/OSLC4Net.Domains.RequirementsManagement.csproj]
/app/OSLC4Net_SDK/OSLC4Net.Domains.RequirementsManagement/Requirement.cs(12,12): warning CS8618: Non-nullable property 'Identifier' must contain a non-null value when exiting constructor. Consider adding the 'required' modifier or declaring the property as nullable. [/app/OSLC4Net_SDK/OSLC4Net.Domains.RequirementsManagement/OSLC4Net.Domains.RequirementsManagement.csproj]
/app/OSLC4Net_SDK/OSLC4Net.Domains.RequirementsManagement/Requirement.cs(12,12): warning CS8618: Non-nullable property 'Title' must contain a non-null value when exiting constructor. Consider adding the 'required' modifier or declaring the property as nullable. [/app/OSLC4Net_SDK/OSLC4Net.Domains.RequirementsManagement/OSLC4Net.Domains.RequirementsManagement.csproj]
/app/OSLC4Net_SDK/OSLC4Net.Domains.RequirementsManagement/Requirement.cs(12,12): warning CS8618: Non-nullable property 'ShortTitle' must contain a non-null value when exiting constructor. Consider adding the 'required' modifier or declaring the property as nullable. [/app/OSLC4Net_SDK/OSLC4Net.Domains.RequirementsManagement/OSLC4Net.Domains.RequirementsManagement.csproj]
/app/OSLC4Net_SDK/OSLC4Net.Domains.RequirementsManagement/Requirement.cs(12,12): warning CS8618: Non-nullable property 'Description' must contain a non-null value when exiting constructor. Consider adding the 'required' modifier or declaring the property as nullable. [/app/OSLC4Net_SDK/OSLC4Net.Domains.RequirementsManagement/OSLC4Net.Domains.RequirementsManagement.csproj]
/app/OSLC4Net_SDK/OSLC4Net.Domains.RequirementsManagement/Requirement.cs(12,12): warning CS8618: Non-nullable property 'Subject' must contain a non-null value when exiting constructor. Consider adding the 'required' modifier or declaring the property as nullable. [/app/OSLC4Net_SDK/OSLC4Net.Domains.RequirementsManagement/OSLC4Net.Domains.RequirementsManagement.csproj]
/app/OSLC4Net_SDK/OSLC4Net.Domains.RequirementsManagement/Requirement.cs(12,12): warning CS8618: Non-nullable property 'Creator' must contain a non-null value when exiting constructor. Consider adding the 'required' modifier or declaring the property as nullable. [/app/OSLC4Net_SDK/OSLC4Net.Domains.RequirementsManagement/OSLC4Net.Domains.RequirementsManagement.csproj]
/app/OSLC4Net_SDK/OSLC4Net.Domains.RequirementsManagement/Requirement.cs(12,12): warning CS8618: Non-nullable property 'Contributor' must contain a non-null value when exiting constructor. Consider adding the 'required' modifier or declaring the property as nullable. [/app/OSLC4Net_SDK/OSLC4Net.Domains.RequirementsManagement/OSLC4Net.Domains.RequirementsManagement.csproj]
/app/OSLC4Net_SDK/OSLC4Net.Domains.RequirementsManagement/Requirement.cs(12,12): warning CS8618: Non-nullable property 'ServiceProvider' must contain a non-null value when exiting constructor. Consider adding the 'required' modifier or declaring the property as nullable. [/app/OSLC4Net_SDK/OSLC4Net.Domains.RequirementsManagement/OSLC4Net.Domains.RequirementsManagement.csproj]
/app/OSLC4Net_SDK/OSLC4Net.Domains.RequirementsManagement/Requirement.cs(12,12): warning CS8618: Non-nullable property 'InstanceShape' must contain a non-null value when exiting constructor. Consider adding the 'required' modifier or declaring the property as nullable. [/app/OSLC4Net_SDK/OSLC4Net.Domains.RequirementsManagement/OSLC4Net.Domains.RequirementsManagement.csproj]
/app/OSLC4Net_SDK/OSLC4Net.Domains.RequirementsManagement/Requirement.cs(12,12): warning CS8618: Non-nullable property 'ElaboratedBy' must contain a non-null value when exiting constructor. Consider adding the 'required' modifier or declaring the property as nullable. [/app/OSLC4Net_SDK/OSLC4Net.Domains.RequirementsManagement/OSLC4Net.Domains.RequirementsManagement.csproj]
/app/OSLC4Net_SDK/OSLC4Net.Domains.RequirementsManagement/Requirement.cs(12,12): warning CS8618: Non-nullable property 'Elaborates' must contain a non-null value when exiting constructor. Consider adding the 'required' modifier or declaring the property as nullable. [/app/OSLC4Net_SDK/OSLC4Net.Domains.RequirementsManagement/OSLC4Net.Domains.RequirementsManagement.csproj]
/app/OSLC4Net_SDK/OSLC4Net.Domains.RequirementsManagement/Requirement.cs(12,12): warning CS8618: Non-nullable property 'SpecifiedBy' must contain a non-null value when exiting constructor. Consider adding the 'required' modifier or declaring the property as nullable. [/app/OSLC4Net_SDK/OSLC4Net.Domains.RequirementsManagement/OSLC4Net.Domains.RequirementsManagement.csproj]
/app/OSLC4Net_SDK/OSLC4Net.Domains.RequirementsManagement/Requirement.cs(12,12): warning CS8618: Non-nullable property 'Specifies' must contain a non-null value when exiting constructor. Consider adding the 'required' modifier or declaring the property as nullable. [/app/OSLC4Net_SDK/OSLC4Net.Domains.RequirementsManagement/OSLC4Net.Domains.RequirementsManagement.csproj]
/app/OSLC4Net_SDK/OSLC4Net.Domains.RequirementsManagement/Requirement.cs(12,12): warning CS8618: Non-nullable property 'AffectedBy' must contain a non-null value when exiting constructor. Consider adding the 'required' modifier or declaring the property as nullable. [/app/OSLC4Net_SDK/OSLC4Net.Domains.RequirementsManagement/OSLC4Net.Domains.RequirementsManagement.csproj]
/app/OSLC4Net_SDK/OSLC4Net.Domains.RequirementsManagement/Requirement.cs(12,12): warning CS8618: Non-nullable property 'TrackedBy' must contain a non-null value when exiting constructor. Consider adding the 'required' modifier or declaring the property as nullable. [/app/OSLC4Net_SDK/OSLC4Net.Domains.RequirementsManagement/OSLC4Net.Domains.RequirementsManagement.csproj]
/app/OSLC4Net_SDK/OSLC4Net.Domains.RequirementsManagement/Requirement.cs(12,12): warning CS8618: Non-nullable property 'ImplementedBy' must contain a non-null value when exiting constructor. Consider adding the 'required' modifier or declaring the property as nullable. [/app/OSLC4Net_SDK/OSLC4Net.Domains.RequirementsManagement/OSLC4Net.Domains.RequirementsManagement.csproj]
/app/OSLC4Net_SDK/OSLC4Net.Domains.RequirementsManagement/Requirement.cs(12,12): warning CS8618: Non-nullable property 'ValidatedBy' must contain a non-null value when exiting constructor. Consider adding the 'required' modifier or declaring the property as nullable. [/app/OSLC4Net_SDK/OSLC4Net.Domains.RequirementsManagement/OSLC4Net.Domains.RequirementsManagement.csproj]
/app/OSLC4Net_SDK/OSLC4Net.Domains.RequirementsManagement/Requirement.cs(12,12): warning CS8618: Non-nullable property 'SatisfiedBy' must contain a non-null value when exiting constructor. Consider adding the 'required' modifier or declaring the property as nullable. [/app/OSLC4Net_SDK/OSLC4Net.Domains.RequirementsManagement/OSLC4Net.Domains.RequirementsManagement.csproj]
/app/OSLC4Net_SDK/OSLC4Net.Domains.RequirementsManagement/Requirement.cs(12,12): warning CS8618: Non-nullable property 'Satisfies' must contain a non-null value when exiting constructor. Consider adding the 'required' modifier or declaring the property as nullable. [/app/OSLC4Net_SDK/OSLC4Net.Domains.RequirementsManagement/OSLC4Net.Domains.RequirementsManagement.csproj]
/app/OSLC4Net_SDK/OSLC4Net.Domains.RequirementsManagement/Requirement.cs(12,12): warning CS8618: Non-nullable property 'DecomposedBy' must contain a non-null value when exiting constructor. Consider adding the 'required' modifier or declaring the property as nullable. [/app/OSLC4Net_SDK/OSLC4Net.Domains.RequirementsManagement/OSLC4Net.Domains.RequirementsManagement.csproj]
/app/OSLC4Net_SDK/OSLC4Net.Domains.RequirementsManagement/Requirement.cs(12,12): warning CS8618: Non-nullable property 'Decomposes' must contain a non-null value when exiting constructor. Consider adding the 'required' modifier or declaring the property as nullable. [/app/OSLC4Net_SDK/OSLC4Net.Domains.RequirementsManagement/OSLC4Net.Domains.RequirementsManagement.csproj]
/app/OSLC4Net_SDK/OSLC4Net.Domains.RequirementsManagement/Requirement.cs(12,12): warning CS8618: Non-nullable property 'ConstrainedBy' must contain a non-null value when exiting constructor. Consider adding the 'required' modifier or declaring the property as nullable. [/app/OSLC4Net_SDK/OSLC4Net.Domains.RequirementsManagement/OSLC4Net.Domains.RequirementsManagement.csproj]
/app/OSLC4Net_SDK/OSLC4Net.Domains.RequirementsManagement/Requirement.cs(12,12): warning CS8618: Non-nullable property 'Constrains' must contain a non-null value when exiting constructor. Consider adding the 'required' modifier or declaring the property as nullable. [/app/OSLC4Net_SDK/OSLC4Net.Domains.RequirementsManagement/OSLC4Net.Domains.RequirementsManagement.csproj]
/app/OSLC4Net_SDK/OSLC4Net.Domains.RequirementsManagement/Requirement.cs(16,12): warning CS8618: Non-nullable property 'Identifier' must contain a non-null value when exiting constructor. Consider adding the 'required' modifier or declaring the property as nullable. [/app/OSLC4Net_SDK/OSLC4Net.Domains.RequirementsManagement/OSLC4Net.Domains.RequirementsManagement.csproj]
/app/OSLC4Net_SDK/OSLC4Net.Domains.RequirementsManagement/Requirement.cs(16,12): warning CS8618: Non-nullable property 'Title' must contain a non-null value when exiting constructor. Consider adding the 'required' modifier or declaring the property as nullable. [/app/OSLC4Net_SDK/OSLC4Net.Domains.RequirementsManagement/OSLC4Net.Domains.RequirementsManagement.csproj]
/app/OSLC4Net_SDK/OSLC4Net.Domains.RequirementsManagement/Requirement.cs(16,12): warning CS8618: Non-nullable property 'ShortTitle' must contain a non-null value when exiting constructor. Consider adding the 'required' modifier or declaring the property as nullable. [/app/OSLC4Net_SDK/OSLC4Net.Domains.RequirementsManagement/OSLC4Net.Domains.RequirementsManagement.csproj]
/app/OSLC4Net_SDK/OSLC4Net.Domains.RequirementsManagement/Requirement.cs(16,12): warning CS8618: Non-nullable property 'Description' must contain a non-null value when exiting constructor. Consider adding the 'required' modifier or declaring the property as nullable. [/app/OSLC4Net_SDK/OSLC4Net.Domains.RequirementsManagement/OSLC4Net.Domains.RequirementsManagement.csproj]
/app/OSLC4Net_SDK/OSLC4Net.Domains.RequirementsManagement/Requirement.cs(16,12): warning CS8618: Non-nullable property 'Subject' must contain a non-null value when exiting constructor. Consider adding the 'required' modifier or declaring the property as nullable. [/app/OSLC4Net_SDK/OSLC4Net.Domains.RequirementsManagement/OSLC4Net.Domains.RequirementsManagement.csproj]
/app/OSLC4Net_SDK/OSLC4Net.Domains.RequirementsManagement/Requirement.cs(16,12): warning CS8618: Non-nullable property 'Creator' must contain a non-null value when exiting constructor. Consider adding the 'required' modifier or declaring the property as nullable. [/app/OSLC4Net_SDK/OSLC4Net.Domains.RequirementsManagement/OSLC4Net.Domains.RequirementsManagement.csproj]
/app/OSLC4Net_SDK/OSLC4Net.Domains.RequirementsManagement/Requirement.cs(16,12): warning CS8618: Non-nullable property 'Contributor' must contain a non-null value when exiting constructor. Consider adding the 'required' modifier or declaring the property as nullable. [/app/OSLC4Net_SDK/OSLC4Net.Domains.RequirementsManagement/OSLC4Net.Domains.RequirementsManagement.csproj]
/app/OSLC4Net_SDK/OSLC4Net.Domains.RequirementsManagement/Requirement.cs(16,12): warning CS8618: Non-nullable property 'ServiceProvider' must contain a non-null value when exiting constructor. Consider adding the 'required' modifier or declaring the property as nullable. [/app/OSLC4Net_SDK/OSLC4Net.Domains.RequirementsManagement/OSLC4Net.Domains.RequirementsManagement.csproj]
/app/OSLC4Net_SDK/OSLC4Net.Domains.RequirementsManagement/Requirement.cs(16,12): warning CS8618: Non-nullable property 'InstanceShape' must contain a non-null value when exiting constructor. Consider adding the 'required' modifier or declaring the property as nullable. [/app/OSLC4Net_SDK/OSLC4Net.Domains.RequirementsManagement/OSLC4Net.Domains.RequirementsManagement.csproj]
/app/OSLC4Net_SDK/OSLC4Net.Domains.RequirementsManagement/Requirement.cs(16,12): warning CS8618: Non-nullable property 'ElaboratedBy' must contain a non-null value when exiting constructor. Consider adding the 'required' modifier or declaring the property as nullable. [/app/OSLC4Net_SDK/OSLC4Net.Domains.RequirementsManagement/OSLC4Net.Domains.RequirementsManagement.csproj]
/app/OSLC4Net_SDK/OSLC4Net.Domains.RequirementsManagement/Requirement.cs(16,12): warning CS8618: Non-nullable property 'Elaborates' must contain a non-null value when exiting constructor. Consider adding the 'required' modifier or declaring the property as nullable. [/app/OSLC4Net_SDK/OSLC4Net.Domains.RequirementsManagement/OSLC4Net.Domains.RequirementsManagement.csproj]
/app/OSLC4Net_SDK/OSLC4Net.Domains.RequirementsManagement/Requirement.cs(16,12): warning CS8618: Non-nullable property 'SpecifiedBy' must contain a non-null value when exiting constructor. Consider adding the 'required' modifier or declaring the property as nullable. [/app/OSLC4Net_SDK/OSLC4Net.Domains.RequirementsManagement/OSLC4Net.Domains.RequirementsManagement.csproj]
/app/OSLC4Net_SDK/OSLC4Net.Domains.RequirementsManagement/Requirement.cs(16,12): warning CS8618: Non-nullable property 'Specifies' must contain a non-null value when exiting constructor. Consider adding the 'required' modifier or declaring the property as nullable. [/app/OSLC4Net_SDK/OSLC4Net.Domains.RequirementsManagement/OSLC4Net.Domains.RequirementsManagement.csproj]
/app/OSLC4Net_SDK/OSLC4Net.Domains.RequirementsManagement/Requirement.cs(16,12): warning CS8618: Non-nullable property 'AffectedBy' must contain a non-null value when exiting constructor. Consider adding the 'required' modifier or declaring the property as nullable. [/app/OSLC4Net_SDK/OSLC4Net.Domains.RequirementsManagement/OSLC4Net.Domains.RequirementsManagement.csproj]
/app/OSLC4Net_SDK/OSLC4Net.Domains.RequirementsManagement/Requirement.cs(16,12): warning CS8618: Non-nullable property 'TrackedBy' must contain a non-null value when exiting constructor. Consider adding the 'required' modifier or declaring the property as nullable. [/app/OSLC4Net_SDK/OSLC4Net.Domains.RequirementsManagement/OSLC4Net.Domains.RequirementsManagement.csproj]
/app/OSLC4Net_SDK/OSLC4Net.Domains.RequirementsManagement/Requirement.cs(16,12): warning CS8618: Non-nullable property 'ImplementedBy' must contain a non-null value when exiting constructor. Consider adding the 'required' modifier or declaring the property as nullable. [/app/OSLC4Net_SDK/OSLC4Net.Domains.RequirementsManagement/OSLC4Net.Domains.RequirementsManagement.csproj]
/app/OSLC4Net_SDK/OSLC4Net.Domains.RequirementsManagement/Requirement.cs(16,12): warning CS8618: Non-nullable property 'ValidatedBy' must contain a non-null value when exiting constructor. Consider adding the 'required' modifier or declaring the property as nullable. [/app/OSLC4Net_SDK/OSLC4Net.Domains.RequirementsManagement/OSLC4Net.Domains.RequirementsManagement.csproj]
/app/OSLC4Net_SDK/OSLC4Net.Domains.RequirementsManagement/Requirement.cs(16,12): warning CS8618: Non-nullable property 'SatisfiedBy' must contain a non-null value when exiting constructor. Consider adding the 'required' modifier or declaring the property as nullable. [/app/OSLC4Net_SDK/OSLC4Net.Domains.RequirementsManagement/OSLC4Net.Domains.RequirementsManagement.csproj]
/app/OSLC4Net_SDK/OSLC4Net.Domains.RequirementsManagement/Requirement.cs(16,12): warning CS8618: Non-nullable property 'Satisfies' must contain a non-null value when exiting constructor. Consider adding the 'required' modifier or declaring the property as nullable. [/app/OSLC4Net_SDK/OSLC4Net.Domains.RequirementsManagement/OSLC4Net.Domains.RequirementsManagement.csproj]
/app/OSLC4Net_SDK/OSLC4Net.Domains.RequirementsManagement/Requirement.cs(16,12): warning CS8618: Non-nullable property 'DecomposedBy' must contain a non-null value when exiting constructor. Consider adding the 'required' modifier or declaring the property as nullable. [/app/OSLC4Net_SDK/OSLC4Net.Domains.RequirementsManagement/OSLC4Net.Domains.RequirementsManagement.csproj]
/app/OSLC4Net_SDK/OSLC4Net.Domains.RequirementsManagement/Requirement.cs(16,12): warning CS8618: Non-nullable property 'Decomposes' must contain a non-null value when exiting constructor. Consider adding the 'required' modifier or declaring the property as nullable. [/app/OSLC4Net_SDK/OSLC4Net.Domains.RequirementsManagement/OSLC4Net.Domains.RequirementsManagement.csproj]
/app/OSLC4Net_SDK/OSLC4Net.Domains.RequirementsManagement/Requirement.cs(16,12): warning CS8618: Non-nullable property 'ConstrainedBy' must contain a non-null value when exiting constructor. Consider adding the 'required' modifier or declaring the property as nullable. [/app/OSLC4Net_SDK/OSLC4Net.Domains.RequirementsManagement/OSLC4Net.Domains.RequirementsManagement.csproj]
/app/OSLC4Net_SDK/OSLC4Net.Domains.RequirementsManagement/Requirement.cs(16,12): warning CS8618: Non-nullable property 'Constrains' must contain a non-null value when exiting constructor. Consider adding the 'required' modifier or declaring the property as nullable. [/app/OSLC4Net_SDK/OSLC4Net.Domains.RequirementsManagement/OSLC4Net.Domains.RequirementsManagement.csproj]
/app/OSLC4Net_SDK/OSLC4Net.Domains.RequirementsManagement/RequirementCollection.cs(29,44): warning MA0016: Prefer using collection abstraction instead of implementation (https://github.com/meziantou/Meziantou.Analyzer/blob/main/docs/Rules/MA0016.md) [/app/OSLC4Net_SDK/OSLC4Net.Domains.RequirementsManagement/OSLC4Net.Domains.RequirementsManagement.csproj]
/app/OSLC4Net_SDK/OSLC4Net.Domains.RequirementsManagement/Requirement.cs(28,44): warning MA0016: Prefer using collection abstraction instead of implementation (https://github.com/meziantou/Meziantou.Analyzer/blob/main/docs/Rules/MA0016.md) [/app/OSLC4Net_SDK/OSLC4Net.Domains.RequirementsManagement/OSLC4Net.Domains.RequirementsManagement.csproj]
/app/OSLC4Net_SDK/OSLC4Net.Domains.RequirementsManagement/RequirementCollection.cs(79,12): warning MA0016: Prefer using collection abstraction instead of implementation (https://github.com/meziantou/Meziantou.Analyzer/blob/main/docs/Rules/MA0016.md) [/app/OSLC4Net_SDK/OSLC4Net.Domains.RequirementsManagement/OSLC4Net.Domains.RequirementsManagement.csproj]
/app/OSLC4Net_SDK/OSLC4Net.Domains.RequirementsManagement/Requirement.cs(90,12): warning MA0016: Prefer using collection abstraction instead of implementation (https://github.com/meziantou/Meziantou.Analyzer/blob/main/docs/Rules/MA0016.md) [/app/OSLC4Net_SDK/OSLC4Net.Domains.RequirementsManagement/OSLC4Net.Domains.RequirementsManagement.csproj]
/app/OSLC4Net_SDK/OSLC4Net.Domains.RequirementsManagement/Requirement.cs(78,12): warning MA0016: Prefer using collection abstraction instead of implementation (https://github.com/meziantou/Meziantou.Analyzer/blob/main/docs/Rules/MA0016.md) [/app/OSLC4Net_SDK/OSLC4Net.Domains.RequirementsManagement/OSLC4Net.Domains.RequirementsManagement.csproj]
/app/OSLC4Net_SDK/OSLC4Net.Domains.RequirementsManagement/RequirementCollection.cs(91,12): warning MA0016: Prefer using collection abstraction instead of implementation (https://github.com/meziantou/Meziantou.Analyzer/blob/main/docs/Rules/MA0016.md) [/app/OSLC4Net_SDK/OSLC4Net.Domains.RequirementsManagement/OSLC4Net.Domains.RequirementsManagement.csproj]
/app/OSLC4Net_SDK/OSLC4Net.Domains.RequirementsManagement/Requirement.cs(102,12): warning MA0016: Prefer using collection abstraction instead of implementation (https://github.com/meziantou/Meziantou.Analyzer/blob/main/docs/Rules/MA0016.md) [/app/OSLC4Net_SDK/OSLC4Net.Domains.RequirementsManagement/OSLC4Net.Domains.RequirementsManagement.csproj]
/app/OSLC4Net_SDK/OSLC4Net.Domains.RequirementsManagement/RequirementCollection.cs(103,12): warning MA0016: Prefer using collection abstraction instead of implementation (https://github.com/meziantou/Meziantou.Analyzer/blob/main/docs/Rules/MA0016.md) [/app/OSLC4Net_SDK/OSLC4Net.Domains.RequirementsManagement/OSLC4Net.Domains.RequirementsManagement.csproj]
/app/OSLC4Net_SDK/OSLC4Net.Domains.RequirementsManagement/RequirementCollection.cs(135,12): warning MA0016: Prefer using collection abstraction instead of implementation (https://github.com/meziantou/Meziantou.Analyzer/blob/main/docs/Rules/MA0016.md) [/app/OSLC4Net_SDK/OSLC4Net.Domains.RequirementsManagement/OSLC4Net.Domains.RequirementsManagement.csproj]
/app/OSLC4Net_SDK/OSLC4Net.Domains.RequirementsManagement/RequirementCollection.cs(159,12): warning MA0016: Prefer using collection abstraction instead of implementation (https://github.com/meziantou/Meziantou.Analyzer/blob/main/docs/Rules/MA0016.md) [/app/OSLC4Net_SDK/OSLC4Net.Domains.RequirementsManagement/OSLC4Net.Domains.RequirementsManagement.csproj]
/app/OSLC4Net_SDK/OSLC4Net.Domains.RequirementsManagement/Requirement.cs(134,12): warning MA0016: Prefer using collection abstraction instead of implementation (https://github.com/meziantou/Meziantou.Analyzer/blob/main/docs/Rules/MA0016.md) [/app/OSLC4Net_SDK/OSLC4Net.Domains.RequirementsManagement/OSLC4Net.Domains.RequirementsManagement.csproj]
/app/OSLC4Net_SDK/OSLC4Net.Domains.RequirementsManagement/RequirementCollection.cs(171,12): warning MA0016: Prefer using collection abstraction instead of implementation (https://github.com/meziantou/Meziantou.Analyzer/blob/main/docs/Rules/MA0016.md) [/app/OSLC4Net_SDK/OSLC4Net.Domains.RequirementsManagement/OSLC4Net.Domains.RequirementsManagement.csproj]
/app/OSLC4Net_SDK/OSLC4Net.Domains.RequirementsManagement/Requirement.cs(158,12): warning MA0016: Prefer using collection abstraction instead of implementation (https://github.com/meziantou/Meziantou.Analyzer/blob/main/docs/Rules/MA0016.md) [/app/OSLC4Net_SDK/OSLC4Net.Domains.RequirementsManagement/OSLC4Net.Domains.RequirementsManagement.csproj]
/app/OSLC4Net_SDK/OSLC4Net.Domains.RequirementsManagement/RequirementCollection.cs(182,12): warning MA0016: Prefer using collection abstraction instead of implementation (https://github.com/meziantou/Meziantou.Analyzer/blob/main/docs/Rules/MA0016.md) [/app/OSLC4Net_SDK/OSLC4Net.Domains.RequirementsManagement/OSLC4Net.Domains.RequirementsManagement.csproj]
/app/OSLC4Net_SDK/OSLC4Net.Domains.RequirementsManagement/Requirement.cs(169,12): warning MA0016: Prefer using collection abstraction instead of implementation (https://github.com/meziantou/Meziantou.Analyzer/blob/main/docs/Rules/MA0016.md) [/app/OSLC4Net_SDK/OSLC4Net.Domains.RequirementsManagement/OSLC4Net.Domains.RequirementsManagement.csproj]
/app/OSLC4Net_SDK/OSLC4Net.Domains.RequirementsManagement/RequirementCollection.cs(194,12): warning MA0016: Prefer using collection abstraction instead of implementation (https://github.com/meziantou/Meziantou.Analyzer/blob/main/docs/Rules/MA0016.md) [/app/OSLC4Net_SDK/OSLC4Net.Domains.RequirementsManagement/OSLC4Net.Domains.RequirementsManagement.csproj]
/app/OSLC4Net_SDK/OSLC4Net.Domains.RequirementsManagement/RequirementCollection.cs(205,12): warning MA0016: Prefer using collection abstraction instead of implementation (https://github.com/meziantou/Meziantou.Analyzer/blob/main/docs/Rules/MA0016.md) [/app/OSLC4Net_SDK/OSLC4Net.Domains.RequirementsManagement/OSLC4Net.Domains.RequirementsManagement.csproj]
/app/OSLC4Net_SDK/OSLC4Net.Domains.RequirementsManagement/RequirementCollection.cs(217,12): warning MA0016: Prefer using collection abstraction instead of implementation (https://github.com/meziantou/Meziantou.Analyzer/blob/main/docs/Rules/MA0016.md) [/app/OSLC4Net_SDK/OSLC4Net.Domains.RequirementsManagement/OSLC4Net.Domains.RequirementsManagement.csproj]
/app/OSLC4Net_SDK/OSLC4Net.Domains.RequirementsManagement/RequirementCollection.cs(229,12): warning MA0016: Prefer using collection abstraction instead of implementation (https://github.com/meziantou/Meziantou.Analyzer/blob/main/docs/Rules/MA0016.md) [/app/OSLC4Net_SDK/OSLC4Net.Domains.RequirementsManagement/OSLC4Net.Domains.RequirementsManagement.csproj]
/app/OSLC4Net_SDK/OSLC4Net.Domains.RequirementsManagement/Requirement.cs(181,12): warning MA0016: Prefer using collection abstraction instead of implementation (https://github.com/meziantou/Meziantou.Analyzer/blob/main/docs/Rules/MA0016.md) [/app/OSLC4Net_SDK/OSLC4Net.Domains.RequirementsManagement/OSLC4Net.Domains.RequirementsManagement.csproj]
/app/OSLC4Net_SDK/OSLC4Net.Domains.RequirementsManagement/Requirement.cs(192,12): warning MA0016: Prefer using collection abstraction instead of implementation (https://github.com/meziantou/Meziantou.Analyzer/blob/main/docs/Rules/MA0016.md) [/app/OSLC4Net_SDK/OSLC4Net.Domains.RequirementsManagement/OSLC4Net.Domains.RequirementsManagement.csproj]
/app/OSLC4Net_SDK/OSLC4Net.Domains.RequirementsManagement/RequirementCollection.cs(241,12): warning MA0016: Prefer using collection abstraction instead of implementation (https://github.com/meziantou/Meziantou.Analyzer/blob/main/docs/Rules/MA0016.md) [/app/OSLC4Net_SDK/OSLC4Net.Domains.RequirementsManagement/OSLC4Net.Domains.RequirementsManagement.csproj]
/app/OSLC4Net_SDK/OSLC4Net.Domains.RequirementsManagement/Requirement.cs(204,12): warning MA0016: Prefer using collection abstraction instead of implementation (https://github.com/meziantou/Meziantou.Analyzer/blob/main/docs/Rules/MA0016.md) [/app/OSLC4Net_SDK/OSLC4Net.Domains.RequirementsManagement/OSLC4Net.Domains.RequirementsManagement.csproj]
/app/OSLC4Net_SDK/OSLC4Net.Domains.RequirementsManagement/RequirementCollection.cs(253,12): warning MA0016: Prefer using collection abstraction instead of implementation (https://github.com/meziantou/Meziantou.Analyzer/blob/main/docs/Rules/MA0016.md) [/app/OSLC4Net_SDK/OSLC4Net.Domains.RequirementsManagement/OSLC4Net.Domains.RequirementsManagement.csproj]
/app/OSLC4Net_SDK/OSLC4Net.Domains.RequirementsManagement/Requirement.cs(216,12): warning MA0016: Prefer using collection abstraction instead of implementation (https://github.com/meziantou/Meziantou.Analyzer/blob/main/docs/Rules/MA0016.md) [/app/OSLC4Net_SDK/OSLC4Net.Domains.RequirementsManagement/OSLC4Net.Domains.RequirementsManagement.csproj]
/app/OSLC4Net_SDK/OSLC4Net.Domains.RequirementsManagement/RequirementCollection.cs(265,12): warning MA0016: Prefer using collection abstraction instead of implementation (https://github.com/meziantou/Meziantou.Analyzer/blob/main/docs/Rules/MA0016.md) [/app/OSLC4Net_SDK/OSLC4Net.Domains.RequirementsManagement/OSLC4Net.Domains.RequirementsManagement.csproj]
/app/OSLC4Net_SDK/OSLC4Net.Domains.RequirementsManagement/Requirement.cs(228,12): warning MA0016: Prefer using collection abstraction instead of implementation (https://github.com/meziantou/Meziantou.Analyzer/blob/main/docs/Rules/MA0016.md) [/app/OSLC4Net_SDK/OSLC4Net.Domains.RequirementsManagement/OSLC4Net.Domains.RequirementsManagement.csproj]
/app/OSLC4Net_SDK/OSLC4Net.Domains.RequirementsManagement/RequirementCollection.cs(276,12): warning MA0016: Prefer using collection abstraction instead of implementation (https://github.com/meziantou/Meziantou.Analyzer/blob/main/docs/Rules/MA0016.md) [/app/OSLC4Net_SDK/OSLC4Net.Domains.RequirementsManagement/OSLC4Net.Domains.RequirementsManagement.csproj]
/app/OSLC4Net_SDK/OSLC4Net.Domains.RequirementsManagement/Requirement.cs(240,12): warning MA0016: Prefer using collection abstraction instead of implementation (https://github.com/meziantou/Meziantou.Analyzer/blob/main/docs/Rules/MA0016.md) [/app/OSLC4Net_SDK/OSLC4Net.Domains.RequirementsManagement/OSLC4Net.Domains.RequirementsManagement.csproj]
/app/OSLC4Net_SDK/OSLC4Net.Domains.RequirementsManagement/Requirement.cs(252,12): warning MA0016: Prefer using collection abstraction instead of implementation (https://github.com/meziantou/Meziantou.Analyzer/blob/main/docs/Rules/MA0016.md) [/app/OSLC4Net_SDK/OSLC4Net.Domains.RequirementsManagement/OSLC4Net.Domains.RequirementsManagement.csproj]
/app/OSLC4Net_SDK/OSLC4Net.Domains.RequirementsManagement/Requirement.cs(263,12): warning MA0016: Prefer using collection abstraction instead of implementation (https://github.com/meziantou/Meziantou.Analyzer/blob/main/docs/Rules/MA0016.md) [/app/OSLC4Net_SDK/OSLC4Net.Domains.RequirementsManagement/OSLC4Net.Domains.RequirementsManagement.csproj]
/app/OSLC4Net_SDK/OSLC4Net.Domains.RequirementsManagement/Requirement.cs(275,12): warning MA0016: Prefer using collection abstraction instead of implementation (https://github.com/meziantou/Meziantou.Analyzer/blob/main/docs/Rules/MA0016.md) [/app/OSLC4Net_SDK/OSLC4Net.Domains.RequirementsManagement/OSLC4Net.Domains.RequirementsManagement.csproj]
/app/OSLC4Net_SDK/OSLC4Net.Domains.RequirementsManagement/RequirementCollection.cs(288,12): warning MA0016: Prefer using collection abstraction instead of implementation (https://github.com/meziantou/Meziantou.Analyzer/blob/main/docs/Rules/MA0016.md) [/app/OSLC4Net_SDK/OSLC4Net.Domains.RequirementsManagement/OSLC4Net.Domains.RequirementsManagement.csproj]
/app/OSLC4Net_SDK/OSLC4Net.Domains.RequirementsManagement/RequirementCollection.cs(299,12): warning MA0016: Prefer using collection abstraction instead of implementation (https://github.com/meziantou/Meziantou.Analyzer/blob/main/docs/Rules/MA0016.md) [/app/OSLC4Net_SDK/OSLC4Net.Domains.RequirementsManagement/OSLC4Net.Domains.RequirementsManagement.csproj]
/app/OSLC4Net_SDK/OSLC4Net.Domains.RequirementsManagement/Requirement.cs(298,12): warning MA0016: Prefer using collection abstraction instead of implementation (https://github.com/meziantou/Meziantou.Analyzer/blob/main/docs/Rules/MA0016.md) [/app/OSLC4Net_SDK/OSLC4Net.Domains.RequirementsManagement/OSLC4Net.Domains.RequirementsManagement.csproj]
/app/OSLC4Net_SDK/OSLC4Net.Domains.RequirementsManagement/Requirement.cs(286,12): warning MA0016: Prefer using collection abstraction instead of implementation (https://github.com/meziantou/Meziantou.Analyzer/blob/main/docs/Rules/MA0016.md) [/app/OSLC4Net_SDK/OSLC4Net.Domains.RequirementsManagement/OSLC4Net.Domains.RequirementsManagement.csproj]
/app/OSLC4Net_SDK/OSLC4Net.Domains.RequirementsManagement/Requirement.cs(309,12): warning MA0016: Prefer using collection abstraction instead of implementation (https://github.com/meziantou/Meziantou.Analyzer/blob/main/docs/Rules/MA0016.md) [/app/OSLC4Net_SDK/OSLC4Net.Domains.RequirementsManagement/OSLC4Net.Domains.RequirementsManagement.csproj]
/app/OSLC4Net_SDK/OSLC4Net.Domains.RequirementsManagement/RequirementCollection.cs(311,12): warning MA0016: Prefer using collection abstraction instead of implementation (https://github.com/meziantou/Meziantou.Analyzer/blob/main/docs/Rules/MA0016.md) [/app/OSLC4Net_SDK/OSLC4Net.Domains.RequirementsManagement/OSLC4Net.Domains.RequirementsManagement.csproj]
/app/OSLC4Net_SDK/OSLC4Net.Domains.RequirementsManagement/RequirementCollection.cs(322,12): warning MA0016: Prefer using collection abstraction instead of implementation (https://github.com/meziantou/Meziantou.Analyzer/blob/main/docs/Rules/MA0016.md) [/app/OSLC4Net_SDK/OSLC4Net.Domains.RequirementsManagement/OSLC4Net.Domains.RequirementsManagement.csproj]
/app/OSLC4Net_SDK/OSLC4Net.ChangeManagement/ChangeRequest.cs(71,12): warning CS8618: Non-nullable field '_description' must contain a non-null value when exiting constructor. Consider adding the 'required' modifier or declaring the field as nullable. [/app/OSLC4Net_SDK/OSLC4Net.ChangeManagement/OSLC4Net.ChangeManagementCommon.csproj]
/app/OSLC4Net_SDK/OSLC4Net.ChangeManagement/ChangeRequest.cs(71,12): warning CS8618: Non-nullable field '_discussedBy' must contain a non-null value when exiting constructor. Consider adding the 'required' modifier or declaring the field as nullable. [/app/OSLC4Net_SDK/OSLC4Net.ChangeManagement/OSLC4Net.ChangeManagementCommon.csproj]
/app/OSLC4Net_SDK/OSLC4Net.ChangeManagement/ChangeRequest.cs(71,12): warning CS8618: Non-nullable field '_identifier' must contain a non-null value when exiting constructor. Consider adding the 'required' modifier or declaring the field as nullable. [/app/OSLC4Net_SDK/OSLC4Net.ChangeManagement/OSLC4Net.ChangeManagementCommon.csproj]
/app/OSLC4Net_SDK/OSLC4Net.ChangeManagement/ChangeRequest.cs(71,12): warning CS8618: Non-nullable field '_instanceShape' must contain a non-null value when exiting constructor. Consider adding the 'required' modifier or declaring the field as nullable. [/app/OSLC4Net_SDK/OSLC4Net.ChangeManagement/OSLC4Net.ChangeManagementCommon.csproj]
/app/OSLC4Net_SDK/OSLC4Net.ChangeManagement/ChangeRequest.cs(71,12): warning CS8618: Non-nullable field '_serviceProvider' must contain a non-null value when exiting constructor. Consider adding the 'required' modifier or declaring the field as nullable. [/app/OSLC4Net_SDK/OSLC4Net.ChangeManagement/OSLC4Net.ChangeManagementCommon.csproj]
/app/OSLC4Net_SDK/OSLC4Net.ChangeManagement/ChangeRequest.cs(71,12): warning CS8618: Non-nullable field '_shortTitle' must contain a non-null value when exiting constructor. Consider adding the 'required' modifier or declaring the field as nullable. [/app/OSLC4Net_SDK/OSLC4Net.ChangeManagement/OSLC4Net.ChangeManagementCommon.csproj]
/app/OSLC4Net_SDK/OSLC4Net.ChangeManagement/ChangeRequest.cs(71,12): warning CS8618: Non-nullable field '_status' must contain a non-null value when exiting constructor. Consider adding the 'required' modifier or declaring the field as nullable. [/app/OSLC4Net_SDK/OSLC4Net.ChangeManagement/OSLC4Net.ChangeManagementCommon.csproj]
/app/OSLC4Net_SDK/OSLC4Net.ChangeManagement/ChangeRequest.cs(71,12): warning CS8618: Non-nullable field '_title' must contain a non-null value when exiting constructor. Consider adding the 'required' modifier or declaring the field as nullable. [/app/OSLC4Net_SDK/OSLC4Net.ChangeManagement/OSLC4Net.ChangeManagementCommon.csproj]
/app/OSLC4Net_SDK/OSLC4Net.ChangeManagement/ChangeRequest.cs(76,12): warning CS8618: Non-nullable field '_description' must contain a non-null value when exiting constructor. Consider adding the 'required' modifier or declaring the field as nullable. [/app/OSLC4Net_SDK/OSLC4Net.ChangeManagement/OSLC4Net.ChangeManagementCommon.csproj]
/app/OSLC4Net_SDK/OSLC4Net.ChangeManagement/ChangeRequest.cs(76,12): warning CS8618: Non-nullable field '_discussedBy' must contain a non-null value when exiting constructor. Consider adding the 'required' modifier or declaring the field as nullable. [/app/OSLC4Net_SDK/OSLC4Net.ChangeManagement/OSLC4Net.ChangeManagementCommon.csproj]
/app/OSLC4Net_SDK/OSLC4Net.ChangeManagement/ChangeRequest.cs(76,12): warning CS8618: Non-nullable field '_identifier' must contain a non-null value when exiting constructor. Consider adding the 'required' modifier or declaring the field as nullable. [/app/OSLC4Net_SDK/OSLC4Net.ChangeManagement/OSLC4Net.ChangeManagementCommon.csproj]
/app/OSLC4Net_SDK/OSLC4Net.ChangeManagement/ChangeRequest.cs(76,12): warning CS8618: Non-nullable field '_instanceShape' must contain a non-null value when exiting constructor. Consider adding the 'required' modifier or declaring the field as nullable. [/app/OSLC4Net_SDK/OSLC4Net.ChangeManagement/OSLC4Net.ChangeManagementCommon.csproj]
/app/OSLC4Net_SDK/OSLC4Net.ChangeManagement/ChangeRequest.cs(76,12): warning CS8618: Non-nullable field '_serviceProvider' must contain a non-null value when exiting constructor. Consider adding the 'required' modifier or declaring the field as nullable. [/app/OSLC4Net_SDK/OSLC4Net.ChangeManagement/OSLC4Net.ChangeManagementCommon.csproj]
/app/OSLC4Net_SDK/OSLC4Net.ChangeManagement/ChangeRequest.cs(76,12): warning CS8618: Non-nullable field '_shortTitle' must contain a non-null value when exiting constructor. Consider adding the 'required' modifier or declaring the field as nullable. [/app/OSLC4Net_SDK/OSLC4Net.ChangeManagement/OSLC4Net.ChangeManagementCommon.csproj]
/app/OSLC4Net_SDK/OSLC4Net.ChangeManagement/ChangeRequest.cs(76,12): warning CS8618: Non-nullable field '_status' must contain a non-null value when exiting constructor. Consider adding the 'required' modifier or declaring the field as nullable. [/app/OSLC4Net_SDK/OSLC4Net.ChangeManagement/OSLC4Net.ChangeManagementCommon.csproj]
/app/OSLC4Net_SDK/OSLC4Net.ChangeManagement/ChangeRequest.cs(76,12): warning CS8618: Non-nullable field '_title' must contain a non-null value when exiting constructor. Consider adding the 'required' modifier or declaring the field as nullable. [/app/OSLC4Net_SDK/OSLC4Net.ChangeManagement/OSLC4Net.ChangeManagementCommon.csproj]
/app/OSLC4Net_SDK/OSLC4Net.ChangeManagement/ChangeRequest.cs(41,39): warning MA0026: TODO - Extension to point to any other OSLC resource(s). (https://github.com/meziantou/Meziantou.Analyzer/blob/main/docs/Rules/MA0026.md) [/app/OSLC4Net_SDK/OSLC4Net.ChangeManagement/OSLC4Net.ChangeManagementCommon.csproj]
/app/OSLC4Net_SDK/OSLC4Net.ChangeManagement/ChangeRequest.cs(65,60): warning MA0026: TODO - Added severity for demo (https://github.com/meziantou/Meziantou.Analyzer/blob/main/docs/Rules/MA0026.md) [/app/OSLC4Net_SDK/OSLC4Net.ChangeManagement/OSLC4Net.ChangeManagementCommon.csproj]
/app/OSLC4Net_SDK/OSLC4Net.Core.Query/Impl/CompoundTermImpl.cs(117,33): warning CS0108: 'CompoundTermImpl.tree' hides inherited member 'SimpleTermImpl.tree'. Use the new keyword if hiding was intended. [/app/OSLC4Net_SDK/OSLC4Net.Core.Query/OSLC4Net.Core.Query.csproj]
/app/OSLC4Net_SDK/OSLC4Net.Core.Query/Impl/OslcWhereParser.cs(50,22): warning CS3021: 'OslcWhereParser' does not need a CLSCompliant attribute because the assembly does not have a CLSCompliant attribute [/app/OSLC4Net_SDK/OSLC4Net.Core.Query/OSLC4Net.Core.Query.csproj]
/app/OSLC4Net_SDK/OSLC4Net.Core.Query/Impl/OslcSelectParser.cs(50,22): warning CS3021: 'OslcSelectParser' does not need a CLSCompliant attribute because the assembly does not have a CLSCompliant attribute [/app/OSLC4Net_SDK/OSLC4Net.Core.Query/OSLC4Net.Core.Query.csproj]
/app/OSLC4Net_SDK/OSLC4Net.Core.Query/Impl/OslcSearchTermsParser.cs(50,22): warning CS3021: 'OslcSearchTermsParser' does not need a CLSCompliant attribute because the assembly does not have a CLSCompliant attribute [/app/OSLC4Net_SDK/OSLC4Net.Core.Query/OSLC4Net.Core.Query.csproj]
/app/OSLC4Net_SDK/OSLC4Net.Core.Query/Impl/OslcPrefixParser.cs(50,22): warning CS3021: 'OslcPrefixParser' does not need a CLSCompliant attribute because the assembly does not have a CLSCompliant attribute [/app/OSLC4Net_SDK/OSLC4Net.Core.Query/OSLC4Net.Core.Query.csproj]
/app/OSLC4Net_SDK/OSLC4Net.Core.Query/Impl/OslcOrderByParser.cs(50,22): warning CS3021: 'OslcOrderByParser' does not need a CLSCompliant attribute because the assembly does not have a CLSCompliant attribute [/app/OSLC4Net_SDK/OSLC4Net.Core.Query/OSLC4Net.Core.Query.csproj]
/app/OSLC4Net_SDK/OSLC4Net.Core.Query/Impl/OslcOrderByLexer.cs(29,22): warning CS3021: 'OslcOrderByLexer' does not need a CLSCompliant attribute because the assembly does not have a CLSCompliant attribute [/app/OSLC4Net_SDK/OSLC4Net.Core.Query/OSLC4Net.Core.Query.csproj]
/app/OSLC4Net_SDK/OSLC4Net.Core.Query/Impl/OslcPrefixLexer.cs(29,22): warning CS3021: 'OslcPrefixLexer' does not need a CLSCompliant attribute because the assembly does not have a CLSCompliant attribute [/app/OSLC4Net_SDK/OSLC4Net.Core.Query/OSLC4Net.Core.Query.csproj]
/app/OSLC4Net_SDK/OSLC4Net.Core.Query/Impl/OslcSearchTermsLexer.cs(29,22): warning CS3021: 'OslcSearchTermsLexer' does not need a CLSCompliant attribute because the assembly does not have a CLSCompliant attribute [/app/OSLC4Net_SDK/OSLC4Net.Core.Query/OSLC4Net.Core.Query.csproj]
/app/OSLC4Net_SDK/OSLC4Net.Core.Query/Impl/OslcSelectLexer.cs(29,22): warning CS3021: 'OslcSelectLexer' does not need a CLSCompliant attribute because the assembly does not have a CLSCompliant attribute [/app/OSLC4Net_SDK/OSLC4Net.Core.Query/OSLC4Net.Core.Query.csproj]
/app/OSLC4Net_SDK/OSLC4Net.Core.Query/Impl/OslcWhereLexer.cs(29,22): warning CS3021: 'OslcWhereLexer' does not need a CLSCompliant attribute because the assembly does not have a CLSCompliant attribute [/app/OSLC4Net_SDK/OSLC4Net.Core.Query/OSLC4Net.Core.Query.csproj]
/app/OSLC4Net_SDK/OSLC4Net.Core.Query/Impl/WildcardImpl.cs(24,27): warning CS8625: Cannot convert null literal to non-nullable reference type. [/app/OSLC4Net_SDK/OSLC4Net.Core.Query/OSLC4Net.Core.Query.csproj]
/app/OSLC4Net_SDK/OSLC4Net.Core.Query/Impl/WildcardImpl.cs(24,58): warning CS8625: Cannot convert null literal to non-nullable reference type. [/app/OSLC4Net_SDK/OSLC4Net.Core.Query/OSLC4Net.Core.Query.csproj]
/app/OSLC4Net_SDK/OSLC4Net.Core.Query/Impl/UriRefValueImpl.cs(26,5): warning CS8618: Non-nullable field 'value' must contain a non-null value when exiting constructor. Consider adding the 'required' modifier or declaring the field as nullable. [/app/OSLC4Net_SDK/OSLC4Net.Core.Query/OSLC4Net.Core.Query.csproj]
/app/OSLC4Net_SDK/OSLC4Net.Core.Query/Impl/CompoundTermImpl.cs(31,14): warning CS8604: Possible null reference argument for parameter 'tree' in 'SimpleTermImpl.SimpleTermImpl(CommonTree tree, TermType type, IDictionary<string, string> prefixMap)'. [/app/OSLC4Net_SDK/OSLC4Net.Core.Query/OSLC4Net.Core.Query.csproj]
/app/OSLC4Net_SDK/OSLC4Net.Core.Query/Impl/CompoundTermImpl.cs(27,5): warning CS8618: Non-nullable field 'children' must contain a non-null value when exiting constructor. Consider adding the 'required' modifier or declaring the field as nullable. [/app/OSLC4Net_SDK/OSLC4Net.Core.Query/OSLC4Net.Core.Query.csproj]
/app/OSLC4Net_SDK/OSLC4Net.Core.Query/Impl/ComparisonTermImpl.cs(26,5): warning CS8618: Non-nullable field 'operand' must contain a non-null value when exiting constructor. Consider adding the 'required' modifier or declaring the field as nullable. [/app/OSLC4Net_SDK/OSLC4Net.Core.Query/OSLC4Net.Core.Query.csproj]
/app/OSLC4Net_SDK/OSLC4Net.Core.Query/QueryUtils.cs(276,32): warning CS8604: Possible null reference argument for parameter 'key' in 'void IDictionary<string, object>.Add(string key, object value)'. [/app/OSLC4Net_SDK/OSLC4Net.Core.Query/OSLC4Net.Core.Query.csproj]
/app/OSLC4Net_SDK/OSLC4Net.Core.Query/QueryUtils.cs(309,32): warning CS8604: Possible null reference argument for parameter 'key' in 'void IDictionary<string, object>.Add(string key, object value)'. [/app/OSLC4Net_SDK/OSLC4Net.Core.Query/OSLC4Net.Core.Query.csproj]
/app/OSLC4Net_SDK/OSLC4Net.Core.Query/Impl/TypedValueImpl.cs(26,5): warning CS8618: Non-nullable field 'value' must contain a non-null value when exiting constructor. Consider adding the 'required' modifier or declaring the field as nullable. [/app/OSLC4Net_SDK/OSLC4Net.Core.Query/OSLC4Net.Core.Query.csproj]
/app/OSLC4Net_SDK/OSLC4Net.Core.Query/Impl/TypedValueImpl.cs(26,5): warning CS8618: Non-nullable field 'prefixedName' must contain a non-null value when exiting constructor. Consider adding the 'required' modifier or declaring the field as nullable. [/app/OSLC4Net_SDK/OSLC4Net.Core.Query/OSLC4Net.Core.Query.csproj]
/app/OSLC4Net_SDK/OSLC4Net.Core.Query/Impl/StringValueImpl.cs(26,5): warning CS8618: Non-nullable field 'value' must contain a non-null value when exiting constructor. Consider adding the 'required' modifier or declaring the field as nullable. [/app/OSLC4Net_SDK/OSLC4Net.Core.Query/OSLC4Net.Core.Query.csproj]
/app/OSLC4Net_SDK/OSLC4Net.Core.Query/Impl/SortTermsImpl.cs(22,12): warning CS8618: Non-nullable field 'children' must contain a non-null value when exiting constructor. Consider adding the 'required' modifier or declaring the field as nullable. [/app/OSLC4Net_SDK/OSLC4Net.Core.Query/OSLC4Net.Core.Query.csproj]
/app/OSLC4Net_SDK/OSLC4Net.Core.Query/Impl/SortTermsImpl.cs(53,21): warning CS0162: Unreachable code detected [/app/OSLC4Net_SDK/OSLC4Net.Core.Query/OSLC4Net.Core.Query.csproj]
/app/OSLC4Net_SDK/OSLC4Net.Core.Query/Impl/SortTermImpl.cs(22,12): warning CS8618: Non-nullable field 'identifier' must contain a non-null value when exiting constructor. Consider adding the 'required' modifier or declaring the field as nullable. [/app/OSLC4Net_SDK/OSLC4Net.Core.Query/OSLC4Net.Core.Query.csproj]
/app/OSLC4Net_SDK/OSLC4Net.Core.Query/Impl/SimpleTermImpl.cs(26,5): warning CS8618: Non-nullable field 'property' must contain a non-null value when exiting constructor. Consider adding the 'required' modifier or declaring the field as nullable. [/app/OSLC4Net_SDK/OSLC4Net.Core.Query/OSLC4Net.Core.Query.csproj]
/app/OSLC4Net_SDK/OSLC4Net.Core.Query/Impl/ScopedSortTermImpl.cs(22,12): warning CS8618: Non-nullable field 'sortTerms' must contain a non-null value when exiting constructor. Consider adding the 'required' modifier or declaring the field as nullable. [/app/OSLC4Net_SDK/OSLC4Net.Core.Query/OSLC4Net.Core.Query.csproj]
/app/OSLC4Net_SDK/OSLC4Net.Core.Query/Impl/PropertyImpl.cs(26,5): warning CS8618: Non-nullable field 'identifier' must contain a non-null value when exiting constructor. Consider adding the 'required' modifier or declaring the field as nullable. [/app/OSLC4Net_SDK/OSLC4Net.Core.Query/OSLC4Net.Core.Query.csproj]
/app/OSLC4Net_SDK/OSLC4Net.Core.Query/Impl/PropertiesImpl.cs(27,5): warning CS8618: Non-nullable field 'children' must contain a non-null value when exiting constructor. Consider adding the 'required' modifier or declaring the field as nullable. [/app/OSLC4Net_SDK/OSLC4Net.Core.Query/OSLC4Net.Core.Query.csproj]
/app/OSLC4Net_SDK/OSLC4Net.Core.Query/Impl/PropertiesImpl.cs(44,21): warning CS8625: Cannot convert null literal to non-nullable reference type. [/app/OSLC4Net_SDK/OSLC4Net.Core.Query/OSLC4Net.Core.Query.csproj]
/app/OSLC4Net_SDK/OSLC4Net.Core.Query/Impl/PropertiesImpl.cs(45,26): warning CS8625: Cannot convert null literal to non-nullable reference type. [/app/OSLC4Net_SDK/OSLC4Net.Core.Query/OSLC4Net.Core.Query.csproj]
/app/OSLC4Net_SDK/OSLC4Net.Core.Query/Impl/PropertiesImpl.cs(42,5): warning CS8618: Non-nullable field 'tree' must contain a non-null value when exiting constructor. Consider adding the 'required' modifier or declaring the field as nullable. [/app/OSLC4Net_SDK/OSLC4Net.Core.Query/OSLC4Net.Core.Query.csproj]
/app/OSLC4Net_SDK/OSLC4Net.Core.Query/Impl/PropertiesImpl.cs(42,5): warning CS8618: Non-nullable field 'prefixMap' must contain a non-null value when exiting constructor. Consider adding the 'required' modifier or declaring the field as nullable. [/app/OSLC4Net_SDK/OSLC4Net.Core.Query/OSLC4Net.Core.Query.csproj]
/app/OSLC4Net_SDK/OSLC4Net.Core.Query/Impl/NestedPropertyImpl.cs(27,5): warning CS8618: Non-nullable field 'children' must contain a non-null value when exiting constructor. Consider adding the 'required' modifier or declaring the field as nullable. [/app/OSLC4Net_SDK/OSLC4Net.Core.Query/OSLC4Net.Core.Query.csproj]
/app/OSLC4Net_SDK/OSLC4Net.Core.Query/Impl/LangedStringValueImpl.cs(26,5): warning CS8618: Non-nullable field 'value' must contain a non-null value when exiting constructor. Consider adding the 'required' modifier or declaring the field as nullable. [/app/OSLC4Net_SDK/OSLC4Net.Core.Query/OSLC4Net.Core.Query.csproj]
/app/OSLC4Net_SDK/OSLC4Net.Core.Query/Impl/LangedStringValueImpl.cs(26,5): warning CS8618: Non-nullable field 'langTag' must contain a non-null value when exiting constructor. Consider adding the 'required' modifier or declaring the field as nullable. [/app/OSLC4Net_SDK/OSLC4Net.Core.Query/OSLC4Net.Core.Query.csproj]
/app/OSLC4Net_SDK/OSLC4Net.Core.Query/Impl/InTermImpl.cs(27,5): warning CS8618: Non-nullable field 'values' must contain a non-null value when exiting constructor. Consider adding the 'required' modifier or declaring the field as nullable. [/app/OSLC4Net_SDK/OSLC4Net.Core.Query/OSLC4Net.Core.Query.csproj]
/app/OSLC4Net_SDK/OSLC4Net.Core.Query/Impl/DecimalValueImpl.cs(26,5): warning CS8618: Non-nullable field 'value' must contain a non-null value when exiting constructor. Consider adding the 'required' modifier or declaring the field as nullable. [/app/OSLC4Net_SDK/OSLC4Net.Core.Query/OSLC4Net.Core.Query.csproj]
/app/OSLC4Net_SDK/OSLC4Net.Core.Query/PName.cs(20,19): warning CS8618: Non-nullable field 'ns' must contain a non-null value when exiting constructor. Consider adding the 'required' modifier or declaring the field as nullable. [/app/OSLC4Net_SDK/OSLC4Net.Core.Query/OSLC4Net.Core.Query.csproj]
/app/OSLC4Net_SDK/OSLC4Net.Core.Query/PName.cs(21,19): warning CS8618: Non-nullable field 'prefix' must contain a non-null value when exiting constructor. Consider adding the 'required' modifier or declaring the field as nullable. [/app/OSLC4Net_SDK/OSLC4Net.Core.Query/OSLC4Net.Core.Query.csproj]
/app/OSLC4Net_SDK/OSLC4Net.Core.Query/PName.cs(22,19): warning CS8618: Non-nullable field 'local' must contain a non-null value when exiting constructor. Consider adding the 'required' modifier or declaring the field as nullable. [/app/OSLC4Net_SDK/OSLC4Net.Core.Query/OSLC4Net.Core.Query.csproj]
/app/OSLC4Net_SDK/OSLC4Net.Core.Query/Operator.cs(15,16): warning MA0026: TODO rename for CLS compliance (https://github.com/meziantou/Meziantou.Analyzer/blob/main/docs/Rules/MA0026.md) [/app/OSLC4Net_SDK/OSLC4Net.Core.Query/OSLC4Net.Core.Query.csproj]
/app/OSLC4Net_SDK/OSLC4Net.Core.Query/Properties/AssemblyInfo.cs(3,4): warning MA0026: TODO improve for better F# interop (https://github.com/meziantou/Meziantou.Analyzer/blob/main/docs/Rules/MA0026.md) [/app/OSLC4Net_SDK/OSLC4Net.Core.Query/OSLC4Net.Core.Query.csproj]
/app/OSLC4Net_SDK/OSLC4Net.Core.Query/QueryUtils.cs(228,5): warning MA0051: Method is too long (113 lines; maximum allowed: 60) (https://github.com/meziantou/Meziantou.Analyzer/blob/main/docs/Rules/MA0051.md) [/app/OSLC4Net_SDK/OSLC4Net.Core.Query/OSLC4Net.Core.Query.csproj]
/app/OSLC4Net_SDK/OSLC4Net.Core.Query/Impl/PropertiesImpl.cs(87,25): warning MA0084: Local variable 'children' should not hide field (https://github.com/meziantou/Meziantou.Analyzer/blob/main/docs/Rules/MA0084.md) [/app/OSLC4Net_SDK/OSLC4Net.Core.Query/OSLC4Net.Core.Query.csproj]
/app/OSLC4Net_SDK/OSLC4Net.Core.DotNetRdfProvider/RdfXmlMediaTypeFormatter.cs(54,33): warning CS0618: 'OslcMediaType.APPLICATION_XML_TYPE' is obsolete: 'Use RDF/XML, JSON-LD or Turtle media types instead' [/app/OSLC4Net_SDK/OSLC4Net.Core.DotNetRdfProvider/OSLC4Net.Core.DotNetRdfProvider.csproj]
/app/OSLC4Net_SDK/OSLC4Net.Core.DotNetRdfProvider/RdfXmlMediaTypeFormatter.cs(55,33): warning CS0618: 'OslcMediaType.TEXT_XML_TYPE' is obsolete: 'Use RDF/XML, JSON-LD or Turtle media types instead' [/app/OSLC4Net_SDK/OSLC4Net.Core.DotNetRdfProvider/OSLC4Net.Core.DotNetRdfProvider.csproj]
/app/OSLC4Net_SDK/OSLC4Net.Core.DotNetRdfProvider/Extensions.cs(19,21): warning CS8625: Cannot convert null literal to non-nullable reference type. [/app/OSLC4Net_SDK/OSLC4Net.Core.DotNetRdfProvider/OSLC4Net.Core.DotNetRdfProvider.csproj]
/app/OSLC4Net_SDK/OSLC4Net.Core.DotNetRdfProvider/Extensions.cs(28,13): warning CS8604: Possible null reference argument for parameter 'responseMessage' in 'OslcCoreRequestException.OslcCoreRequestException(HttpStatusCode? statusCode, string responseMessage, IResource? requestResource = null, Error? errorResource = null)'. [/app/OSLC4Net_SDK/OSLC4Net.Core.DotNetRdfProvider/OSLC4Net.Core.DotNetRdfProvider.csproj]
/app/OSLC4Net_SDK/OSLC4Net.Core.DotNetRdfProvider/RdfXmlMediaTypeFormatter.cs(221,62): warning CS8604: Possible null reference argument for parameter 'objects' in 'IGraph DotNetRdfHelper.CreateDotNetRdfGraph(IEnumerable<object> objects)'. [/app/OSLC4Net_SDK/OSLC4Net.Core.DotNetRdfProvider/OSLC4Net.Core.DotNetRdfProvider.csproj]
/app/OSLC4Net_SDK/OSLC4Net.Core.DotNetRdfProvider/RdfXmlMediaTypeFormatter.cs(371,25): warning CS0618: 'OslcMediaType.APPLICATION_XML' is obsolete: 'Use RDF/XML, JSON-LD or Turtle media types instead' [/app/OSLC4Net_SDK/OSLC4Net.Core.DotNetRdfProvider/OSLC4Net.Core.DotNetRdfProvider.csproj]
/app/OSLC4Net_SDK/OSLC4Net.Core.DotNetRdfProvider/DotNetRdfHelper.cs(730,29): warning CS8604: Possible null reference argument for parameter 'resource' in 'void DotNetRdfHelper.FromDotNetRdfNode(IDictionary<Type, IDictionary<string, MemberInfo>> typePropertyDefinitionsToSetMethods, Type beanType, object bean, INode resource, IGraph graph, IDictionary<string, object> visitedResources)'. [/app/OSLC4Net_SDK/OSLC4Net.Core.DotNetRdfProvider/OSLC4Net.Core.DotNetRdfProvider.csproj]
/app/OSLC4Net_SDK/OSLC4Net.Core.DotNetRdfProvider/DotNetRdfHelper.cs(1634,52): warning CS8604: Possible null reference argument for parameter 'collectionType' in 'INode DotNetRdfHelper.CreateRdfContainer(OslcRdfCollectionType collectionType, IList<INode> rdfNodeContainer, IGraph graph)'. [/app/OSLC4Net_SDK/OSLC4Net.Core.DotNetRdfProvider/OSLC4Net.Core.DotNetRdfProvider.csproj]
/app/OSLC4Net_SDK/OSLC4Net.Core.DotNetRdfProvider/DotNetRdfHelper.cs(1661,52): warning CS8604: Possible null reference argument for parameter 'collectionType' in 'INode DotNetRdfHelper.CreateRdfContainer(OslcRdfCollectionType collectionType, IList<INode> rdfNodeContainer, IGraph graph)'. [/app/OSLC4Net_SDK/OSLC4Net.Core.DotNetRdfProvider/OSLC4Net.Core.DotNetRdfProvider.csproj]
/app/OSLC4Net_SDK/OSLC4Net.Core.DotNetRdfProvider/DotNetRdfHelper.cs(1898,27): warning CS8604: Possible null reference argument for parameter 'obj' in 'void DotNetRdfHelper.BuildResource(object obj, Type resourceType, IGraph graph, INode mainResource, IDictionary<string, object>? oslcProperties)'. [/app/OSLC4Net_SDK/OSLC4Net.Core.DotNetRdfProvider/OSLC4Net.Core.DotNetRdfProvider.csproj]
/app/OSLC4Net_SDK/OSLC4Net.Core.DotNetRdfProvider/DotNetRdfHelper.cs(1916,25): warning CS8625: Cannot convert null literal to non-nullable reference type. [/app/OSLC4Net_SDK/OSLC4Net.Core.DotNetRdfProvider/OSLC4Net.Core.DotNetRdfProvider.csproj]
/app/OSLC4Net_SDK/OSLC4Net.Core.DotNetRdfProvider/DotNetRdfHelper.cs(253,12): warning MA0026: TODO check that all .Add() calls were converted into [k] = v (https://github.com/meziantou/Meziantou.Analyzer/blob/main/docs/Rules/MA0026.md) [/app/OSLC4Net_SDK/OSLC4Net.Core.DotNetRdfProvider/OSLC4Net.Core.DotNetRdfProvider.csproj]
/app/OSLC4Net_SDK/OSLC4Net.Core.DotNetRdfProvider/DotNetRdfHelper.cs(380,16): warning MA0026: TODO check that all .Add() calls are replaced with []= (https://github.com/meziantou/Meziantou.Analyzer/blob/main/docs/Rules/MA0026.md) [/app/OSLC4Net_SDK/OSLC4Net.Core.DotNetRdfProvider/OSLC4Net.Core.DotNetRdfProvider.csproj]
/app/OSLC4Net_SDK/OSLC4Net.Core.DotNetRdfProvider/DotNetRdfHelper.cs(461,32): warning MA0026: TODO untangle this mess (Andrew 2023-09) (https://github.com/meziantou/Meziantou.Analyzer/blob/main/docs/Rules/MA0026.md) [/app/OSLC4Net_SDK/OSLC4Net.Core.DotNetRdfProvider/OSLC4Net.Core.DotNetRdfProvider.csproj]
/app/OSLC4Net_SDK/OSLC4Net.Core.DotNetRdfProvider/DotNetRdfHelper.cs(954,8): warning MA0026: TODO check if the RDF 1.1 reification works correctly and cover with basic tests. (https://github.com/meziantou/Meziantou.Analyzer/blob/main/docs/Rules/MA0026.md) [/app/OSLC4Net_SDK/OSLC4Net.Core.DotNetRdfProvider/OSLC4Net.Core.DotNetRdfProvider.csproj]
/app/OSLC4Net_SDK/OSLC4Net.Core.DotNetRdfProvider/DotNetRdfHelper.cs(1040,12): warning MA0026: TODO use modern C# (https://github.com/meziantou/Meziantou.Analyzer/blob/main/docs/Rules/MA0026.md) [/app/OSLC4Net_SDK/OSLC4Net.Core.DotNetRdfProvider/OSLC4Net.Core.DotNetRdfProvider.csproj]
/app/OSLC4Net_SDK/OSLC4Net.Core.DotNetRdfProvider/DotNetRdfHelper.cs(1458,15): warning MA0026: TODO Until we handle XMLLiteral for incoming unknown resources, need to assume it is not XMLLiteral (https://github.com/meziantou/Meziantou.Analyzer/blob/main/docs/Rules/MA0026.md) [/app/OSLC4Net_SDK/OSLC4Net.Core.DotNetRdfProvider/OSLC4Net.Core.DotNetRdfProvider.csproj]
/app/OSLC4Net_SDK/OSLC4Net.Core.DotNetRdfProvider/RdfXmlMediaTypeFormatter.cs(359,16): warning MA0026: TODO one class per RDF content type (https://github.com/meziantou/Meziantou.Analyzer/blob/main/docs/Rules/MA0026.md) [/app/OSLC4Net_SDK/OSLC4Net.Core.DotNetRdfProvider/OSLC4Net.Core.DotNetRdfProvider.csproj]
/app/OSLC4Net_SDK/OSLC4Net.Core.DotNetRdfProvider/RdfXmlMediaTypeFormatter.cs(367,20): warning MA0026: TODO make IRI validation configurable (https://github.com/meziantou/Meziantou.Analyzer/blob/main/docs/Rules/MA0026.md) [/app/OSLC4Net_SDK/OSLC4Net.Core.DotNetRdfProvider/OSLC4Net.Core.DotNetRdfProvider.csproj]
/app/OSLC4Net_SDK/OSLC4Net.Core.DotNetRdfProvider/RdfXmlMediaTypeFormatter.cs(438,20): warning MA0026: TODO make schema loads configurable (@berezovskyi 2025-05) (https://github.com/meziantou/Meziantou.Analyzer/blob/main/docs/Rules/MA0026.md) [/app/OSLC4Net_SDK/OSLC4Net.Core.DotNetRdfProvider/OSLC4Net.Core.DotNetRdfProvider.csproj]
/app/OSLC4Net_SDK/OSLC4Net.Core.DotNetRdfProvider/DotNetRdfHelper.cs(94,26): warning MA0051: Method is too long (78 lines; maximum allowed: 60) (https://github.com/meziantou/Meziantou.Analyzer/blob/main/docs/Rules/MA0051.md) [/app/OSLC4Net_SDK/OSLC4Net.Core.DotNetRdfProvider/OSLC4Net.Core.DotNetRdfProvider.csproj]
/app/OSLC4Net_SDK/OSLC4Net.Core.DotNetRdfProvider/RdfXmlMediaTypeFormatter.cs(154,32): warning MA0051: Method is too long (140 lines; maximum allowed: 60) (https://github.com/meziantou/Meziantou.Analyzer/blob/main/docs/Rules/MA0051.md) [/app/OSLC4Net_SDK/OSLC4Net.Core.DotNetRdfProvider/OSLC4Net.Core.DotNetRdfProvider.csproj]
/app/OSLC4Net_SDK/OSLC4Net.Core.DotNetRdfProvider/RdfXmlMediaTypeFormatter.cs(340,41): warning MA0051: Method is too long (143 lines; maximum allowed: 60) (https://github.com/meziantou/Meziantou.Analyzer/blob/main/docs/Rules/MA0051.md) [/app/OSLC4Net_SDK/OSLC4Net.Core.DotNetRdfProvider/OSLC4Net.Core.DotNetRdfProvider.csproj]
/app/OSLC4Net_SDK/OSLC4Net.Core.DotNetRdfProvider/DotNetRdfHelper.cs(321,18): warning MA0051: Method is too long (528 lines; maximum allowed: 60) (https://github.com/meziantou/Meziantou.Analyzer/blob/main/docs/Rules/MA0051.md) [/app/OSLC4Net_SDK/OSLC4Net.Core.DotNetRdfProvider/OSLC4Net.Core.DotNetRdfProvider.csproj]
/app/OSLC4Net_SDK/OSLC4Net.Core.DotNetRdfProvider/DotNetRdfHelper.cs(607,43): warning MA0015: Use an overload of 'System.ArgumentException' with the parameter name (https://github.com/meziantou/Meziantou.Analyzer/blob/main/docs/Rules/MA0015.md) [/app/OSLC4Net_SDK/OSLC4Net.Core.DotNetRdfProvider/OSLC4Net.Core.DotNetRdfProvider.csproj]
/app/OSLC4Net_SDK/OSLC4Net.Core.DotNetRdfProvider/DotNetRdfHelper.cs(1098,52): warning MA0051: Method is too long (72 lines; maximum allowed: 60) (https://github.com/meziantou/Meziantou.Analyzer/blob/main/docs/Rules/MA0051.md) [/app/OSLC4Net_SDK/OSLC4Net.Core.DotNetRdfProvider/OSLC4Net.Core.DotNetRdfProvider.csproj]
/app/OSLC4Net_SDK/OSLC4Net.Core.DotNetRdfProvider/DotNetRdfHelper.cs(1174,25): warning MA0051: Method is too long (138 lines; maximum allowed: 60) (https://github.com/meziantou/Meziantou.Analyzer/blob/main/docs/Rules/MA0051.md) [/app/OSLC4Net_SDK/OSLC4Net.Core.DotNetRdfProvider/OSLC4Net.Core.DotNetRdfProvider.csproj]
/app/OSLC4Net_SDK/OSLC4Net.Core.DotNetRdfProvider/DotNetRdfHelper.cs(1319,25): warning MA0051: Method is too long (81 lines; maximum allowed: 60) (https://github.com/meziantou/Meziantou.Analyzer/blob/main/docs/Rules/MA0051.md) [/app/OSLC4Net_SDK/OSLC4Net.Core.DotNetRdfProvider/OSLC4Net.Core.DotNetRdfProvider.csproj]
/app/OSLC4Net_SDK/OSLC4Net.Core.DotNetRdfProvider/DotNetRdfHelper.cs(1407,25): warning MA0051: Method is too long (123 lines; maximum allowed: 60) (https://github.com/meziantou/Meziantou.Analyzer/blob/main/docs/Rules/MA0051.md) [/app/OSLC4Net_SDK/OSLC4Net.Core.DotNetRdfProvider/OSLC4Net.Core.DotNetRdfProvider.csproj]
/app/OSLC4Net_SDK/OSLC4Net.Core.DotNetRdfProvider/DotNetRdfHelper.cs(1539,25): warning MA0051: Method is too long (133 lines; maximum allowed: 60) (https://github.com/meziantou/Meziantou.Analyzer/blob/main/docs/Rules/MA0051.md) [/app/OSLC4Net_SDK/OSLC4Net.Core.DotNetRdfProvider/OSLC4Net.Core.DotNetRdfProvider.csproj]
/app/OSLC4Net_SDK/OSLC4Net.Core.DotNetRdfProvider/DotNetRdfHelper.cs(1682,26): warning MA0051: Method is too long (61 lines; maximum allowed: 60) (https://github.com/meziantou/Meziantou.Analyzer/blob/main/docs/Rules/MA0051.md) [/app/OSLC4Net_SDK/OSLC4Net.Core.DotNetRdfProvider/OSLC4Net.Core.DotNetRdfProvider.csproj]
/app/OSLC4Net_SDK/OSLC4Net.Core.DotNetRdfProvider/DotNetRdfHelper.cs(1748,25): warning MA0051: Method is too long (178 lines; maximum allowed: 60) (https://github.com/meziantou/Meziantou.Analyzer/blob/main/docs/Rules/MA0051.md) [/app/OSLC4Net_SDK/OSLC4Net.Core.DotNetRdfProvider/OSLC4Net.Core.DotNetRdfProvider.csproj]
  OSLC4Net.Core.Query -> /app/OSLC4Net_SDK/OSLC4Net.Core.Query/bin/Debug/net10.0/OSLC4Net.Core.Query.dll
  OSLC4Net.Domains.RequirementsManagement -> /app/OSLC4Net_SDK/OSLC4Net.Domains.RequirementsManagement/bin/Debug/net10.0/OSLC4Net.Domains.RequirementsManagement.dll
  OSLC4Net.ChangeManagementCommon -> /app/OSLC4Net_SDK/OSLC4Net.ChangeManagement/bin/Debug/net10.0/OSLC4Net.ChangeManagementCommon.dll
  OSLC4Net.Core.DotNetRdfProvider -> /app/OSLC4Net_SDK/OSLC4Net.Core.DotNetRdfProvider/bin/Debug/net10.0/OSLC4Net.Core.DotNetRdfProvider.dll
/app/OSLC4Net_SDK/OSLC4Net.Server.Providers/OslcRdfInputFormatter.cs(89,43): warning CS8604: Possible null reference argument for parameter 'graph' in 'object DotNetRdfHelper.FromDotNetRdfGraph(IGraph graph, Type beanType)'. [/app/OSLC4Net_SDK/OSLC4Net.Server.Providers/OSLC4Net.Server.Providers.csproj]
/app/OSLC4Net_SDK/OSLC4Net.Server.Providers/OslcRdfInputFormatter.cs(90,17): warning CS8604: Possible null reference argument for parameter 'beanType' in 'object DotNetRdfHelper.FromDotNetRdfGraph(IGraph graph, Type beanType)'. [/app/OSLC4Net_SDK/OSLC4Net.Server.Providers/OSLC4Net.Server.Providers.csproj]
/app/OSLC4Net_SDK/OSLC4Net.Server.Providers/OslcRdfInputFormatter.cs(132,16): warning MA0026: TODO make schema loads configurable (@berezovskyi 2025-05) (https://github.com/meziantou/Meziantou.Analyzer/blob/main/docs/Rules/MA0026.md) [/app/OSLC4Net_SDK/OSLC4Net.Server.Providers/OSLC4Net.Server.Providers.csproj]
/app/OSLC4Net_SDK/OSLC4Net.Server.Providers/OslcRdfInputFormatter.cs(167,16): warning MA0026: TODO make schema loads configurable (@berezovskyi 2025-05) (https://github.com/meziantou/Meziantou.Analyzer/blob/main/docs/Rules/MA0026.md) [/app/OSLC4Net_SDK/OSLC4Net.Server.Providers/OSLC4Net.Server.Providers.csproj]
/app/OSLC4Net_SDK/OSLC4Net.Server.Providers/OslcRdfOutputFormatter.cs(174,12): warning MA0026: TODO deal with namespaces (https://github.com/meziantou/Meziantou.Analyzer/blob/main/docs/Rules/MA0026.md) [/app/OSLC4Net_SDK/OSLC4Net.Server.Providers/OSLC4Net.Server.Providers.csproj]
/app/OSLC4Net_SDK/OSLC4Net.Server.Providers/OslcRdfOutputFormatter.cs(64,28): warning CA2208: Method WriteResponseBodyAsync passes 'requestedType' as the paramName argument to a ArgumentOutOfRangeException constructor. Replace this argument with one of the method's parameter names. Note that the provided parameter name should have the exact casing as declared on the method. (https://learn.microsoft.com/dotnet/fundamentals/code-analysis/quality-rules/ca2208) [/app/OSLC4Net_SDK/OSLC4Net.Server.Providers/OSLC4Net.Server.Providers.csproj]
/app/OSLC4Net_SDK/OSLC4Net.Server.Providers/OslcRdfInputFormatter.cs(51,24): warning CA2208: Method ReadRequestBodyAsync passes 'requestedType' as the paramName argument to a ArgumentOutOfRangeException constructor. Replace this argument with one of the method's parameter names. Note that the provided parameter name should have the exact casing as declared on the method. (https://learn.microsoft.com/dotnet/fundamentals/code-analysis/quality-rules/ca2208) [/app/OSLC4Net_SDK/OSLC4Net.Server.Providers/OSLC4Net.Server.Providers.csproj]
/app/OSLC4Net_SDK/OSLC4Net.Server.Providers/OslcRdfInputFormatter.cs(51,56): warning MA0015: 'requestedType' is not a valid parameter name (https://github.com/meziantou/Meziantou.Analyzer/blob/main/docs/Rules/MA0015.md) [/app/OSLC4Net_SDK/OSLC4Net.Server.Providers/OSLC4Net.Server.Providers.csproj]
/app/OSLC4Net_SDK/OSLC4Net.Server.Providers/OslcRdfOutputFormatter.cs(64,60): warning MA0015: 'requestedType' is not a valid parameter name (https://github.com/meziantou/Meziantou.Analyzer/blob/main/docs/Rules/MA0015.md) [/app/OSLC4Net_SDK/OSLC4Net.Server.Providers/OSLC4Net.Server.Providers.csproj]
/app/OSLC4Net_SDK/OSLC4Net.Server.Providers/OslcRdfOutputFormatter.cs(73,27): warning MA0051: Method is too long (93 lines; maximum allowed: 60) (https://github.com/meziantou/Meziantou.Analyzer/blob/main/docs/Rules/MA0051.md) [/app/OSLC4Net_SDK/OSLC4Net.Server.Providers/OSLC4Net.Server.Providers.csproj]
  OSLC4Net.Server.Providers -> /app/OSLC4Net_SDK/OSLC4Net.Server.Providers/bin/Debug/net10.0/OSLC4Net.Server.Providers.dll
/app/OSLC4Net_SDK/Examples/OSLC4NetExamples.Server.NetCoreApi/Controllers/ServiceProviderController.cs(11,75): warning CS9113: Parameter 'logger' is unread. [/app/OSLC4Net_SDK/Examples/OSLC4NetExamples.Server.NetCoreApi/OSLC4NetExamples.Server.NetCoreApi.csproj]
/app/OSLC4Net_SDK/Examples/OSLC4NetExamples.Server.NetCoreApi/Controllers/CatalogController.cs(16,59): warning CS9113: Parameter 'logger' is unread. [/app/OSLC4Net_SDK/Examples/OSLC4NetExamples.Server.NetCoreApi/OSLC4NetExamples.Server.NetCoreApi.csproj]
/app/OSLC4Net_SDK/Examples/OSLC4NetExamples.Server.NetCoreApi/Controllers/Resources/ResourceController.cs(6,76): warning CS9113: Parameter 'logger' is unread. [/app/OSLC4Net_SDK/Examples/OSLC4NetExamples.Server.NetCoreApi/OSLC4NetExamples.Server.NetCoreApi.csproj]
/app/OSLC4Net_SDK/Examples/OSLC4NetExamples.Server.NetCoreApi/Models/RootServicesDto.cs(60,35): warning MA0051: Method is too long (66 lines; maximum allowed: 60) (https://github.com/meziantou/Meziantou.Analyzer/blob/main/docs/Rules/MA0051.md) [/app/OSLC4Net_SDK/Examples/OSLC4NetExamples.Server.NetCoreApi/OSLC4NetExamples.Server.NetCoreApi.csproj]
/app/OSLC4Net_SDK/Examples/OSLC4NetExamples.Server.NetCoreApi/Models/RootServicesDto.cs(130,19): warning MA0051: Method is too long (87 lines; maximum allowed: 60) (https://github.com/meziantou/Meziantou.Analyzer/blob/main/docs/Rules/MA0051.md) [/app/OSLC4Net_SDK/Examples/OSLC4NetExamples.Server.NetCoreApi/OSLC4NetExamples.Server.NetCoreApi.csproj]
  OSLC4NetExamples.Server.NetCoreApi -> /app/OSLC4Net_SDK/Examples/OSLC4NetExamples.Server.NetCoreApi/bin/Debug/net10.0/OSLC4NetExamples.Server.NetCoreApi.dll
/app/OSLC4Net_SDK/OSLC4Net.Client/Oslc/OslcClient.cs(115,17): warning CS1634: Expected 'disable' or 'restore' [/app/OSLC4Net_SDK/OSLC4Net.Client/OSLC4Net.Client.csproj]
/app/OSLC4Net_SDK/OSLC4Net.Client/Oslc/OslcClient.cs(151,37): warning CS8625: Cannot convert null literal to non-nullable reference type. [/app/OSLC4Net_SDK/OSLC4Net.Client/OSLC4Net.Client.csproj]
/app/OSLC4Net_SDK/OSLC4Net.Client/Oslc/Resources/TestScript.cs(37,12): warning CS8618: Non-nullable field 'executionInstructions' must contain a non-null value when exiting constructor. Consider adding the 'required' modifier or declaring the field as nullable. [/app/OSLC4Net_SDK/OSLC4Net.Client/OSLC4Net.Client.csproj]
/app/OSLC4Net_SDK/OSLC4Net.Client/Oslc/Resources/TestScript.cs(37,12): warning CS8618: Non-nullable field 'description' must contain a non-null value when exiting constructor. Consider adding the 'required' modifier or declaring the field as nullable. [/app/OSLC4Net_SDK/OSLC4Net.Client/OSLC4Net.Client.csproj]
/app/OSLC4Net_SDK/OSLC4Net.Client/OslcRestClient.cs(51,12): warning CS8618: Non-nullable field '_rdfHelper' must contain a non-null value when exiting constructor. Consider adding the 'required' modifier or declaring the field as nullable. [/app/OSLC4Net_SDK/OSLC4Net.Client/OSLC4Net.Client.csproj]
/app/OSLC4Net_SDK/OSLC4Net.Client/OslcRestClient.cs(79,22): warning CS8601: Possible null reference assignment. [/app/OSLC4Net_SDK/OSLC4Net.Client/OSLC4Net.Client.csproj]
/app/OSLC4Net_SDK/OSLC4Net.Client/OslcRestClient.cs(90,49): warning CS8604: Possible null reference argument for parameter 'mediaType' in 'MediaTypeWithQualityHeaderValue.MediaTypeWithQualityHeaderValue(string mediaType, double quality)'. [/app/OSLC4Net_SDK/OSLC4Net.Client/OSLC4Net.Client.csproj]
/app/OSLC4Net_SDK/OSLC4Net.Client/Oslc/Resources/TestResult.cs(37,12): warning CS8618: Non-nullable field 'executesTestScript' must contain a non-null value when exiting constructor. Consider adding the 'required' modifier or declaring the field as nullable. [/app/OSLC4Net_SDK/OSLC4Net.Client/OSLC4Net.Client.csproj]
/app/OSLC4Net_SDK/OSLC4Net.Client/Oslc/Resources/TestResult.cs(37,12): warning CS8618: Non-nullable field 'reportsOnTestCase' must contain a non-null value when exiting constructor. Consider adding the 'required' modifier or declaring the field as nullable. [/app/OSLC4Net_SDK/OSLC4Net.Client/OSLC4Net.Client.csproj]
/app/OSLC4Net_SDK/OSLC4Net.Client/Oslc/Resources/TestResult.cs(37,12): warning CS8618: Non-nullable field 'reportsOnTestPlan' must contain a non-null value when exiting constructor. Consider adding the 'required' modifier or declaring the field as nullable. [/app/OSLC4Net_SDK/OSLC4Net.Client/OSLC4Net.Client.csproj]
/app/OSLC4Net_SDK/OSLC4Net.Client/Oslc/Resources/TestResult.cs(37,12): warning CS8618: Non-nullable field 'producedByTestExecutionRecord' must contain a non-null value when exiting constructor. Consider adding the 'required' modifier or declaring the field as nullable. [/app/OSLC4Net_SDK/OSLC4Net.Client/OSLC4Net.Client.csproj]
/app/OSLC4Net_SDK/OSLC4Net.Client/Oslc/Resources/TestResult.cs(37,12): warning CS8618: Non-nullable field 'status' must contain a non-null value when exiting constructor. Consider adding the 'required' modifier or declaring the field as nullable. [/app/OSLC4Net_SDK/OSLC4Net.Client/OSLC4Net.Client.csproj]
/app/OSLC4Net_SDK/OSLC4Net.Client/OslcRestClient.cs(290,48): warning CS8604: Possible null reference argument for parameter 'uri' in 'OslcRestClient.OslcRestClient(IEnumerable<MediaTypeFormatter> formatters, Uri uri, string mediaType)'. [/app/OSLC4Net_SDK/OSLC4Net.Client/OSLC4Net.Client.csproj]
/app/OSLC4Net_SDK/OSLC4Net.Client/Oslc/Resources/TestPlan.cs(39,12): warning CS8618: Non-nullable field 'description' must contain a non-null value when exiting constructor. Consider adding the 'required' modifier or declaring the field as nullable. [/app/OSLC4Net_SDK/OSLC4Net.Client/OSLC4Net.Client.csproj]
/app/OSLC4Net_SDK/OSLC4Net.Client/ServiceProviderRegistryClient.cs(232,25): warning CS8604: Possible null reference argument for parameter 'responseMessage' in 'OslcCoreRegistrationException.OslcCoreRegistrationException(ServiceProvider serviceProvider, HttpStatusCode? statusCode, string responseMessage)'. [/app/OSLC4Net_SDK/OSLC4Net.Client/OSLC4Net.Client.csproj]
/app/OSLC4Net_SDK/OSLC4Net.Client/Oslc/Resources/TestExecutionRecord.cs(39,12): warning CS8618: Non-nullable field 'reportsOnTestPlan' must contain a non-null value when exiting constructor. Consider adding the 'required' modifier or declaring the field as nullable. [/app/OSLC4Net_SDK/OSLC4Net.Client/OSLC4Net.Client.csproj]
/app/OSLC4Net_SDK/OSLC4Net.Client/Oslc/Resources/TestExecutionRecord.cs(39,12): warning CS8618: Non-nullable field 'runsOnTestEnvironment' must contain a non-null value when exiting constructor. Consider adding the 'required' modifier or declaring the field as nullable. [/app/OSLC4Net_SDK/OSLC4Net.Client/OSLC4Net.Client.csproj]
/app/OSLC4Net_SDK/OSLC4Net.Client/Oslc/Resources/TestExecutionRecord.cs(39,12): warning CS8618: Non-nullable field 'runsTestCase' must contain a non-null value when exiting constructor. Consider adding the 'required' modifier or declaring the field as nullable. [/app/OSLC4Net_SDK/OSLC4Net.Client/OSLC4Net.Client.csproj]
/app/OSLC4Net_SDK/OSLC4Net.Client/ServiceProviderRegistryClient.cs(266,17): warning CS8604: Possible null reference argument for parameter 'responseMessage' in 'OslcCoreDeregistrationException.OslcCoreDeregistrationException(Uri serviceProviderUri, int statusCode, string responseMessage)'. [/app/OSLC4Net_SDK/OSLC4Net.Client/OSLC4Net.Client.csproj]
/app/OSLC4Net_SDK/OSLC4Net.Client/Oslc/Resources/TestCase.cs(40,12): warning CS8618: Non-nullable field 'description' must contain a non-null value when exiting constructor. Consider adding the 'required' modifier or declaring the field as nullable. [/app/OSLC4Net_SDK/OSLC4Net.Client/OSLC4Net.Client.csproj]
/app/OSLC4Net_SDK/OSLC4Net.Client/Oslc/OslcClient.cs(74,95): warning CS8625: Cannot convert null literal to non-nullable reference type. [/app/OSLC4Net_SDK/OSLC4Net.Client/OSLC4Net.Client.csproj]
/app/OSLC4Net_SDK/OSLC4Net.Client/Oslc/OslcClient.cs(107,79): warning CS8619: Nullability of reference types in value of type 'Func<HttpRequestMessage, X509Certificate2, X509Chain, SslPolicyErrors, bool>' doesn't match target type 'Func<HttpRequestMessage, X509Certificate2?, X509Chain?, SslPolicyErrors, bool>'. [/app/OSLC4Net_SDK/OSLC4Net.Client/OSLC4Net.Client.csproj]
/app/OSLC4Net_SDK/OSLC4Net.Client/Oslc/OslcClient.cs(121,85): warning CS0618: 'OslcClient.OslcClient(Func<HttpRequestMessage, X509Certificate2, X509Chain, SslPolicyErrors, bool>, HttpMessageHandler, ILogger<OslcClient>)' is obsolete: 'Use the constructor taking HttpClient instead and configure the handler externally.' [/app/OSLC4Net_SDK/OSLC4Net.Client/OSLC4Net.Client.csproj]
/app/OSLC4Net_SDK/OSLC4Net.Client/Oslc/OslcClient.cs(121,92): warning CS8625: Cannot convert null literal to non-nullable reference type. [/app/OSLC4Net_SDK/OSLC4Net.Client/OSLC4Net.Client.csproj]
/app/OSLC4Net_SDK/OSLC4Net.Client/Oslc/Resources/RmUtil.cs(92,56): warning CS0618: 'RmConstants' is obsolete: 'See OSLC4Net.Domains.RequirementsManagement' [/app/OSLC4Net_SDK/OSLC4Net.Client/OSLC4Net.Client.csproj]
/app/OSLC4Net_SDK/OSLC4Net.Client/Oslc/OslcClient.cs(279,25): warning CS8604: Possible null reference argument for parameter 'responseMessage' in 'OslcCoreRequestException.OslcCoreRequestException(HttpStatusCode? statusCode, string responseMessage, IResource? requestResource = null, Error? errorResource = null)'. [/app/OSLC4Net_SDK/OSLC4Net.Client/OSLC4Net.Client.csproj]
/app/OSLC4Net_SDK/OSLC4Net.Client/Oslc/OslcClient.cs(409,46): warning CS8604: Possible null reference argument for parameter 'resourceUri' in 'Task<OslcResponse<T>> OslcClient.GetResourceAsync<T>(string resourceUri, string? mediaType)'. [/app/OSLC4Net_SDK/OSLC4Net.Client/OSLC4Net.Client.csproj]
/app/OSLC4Net_SDK/OSLC4Net.Client/Oslc/Resources/QmResource.cs(35,15): warning CS8618: Non-nullable field 'identifier' must contain a non-null value when exiting constructor. Consider adding the 'required' modifier or declaring the field as nullable. [/app/OSLC4Net_SDK/OSLC4Net.Client/OSLC4Net.Client.csproj]
/app/OSLC4Net_SDK/OSLC4Net.Client/Oslc/Resources/QmResource.cs(35,15): warning CS8618: Non-nullable field 'instanceShape' must contain a non-null value when exiting constructor. Consider adding the 'required' modifier or declaring the field as nullable. [/app/OSLC4Net_SDK/OSLC4Net.Client/OSLC4Net.Client.csproj]
/app/OSLC4Net_SDK/OSLC4Net.Client/Oslc/Resources/QmResource.cs(35,15): warning CS8618: Non-nullable field 'serviceProvider' must contain a non-null value when exiting constructor. Consider adding the 'required' modifier or declaring the field as nullable. [/app/OSLC4Net_SDK/OSLC4Net.Client/OSLC4Net.Client.csproj]
/app/OSLC4Net_SDK/OSLC4Net.Client/Oslc/Resources/QmResource.cs(35,15): warning CS8618: Non-nullable field 'title' must contain a non-null value when exiting constructor. Consider adding the 'required' modifier or declaring the field as nullable. [/app/OSLC4Net_SDK/OSLC4Net.Client/OSLC4Net.Client.csproj]
/app/OSLC4Net_SDK/OSLC4Net.Client/Oslc/OslcClient.cs(433,71): warning CS8604: Possible null reference argument for parameter 'mediaType' in 'Task<HttpResponseMessage> OslcClient.CreateResourceRawAsync(string url, IResource artifact, string mediaType, string acceptType)'. [/app/OSLC4Net_SDK/OSLC4Net.Client/OSLC4Net.Client.csproj]
/app/OSLC4Net_SDK/OSLC4Net.Client/Oslc/Resources/QmResource.cs(40,15): warning CS8618: Non-nullable field 'identifier' must contain a non-null value when exiting constructor. Consider adding the 'required' modifier or declaring the field as nullable. [/app/OSLC4Net_SDK/OSLC4Net.Client/OSLC4Net.Client.csproj]
/app/OSLC4Net_SDK/OSLC4Net.Client/Oslc/Resources/QmResource.cs(40,15): warning CS8618: Non-nullable field 'instanceShape' must contain a non-null value when exiting constructor. Consider adding the 'required' modifier or declaring the field as nullable. [/app/OSLC4Net_SDK/OSLC4Net.Client/OSLC4Net.Client.csproj]
/app/OSLC4Net_SDK/OSLC4Net.Client/Oslc/Resources/QmResource.cs(40,15): warning CS8618: Non-nullable field 'serviceProvider' must contain a non-null value when exiting constructor. Consider adding the 'required' modifier or declaring the field as nullable. [/app/OSLC4Net_SDK/OSLC4Net.Client/OSLC4Net.Client.csproj]
/app/OSLC4Net_SDK/OSLC4Net.Client/Oslc/Resources/QmResource.cs(40,15): warning CS8618: Non-nullable field 'title' must contain a non-null value when exiting constructor. Consider adding the 'required' modifier or declaring the field as nullable. [/app/OSLC4Net_SDK/OSLC4Net.Client/OSLC4Net.Client.csproj]
/app/OSLC4Net_SDK/OSLC4Net.Client/Oslc/Resources/ParameterInstance.cs(38,12): warning CS8618: Non-nullable field 'name' must contain a non-null value when exiting constructor. Consider adding the 'required' modifier or declaring the field as nullable. [/app/OSLC4Net_SDK/OSLC4Net.Client/OSLC4Net.Client.csproj]
/app/OSLC4Net_SDK/OSLC4Net.Client/Oslc/Resources/ParameterInstance.cs(38,12): warning CS8618: Non-nullable field 'value' must contain a non-null value when exiting constructor. Consider adding the 'required' modifier or declaring the field as nullable. [/app/OSLC4Net_SDK/OSLC4Net.Client/OSLC4Net.Client.csproj]
/app/OSLC4Net_SDK/OSLC4Net.Client/Oslc/Resources/ParameterInstance.cs(38,12): warning CS8618: Non-nullable field 'description' must contain a non-null value when exiting constructor. Consider adding the 'required' modifier or declaring the field as nullable. [/app/OSLC4Net_SDK/OSLC4Net.Client/OSLC4Net.Client.csproj]
/app/OSLC4Net_SDK/OSLC4Net.Client/Oslc/Resources/ParameterInstance.cs(38,12): warning CS8618: Non-nullable field 'instanceShape' must contain a non-null value when exiting constructor. Consider adding the 'required' modifier or declaring the field as nullable. [/app/OSLC4Net_SDK/OSLC4Net.Client/OSLC4Net.Client.csproj]
/app/OSLC4Net_SDK/OSLC4Net.Client/Oslc/Resources/ParameterInstance.cs(38,12): warning CS8618: Non-nullable field 'serviceProvider' must contain a non-null value when exiting constructor. Consider adding the 'required' modifier or declaring the field as nullable. [/app/OSLC4Net_SDK/OSLC4Net.Client/OSLC4Net.Client.csproj]
/app/OSLC4Net_SDK/OSLC4Net.Client/Oslc/Resources/ParameterInstance.cs(43,12): warning CS8618: Non-nullable field 'name' must contain a non-null value when exiting constructor. Consider adding the 'required' modifier or declaring the field as nullable. [/app/OSLC4Net_SDK/OSLC4Net.Client/OSLC4Net.Client.csproj]
/app/OSLC4Net_SDK/OSLC4Net.Client/Oslc/Resources/ParameterInstance.cs(43,12): warning CS8618: Non-nullable field 'value' must contain a non-null value when exiting constructor. Consider adding the 'required' modifier or declaring the field as nullable. [/app/OSLC4Net_SDK/OSLC4Net.Client/OSLC4Net.Client.csproj]
/app/OSLC4Net_SDK/OSLC4Net.Client/Oslc/Resources/ParameterInstance.cs(43,12): warning CS8618: Non-nullable field 'description' must contain a non-null value when exiting constructor. Consider adding the 'required' modifier or declaring the field as nullable. [/app/OSLC4Net_SDK/OSLC4Net.Client/OSLC4Net.Client.csproj]
/app/OSLC4Net_SDK/OSLC4Net.Client/Oslc/Resources/ParameterInstance.cs(43,12): warning CS8618: Non-nullable field 'instanceShape' must contain a non-null value when exiting constructor. Consider adding the 'required' modifier or declaring the field as nullable. [/app/OSLC4Net_SDK/OSLC4Net.Client/OSLC4Net.Client.csproj]
/app/OSLC4Net_SDK/OSLC4Net.Client/Oslc/Resources/ParameterInstance.cs(43,12): warning CS8618: Non-nullable field 'serviceProvider' must contain a non-null value when exiting constructor. Consider adding the 'required' modifier or declaring the field as nullable. [/app/OSLC4Net_SDK/OSLC4Net.Client/OSLC4Net.Client.csproj]
/app/OSLC4Net_SDK/OSLC4Net.Client/Oslc/Resources/ArchitectureLinkType.cs(41,12): warning CS8618: Non-nullable field 'comment' must contain a non-null value when exiting constructor. Consider adding the 'required' modifier or declaring the field as nullable. [/app/OSLC4Net_SDK/OSLC4Net.Client/OSLC4Net.Client.csproj]
/app/OSLC4Net_SDK/OSLC4Net.Client/Oslc/Resources/ArchitectureLinkType.cs(41,12): warning CS8618: Non-nullable field 'label' must contain a non-null value when exiting constructor. Consider adding the 'required' modifier or declaring the field as nullable. [/app/OSLC4Net_SDK/OSLC4Net.Client/OSLC4Net.Client.csproj]
/app/OSLC4Net_SDK/OSLC4Net.Client/Oslc/Resources/ArchitectureLinkType.cs(41,12): warning CS8618: Non-nullable field 'identifier' must contain a non-null value when exiting constructor. Consider adding the 'required' modifier or declaring the field as nullable. [/app/OSLC4Net_SDK/OSLC4Net.Client/OSLC4Net.Client.csproj]
/app/OSLC4Net_SDK/OSLC4Net.Client/Oslc/Resources/ArchitectureLinkType.cs(41,12): warning CS8618: Non-nullable field 'instanceShape' must contain a non-null value when exiting constructor. Consider adding the 'required' modifier or declaring the field as nullable. [/app/OSLC4Net_SDK/OSLC4Net.Client/OSLC4Net.Client.csproj]
/app/OSLC4Net_SDK/OSLC4Net.Client/Oslc/Resources/ArchitectureLinkType.cs(41,12): warning CS8618: Non-nullable field 'serviceProvider' must contain a non-null value when exiting constructor. Consider adding the 'required' modifier or declaring the field as nullable. [/app/OSLC4Net_SDK/OSLC4Net.Client/OSLC4Net.Client.csproj]
/app/OSLC4Net_SDK/OSLC4Net.Client/Oslc/Resources/ArchitectureLinkType.cs(46,12): warning CS8618: Non-nullable field 'comment' must contain a non-null value when exiting constructor. Consider adding the 'required' modifier or declaring the field as nullable. [/app/OSLC4Net_SDK/OSLC4Net.Client/OSLC4Net.Client.csproj]
/app/OSLC4Net_SDK/OSLC4Net.Client/Oslc/Resources/ArchitectureLinkType.cs(46,12): warning CS8618: Non-nullable field 'label' must contain a non-null value when exiting constructor. Consider adding the 'required' modifier or declaring the field as nullable. [/app/OSLC4Net_SDK/OSLC4Net.Client/OSLC4Net.Client.csproj]
/app/OSLC4Net_SDK/OSLC4Net.Client/Oslc/Resources/ArchitectureLinkType.cs(46,12): warning CS8618: Non-nullable field 'identifier' must contain a non-null value when exiting constructor. Consider adding the 'required' modifier or declaring the field as nullable. [/app/OSLC4Net_SDK/OSLC4Net.Client/OSLC4Net.Client.csproj]
/app/OSLC4Net_SDK/OSLC4Net.Client/Oslc/Resources/ArchitectureLinkType.cs(46,12): warning CS8618: Non-nullable field 'instanceShape' must contain a non-null value when exiting constructor. Consider adding the 'required' modifier or declaring the field as nullable. [/app/OSLC4Net_SDK/OSLC4Net.Client/OSLC4Net.Client.csproj]
/app/OSLC4Net_SDK/OSLC4Net.Client/Oslc/Resources/ArchitectureLinkType.cs(46,12): warning CS8618: Non-nullable field 'serviceProvider' must contain a non-null value when exiting constructor. Consider adding the 'required' modifier or declaring the field as nullable. [/app/OSLC4Net_SDK/OSLC4Net.Client/OSLC4Net.Client.csproj]
/app/OSLC4Net_SDK/OSLC4Net.Client/Oslc/Resources/ArchitectureResource.cs(44,12): warning CS8618: Non-nullable field 'description' must contain a non-null value when exiting constructor. Consider adding the 'required' modifier or declaring the field as nullable. [/app/OSLC4Net_SDK/OSLC4Net.Client/OSLC4Net.Client.csproj]
/app/OSLC4Net_SDK/OSLC4Net.Client/Oslc/Resources/ArchitectureResource.cs(44,12): warning CS8618: Non-nullable field 'identifier' must contain a non-null value when exiting constructor. Consider adding the 'required' modifier or declaring the field as nullable. [/app/OSLC4Net_SDK/OSLC4Net.Client/OSLC4Net.Client.csproj]
/app/OSLC4Net_SDK/OSLC4Net.Client/Oslc/Resources/ArchitectureResource.cs(44,12): warning CS8618: Non-nullable field 'source' must contain a non-null value when exiting constructor. Consider adding the 'required' modifier or declaring the field as nullable. [/app/OSLC4Net_SDK/OSLC4Net.Client/OSLC4Net.Client.csproj]
/app/OSLC4Net_SDK/OSLC4Net.Client/Oslc/Resources/ArchitectureResource.cs(44,12): warning CS8618: Non-nullable field 'instanceShape' must contain a non-null value when exiting constructor. Consider adding the 'required' modifier or declaring the field as nullable. [/app/OSLC4Net_SDK/OSLC4Net.Client/OSLC4Net.Client.csproj]
/app/OSLC4Net_SDK/OSLC4Net.Client/Oslc/Resources/ArchitectureResource.cs(44,12): warning CS8618: Non-nullable field 'serviceProvider' must contain a non-null value when exiting constructor. Consider adding the 'required' modifier or declaring the field as nullable. [/app/OSLC4Net_SDK/OSLC4Net.Client/OSLC4Net.Client.csproj]
/app/OSLC4Net_SDK/OSLC4Net.Client/Oslc/Resources/ArchitectureResource.cs(44,12): warning CS8618: Non-nullable field 'title' must contain a non-null value when exiting constructor. Consider adding the 'required' modifier or declaring the field as nullable. [/app/OSLC4Net_SDK/OSLC4Net.Client/OSLC4Net.Client.csproj]
/app/OSLC4Net_SDK/OSLC4Net.Client/Oslc/Resources/ArchitectureResource.cs(49,12): warning CS8618: Non-nullable field 'description' must contain a non-null value when exiting constructor. Consider adding the 'required' modifier or declaring the field as nullable. [/app/OSLC4Net_SDK/OSLC4Net.Client/OSLC4Net.Client.csproj]
/app/OSLC4Net_SDK/OSLC4Net.Client/Oslc/Resources/ArchitectureResource.cs(49,12): warning CS8618: Non-nullable field 'identifier' must contain a non-null value when exiting constructor. Consider adding the 'required' modifier or declaring the field as nullable. [/app/OSLC4Net_SDK/OSLC4Net.Client/OSLC4Net.Client.csproj]
/app/OSLC4Net_SDK/OSLC4Net.Client/Oslc/Resources/ArchitectureResource.cs(49,12): warning CS8618: Non-nullable field 'source' must contain a non-null value when exiting constructor. Consider adding the 'required' modifier or declaring the field as nullable. [/app/OSLC4Net_SDK/OSLC4Net.Client/OSLC4Net.Client.csproj]
/app/OSLC4Net_SDK/OSLC4Net.Client/Oslc/Resources/ArchitectureResource.cs(49,12): warning CS8618: Non-nullable field 'instanceShape' must contain a non-null value when exiting constructor. Consider adding the 'required' modifier or declaring the field as nullable. [/app/OSLC4Net_SDK/OSLC4Net.Client/OSLC4Net.Client.csproj]
/app/OSLC4Net_SDK/OSLC4Net.Client/Oslc/Resources/ArchitectureResource.cs(49,12): warning CS8618: Non-nullable field 'serviceProvider' must contain a non-null value when exiting constructor. Consider adding the 'required' modifier or declaring the field as nullable. [/app/OSLC4Net_SDK/OSLC4Net.Client/OSLC4Net.Client.csproj]
/app/OSLC4Net_SDK/OSLC4Net.Client/Oslc/Resources/ArchitectureResource.cs(49,12): warning CS8618: Non-nullable field 'title' must contain a non-null value when exiting constructor. Consider adding the 'required' modifier or declaring the field as nullable. [/app/OSLC4Net_SDK/OSLC4Net.Client/OSLC4Net.Client.csproj]
/app/OSLC4Net_SDK/OSLC4Net.Client/Oslc/Resources/AutomationPlan.cs(45,12): warning CS8618: Non-nullable field 'description' must contain a non-null value when exiting constructor. Consider adding the 'required' modifier or declaring the field as nullable. [/app/OSLC4Net_SDK/OSLC4Net.Client/OSLC4Net.Client.csproj]
/app/OSLC4Net_SDK/OSLC4Net.Client/Oslc/Resources/AutomationPlan.cs(45,12): warning CS8618: Non-nullable field 'identifier' must contain a non-null value when exiting constructor. Consider adding the 'required' modifier or declaring the field as nullable. [/app/OSLC4Net_SDK/OSLC4Net.Client/OSLC4Net.Client.csproj]
/app/OSLC4Net_SDK/OSLC4Net.Client/Oslc/Resources/AutomationPlan.cs(45,12): warning CS8618: Non-nullable field 'instanceShape' must contain a non-null value when exiting constructor. Consider adding the 'required' modifier or declaring the field as nullable. [/app/OSLC4Net_SDK/OSLC4Net.Client/OSLC4Net.Client.csproj]
/app/OSLC4Net_SDK/OSLC4Net.Client/Oslc/Resources/AutomationPlan.cs(45,12): warning CS8618: Non-nullable field 'serviceProvider' must contain a non-null value when exiting constructor. Consider adding the 'required' modifier or declaring the field as nullable. [/app/OSLC4Net_SDK/OSLC4Net.Client/OSLC4Net.Client.csproj]
/app/OSLC4Net_SDK/OSLC4Net.Client/Oslc/Resources/AutomationPlan.cs(45,12): warning CS8618: Non-nullable field 'title' must contain a non-null value when exiting constructor. Consider adding the 'required' modifier or declaring the field as nullable. [/app/OSLC4Net_SDK/OSLC4Net.Client/OSLC4Net.Client.csproj]
/app/OSLC4Net_SDK/OSLC4Net.Client/Oslc/Resources/AutomationPlan.cs(50,12): warning CS8618: Non-nullable field 'description' must contain a non-null value when exiting constructor. Consider adding the 'required' modifier or declaring the field as nullable. [/app/OSLC4Net_SDK/OSLC4Net.Client/OSLC4Net.Client.csproj]
/app/OSLC4Net_SDK/OSLC4Net.Client/Oslc/Resources/AutomationPlan.cs(50,12): warning CS8618: Non-nullable field 'identifier' must contain a non-null value when exiting constructor. Consider adding the 'required' modifier or declaring the field as nullable. [/app/OSLC4Net_SDK/OSLC4Net.Client/OSLC4Net.Client.csproj]
/app/OSLC4Net_SDK/OSLC4Net.Client/Oslc/Resources/AutomationPlan.cs(50,12): warning CS8618: Non-nullable field 'instanceShape' must contain a non-null value when exiting constructor. Consider adding the 'required' modifier or declaring the field as nullable. [/app/OSLC4Net_SDK/OSLC4Net.Client/OSLC4Net.Client.csproj]
/app/OSLC4Net_SDK/OSLC4Net.Client/Oslc/Resources/AutomationPlan.cs(50,12): warning CS8618: Non-nullable field 'serviceProvider' must contain a non-null value when exiting constructor. Consider adding the 'required' modifier or declaring the field as nullable. [/app/OSLC4Net_SDK/OSLC4Net.Client/OSLC4Net.Client.csproj]
/app/OSLC4Net_SDK/OSLC4Net.Client/Oslc/Resources/AutomationPlan.cs(50,12): warning CS8618: Non-nullable field 'title' must contain a non-null value when exiting constructor. Consider adding the 'required' modifier or declaring the field as nullable. [/app/OSLC4Net_SDK/OSLC4Net.Client/OSLC4Net.Client.csproj]
/app/OSLC4Net_SDK/OSLC4Net.Client/Oslc/Resources/AutomationRequest.cs(50,12): warning CS8618: Non-nullable field 'description' must contain a non-null value when exiting constructor. Consider adding the 'required' modifier or declaring the field as nullable. [/app/OSLC4Net_SDK/OSLC4Net.Client/OSLC4Net.Client.csproj]
/app/OSLC4Net_SDK/OSLC4Net.Client/Oslc/Resources/AutomationRequest.cs(50,12): warning CS8618: Non-nullable field 'identifier' must contain a non-null value when exiting constructor. Consider adding the 'required' modifier or declaring the field as nullable. [/app/OSLC4Net_SDK/OSLC4Net.Client/OSLC4Net.Client.csproj]
/app/OSLC4Net_SDK/OSLC4Net.Client/Oslc/Resources/AutomationRequest.cs(50,12): warning CS8618: Non-nullable field 'instanceShape' must contain a non-null value when exiting constructor. Consider adding the 'required' modifier or declaring the field as nullable. [/app/OSLC4Net_SDK/OSLC4Net.Client/OSLC4Net.Client.csproj]
/app/OSLC4Net_SDK/OSLC4Net.Client/Oslc/Resources/AutomationRequest.cs(50,12): warning CS8618: Non-nullable field 'serviceProvider' must contain a non-null value when exiting constructor. Consider adding the 'required' modifier or declaring the field as nullable. [/app/OSLC4Net_SDK/OSLC4Net.Client/OSLC4Net.Client.csproj]
/app/OSLC4Net_SDK/OSLC4Net.Client/Oslc/Resources/AutomationRequest.cs(50,12): warning CS8618: Non-nullable field 'title' must contain a non-null value when exiting constructor. Consider adding the 'required' modifier or declaring the field as nullable. [/app/OSLC4Net_SDK/OSLC4Net.Client/OSLC4Net.Client.csproj]
/app/OSLC4Net_SDK/OSLC4Net.Client/Oslc/Resources/AutomationRequest.cs(50,12): warning CS8618: Non-nullable field 'desiredState' must contain a non-null value when exiting constructor. Consider adding the 'required' modifier or declaring the field as nullable. [/app/OSLC4Net_SDK/OSLC4Net.Client/OSLC4Net.Client.csproj]
/app/OSLC4Net_SDK/OSLC4Net.Client/Oslc/Resources/AutomationRequest.cs(50,12): warning CS8618: Non-nullable field 'executesAutomationPlan' must contain a non-null value when exiting constructor. Consider adding the 'required' modifier or declaring the field as nullable. [/app/OSLC4Net_SDK/OSLC4Net.Client/OSLC4Net.Client.csproj]
/app/OSLC4Net_SDK/OSLC4Net.Client/Oslc/Resources/AutomationRequest.cs(55,12): warning CS8618: Non-nullable field 'description' must contain a non-null value when exiting constructor. Consider adding the 'required' modifier or declaring the field as nullable. [/app/OSLC4Net_SDK/OSLC4Net.Client/OSLC4Net.Client.csproj]
/app/OSLC4Net_SDK/OSLC4Net.Client/Oslc/Resources/AutomationRequest.cs(55,12): warning CS8618: Non-nullable field 'identifier' must contain a non-null value when exiting constructor. Consider adding the 'required' modifier or declaring the field as nullable. [/app/OSLC4Net_SDK/OSLC4Net.Client/OSLC4Net.Client.csproj]
/app/OSLC4Net_SDK/OSLC4Net.Client/Oslc/Resources/AutomationRequest.cs(55,12): warning CS8618: Non-nullable field 'instanceShape' must contain a non-null value when exiting constructor. Consider adding the 'required' modifier or declaring the field as nullable. [/app/OSLC4Net_SDK/OSLC4Net.Client/OSLC4Net.Client.csproj]
/app/OSLC4Net_SDK/OSLC4Net.Client/Oslc/Resources/AutomationRequest.cs(55,12): warning CS8618: Non-nullable field 'serviceProvider' must contain a non-null value when exiting constructor. Consider adding the 'required' modifier or declaring the field as nullable. [/app/OSLC4Net_SDK/OSLC4Net.Client/OSLC4Net.Client.csproj]
/app/OSLC4Net_SDK/OSLC4Net.Client/Oslc/Resources/AutomationRequest.cs(55,12): warning CS8618: Non-nullable field 'title' must contain a non-null value when exiting constructor. Consider adding the 'required' modifier or declaring the field as nullable. [/app/OSLC4Net_SDK/OSLC4Net.Client/OSLC4Net.Client.csproj]
/app/OSLC4Net_SDK/OSLC4Net.Client/Oslc/Resources/AutomationRequest.cs(55,12): warning CS8618: Non-nullable field 'desiredState' must contain a non-null value when exiting constructor. Consider adding the 'required' modifier or declaring the field as nullable. [/app/OSLC4Net_SDK/OSLC4Net.Client/OSLC4Net.Client.csproj]
/app/OSLC4Net_SDK/OSLC4Net.Client/Oslc/Resources/AutomationRequest.cs(55,12): warning CS8618: Non-nullable field 'executesAutomationPlan' must contain a non-null value when exiting constructor. Consider adding the 'required' modifier or declaring the field as nullable. [/app/OSLC4Net_SDK/OSLC4Net.Client/OSLC4Net.Client.csproj]
/app/OSLC4Net_SDK/OSLC4Net.Client/Oslc/Resources/AutomationResult.cs(55,12): warning CS8618: Non-nullable field 'identifier' must contain a non-null value when exiting constructor. Consider adding the 'required' modifier or declaring the field as nullable. [/app/OSLC4Net_SDK/OSLC4Net.Client/OSLC4Net.Client.csproj]
/app/OSLC4Net_SDK/OSLC4Net.Client/Oslc/Resources/AutomationResult.cs(55,12): warning CS8618: Non-nullable field 'instanceShape' must contain a non-null value when exiting constructor. Consider adding the 'required' modifier or declaring the field as nullable. [/app/OSLC4Net_SDK/OSLC4Net.Client/OSLC4Net.Client.csproj]
/app/OSLC4Net_SDK/OSLC4Net.Client/Oslc/Resources/AutomationResult.cs(55,12): warning CS8618: Non-nullable field 'serviceProvider' must contain a non-null value when exiting constructor. Consider adding the 'required' modifier or declaring the field as nullable. [/app/OSLC4Net_SDK/OSLC4Net.Client/OSLC4Net.Client.csproj]
/app/OSLC4Net_SDK/OSLC4Net.Client/Oslc/Resources/AutomationResult.cs(55,12): warning CS8618: Non-nullable field 'title' must contain a non-null value when exiting constructor. Consider adding the 'required' modifier or declaring the field as nullable. [/app/OSLC4Net_SDK/OSLC4Net.Client/OSLC4Net.Client.csproj]
/app/OSLC4Net_SDK/OSLC4Net.Client/Oslc/Resources/AutomationResult.cs(55,12): warning CS8618: Non-nullable field 'desiredState' must contain a non-null value when exiting constructor. Consider adding the 'required' modifier or declaring the field as nullable. [/app/OSLC4Net_SDK/OSLC4Net.Client/OSLC4Net.Client.csproj]
/app/OSLC4Net_SDK/OSLC4Net.Client/Oslc/Resources/AutomationResult.cs(55,12): warning CS8618: Non-nullable field 'producedByAutomationRequest' must contain a non-null value when exiting constructor. Consider adding the 'required' modifier or declaring the field as nullable. [/app/OSLC4Net_SDK/OSLC4Net.Client/OSLC4Net.Client.csproj]
/app/OSLC4Net_SDK/OSLC4Net.Client/Oslc/Resources/AutomationResult.cs(55,12): warning CS8618: Non-nullable field 'reportsOnAutomationPlan' must contain a non-null value when exiting constructor. Consider adding the 'required' modifier or declaring the field as nullable. [/app/OSLC4Net_SDK/OSLC4Net.Client/OSLC4Net.Client.csproj]
/app/OSLC4Net_SDK/OSLC4Net.Client/Oslc/Resources/OslcQuery.cs(75,51): warning CS8625: Cannot convert null literal to non-nullable reference type. [/app/OSLC4Net_SDK/OSLC4Net.Client/OSLC4Net.Client.csproj]
/app/OSLC4Net_SDK/OSLC4Net.Client/Oslc/Resources/OslcQueryParameters.cs(104,37): warning SYSLIB0013: 'Uri.EscapeUriString(string)' is obsolete: 'Uri.EscapeUriString can corrupt the Uri string in some cases. Consider using Uri.EscapeDataString for query string components instead.' (https://aka.ms/dotnet-warnings/SYSLIB0013) [/app/OSLC4Net_SDK/OSLC4Net.Client/OSLC4Net.Client.csproj]
/app/OSLC4Net_SDK/OSLC4Net.Client/Oslc/Resources/ChangeRequest.cs(68,12): warning CS8618: Non-nullable field 'description' must contain a non-null value when exiting constructor. Consider adding the 'required' modifier or declaring the field as nullable. [/app/OSLC4Net_SDK/OSLC4Net.Client/OSLC4Net.Client.csproj]
/app/OSLC4Net_SDK/OSLC4Net.Client/Oslc/Resources/ChangeRequest.cs(68,12): warning CS8618: Non-nullable field 'discussedBy' must contain a non-null value when exiting constructor. Consider adding the 'required' modifier or declaring the field as nullable. [/app/OSLC4Net_SDK/OSLC4Net.Client/OSLC4Net.Client.csproj]
/app/OSLC4Net_SDK/OSLC4Net.Client/Oslc/Resources/ChangeRequest.cs(68,12): warning CS8618: Non-nullable field 'identifier' must contain a non-null value when exiting constructor. Consider adding the 'required' modifier or declaring the field as nullable. [/app/OSLC4Net_SDK/OSLC4Net.Client/OSLC4Net.Client.csproj]
/app/OSLC4Net_SDK/OSLC4Net.Client/Oslc/Resources/ChangeRequest.cs(68,12): warning CS8618: Non-nullable field 'instanceShape' must contain a non-null value when exiting constructor. Consider adding the 'required' modifier or declaring the field as nullable. [/app/OSLC4Net_SDK/OSLC4Net.Client/OSLC4Net.Client.csproj]
/app/OSLC4Net_SDK/OSLC4Net.Client/Oslc/Resources/ChangeRequest.cs(68,12): warning CS8618: Non-nullable field 'serviceProvider' must contain a non-null value when exiting constructor. Consider adding the 'required' modifier or declaring the field as nullable. [/app/OSLC4Net_SDK/OSLC4Net.Client/OSLC4Net.Client.csproj]
/app/OSLC4Net_SDK/OSLC4Net.Client/Oslc/Resources/ChangeRequest.cs(68,12): warning CS8618: Non-nullable field 'shortTitle' must contain a non-null value when exiting constructor. Consider adding the 'required' modifier or declaring the field as nullable. [/app/OSLC4Net_SDK/OSLC4Net.Client/OSLC4Net.Client.csproj]
/app/OSLC4Net_SDK/OSLC4Net.Client/Oslc/Resources/ChangeRequest.cs(68,12): warning CS8618: Non-nullable field 'status' must contain a non-null value when exiting constructor. Consider adding the 'required' modifier or declaring the field as nullable. [/app/OSLC4Net_SDK/OSLC4Net.Client/OSLC4Net.Client.csproj]
/app/OSLC4Net_SDK/OSLC4Net.Client/Oslc/Resources/ChangeRequest.cs(68,12): warning CS8618: Non-nullable field 'title' must contain a non-null value when exiting constructor. Consider adding the 'required' modifier or declaring the field as nullable. [/app/OSLC4Net_SDK/OSLC4Net.Client/OSLC4Net.Client.csproj]
/app/OSLC4Net_SDK/OSLC4Net.Client/Oslc/Resources/ChangeRequest.cs(73,12): warning CS8618: Non-nullable field 'description' must contain a non-null value when exiting constructor. Consider adding the 'required' modifier or declaring the field as nullable. [/app/OSLC4Net_SDK/OSLC4Net.Client/OSLC4Net.Client.csproj]
/app/OSLC4Net_SDK/OSLC4Net.Client/Oslc/Resources/ChangeRequest.cs(73,12): warning CS8618: Non-nullable field 'discussedBy' must contain a non-null value when exiting constructor. Consider adding the 'required' modifier or declaring the field as nullable. [/app/OSLC4Net_SDK/OSLC4Net.Client/OSLC4Net.Client.csproj]
/app/OSLC4Net_SDK/OSLC4Net.Client/Oslc/Resources/ChangeRequest.cs(73,12): warning CS8618: Non-nullable field 'identifier' must contain a non-null value when exiting constructor. Consider adding the 'required' modifier or declaring the field as nullable. [/app/OSLC4Net_SDK/OSLC4Net.Client/OSLC4Net.Client.csproj]
/app/OSLC4Net_SDK/OSLC4Net.Client/Oslc/Resources/ChangeRequest.cs(73,12): warning CS8618: Non-nullable field 'instanceShape' must contain a non-null value when exiting constructor. Consider adding the 'required' modifier or declaring the field as nullable. [/app/OSLC4Net_SDK/OSLC4Net.Client/OSLC4Net.Client.csproj]
/app/OSLC4Net_SDK/OSLC4Net.Client/Oslc/Resources/ChangeRequest.cs(73,12): warning CS8618: Non-nullable field 'serviceProvider' must contain a non-null value when exiting constructor. Consider adding the 'required' modifier or declaring the field as nullable. [/app/OSLC4Net_SDK/OSLC4Net.Client/OSLC4Net.Client.csproj]
/app/OSLC4Net_SDK/OSLC4Net.Client/Oslc/Resources/ChangeRequest.cs(73,12): warning CS8618: Non-nullable field 'shortTitle' must contain a non-null value when exiting constructor. Consider adding the 'required' modifier or declaring the field as nullable. [/app/OSLC4Net_SDK/OSLC4Net.Client/OSLC4Net.Client.csproj]
/app/OSLC4Net_SDK/OSLC4Net.Client/Oslc/Resources/ChangeRequest.cs(73,12): warning CS8618: Non-nullable field 'status' must contain a non-null value when exiting constructor. Consider adding the 'required' modifier or declaring the field as nullable. [/app/OSLC4Net_SDK/OSLC4Net.Client/OSLC4Net.Client.csproj]
/app/OSLC4Net_SDK/OSLC4Net.Client/Oslc/Resources/ChangeRequest.cs(73,12): warning CS8618: Non-nullable field 'title' must contain a non-null value when exiting constructor. Consider adding the 'required' modifier or declaring the field as nullable. [/app/OSLC4Net_SDK/OSLC4Net.Client/OSLC4Net.Client.csproj]
/app/OSLC4Net_SDK/OSLC4Net.Client/Oslc/Resources/OslcQuery.cs(110,20): warning CS0618: 'OslcQuery.GetQueryUrl()' is obsolete: 'Use QueryUri instead' [/app/OSLC4Net_SDK/OSLC4Net.Client/OSLC4Net.Client.csproj]
/app/OSLC4Net_SDK/OSLC4Net.Client/Oslc/Resources/OslcQuery.cs(96,21): warning CS8601: Possible null reference assignment. [/app/OSLC4Net_SDK/OSLC4Net.Client/OSLC4Net.Client.csproj]
/app/OSLC4Net_SDK/OSLC4Net.Client/Oslc/Resources/OslcQuery.cs(97,22): warning CS8601: Possible null reference assignment. [/app/OSLC4Net_SDK/OSLC4Net.Client/OSLC4Net.Client.csproj]
/app/OSLC4Net_SDK/OSLC4Net.Client/Oslc/Resources/OslcQuery.cs(98,23): warning CS8601: Possible null reference assignment. [/app/OSLC4Net_SDK/OSLC4Net.Client/OSLC4Net.Client.csproj]
/app/OSLC4Net_SDK/OSLC4Net.Client/Oslc/Resources/OslcQuery.cs(99,27): warning CS8601: Possible null reference assignment. [/app/OSLC4Net_SDK/OSLC4Net.Client/OSLC4Net.Client.csproj]
/app/OSLC4Net_SDK/OSLC4Net.Client/Oslc/Resources/OslcQuery.cs(100,22): warning CS8601: Possible null reference assignment. [/app/OSLC4Net_SDK/OSLC4Net.Client/OSLC4Net.Client.csproj]
/app/OSLC4Net_SDK/OSLC4Net.Client/Oslc/Resources/OslcQuery.cs(104,63): warning CS8625: Cannot convert null literal to non-nullable reference type. [/app/OSLC4Net_SDK/OSLC4Net.Client/OSLC4Net.Client.csproj]
/app/OSLC4Net_SDK/OSLC4Net.Client/Oslc/Resources/OslcQuery.cs(104,54): warning CS8601: Possible null reference assignment. [/app/OSLC4Net_SDK/OSLC4Net.Client/OSLC4Net.Client.csproj]
/app/OSLC4Net_SDK/OSLC4Net.Client/Oslc/Resources/OslcQuery.cs(104,40): warning CS8601: Possible null reference assignment. [/app/OSLC4Net_SDK/OSLC4Net.Client/OSLC4Net.Client.csproj]
/app/OSLC4Net_SDK/OSLC4Net.Client/Oslc/Resources/OslcQuery.cs(104,30): warning CS8601: Possible null reference assignment. [/app/OSLC4Net_SDK/OSLC4Net.Client/OSLC4Net.Client.csproj]
/app/OSLC4Net_SDK/OSLC4Net.Client/Oslc/Resources/OslcQuery.cs(104,21): warning CS8601: Possible null reference assignment. [/app/OSLC4Net_SDK/OSLC4Net.Client/OSLC4Net.Client.csproj]
/app/OSLC4Net_SDK/OSLC4Net.Client/Oslc/Resources/OslcQuery.cs(86,12): warning CS8618: Non-nullable field '_rdfHelper' must contain a non-null value when exiting constructor. Consider adding the 'required' modifier or declaring the field as nullable. [/app/OSLC4Net_SDK/OSLC4Net.Client/OSLC4Net.Client.csproj]
/app/OSLC4Net_SDK/OSLC4Net.Client/Oslc/Resources/OslcQuery.cs(86,12): warning CS8618: Non-nullable field 'orderBy' must contain a non-null value when exiting constructor. Consider adding the 'required' modifier or declaring the field as nullable. [/app/OSLC4Net_SDK/OSLC4Net.Client/OSLC4Net.Client.csproj]
/app/OSLC4Net_SDK/OSLC4Net.Client/Oslc/Resources/OslcQuery.cs(86,12): warning CS8618: Non-nullable field 'prefix' must contain a non-null value when exiting constructor. Consider adding the 'required' modifier or declaring the field as nullable. [/app/OSLC4Net_SDK/OSLC4Net.Client/OSLC4Net.Client.csproj]
/app/OSLC4Net_SDK/OSLC4Net.Client/Oslc/Resources/OslcQuery.cs(86,12): warning CS8618: Non-nullable field 'searchTerms' must contain a non-null value when exiting constructor. Consider adding the 'required' modifier or declaring the field as nullable. [/app/OSLC4Net_SDK/OSLC4Net.Client/OSLC4Net.Client.csproj]
/app/OSLC4Net_SDK/OSLC4Net.Client/Oslc/Resources/OslcQuery.cs(86,12): warning CS8618: Non-nullable field 'select' must contain a non-null value when exiting constructor. Consider adding the 'required' modifier or declaring the field as nullable. [/app/OSLC4Net_SDK/OSLC4Net.Client/OSLC4Net.Client.csproj]
/app/OSLC4Net_SDK/OSLC4Net.Client/Oslc/Resources/OslcQuery.cs(86,12): warning CS8618: Non-nullable field 'where' must contain a non-null value when exiting constructor. Consider adding the 'required' modifier or declaring the field as nullable. [/app/OSLC4Net_SDK/OSLC4Net.Client/OSLC4Net.Client.csproj]
/app/OSLC4Net_SDK/OSLC4Net.Client/Oslc/Resources/OslcQuery.cs(114,14): warning CS0618: 'OslcQueryResult.GetQuery()' is obsolete: 'Marked for removal' [/app/OSLC4Net_SDK/OSLC4Net.Client/OSLC4Net.Client.csproj]
/app/OSLC4Net_SDK/OSLC4Net.Client/Oslc/Resources/OslcQuery.cs(114,41): warning CS8604: Possible null reference argument for parameter 'nextPageUrl' in 'OslcQuery.OslcQuery(OslcQuery previousQuery, string nextPageUrl)'. [/app/OSLC4Net_SDK/OSLC4Net.Client/OSLC4Net.Client.csproj]
/app/OSLC4Net_SDK/OSLC4Net.Client/Oslc/Resources/AutomationResult.cs(60,12): warning CS8618: Non-nullable field 'identifier' must contain a non-null value when exiting constructor. Consider adding the 'required' modifier or declaring the field as nullable. [/app/OSLC4Net_SDK/OSLC4Net.Client/OSLC4Net.Client.csproj]
/app/OSLC4Net_SDK/OSLC4Net.Client/Oslc/Resources/AutomationResult.cs(60,12): warning CS8618: Non-nullable field 'instanceShape' must contain a non-null value when exiting constructor. Consider adding the 'required' modifier or declaring the field as nullable. [/app/OSLC4Net_SDK/OSLC4Net.Client/OSLC4Net.Client.csproj]
/app/OSLC4Net_SDK/OSLC4Net.Client/Oslc/Resources/AutomationResult.cs(60,12): warning CS8618: Non-nullable field 'serviceProvider' must contain a non-null value when exiting constructor. Consider adding the 'required' modifier or declaring the field as nullable. [/app/OSLC4Net_SDK/OSLC4Net.Client/OSLC4Net.Client.csproj]
/app/OSLC4Net_SDK/OSLC4Net.Client/Oslc/Resources/AutomationResult.cs(60,12): warning CS8618: Non-nullable field 'title' must contain a non-null value when exiting constructor. Consider adding the 'required' modifier or declaring the field as nullable. [/app/OSLC4Net_SDK/OSLC4Net.Client/OSLC4Net.Client.csproj]
/app/OSLC4Net_SDK/OSLC4Net.Client/Oslc/Resources/AutomationResult.cs(60,12): warning CS8618: Non-nullable field 'desiredState' must contain a non-null value when exiting constructor. Consider adding the 'required' modifier or declaring the field as nullable. [/app/OSLC4Net_SDK/OSLC4Net.Client/OSLC4Net.Client.csproj]
/app/OSLC4Net_SDK/OSLC4Net.Client/Oslc/Resources/AutomationResult.cs(60,12): warning CS8618: Non-nullable field 'producedByAutomationRequest' must contain a non-null value when exiting constructor. Consider adding the 'required' modifier or declaring the field as nullable. [/app/OSLC4Net_SDK/OSLC4Net.Client/OSLC4Net.Client.csproj]
/app/OSLC4Net_SDK/OSLC4Net.Client/Oslc/Resources/AutomationResult.cs(60,12): warning CS8618: Non-nullable field 'reportsOnAutomationPlan' must contain a non-null value when exiting constructor. Consider adding the 'required' modifier or declaring the field as nullable. [/app/OSLC4Net_SDK/OSLC4Net.Client/OSLC4Net.Client.csproj]
/app/OSLC4Net_SDK/OSLC4Net.Client/Oslc/OslcClient.cs(720,31): warning CS8604: Possible null reference argument for parameter 'source' in 'ServiceProvider? Enumerable.SingleOrDefault<ServiceProvider>(IEnumerable<ServiceProvider> source)'. [/app/OSLC4Net_SDK/OSLC4Net.Client/OSLC4Net.Client.csproj]
/app/OSLC4Net_SDK/OSLC4Net.Client/Exceptions/ResourceNotFoundException.cs(22,19): warning CS1591: Missing XML comment for publicly visible type or member 'ResourceNotFoundException.Resource' [/app/OSLC4Net_SDK/OSLC4Net.Client/OSLC4Net.Client.csproj]
/app/OSLC4Net_SDK/OSLC4Net.Client/Exceptions/ResourceNotFoundException.cs(24,19): warning CS1591: Missing XML comment for publicly visible type or member 'ResourceNotFoundException.Value' [/app/OSLC4Net_SDK/OSLC4Net.Client/OSLC4Net.Client.csproj]
/app/OSLC4Net_SDK/OSLC4Net.Client/Oslc/ConsumeContentExtension.cs(13,21): warning CS1591: Missing XML comment for publicly visible type or member 'ConsumeContentExtension' [/app/OSLC4Net_SDK/OSLC4Net.Client/OSLC4Net.Client.csproj]
/app/OSLC4Net_SDK/OSLC4Net.Client/Oslc/ConsumeContentExtension.cs(15,24): warning CS1591: Missing XML comment for publicly visible type or member 'ConsumeContentExtension.ConsumeContent(HttpResponseMessage)' [/app/OSLC4Net_SDK/OSLC4Net.Client/OSLC4Net.Client.csproj]
/app/OSLC4Net_SDK/OSLC4Net.Client/Oslc/OslcClient.cs(42,49): warning CS1591: Missing XML comment for publicly visible type or member 'OslcClient._formatters' [/app/OSLC4Net_SDK/OSLC4Net.Client/OSLC4Net.Client.csproj]
/app/OSLC4Net_SDK/OSLC4Net.Client/Oslc/OslcClient.cs(43,35): warning CS1591: Missing XML comment for publicly visible type or member 'OslcClient._client' [/app/OSLC4Net_SDK/OSLC4Net.Client/OSLC4Net.Client.csproj]
/app/OSLC4Net_SDK/OSLC4Net.Client/Oslc/OslcClient.cs(45,22): warning CS1591: Missing XML comment for publicly visible type or member 'OslcClient.AcceptHeader' [/app/OSLC4Net_SDK/OSLC4Net.Client/OSLC4Net.Client.csproj]
/app/OSLC4Net_SDK/OSLC4Net.Client/Oslc/OslcClient.cs(74,66): warning CS1573: Parameter 'logger' has no matching param tag in the XML comment for 'OslcClient.OslcClient(Func<HttpRequestMessage, X509Certificate2, X509Chain, SslPolicyErrors, bool>, ILogger<OslcClient>)' (but other parameters do) [/app/OSLC4Net_SDK/OSLC4Net.Client/OSLC4Net.Client.csproj]
/app/OSLC4Net_SDK/OSLC4Net.Client/Oslc/OslcClient.cs(88,29): warning CS1573: Parameter 'logger' has no matching param tag in the XML comment for 'OslcClient.OslcClient(Func<HttpRequestMessage, X509Certificate2, X509Chain, SslPolicyErrors, bool>, HttpMessageHandler, ILogger<OslcClient>)' (but other parameters do) [/app/OSLC4Net_SDK/OSLC4Net.Client/OSLC4Net.Client.csproj]
/app/OSLC4Net_SDK/OSLC4Net.Client/Oslc/OslcClient.cs(149,30): warning CS1591: Missing XML comment for publicly visible type or member 'OslcClient.ForBasicAuth(string, string, ILogger<OslcClient>, HttpClientHandler)' [/app/OSLC4Net_SDK/OSLC4Net.Client/OSLC4Net.Client.csproj]
/app/OSLC4Net_SDK/OSLC4Net.Client/Oslc/OslcClient.cs(182,40): warning CS1591: Missing XML comment for publicly visible type or member 'OslcClient.GetResourceAsync<T>(string, string?)' [/app/OSLC4Net_SDK/OSLC4Net.Client/OSLC4Net.Client.csproj]
/app/OSLC4Net_SDK/OSLC4Net.Client/Oslc/OslcClient.cs(238,34): warning CS1591: Missing XML comment for publicly visible type or member 'OslcClient.GetResourceAsync<T>(string)' [/app/OSLC4Net_SDK/OSLC4Net.Client/OSLC4Net.Client.csproj]
/app/OSLC4Net_SDK/OSLC4Net.Client/Oslc/OslcClient.cs(244,34): warning CS1591: Missing XML comment for publicly visible type or member 'OslcClient.GetResourceAsync<T>(Uri)' [/app/OSLC4Net_SDK/OSLC4Net.Client/OSLC4Net.Client.csproj]
/app/OSLC4Net_SDK/OSLC4Net.Client/Oslc/OslcClient.cs(250,35): warning CS0419: Ambiguous reference in cref attribute: 'GetResourceAsync{T}'. Assuming 'OslcClient.GetResourceAsync<T>(string, string?)', but could have also matched other overloads including 'OslcClient.GetResourceAsync<T>(string)'. [/app/OSLC4Net_SDK/OSLC4Net.Client/OSLC4Net.Client.csproj]
/app/OSLC4Net_SDK/OSLC4Net.Client/Oslc/OslcClient.cs(396,40): warning CS1591: Missing XML comment for publicly visible type or member 'OslcClient.CreateResourceAsync<T>(string, T, string?)' [/app/OSLC4Net_SDK/OSLC4Net.Client/OSLC4Net.Client.csproj]
/app/OSLC4Net_SDK/OSLC4Net.Client/Oslc/OslcClient.cs(431,44): warning CS1591: Missing XML comment for publicly visible type or member 'OslcClient.CreateResourceRawAsync(Uri, IResource, string?)' [/app/OSLC4Net_SDK/OSLC4Net.Client/OSLC4Net.Client.csproj]
/app/OSLC4Net_SDK/OSLC4Net.Client/Oslc/OslcClient.cs(491,44): warning CS1591: Missing XML comment for publicly visible type or member 'OslcClient.UpdateResourceRawAsync(Uri, IResource, string, string?)' [/app/OSLC4Net_SDK/OSLC4Net.Client/OSLC4Net.Client.csproj]
/app/OSLC4Net_SDK/OSLC4Net.Client/Oslc/OslcClient.cs(855,37): warning CS1591: Missing XML comment for publicly visible type or member 'OslcClient.GetFormatters()' [/app/OSLC4Net_SDK/OSLC4Net.Client/OSLC4Net.Client.csproj]
/app/OSLC4Net_SDK/OSLC4Net.Client/Oslc/OslcClient.cs(892,17): warning CS1591: Missing XML comment for publicly visible type or member 'OslcClient.Dispose()' [/app/OSLC4Net_SDK/OSLC4Net.Client/OSLC4Net.Client.csproj]
/app/OSLC4Net_SDK/OSLC4Net.Client/Oslc/OSLCConstants.cs(23,25): warning CS1591: Missing XML comment for publicly visible type or member 'OSLCConstants.RFC_DATE_FORMAT' [/app/OSLC4Net_SDK/OSLC4Net.Client/OSLC4Net.Client.csproj]
/app/OSLC4Net_SDK/OSLC4Net.Client/Oslc/OSLCConstants.cs(25,25): warning CS1591: Missing XML comment for publicly visible type or member 'OSLCConstants.DC' [/app/OSLC4Net_SDK/OSLC4Net.Client/OSLC4Net.Client.csproj]
/app/OSLC4Net_SDK/OSLC4Net.Client/Oslc/OSLCConstants.cs(26,25): warning CS1591: Missing XML comment for publicly visible type or member 'OSLCConstants.DCTERMS' [/app/OSLC4Net_SDK/OSLC4Net.Client/OSLC4Net.Client.csproj]
/app/OSLC4Net_SDK/OSLC4Net.Client/Oslc/OSLCConstants.cs(27,25): warning CS1591: Missing XML comment for publicly visible type or member 'OSLCConstants.RDF' [/app/OSLC4Net_SDK/OSLC4Net.Client/OSLC4Net.Client.csproj]
/app/OSLC4Net_SDK/OSLC4Net.Client/Oslc/OSLCConstants.cs(28,25): warning CS1591: Missing XML comment for publicly visible type or member 'OSLCConstants.RDFS' [/app/OSLC4Net_SDK/OSLC4Net.Client/OSLC4Net.Client.csproj]
/app/OSLC4Net_SDK/OSLC4Net.Client/Oslc/OSLCConstants.cs(29,25): warning CS1591: Missing XML comment for publicly visible type or member 'OSLCConstants.ATOM' [/app/OSLC4Net_SDK/OSLC4Net.Client/OSLC4Net.Client.csproj]
/app/OSLC4Net_SDK/OSLC4Net.Client/Oslc/OSLCConstants.cs(30,25): warning CS1591: Missing XML comment for publicly visible type or member 'OSLCConstants.OSLC_V2' [/app/OSLC4Net_SDK/OSLC4Net.Client/OSLC4Net.Client.csproj]
/app/OSLC4Net_SDK/OSLC4Net.Client/Oslc/OSLCConstants.cs(31,25): warning CS1591: Missing XML comment for publicly visible type or member 'OSLCConstants.CORE_DEFAULT' [/app/OSLC4Net_SDK/OSLC4Net.Client/OSLC4Net.Client.csproj]
/app/OSLC4Net_SDK/OSLC4Net.Client/Oslc/OSLCConstants.cs(32,25): warning CS1591: Missing XML comment for publicly visible type or member 'OSLCConstants.OSLC_CM_V2' [/app/OSLC4Net_SDK/OSLC4Net.Client/OSLC4Net.Client.csproj]
/app/OSLC4Net_SDK/OSLC4Net.Client/Oslc/OSLCConstants.cs(33,25): warning CS1591: Missing XML comment for publicly visible type or member 'OSLCConstants.OSLC_AM_V2' [/app/OSLC4Net_SDK/OSLC4Net.Client/OSLC4Net.Client.csproj]
/app/OSLC4Net_SDK/OSLC4Net.Client/Oslc/OSLCConstants.cs(34,25): warning CS1591: Missing XML comment for publicly visible type or member 'OSLCConstants.OSLC_ASSET_V2' [/app/OSLC4Net_SDK/OSLC4Net.Client/OSLC4Net.Client.csproj]
/app/OSLC4Net_SDK/OSLC4Net.Client/Oslc/OSLCConstants.cs(35,25): warning CS1591: Missing XML comment for publicly visible type or member 'OSLCConstants.OSLC_QM_V2' [/app/OSLC4Net_SDK/OSLC4Net.Client/OSLC4Net.Client.csproj]
/app/OSLC4Net_SDK/OSLC4Net.Client/Oslc/OSLCConstants.cs(36,25): warning CS1591: Missing XML comment for publicly visible type or member 'OSLCConstants.OSLC_RM_V2' [/app/OSLC4Net_SDK/OSLC4Net.Client/OSLC4Net.Client.csproj]
/app/OSLC4Net_SDK/OSLC4Net.Client/Oslc/OSLCConstants.cs(37,25): warning CS1591: Missing XML comment for publicly visible type or member 'OSLCConstants.OSLC_AUTO' [/app/OSLC4Net_SDK/OSLC4Net.Client/OSLC4Net.Client.csproj]
/app/OSLC4Net_SDK/OSLC4Net.Client/Oslc/OSLCConstants.cs(40,25): warning CS1591: Missing XML comment for publicly visible type or member 'OSLCConstants.OSLC_DISC' [/app/OSLC4Net_SDK/OSLC4Net.Client/OSLC4Net.Client.csproj]
/app/OSLC4Net_SDK/OSLC4Net.Client/Oslc/OSLCConstants.cs(41,25): warning CS1591: Missing XML comment for publicly visible type or member 'OSLCConstants.OSLC_CM' [/app/OSLC4Net_SDK/OSLC4Net.Client/OSLC4Net.Client.csproj]
/app/OSLC4Net_SDK/OSLC4Net.Client/Oslc/OSLCConstants.cs(42,25): warning CS1591: Missing XML comment for publicly visible type or member 'OSLCConstants.OSLC_QM' [/app/OSLC4Net_SDK/OSLC4Net.Client/OSLC4Net.Client.csproj]
/app/OSLC4Net_SDK/OSLC4Net.Client/Oslc/OSLCConstants.cs(43,25): warning CS1591: Missing XML comment for publicly visible type or member 'OSLCConstants.OSLC_RM' [/app/OSLC4Net_SDK/OSLC4Net.Client/OSLC4Net.Client.csproj]
/app/OSLC4Net_SDK/OSLC4Net.Client/Oslc/OSLCConstants.cs(48,25): warning CS1591: Missing XML comment for publicly visible type or member 'OSLCConstants.CT_XML' [/app/OSLC4Net_SDK/OSLC4Net.Client/OSLC4Net.Client.csproj]
/app/OSLC4Net_SDK/OSLC4Net.Client/Oslc/OSLCConstants.cs(49,25): warning CS1591: Missing XML comment for publicly visible type or member 'OSLCConstants.CT_RDF' [/app/OSLC4Net_SDK/OSLC4Net.Client/OSLC4Net.Client.csproj]
/app/OSLC4Net_SDK/OSLC4Net.Client/Oslc/OSLCConstants.cs(50,25): warning CS1591: Missing XML comment for publicly visible type or member 'OSLCConstants.CT_JSON' [/app/OSLC4Net_SDK/OSLC4Net.Client/OSLC4Net.Client.csproj]
/app/OSLC4Net_SDK/OSLC4Net.Client/Oslc/OSLCConstants.cs(51,25): warning CS1591: Missing XML comment for publicly visible type or member 'OSLCConstants.CT_ATOM' [/app/OSLC4Net_SDK/OSLC4Net.Client/OSLC4Net.Client.csproj]
/app/OSLC4Net_SDK/OSLC4Net.Client/Oslc/OSLCConstants.cs(54,25): warning CS1591: Missing XML comment for publicly visible type or member 'OSLCConstants.CT_CR_XML' [/app/OSLC4Net_SDK/OSLC4Net.Client/OSLC4Net.Client.csproj]
/app/OSLC4Net_SDK/OSLC4Net.Client/Oslc/OSLCConstants.cs(55,25): warning CS1591: Missing XML comment for publicly visible type or member 'OSLCConstants.CT_CR_JSON' [/app/OSLC4Net_SDK/OSLC4Net.Client/OSLC4Net.Client.csproj]
/app/OSLC4Net_SDK/OSLC4Net.Client/Oslc/OSLCConstants.cs(56,25): warning CS1591: Missing XML comment for publicly visible type or member 'OSLCConstants.CT_CR_QUERY' [/app/OSLC4Net_SDK/OSLC4Net.Client/OSLC4Net.Client.csproj]
/app/OSLC4Net_SDK/OSLC4Net.Client/Oslc/OSLCConstants.cs(57,25): warning CS1591: Missing XML comment for publicly visible type or member 'OSLCConstants.CT_DISC_CAT_XML' [/app/OSLC4Net_SDK/OSLC4Net.Client/OSLC4Net.Client.csproj]
/app/OSLC4Net_SDK/OSLC4Net.Client/Oslc/OSLCConstants.cs(58,25): warning CS1591: Missing XML comment for publicly visible type or member 'OSLCConstants.CT_DISC_DESC_XML' [/app/OSLC4Net_SDK/OSLC4Net.Client/OSLC4Net.Client.csproj]
/app/OSLC4Net_SDK/OSLC4Net.Client/Oslc/OSLCConstants.cs(61,25): warning CS1591: Missing XML comment for publicly visible type or member 'OSLCConstants.OSLC_CORE_VERSION' [/app/OSLC4Net_SDK/OSLC4Net.Client/OSLC4Net.Client.csproj]
/app/OSLC4Net_SDK/OSLC4Net.Client/Oslc/OSLCConstants.cs(62,25): warning CS1591: Missing XML comment for publicly visible type or member 'OSLCConstants.ETAG' [/app/OSLC4Net_SDK/OSLC4Net.Client/OSLC4Net.Client.csproj]
/app/OSLC4Net_SDK/OSLC4Net.Client/Oslc/OSLCConstants.cs(64,25): warning CS1591: Missing XML comment for publicly visible type or member 'OSLCConstants.POST' [/app/OSLC4Net_SDK/OSLC4Net.Client/OSLC4Net.Client.csproj]
/app/OSLC4Net_SDK/OSLC4Net.Client/Oslc/OSLCConstants.cs(65,25): warning CS1591: Missing XML comment for publicly visible type or member 'OSLCConstants.SSL' [/app/OSLC4Net_SDK/OSLC4Net.Client/OSLC4Net.Client.csproj]
/app/OSLC4Net_SDK/OSLC4Net.Client/Oslc/OSLCConstants.cs(67,25): warning CS1591: Missing XML comment for publicly visible type or member 'OSLCConstants.JENA_RDF_XML' [/app/OSLC4Net_SDK/OSLC4Net.Client/OSLC4Net.Client.csproj]
/app/OSLC4Net_SDK/OSLC4Net.Client/Oslc/OSLCConstants.cs(73,25): warning CS1591: Missing XML comment for publicly visible type or member 'OSLCConstants.SERVICE_PROVIDER_PROP' [/app/OSLC4Net_SDK/OSLC4Net.Client/OSLC4Net.Client.csproj]
/app/OSLC4Net_SDK/OSLC4Net.Client/Oslc/OSLCConstants.cs(74,25): warning CS1591: Missing XML comment for publicly visible type or member 'OSLCConstants.SERVICE_PROVIDER_TYPE' [/app/OSLC4Net_SDK/OSLC4Net.Client/OSLC4Net.Client.csproj]
/app/OSLC4Net_SDK/OSLC4Net.Client/Oslc/OSLCConstants.cs(75,25): warning CS1591: Missing XML comment for publicly visible type or member 'OSLCConstants.SERVICE_PROVIDER_CATALOG_PROP' [/app/OSLC4Net_SDK/OSLC4Net.Client/OSLC4Net.Client.csproj]
/app/OSLC4Net_SDK/OSLC4Net.Client/Oslc/OSLCConstants.cs(76,25): warning CS1591: Missing XML comment for publicly visible type or member 'OSLCConstants.SERVICE_PROVIDER_CATALOG_TYPE' [/app/OSLC4Net_SDK/OSLC4Net.Client/OSLC4Net.Client.csproj]
/app/OSLC4Net_SDK/OSLC4Net.Client/Oslc/OSLCConstants.cs(77,25): warning CS1591: Missing XML comment for publicly visible type or member 'OSLCConstants.CREATION_PROP' [/app/OSLC4Net_SDK/OSLC4Net.Client/OSLC4Net.Client.csproj]
/app/OSLC4Net_SDK/OSLC4Net.Client/Oslc/OSLCConstants.cs(78,25): warning CS1591: Missing XML comment for publicly visible type or member 'OSLCConstants.QUERY_CAPABILITY_PROP' [/app/OSLC4Net_SDK/OSLC4Net.Client/OSLC4Net.Client.csproj]
/app/OSLC4Net_SDK/OSLC4Net.Client/Oslc/OSLCConstants.cs(79,25): warning CS1591: Missing XML comment for publicly visible type or member 'OSLCConstants.QUERY_BASE_PROP' [/app/OSLC4Net_SDK/OSLC4Net.Client/OSLC4Net.Client.csproj]
/app/OSLC4Net_SDK/OSLC4Net.Client/Oslc/OSLCConstants.cs(80,25): warning CS1591: Missing XML comment for publicly visible type or member 'OSLCConstants.RESP_INFO_TYPE' [/app/OSLC4Net_SDK/OSLC4Net.Client/OSLC4Net.Client.csproj]
/app/OSLC4Net_SDK/OSLC4Net.Client/Oslc/OSLCConstants.cs(81,25): warning CS1591: Missing XML comment for publicly visible type or member 'OSLCConstants.SERVICE_PROP' [/app/OSLC4Net_SDK/OSLC4Net.Client/OSLC4Net.Client.csproj]
/app/OSLC4Net_SDK/OSLC4Net.Client/Oslc/OSLCConstants.cs(82,25): warning CS1591: Missing XML comment for publicly visible type or member 'OSLCConstants.DISCUSSION_PROP' [/app/OSLC4Net_SDK/OSLC4Net.Client/OSLC4Net.Client.csproj]
/app/OSLC4Net_SDK/OSLC4Net.Client/Oslc/OSLCConstants.cs(83,25): warning CS1591: Missing XML comment for publicly visible type or member 'OSLCConstants.INST_SHAPE_PROP' [/app/OSLC4Net_SDK/OSLC4Net.Client/OSLC4Net.Client.csproj]
/app/OSLC4Net_SDK/OSLC4Net.Client/Oslc/OSLCConstants.cs(84,25): warning CS1591: Missing XML comment for publicly visible type or member 'OSLCConstants.USAGE_PROP' [/app/OSLC4Net_SDK/OSLC4Net.Client/OSLC4Net.Client.csproj]
/app/OSLC4Net_SDK/OSLC4Net.Client/Oslc/OSLCConstants.cs(85,25): warning CS1591: Missing XML comment for publicly visible type or member 'OSLCConstants.USAGE_DEFAULT_URI' [/app/OSLC4Net_SDK/OSLC4Net.Client/OSLC4Net.Client.csproj]
/app/OSLC4Net_SDK/OSLC4Net.Client/Oslc/OSLCConstants.cs(86,25): warning CS1591: Missing XML comment for publicly visible type or member 'OSLCConstants.TOTAL_COUNT_PROP' [/app/OSLC4Net_SDK/OSLC4Net.Client/OSLC4Net.Client.csproj]
/app/OSLC4Net_SDK/OSLC4Net.Client/Oslc/OSLCConstants.cs(87,25): warning CS1591: Missing XML comment for publicly visible type or member 'OSLCConstants.RESOURCE_TYPE_PROP' [/app/OSLC4Net_SDK/OSLC4Net.Client/OSLC4Net.Client.csproj]
/app/OSLC4Net_SDK/OSLC4Net.Client/Oslc/OSLCConstants.cs(88,25): warning CS1591: Missing XML comment for publicly visible type or member 'OSLCConstants.RESOURCE_SHAPE_PROP' [/app/OSLC4Net_SDK/OSLC4Net.Client/OSLC4Net.Client.csproj]
/app/OSLC4Net_SDK/OSLC4Net.Client/Oslc/OSLCConstants.cs(90,25): warning CS1591: Missing XML comment for publicly visible type or member 'OSLCConstants.DESCRIPTION_PROP' [/app/OSLC4Net_SDK/OSLC4Net.Client/OSLC4Net.Client.csproj]
/app/OSLC4Net_SDK/OSLC4Net.Client/Oslc/OSLCConstants.cs(93,25): warning CS1591: Missing XML comment for publicly visible type or member 'OSLCConstants.CM_CHANGE_REQUEST_TYPE' [/app/OSLC4Net_SDK/OSLC4Net.Client/OSLC4Net.Client.csproj]
/app/OSLC4Net_SDK/OSLC4Net.Client/Oslc/OSLCConstants.cs(94,25): warning CS1591: Missing XML comment for publicly visible type or member 'OSLCConstants.CM_CLOSE_DATE_PROP' [/app/OSLC4Net_SDK/OSLC4Net.Client/OSLC4Net.Client.csproj]
/app/OSLC4Net_SDK/OSLC4Net.Client/Oslc/OSLCConstants.cs(95,25): warning CS1591: Missing XML comment for publicly visible type or member 'OSLCConstants.CM_STATUS_PROP' [/app/OSLC4Net_SDK/OSLC4Net.Client/OSLC4Net.Client.csproj]
/app/OSLC4Net_SDK/OSLC4Net.Client/Oslc/OSLCConstants.cs(96,25): warning CS1591: Missing XML comment for publicly visible type or member 'OSLCConstants.CM_CLOSED_PROP' [/app/OSLC4Net_SDK/OSLC4Net.Client/OSLC4Net.Client.csproj]
/app/OSLC4Net_SDK/OSLC4Net.Client/Oslc/OSLCConstants.cs(97,25): warning CS1591: Missing XML comment for publicly visible type or member 'OSLCConstants.CM_INPROGRESS_PROP' [/app/OSLC4Net_SDK/OSLC4Net.Client/OSLC4Net.Client.csproj]
/app/OSLC4Net_SDK/OSLC4Net.Client/Oslc/OSLCConstants.cs(98,25): warning CS1591: Missing XML comment for publicly visible type or member 'OSLCConstants.CM_FIXED_PROP' [/app/OSLC4Net_SDK/OSLC4Net.Client/OSLC4Net.Client.csproj]
/app/OSLC4Net_SDK/OSLC4Net.Client/Oslc/OSLCConstants.cs(99,25): warning CS1591: Missing XML comment for publicly visible type or member 'OSLCConstants.CM_APPROVED_PROP' [/app/OSLC4Net_SDK/OSLC4Net.Client/OSLC4Net.Client.csproj]
/app/OSLC4Net_SDK/OSLC4Net.Client/Oslc/OSLCConstants.cs(100,25): warning CS1591: Missing XML comment for publicly visible type or member 'OSLCConstants.CM_REVIEWED_PROP' [/app/OSLC4Net_SDK/OSLC4Net.Client/OSLC4Net.Client.csproj]
/app/OSLC4Net_SDK/OSLC4Net.Client/Oslc/OSLCConstants.cs(101,25): warning CS1591: Missing XML comment for publicly visible type or member 'OSLCConstants.CM_VERIFIED_PROP' [/app/OSLC4Net_SDK/OSLC4Net.Client/OSLC4Net.Client.csproj]
/app/OSLC4Net_SDK/OSLC4Net.Client/Oslc/OSLCConstants.cs(104,25): warning CS1591: Missing XML comment for publicly visible type or member 'OSLCConstants.QM_TEST_PLAN' [/app/OSLC4Net_SDK/OSLC4Net.Client/OSLC4Net.Client.csproj]
/app/OSLC4Net_SDK/OSLC4Net.Client/Oslc/OSLCConstants.cs(105,25): warning CS1591: Missing XML comment for publicly visible type or member 'OSLCConstants.QM_TEST_CASE' [/app/OSLC4Net_SDK/OSLC4Net.Client/OSLC4Net.Client.csproj]
/app/OSLC4Net_SDK/OSLC4Net.Client/Oslc/OSLCConstants.cs(106,25): warning CS1591: Missing XML comment for publicly visible type or member 'OSLCConstants.QM_TEST_SCRIPT' [/app/OSLC4Net_SDK/OSLC4Net.Client/OSLC4Net.Client.csproj]
/app/OSLC4Net_SDK/OSLC4Net.Client/Oslc/OSLCConstants.cs(107,25): warning CS1591: Missing XML comment for publicly visible type or member 'OSLCConstants.QM_TEST_RESULT' [/app/OSLC4Net_SDK/OSLC4Net.Client/OSLC4Net.Client.csproj]
/app/OSLC4Net_SDK/OSLC4Net.Client/Oslc/OSLCConstants.cs(108,25): warning CS1591: Missing XML comment for publicly visible type or member 'OSLCConstants.QM_TEST_EXECUTION_RECORD' [/app/OSLC4Net_SDK/OSLC4Net.Client/OSLC4Net.Client.csproj]
/app/OSLC4Net_SDK/OSLC4Net.Client/Oslc/OSLCConstants.cs(110,25): warning CS1591: Missing XML comment for publicly visible type or member 'OSLCConstants.QM_TEST_PLAN_QUERY' [/app/OSLC4Net_SDK/OSLC4Net.Client/OSLC4Net.Client.csproj]
/app/OSLC4Net_SDK/OSLC4Net.Client/Oslc/OSLCConstants.cs(111,25): warning CS1591: Missing XML comment for publicly visible type or member 'OSLCConstants.QM_TEST_CASE_QUERY' [/app/OSLC4Net_SDK/OSLC4Net.Client/OSLC4Net.Client.csproj]
/app/OSLC4Net_SDK/OSLC4Net.Client/Oslc/OSLCConstants.cs(112,25): warning CS1591: Missing XML comment for publicly visible type or member 'OSLCConstants.QM_TEST_SCRIPT_QUERY' [/app/OSLC4Net_SDK/OSLC4Net.Client/OSLC4Net.Client.csproj]
/app/OSLC4Net_SDK/OSLC4Net.Client/Oslc/OSLCConstants.cs(113,25): warning CS1591: Missing XML comment for publicly visible type or member 'OSLCConstants.QM_TEST_RESULT_QUERY' [/app/OSLC4Net_SDK/OSLC4Net.Client/OSLC4Net.Client.csproj]
/app/OSLC4Net_SDK/OSLC4Net.Client/Oslc/OSLCConstants.cs(114,25): warning CS1591: Missing XML comment for publicly visible type or member 'OSLCConstants.QM_TEST_EXECUTION_RECORD_QUERY' [/app/OSLC4Net_SDK/OSLC4Net.Client/OSLC4Net.Client.csproj]
/app/OSLC4Net_SDK/OSLC4Net.Client/Oslc/OSLCConstants.cs(118,25): warning CS1591: Missing XML comment for publicly visible type or member 'OSLCConstants.RM_REQUIREMENT_TYPE' [/app/OSLC4Net_SDK/OSLC4Net.Client/OSLC4Net.Client.csproj]
/app/OSLC4Net_SDK/OSLC4Net.Client/Oslc/OSLCConstants.cs(119,25): warning CS1591: Missing XML comment for publicly visible type or member 'OSLCConstants.RM_REQUIREMENT_COLLECTION_TYPE' [/app/OSLC4Net_SDK/OSLC4Net.Client/OSLC4Net.Client.csproj]
/app/OSLC4Net_SDK/OSLC4Net.Client/Oslc/OSLCConstants.cs(122,25): warning CS1591: Missing XML comment for publicly visible type or member 'OSLCConstants.AM_RESOURCE_TYPE' [/app/OSLC4Net_SDK/OSLC4Net.Client/OSLC4Net.Client.csproj]
/app/OSLC4Net_SDK/OSLC4Net.Client/Oslc/OSLCConstants.cs(123,25): warning CS1591: Missing XML comment for publicly visible type or member 'OSLCConstants.AM_LINK_TYPE_TYPE' [/app/OSLC4Net_SDK/OSLC4Net.Client/OSLC4Net.Client.csproj]
/app/OSLC4Net_SDK/OSLC4Net.Client/Oslc/OSLCConstants.cs(126,25): warning CS1591: Missing XML comment for publicly visible type or member 'OSLCConstants.RDF_TYPE_PROP' [/app/OSLC4Net_SDK/OSLC4Net.Client/OSLC4Net.Client.csproj]
/app/OSLC4Net_SDK/OSLC4Net.Client/Oslc/OSLCConstants.cs(127,25): warning CS1591: Missing XML comment for publicly visible type or member 'OSLCConstants.RDFS_MEMBER' [/app/OSLC4Net_SDK/OSLC4Net.Client/OSLC4Net.Client.csproj]
/app/OSLC4Net_SDK/OSLC4Net.Client/Oslc/OSLCConstants.cs(130,25): warning CS1591: Missing XML comment for publicly visible type or member 'OSLCConstants.DC_TITLE_PROP' [/app/OSLC4Net_SDK/OSLC4Net.Client/OSLC4Net.Client.csproj]
/app/OSLC4Net_SDK/OSLC4Net.Client/Oslc/OSLCConstants.cs(131,25): warning CS1591: Missing XML comment for publicly visible type or member 'OSLCConstants.DC_DESC_PROP' [/app/OSLC4Net_SDK/OSLC4Net.Client/OSLC4Net.Client.csproj]
/app/OSLC4Net_SDK/OSLC4Net.Client/Oslc/OSLCConstants.cs(132,25): warning CS1591: Missing XML comment for publicly visible type or member 'OSLCConstants.DC_TYPE_PROP' [/app/OSLC4Net_SDK/OSLC4Net.Client/OSLC4Net.Client.csproj]
/app/OSLC4Net_SDK/OSLC4Net.Client/Oslc/OSLCConstants.cs(133,25): warning CS1591: Missing XML comment for publicly visible type or member 'OSLCConstants.DC_PUBLISHER_PROP' [/app/OSLC4Net_SDK/OSLC4Net.Client/OSLC4Net.Client.csproj]
/app/OSLC4Net_SDK/OSLC4Net.Client/Oslc/OSLCConstants.cs(134,25): warning CS1591: Missing XML comment for publicly visible type or member 'OSLCConstants.DC_ID_PROP' [/app/OSLC4Net_SDK/OSLC4Net.Client/OSLC4Net.Client.csproj]
/app/OSLC4Net_SDK/OSLC4Net.Client/Oslc/OSLCConstants.cs(135,25): warning CS1591: Missing XML comment for publicly visible type or member 'OSLCConstants.DC_NAME_PROP' [/app/OSLC4Net_SDK/OSLC4Net.Client/OSLC4Net.Client.csproj]
/app/OSLC4Net_SDK/OSLC4Net.Client/Oslc/OSLCConstants.cs(136,25): warning CS1591: Missing XML comment for publicly visible type or member 'OSLCConstants.DC_CREATED_PROP' [/app/OSLC4Net_SDK/OSLC4Net.Client/OSLC4Net.Client.csproj]
/app/OSLC4Net_SDK/OSLC4Net.Client/Oslc/OSLCConstants.cs(137,25): warning CS1591: Missing XML comment for publicly visible type or member 'OSLCConstants.DC_MODIFIED_PROP' [/app/OSLC4Net_SDK/OSLC4Net.Client/OSLC4Net.Client.csproj]
/app/OSLC4Net_SDK/OSLC4Net.Client/Oslc/OSLCConstants.cs(140,25): warning CS1591: Missing XML comment for publicly visible type or member 'OSLCConstants.DCTERMS_TITLE' [/app/OSLC4Net_SDK/OSLC4Net.Client/OSLC4Net.Client.csproj]
/app/OSLC4Net_SDK/OSLC4Net.Client/Oslc/OSLCConstants.cs(141,25): warning CS1591: Missing XML comment for publicly visible type or member 'OSLCConstants.DCTERMS_DESC' [/app/OSLC4Net_SDK/OSLC4Net.Client/OSLC4Net.Client.csproj]
/app/OSLC4Net_SDK/OSLC4Net.Client/Oslc/OSLCConstants.cs(142,25): warning CS1591: Missing XML comment for publicly visible type or member 'OSLCConstants.DCTERMS_TYPE' [/app/OSLC4Net_SDK/OSLC4Net.Client/OSLC4Net.Client.csproj]
/app/OSLC4Net_SDK/OSLC4Net.Client/Oslc/OSLCConstants.cs(143,25): warning CS1591: Missing XML comment for publicly visible type or member 'OSLCConstants.DCTERMS_PUBLISHER' [/app/OSLC4Net_SDK/OSLC4Net.Client/OSLC4Net.Client.csproj]
/app/OSLC4Net_SDK/OSLC4Net.Client/Oslc/OSLCConstants.cs(144,25): warning CS1591: Missing XML comment for publicly visible type or member 'OSLCConstants.DCTERMS_ID' [/app/OSLC4Net_SDK/OSLC4Net.Client/OSLC4Net.Client.csproj]
/app/OSLC4Net_SDK/OSLC4Net.Client/Oslc/OSLCConstants.cs(145,25): warning CS1591: Missing XML comment for publicly visible type or member 'OSLCConstants.DCTERMS_NAME' [/app/OSLC4Net_SDK/OSLC4Net.Client/OSLC4Net.Client.csproj]
/app/OSLC4Net_SDK/OSLC4Net.Client/Oslc/OSLCConstants.cs(146,25): warning CS1591: Missing XML comment for publicly visible type or member 'OSLCConstants.DCTERMS_CREATED' [/app/OSLC4Net_SDK/OSLC4Net.Client/OSLC4Net.Client.csproj]
/app/OSLC4Net_SDK/OSLC4Net.Client/Oslc/OSLCConstants.cs(147,25): warning CS1591: Missing XML comment for publicly visible type or member 'OSLCConstants.DCTERMS_MODIFIED' [/app/OSLC4Net_SDK/OSLC4Net.Client/OSLC4Net.Client.csproj]
/app/OSLC4Net_SDK/OSLC4Net.Client/Oslc/Resources/ArchitectureConstants.cs(18,21): warning CS1591: Missing XML comment for publicly visible type or member 'ArchitectureConstants' [/app/OSLC4Net_SDK/OSLC4Net.Client/OSLC4Net.Client.csproj]
/app/OSLC4Net_SDK/OSLC4Net.Client/Oslc/Resources/ArchitectureConstants.cs(20,25): warning CS1591: Missing XML comment for publicly visible type or member 'ArchitectureConstants.ARCHITECTURE_DOMAIN' [/app/OSLC4Net_SDK/OSLC4Net.Client/OSLC4Net.Client.csproj]
/app/OSLC4Net_SDK/OSLC4Net.Client/Oslc/Resources/ArchitectureConstants.cs(21,25): warning CS1591: Missing XML comment for publicly visible type or member 'ArchitectureConstants.ARCHITECTURE_NAMESPACE' [/app/OSLC4Net_SDK/OSLC4Net.Client/OSLC4Net.Client.csproj]
/app/OSLC4Net_SDK/OSLC4Net.Client/Oslc/Resources/ArchitectureConstants.cs(22,25): warning CS1591: Missing XML comment for publicly visible type or member 'ArchitectureConstants.ARCHITECTURE_PREFIX' [/app/OSLC4Net_SDK/OSLC4Net.Client/OSLC4Net.Client.csproj]
/app/OSLC4Net_SDK/OSLC4Net.Client/Oslc/Resources/ArchitectureConstants.cs(23,25): warning CS1591: Missing XML comment for publicly visible type or member 'ArchitectureConstants.FOAF_NAMESPACE' [/app/OSLC4Net_SDK/OSLC4Net.Client/OSLC4Net.Client.csproj]
/app/OSLC4Net_SDK/OSLC4Net.Client/Oslc/Resources/ArchitectureConstants.cs(24,25): warning CS1591: Missing XML comment for publicly visible type or member 'ArchitectureConstants.FOAF_NAMESPACE_PREFIX' [/app/OSLC4Net_SDK/OSLC4Net.Client/OSLC4Net.Client.csproj]
/app/OSLC4Net_SDK/OSLC4Net.Client/Oslc/Resources/ArchitectureConstants.cs(26,25): warning CS1591: Missing XML comment for publicly visible type or member 'ArchitectureConstants.TYPE_ARCHITECTURE_RESOURCE' [/app/OSLC4Net_SDK/OSLC4Net.Client/OSLC4Net.Client.csproj]
/app/OSLC4Net_SDK/OSLC4Net.Client/Oslc/Resources/ArchitectureConstants.cs(27,25): warning CS1591: Missing XML comment for publicly visible type or member 'ArchitectureConstants.TYPE_ARCHITECTURE_LINK_TYPE' [/app/OSLC4Net_SDK/OSLC4Net.Client/OSLC4Net.Client.csproj]
/app/OSLC4Net_SDK/OSLC4Net.Client/Oslc/Resources/ArchitectureConstants.cs(28,25): warning CS1591: Missing XML comment for publicly visible type or member 'ArchitectureConstants.TYPE_PERSON' [/app/OSLC4Net_SDK/OSLC4Net.Client/OSLC4Net.Client.csproj]
/app/OSLC4Net_SDK/OSLC4Net.Client/Oslc/Resources/ArchitectureLinkType.cs(41,12): warning CS1591: Missing XML comment for publicly visible type or member 'ArchitectureLinkType.ArchitectureLinkType()' [/app/OSLC4Net_SDK/OSLC4Net.Client/OSLC4Net.Client.csproj]
/app/OSLC4Net_SDK/OSLC4Net.Client/Oslc/Resources/ArchitectureLinkType.cs(46,12): warning CS1591: Missing XML comment for publicly visible type or member 'ArchitectureLinkType.ArchitectureLinkType(Uri)' [/app/OSLC4Net_SDK/OSLC4Net.Client/OSLC4Net.Client.csproj]
/app/OSLC4Net_SDK/OSLC4Net.Client/Oslc/Resources/ArchitectureLinkType.cs(51,19): warning CS1591: Missing XML comment for publicly visible type or member 'ArchitectureLinkType.GetRdfType()' [/app/OSLC4Net_SDK/OSLC4Net.Client/OSLC4Net.Client.csproj]
/app/OSLC4Net_SDK/OSLC4Net.Client/Oslc/Resources/ArchitectureLinkType.cs(56,17): warning CS1591: Missing XML comment for publicly visible type or member 'ArchitectureLinkType.AddContributor(Uri)' [/app/OSLC4Net_SDK/OSLC4Net.Client/OSLC4Net.Client.csproj]
/app/OSLC4Net_SDK/OSLC4Net.Client/Oslc/Resources/ArchitectureLinkType.cs(61,17): warning CS1591: Missing XML comment for publicly visible type or member 'ArchitectureLinkType.AddCreator(Uri)' [/app/OSLC4Net_SDK/OSLC4Net.Client/OSLC4Net.Client.csproj]
/app/OSLC4Net_SDK/OSLC4Net.Client/Oslc/Resources/ArchitectureLinkType.cs(66,17): warning CS1591: Missing XML comment for publicly visible type or member 'ArchitectureLinkType.AddRdfType(Uri)' [/app/OSLC4Net_SDK/OSLC4Net.Client/OSLC4Net.Client.csproj]
/app/OSLC4Net_SDK/OSLC4Net.Client/Oslc/Resources/ArchitectureLinkType.cs(76,18): warning CS1591: Missing XML comment for publicly visible type or member 'ArchitectureLinkType.GetContributors()' [/app/OSLC4Net_SDK/OSLC4Net.Client/OSLC4Net.Client.csproj]
/app/OSLC4Net_SDK/OSLC4Net.Client/Oslc/Resources/ArchitectureLinkType.cs(85,22): warning CS1591: Missing XML comment for publicly visible type or member 'ArchitectureLinkType.GetCreated()' [/app/OSLC4Net_SDK/OSLC4Net.Client/OSLC4Net.Client.csproj]
/app/OSLC4Net_SDK/OSLC4Net.Client/Oslc/Resources/ArchitectureLinkType.cs(95,18): warning CS1591: Missing XML comment for publicly visible type or member 'ArchitectureLinkType.GetCreators()' [/app/OSLC4Net_SDK/OSLC4Net.Client/OSLC4Net.Client.csproj]
/app/OSLC4Net_SDK/OSLC4Net.Client/Oslc/Resources/ArchitectureLinkType.cs(104,19): warning CS1591: Missing XML comment for publicly visible type or member 'ArchitectureLinkType.GetLabel()' [/app/OSLC4Net_SDK/OSLC4Net.Client/OSLC4Net.Client.csproj]
/app/OSLC4Net_SDK/OSLC4Net.Client/Oslc/Resources/ArchitectureLinkType.cs(113,19): warning CS1591: Missing XML comment for publicly visible type or member 'ArchitectureLinkType.GetComment()' [/app/OSLC4Net_SDK/OSLC4Net.Client/OSLC4Net.Client.csproj]
/app/OSLC4Net_SDK/OSLC4Net.Client/Oslc/Resources/ArchitectureLinkType.cs(124,19): warning CS1591: Missing XML comment for publicly visible type or member 'ArchitectureLinkType.GetIdentifier()' [/app/OSLC4Net_SDK/OSLC4Net.Client/OSLC4Net.Client.csproj]
/app/OSLC4Net_SDK/OSLC4Net.Client/Oslc/Resources/ArchitectureLinkType.cs(133,16): warning CS1591: Missing XML comment for publicly visible type or member 'ArchitectureLinkType.GetInstanceShape()' [/app/OSLC4Net_SDK/OSLC4Net.Client/OSLC4Net.Client.csproj]
/app/OSLC4Net_SDK/OSLC4Net.Client/Oslc/Resources/ArchitectureLinkType.cs(142,22): warning CS1591: Missing XML comment for publicly visible type or member 'ArchitectureLinkType.GetModified()' [/app/OSLC4Net_SDK/OSLC4Net.Client/OSLC4Net.Client.csproj]
/app/OSLC4Net_SDK/OSLC4Net.Client/Oslc/Resources/ArchitectureLinkType.cs(148,18): warning CS1591: Missing XML comment for publicly visible type or member 'ArchitectureLinkType.GetRdfTypes()' [/app/OSLC4Net_SDK/OSLC4Net.Client/OSLC4Net.Client.csproj]
/app/OSLC4Net_SDK/OSLC4Net.Client/Oslc/Resources/ArchitectureLinkType.cs(157,16): warning CS1591: Missing XML comment for publicly visible type or member 'ArchitectureLinkType.GetServiceProvider()' [/app/OSLC4Net_SDK/OSLC4Net.Client/OSLC4Net.Client.csproj]
/app/OSLC4Net_SDK/OSLC4Net.Client/Oslc/Resources/ArchitectureLinkType.cs(162,17): warning CS1591: Missing XML comment for publicly visible type or member 'ArchitectureLinkType.SetContributors(Uri[])' [/app/OSLC4Net_SDK/OSLC4Net.Client/OSLC4Net.Client.csproj]
/app/OSLC4Net_SDK/OSLC4Net.Client/Oslc/Resources/ArchitectureLinkType.cs(172,17): warning CS1591: Missing XML comment for publicly visible type or member 'ArchitectureLinkType.SetCreated(DateTime?)' [/app/OSLC4Net_SDK/OSLC4Net.Client/OSLC4Net.Client.csproj]
/app/OSLC4Net_SDK/OSLC4Net.Client/Oslc/Resources/ArchitectureLinkType.cs(177,17): warning CS1591: Missing XML comment for publicly visible type or member 'ArchitectureLinkType.SetCreators(Uri[])' [/app/OSLC4Net_SDK/OSLC4Net.Client/OSLC4Net.Client.csproj]
/app/OSLC4Net_SDK/OSLC4Net.Client/Oslc/Resources/ArchitectureLinkType.cs(187,17): warning CS1591: Missing XML comment for publicly visible type or member 'ArchitectureLinkType.SetLabel(string)' [/app/OSLC4Net_SDK/OSLC4Net.Client/OSLC4Net.Client.csproj]
/app/OSLC4Net_SDK/OSLC4Net.Client/Oslc/Resources/ArchitectureLinkType.cs(192,17): warning CS1591: Missing XML comment for publicly visible type or member 'ArchitectureLinkType.SetComment(string)' [/app/OSLC4Net_SDK/OSLC4Net.Client/OSLC4Net.Client.csproj]
/app/OSLC4Net_SDK/OSLC4Net.Client/Oslc/Resources/ArchitectureLinkType.cs(197,17): warning CS1591: Missing XML comment for publicly visible type or member 'ArchitectureLinkType.SetIdentifier(string)' [/app/OSLC4Net_SDK/OSLC4Net.Client/OSLC4Net.Client.csproj]
/app/OSLC4Net_SDK/OSLC4Net.Client/Oslc/Resources/ArchitectureLinkType.cs(202,17): warning CS1591: Missing XML comment for publicly visible type or member 'ArchitectureLinkType.SetInstanceShape(Uri)' [/app/OSLC4Net_SDK/OSLC4Net.Client/OSLC4Net.Client.csproj]
/app/OSLC4Net_SDK/OSLC4Net.Client/Oslc/Resources/ArchitectureLinkType.cs(207,17): warning CS1591: Missing XML comment for publicly visible type or member 'ArchitectureLinkType.SetModified(DateTime?)' [/app/OSLC4Net_SDK/OSLC4Net.Client/OSLC4Net.Client.csproj]
/app/OSLC4Net_SDK/OSLC4Net.Client/Oslc/Resources/ArchitectureLinkType.cs(213,17): warning CS1591: Missing XML comment for publicly visible type or member 'ArchitectureLinkType.SetRdfTypes(Uri[])' [/app/OSLC4Net_SDK/OSLC4Net.Client/OSLC4Net.Client.csproj]
/app/OSLC4Net_SDK/OSLC4Net.Client/Oslc/Resources/ArchitectureLinkType.cs(218,17): warning CS1591: Missing XML comment for publicly visible type or member 'ArchitectureLinkType.SetServiceProvider(Uri)' [/app/OSLC4Net_SDK/OSLC4Net.Client/OSLC4Net.Client.csproj]
/app/OSLC4Net_SDK/OSLC4Net.Client/Oslc/Resources/ArchitectureResource.cs(44,12): warning CS1591: Missing XML comment for publicly visible type or member 'ArchitectureResource.ArchitectureResource()' [/app/OSLC4Net_SDK/OSLC4Net.Client/OSLC4Net.Client.csproj]
/app/OSLC4Net_SDK/OSLC4Net.Client/Oslc/Resources/ArchitectureResource.cs(49,12): warning CS1591: Missing XML comment for publicly visible type or member 'ArchitectureResource.ArchitectureResource(Uri)' [/app/OSLC4Net_SDK/OSLC4Net.Client/OSLC4Net.Client.csproj]
/app/OSLC4Net_SDK/OSLC4Net.Client/Oslc/Resources/ArchitectureResource.cs(54,19): warning CS1591: Missing XML comment for publicly visible type or member 'ArchitectureResource.GetRdfType()' [/app/OSLC4Net_SDK/OSLC4Net.Client/OSLC4Net.Client.csproj]
/app/OSLC4Net_SDK/OSLC4Net.Client/Oslc/Resources/ArchitectureResource.cs(59,17): warning CS1591: Missing XML comment for publicly visible type or member 'ArchitectureResource.AddContributor(Uri)' [/app/OSLC4Net_SDK/OSLC4Net.Client/OSLC4Net.Client.csproj]
/app/OSLC4Net_SDK/OSLC4Net.Client/Oslc/Resources/ArchitectureResource.cs(64,17): warning CS1591: Missing XML comment for publicly visible type or member 'ArchitectureResource.AddCreator(Uri)' [/app/OSLC4Net_SDK/OSLC4Net.Client/OSLC4Net.Client.csproj]
/app/OSLC4Net_SDK/OSLC4Net.Client/Oslc/Resources/ArchitectureResource.cs(69,17): warning CS1591: Missing XML comment for publicly visible type or member 'ArchitectureResource.AddRdfType(Uri)' [/app/OSLC4Net_SDK/OSLC4Net.Client/OSLC4Net.Client.csproj]
/app/OSLC4Net_SDK/OSLC4Net.Client/Oslc/Resources/ArchitectureResource.cs(74,17): warning CS1591: Missing XML comment for publicly visible type or member 'ArchitectureResource.addDctermsType(string)' [/app/OSLC4Net_SDK/OSLC4Net.Client/OSLC4Net.Client.csproj]
/app/OSLC4Net_SDK/OSLC4Net.Client/Oslc/Resources/ArchitectureResource.cs(84,18): warning CS1591: Missing XML comment for publicly visible type or member 'ArchitectureResource.GetContributors()' [/app/OSLC4Net_SDK/OSLC4Net.Client/OSLC4Net.Client.csproj]
/app/OSLC4Net_SDK/OSLC4Net.Client/Oslc/Resources/ArchitectureResource.cs(93,22): warning CS1591: Missing XML comment for publicly visible type or member 'ArchitectureResource.GetCreated()' [/app/OSLC4Net_SDK/OSLC4Net.Client/OSLC4Net.Client.csproj]
/app/OSLC4Net_SDK/OSLC4Net.Client/Oslc/Resources/ArchitectureResource.cs(103,18): warning CS1591: Missing XML comment for publicly visible type or member 'ArchitectureResource.GetCreators()' [/app/OSLC4Net_SDK/OSLC4Net.Client/OSLC4Net.Client.csproj]
/app/OSLC4Net_SDK/OSLC4Net.Client/Oslc/Resources/ArchitectureResource.cs(113,19): warning CS1591: Missing XML comment for publicly visible type or member 'ArchitectureResource.GetDescription()' [/app/OSLC4Net_SDK/OSLC4Net.Client/OSLC4Net.Client.csproj]
/app/OSLC4Net_SDK/OSLC4Net.Client/Oslc/Resources/ArchitectureResource.cs(124,19): warning CS1591: Missing XML comment for publicly visible type or member 'ArchitectureResource.GetIdentifier()' [/app/OSLC4Net_SDK/OSLC4Net.Client/OSLC4Net.Client.csproj]
/app/OSLC4Net_SDK/OSLC4Net.Client/Oslc/Resources/ArchitectureResource.cs(133,16): warning CS1591: Missing XML comment for publicly visible type or member 'ArchitectureResource.GetInstanceShape()' [/app/OSLC4Net_SDK/OSLC4Net.Client/OSLC4Net.Client.csproj]
/app/OSLC4Net_SDK/OSLC4Net.Client/Oslc/Resources/ArchitectureResource.cs(142,22): warning CS1591: Missing XML comment for publicly visible type or member 'ArchitectureResource.GetModified()' [/app/OSLC4Net_SDK/OSLC4Net.Client/OSLC4Net.Client.csproj]
/app/OSLC4Net_SDK/OSLC4Net.Client/Oslc/Resources/ArchitectureResource.cs(148,18): warning CS1591: Missing XML comment for publicly visible type or member 'ArchitectureResource.GetRdfTypes()' [/app/OSLC4Net_SDK/OSLC4Net.Client/OSLC4Net.Client.csproj]
/app/OSLC4Net_SDK/OSLC4Net.Client/Oslc/Resources/ArchitectureResource.cs(157,21): warning CS1591: Missing XML comment for publicly visible type or member 'ArchitectureResource.GetDctermsTypes()' [/app/OSLC4Net_SDK/OSLC4Net.Client/OSLC4Net.Client.csproj]
/app/OSLC4Net_SDK/OSLC4Net.Client/Oslc/Resources/ArchitectureResource.cs(166,16): warning CS1591: Missing XML comment for publicly visible type or member 'ArchitectureResource.GetSource()' [/app/OSLC4Net_SDK/OSLC4Net.Client/OSLC4Net.Client.csproj]
/app/OSLC4Net_SDK/OSLC4Net.Client/Oslc/Resources/ArchitectureResource.cs(175,16): warning CS1591: Missing XML comment for publicly visible type or member 'ArchitectureResource.GetServiceProvider()' [/app/OSLC4Net_SDK/OSLC4Net.Client/OSLC4Net.Client.csproj]
/app/OSLC4Net_SDK/OSLC4Net.Client/Oslc/Resources/ArchitectureResource.cs(186,19): warning CS1591: Missing XML comment for publicly visible type or member 'ArchitectureResource.GetTitle()' [/app/OSLC4Net_SDK/OSLC4Net.Client/OSLC4Net.Client.csproj]
/app/OSLC4Net_SDK/OSLC4Net.Client/Oslc/Resources/ArchitectureResource.cs(191,17): warning CS1591: Missing XML comment for publicly visible type or member 'ArchitectureResource.SetContributors(Uri[])' [/app/OSLC4Net_SDK/OSLC4Net.Client/OSLC4Net.Client.csproj]
/app/OSLC4Net_SDK/OSLC4Net.Client/Oslc/Resources/ArchitectureResource.cs(201,17): warning CS1591: Missing XML comment for publicly visible type or member 'ArchitectureResource.SetCreated(DateTime?)' [/app/OSLC4Net_SDK/OSLC4Net.Client/OSLC4Net.Client.csproj]
/app/OSLC4Net_SDK/OSLC4Net.Client/Oslc/Resources/ArchitectureResource.cs(206,17): warning CS1591: Missing XML comment for publicly visible type or member 'ArchitectureResource.SetCreators(Uri[])' [/app/OSLC4Net_SDK/OSLC4Net.Client/OSLC4Net.Client.csproj]
/app/OSLC4Net_SDK/OSLC4Net.Client/Oslc/Resources/ArchitectureResource.cs(216,17): warning CS1591: Missing XML comment for publicly visible type or member 'ArchitectureResource.SetDescription(string)' [/app/OSLC4Net_SDK/OSLC4Net.Client/OSLC4Net.Client.csproj]
/app/OSLC4Net_SDK/OSLC4Net.Client/Oslc/Resources/ArchitectureResource.cs(221,17): warning CS1591: Missing XML comment for publicly visible type or member 'ArchitectureResource.SetIdentifier(string)' [/app/OSLC4Net_SDK/OSLC4Net.Client/OSLC4Net.Client.csproj]
/app/OSLC4Net_SDK/OSLC4Net.Client/Oslc/Resources/ArchitectureResource.cs(226,17): warning CS1591: Missing XML comment for publicly visible type or member 'ArchitectureResource.SetInstanceShape(Uri)' [/app/OSLC4Net_SDK/OSLC4Net.Client/OSLC4Net.Client.csproj]
/app/OSLC4Net_SDK/OSLC4Net.Client/Oslc/Resources/ArchitectureResource.cs(231,17): warning CS1591: Missing XML comment for publicly visible type or member 'ArchitectureResource.SetModified(DateTime?)' [/app/OSLC4Net_SDK/OSLC4Net.Client/OSLC4Net.Client.csproj]
/app/OSLC4Net_SDK/OSLC4Net.Client/Oslc/Resources/ArchitectureResource.cs(237,17): warning CS1591: Missing XML comment for publicly visible type or member 'ArchitectureResource.SetRdfTypes(Uri[])' [/app/OSLC4Net_SDK/OSLC4Net.Client/OSLC4Net.Client.csproj]
/app/OSLC4Net_SDK/OSLC4Net.Client/Oslc/Resources/ArchitectureResource.cs(242,17): warning CS1591: Missing XML comment for publicly visible type or member 'ArchitectureResource.SetDctermsTypes(string[])' [/app/OSLC4Net_SDK/OSLC4Net.Client/OSLC4Net.Client.csproj]
/app/OSLC4Net_SDK/OSLC4Net.Client/Oslc/Resources/ArchitectureResource.cs(252,17): warning CS1591: Missing XML comment for publicly visible type or member 'ArchitectureResource.SetSource(Uri)' [/app/OSLC4Net_SDK/OSLC4Net.Client/OSLC4Net.Client.csproj]
/app/OSLC4Net_SDK/OSLC4Net.Client/Oslc/Resources/ArchitectureResource.cs(257,17): warning CS1591: Missing XML comment for publicly visible type or member 'ArchitectureResource.SetServiceProvider(Uri)' [/app/OSLC4Net_SDK/OSLC4Net.Client/OSLC4Net.Client.csproj]
/app/OSLC4Net_SDK/OSLC4Net.Client/Oslc/Resources/ArchitectureResource.cs(262,17): warning CS1591: Missing XML comment for publicly visible type or member 'ArchitectureResource.SetTitle(string)' [/app/OSLC4Net_SDK/OSLC4Net.Client/OSLC4Net.Client.csproj]
/app/OSLC4Net_SDK/OSLC4Net.Client/Oslc/Resources/AutomationConstants.cs(18,21): warning CS1591: Missing XML comment for publicly visible type or member 'AutomationConstants' [/app/OSLC4Net_SDK/OSLC4Net.Client/OSLC4Net.Client.csproj]
/app/OSLC4Net_SDK/OSLC4Net.Client/Oslc/Resources/AutomationConstants.cs(20,25): warning CS1591: Missing XML comment for publicly visible type or member 'AutomationConstants.AUTOMATION_DOMAIN' [/app/OSLC4Net_SDK/OSLC4Net.Client/OSLC4Net.Client.csproj]
/app/OSLC4Net_SDK/OSLC4Net.Client/Oslc/Resources/AutomationConstants.cs(21,25): warning CS1591: Missing XML comment for publicly visible type or member 'AutomationConstants.AUTOMATION_NAMESPACE' [/app/OSLC4Net_SDK/OSLC4Net.Client/OSLC4Net.Client.csproj]
/app/OSLC4Net_SDK/OSLC4Net.Client/Oslc/Resources/AutomationConstants.cs(22,25): warning CS1591: Missing XML comment for publicly visible type or member 'AutomationConstants.AUTOMATION_PREFIX' [/app/OSLC4Net_SDK/OSLC4Net.Client/OSLC4Net.Client.csproj]
/app/OSLC4Net_SDK/OSLC4Net.Client/Oslc/Resources/AutomationConstants.cs(24,25): warning CS1591: Missing XML comment for publicly visible type or member 'AutomationConstants.TYPE_AUTOMATION_PLAN' [/app/OSLC4Net_SDK/OSLC4Net.Client/OSLC4Net.Client.csproj]
/app/OSLC4Net_SDK/OSLC4Net.Client/Oslc/Resources/AutomationConstants.cs(25,25): warning CS1591: Missing XML comment for publicly visible type or member 'AutomationConstants.TYPE_AUTOMATION_REQUEST' [/app/OSLC4Net_SDK/OSLC4Net.Client/OSLC4Net.Client.csproj]
/app/OSLC4Net_SDK/OSLC4Net.Client/Oslc/Resources/AutomationConstants.cs(26,25): warning CS1591: Missing XML comment for publicly visible type or member 'AutomationConstants.TYPE_AUTOMATION_RESULT' [/app/OSLC4Net_SDK/OSLC4Net.Client/OSLC4Net.Client.csproj]
/app/OSLC4Net_SDK/OSLC4Net.Client/Oslc/Resources/AutomationConstants.cs(27,25): warning CS1591: Missing XML comment for publicly visible type or member 'AutomationConstants.TYPE_PARAMETER_INSTANCE' [/app/OSLC4Net_SDK/OSLC4Net.Client/OSLC4Net.Client.csproj]
/app/OSLC4Net_SDK/OSLC4Net.Client/Oslc/Resources/AutomationConstants.cs(29,25): warning CS1591: Missing XML comment for publicly visible type or member 'AutomationConstants.STATE_NEW' [/app/OSLC4Net_SDK/OSLC4Net.Client/OSLC4Net.Client.csproj]
/app/OSLC4Net_SDK/OSLC4Net.Client/Oslc/Resources/AutomationConstants.cs(30,25): warning CS1591: Missing XML comment for publicly visible type or member 'AutomationConstants.STATE_QUEUED' [/app/OSLC4Net_SDK/OSLC4Net.Client/OSLC4Net.Client.csproj]
/app/OSLC4Net_SDK/OSLC4Net.Client/Oslc/Resources/AutomationConstants.cs(31,25): warning CS1591: Missing XML comment for publicly visible type or member 'AutomationConstants.STATE_IN_PROGRESS' [/app/OSLC4Net_SDK/OSLC4Net.Client/OSLC4Net.Client.csproj]
/app/OSLC4Net_SDK/OSLC4Net.Client/Oslc/Resources/AutomationConstants.cs(32,25): warning CS1591: Missing XML comment for publicly visible type or member 'AutomationConstants.STATE_CANCELING' [/app/OSLC4Net_SDK/OSLC4Net.Client/OSLC4Net.Client.csproj]
/app/OSLC4Net_SDK/OSLC4Net.Client/Oslc/Resources/AutomationConstants.cs(33,25): warning CS1591: Missing XML comment for publicly visible type or member 'AutomationConstants.STATE_CANCELED' [/app/OSLC4Net_SDK/OSLC4Net.Client/OSLC4Net.Client.csproj]
/app/OSLC4Net_SDK/OSLC4Net.Client/Oslc/Resources/AutomationConstants.cs(34,25): warning CS1591: Missing XML comment for publicly visible type or member 'AutomationConstants.STATE_COMPLETE' [/app/OSLC4Net_SDK/OSLC4Net.Client/OSLC4Net.Client.csproj]
/app/OSLC4Net_SDK/OSLC4Net.Client/Oslc/Resources/AutomationConstants.cs(36,25): warning CS1591: Missing XML comment for publicly visible type or member 'AutomationConstants.VERDICT_UNAVAILABLE' [/app/OSLC4Net_SDK/OSLC4Net.Client/OSLC4Net.Client.csproj]
/app/OSLC4Net_SDK/OSLC4Net.Client/Oslc/Resources/AutomationConstants.cs(37,25): warning CS1591: Missing XML comment for publicly visible type or member 'AutomationConstants.VERDICT_PASSED' [/app/OSLC4Net_SDK/OSLC4Net.Client/OSLC4Net.Client.csproj]
/app/OSLC4Net_SDK/OSLC4Net.Client/Oslc/Resources/AutomationConstants.cs(38,25): warning CS1591: Missing XML comment for publicly visible type or member 'AutomationConstants.VERDICT_WARNING' [/app/OSLC4Net_SDK/OSLC4Net.Client/OSLC4Net.Client.csproj]
/app/OSLC4Net_SDK/OSLC4Net.Client/Oslc/Resources/AutomationConstants.cs(39,25): warning CS1591: Missing XML comment for publicly visible type or member 'AutomationConstants.VERDICT_FAILED' [/app/OSLC4Net_SDK/OSLC4Net.Client/OSLC4Net.Client.csproj]
/app/OSLC4Net_SDK/OSLC4Net.Client/Oslc/Resources/AutomationConstants.cs(40,25): warning CS1591: Missing XML comment for publicly visible type or member 'AutomationConstants.VERDICT_ERROR' [/app/OSLC4Net_SDK/OSLC4Net.Client/OSLC4Net.Client.csproj]
/app/OSLC4Net_SDK/OSLC4Net.Client/Oslc/Resources/AutomationPlan.cs(45,12): warning CS1591: Missing XML comment for publicly visible type or member 'AutomationPlan.AutomationPlan()' [/app/OSLC4Net_SDK/OSLC4Net.Client/OSLC4Net.Client.csproj]
/app/OSLC4Net_SDK/OSLC4Net.Client/Oslc/Resources/AutomationPlan.cs(50,12): warning CS1591: Missing XML comment for publicly visible type or member 'AutomationPlan.AutomationPlan(Uri)' [/app/OSLC4Net_SDK/OSLC4Net.Client/OSLC4Net.Client.csproj]
/app/OSLC4Net_SDK/OSLC4Net.Client/Oslc/Resources/AutomationPlan.cs(55,19): warning CS1591: Missing XML comment for publicly visible type or member 'AutomationPlan.GetRdfType()' [/app/OSLC4Net_SDK/OSLC4Net.Client/OSLC4Net.Client.csproj]
/app/OSLC4Net_SDK/OSLC4Net.Client/Oslc/Resources/AutomationPlan.cs(60,17): warning CS1591: Missing XML comment for publicly visible type or member 'AutomationPlan.AddContributor(Uri)' [/app/OSLC4Net_SDK/OSLC4Net.Client/OSLC4Net.Client.csproj]
/app/OSLC4Net_SDK/OSLC4Net.Client/Oslc/Resources/AutomationPlan.cs(65,17): warning CS1591: Missing XML comment for publicly visible type or member 'AutomationPlan.AddCreator(Uri)' [/app/OSLC4Net_SDK/OSLC4Net.Client/OSLC4Net.Client.csproj]
/app/OSLC4Net_SDK/OSLC4Net.Client/Oslc/Resources/AutomationPlan.cs(70,17): warning CS1591: Missing XML comment for publicly visible type or member 'AutomationPlan.AddRdfType(Uri)' [/app/OSLC4Net_SDK/OSLC4Net.Client/OSLC4Net.Client.csproj]
/app/OSLC4Net_SDK/OSLC4Net.Client/Oslc/Resources/AutomationPlan.cs(75,17): warning CS1591: Missing XML comment for publicly visible type or member 'AutomationPlan.AddSubject(string)' [/app/OSLC4Net_SDK/OSLC4Net.Client/OSLC4Net.Client.csproj]
/app/OSLC4Net_SDK/OSLC4Net.Client/Oslc/Resources/AutomationPlan.cs(80,17): warning CS1591: Missing XML comment for publicly visible type or member 'AutomationPlan.AddParameterDefinition(Property)' [/app/OSLC4Net_SDK/OSLC4Net.Client/OSLC4Net.Client.csproj]
/app/OSLC4Net_SDK/OSLC4Net.Client/Oslc/Resources/AutomationPlan.cs(90,18): warning CS1591: Missing XML comment for publicly visible type or member 'AutomationPlan.GetContributors()' [/app/OSLC4Net_SDK/OSLC4Net.Client/OSLC4Net.Client.csproj]
/app/OSLC4Net_SDK/OSLC4Net.Client/Oslc/Resources/AutomationPlan.cs(99,22): warning CS1591: Missing XML comment for publicly visible type or member 'AutomationPlan.GetCreated()' [/app/OSLC4Net_SDK/OSLC4Net.Client/OSLC4Net.Client.csproj]
/app/OSLC4Net_SDK/OSLC4Net.Client/Oslc/Resources/AutomationPlan.cs(109,18): warning CS1591: Missing XML comment for publicly visible type or member 'AutomationPlan.GetCreators()' [/app/OSLC4Net_SDK/OSLC4Net.Client/OSLC4Net.Client.csproj]
/app/OSLC4Net_SDK/OSLC4Net.Client/Oslc/Resources/AutomationPlan.cs(119,19): warning CS1591: Missing XML comment for publicly visible type or member 'AutomationPlan.GetDescription()' [/app/OSLC4Net_SDK/OSLC4Net.Client/OSLC4Net.Client.csproj]
/app/OSLC4Net_SDK/OSLC4Net.Client/Oslc/Resources/AutomationPlan.cs(130,19): warning CS1591: Missing XML comment for publicly visible type or member 'AutomationPlan.GetIdentifier()' [/app/OSLC4Net_SDK/OSLC4Net.Client/OSLC4Net.Client.csproj]
/app/OSLC4Net_SDK/OSLC4Net.Client/Oslc/Resources/AutomationPlan.cs(139,16): warning CS1591: Missing XML comment for publicly visible type or member 'AutomationPlan.GetInstanceShape()' [/app/OSLC4Net_SDK/OSLC4Net.Client/OSLC4Net.Client.csproj]
/app/OSLC4Net_SDK/OSLC4Net.Client/Oslc/Resources/AutomationPlan.cs(148,22): warning CS1591: Missing XML comment for publicly visible type or member 'AutomationPlan.GetModified()' [/app/OSLC4Net_SDK/OSLC4Net.Client/OSLC4Net.Client.csproj]
/app/OSLC4Net_SDK/OSLC4Net.Client/Oslc/Resources/AutomationPlan.cs(154,18): warning CS1591: Missing XML comment for publicly visible type or member 'AutomationPlan.GetRdfTypes()' [/app/OSLC4Net_SDK/OSLC4Net.Client/OSLC4Net.Client.csproj]
/app/OSLC4Net_SDK/OSLC4Net.Client/Oslc/Resources/AutomationPlan.cs(163,16): warning CS1591: Missing XML comment for publicly visible type or member 'AutomationPlan.GetServiceProvider()' [/app/OSLC4Net_SDK/OSLC4Net.Client/OSLC4Net.Client.csproj]
/app/OSLC4Net_SDK/OSLC4Net.Client/Oslc/Resources/AutomationPlan.cs(174,21): warning CS1591: Missing XML comment for publicly visible type or member 'AutomationPlan.GetSubjects()' [/app/OSLC4Net_SDK/OSLC4Net.Client/OSLC4Net.Client.csproj]
/app/OSLC4Net_SDK/OSLC4Net.Client/Oslc/Resources/AutomationPlan.cs(185,19): warning CS1591: Missing XML comment for publicly visible type or member 'AutomationPlan.GetTitle()' [/app/OSLC4Net_SDK/OSLC4Net.Client/OSLC4Net.Client.csproj]
/app/OSLC4Net_SDK/OSLC4Net.Client/Oslc/Resources/AutomationPlan.cs(195,23): warning CS1591: Missing XML comment for publicly visible type or member 'AutomationPlan.GetParameterDefinitions()' [/app/OSLC4Net_SDK/OSLC4Net.Client/OSLC4Net.Client.csproj]
/app/OSLC4Net_SDK/OSLC4Net.Client/Oslc/Resources/AutomationPlan.cs(200,17): warning CS1591: Missing XML comment for publicly visible type or member 'AutomationPlan.SetContributors(Uri[])' [/app/OSLC4Net_SDK/OSLC4Net.Client/OSLC4Net.Client.csproj]
/app/OSLC4Net_SDK/OSLC4Net.Client/Oslc/Resources/AutomationPlan.cs(210,17): warning CS1591: Missing XML comment for publicly visible type or member 'AutomationPlan.SetCreated(DateTime?)' [/app/OSLC4Net_SDK/OSLC4Net.Client/OSLC4Net.Client.csproj]
/app/OSLC4Net_SDK/OSLC4Net.Client/Oslc/Resources/AutomationPlan.cs(215,17): warning CS1591: Missing XML comment for publicly visible type or member 'AutomationPlan.SetCreators(Uri[])' [/app/OSLC4Net_SDK/OSLC4Net.Client/OSLC4Net.Client.csproj]
/app/OSLC4Net_SDK/OSLC4Net.Client/Oslc/Resources/AutomationPlan.cs(225,17): warning CS1591: Missing XML comment for publicly visible type or member 'AutomationPlan.SetDescription(string)' [/app/OSLC4Net_SDK/OSLC4Net.Client/OSLC4Net.Client.csproj]
/app/OSLC4Net_SDK/OSLC4Net.Client/Oslc/Resources/AutomationPlan.cs(230,17): warning CS1591: Missing XML comment for publicly visible type or member 'AutomationPlan.SetIdentifier(string)' [/app/OSLC4Net_SDK/OSLC4Net.Client/OSLC4Net.Client.csproj]
/app/OSLC4Net_SDK/OSLC4Net.Client/Oslc/Resources/AutomationPlan.cs(235,17): warning CS1591: Missing XML comment for publicly visible type or member 'AutomationPlan.SetInstanceShape(Uri)' [/app/OSLC4Net_SDK/OSLC4Net.Client/OSLC4Net.Client.csproj]
/app/OSLC4Net_SDK/OSLC4Net.Client/Oslc/Resources/AutomationPlan.cs(240,17): warning CS1591: Missing XML comment for publicly visible type or member 'AutomationPlan.SetModified(DateTime?)' [/app/OSLC4Net_SDK/OSLC4Net.Client/OSLC4Net.Client.csproj]
/app/OSLC4Net_SDK/OSLC4Net.Client/Oslc/Resources/AutomationPlan.cs(246,17): warning CS1591: Missing XML comment for publicly visible type or member 'AutomationPlan.SetRdfTypes(Uri[])' [/app/OSLC4Net_SDK/OSLC4Net.Client/OSLC4Net.Client.csproj]
/app/OSLC4Net_SDK/OSLC4Net.Client/Oslc/Resources/AutomationPlan.cs(251,17): warning CS1591: Missing XML comment for publicly visible type or member 'AutomationPlan.SetServiceProvider(Uri)' [/app/OSLC4Net_SDK/OSLC4Net.Client/OSLC4Net.Client.csproj]
/app/OSLC4Net_SDK/OSLC4Net.Client/Oslc/Resources/AutomationPlan.cs(256,17): warning CS1591: Missing XML comment for publicly visible type or member 'AutomationPlan.SetSubjects(string[])' [/app/OSLC4Net_SDK/OSLC4Net.Client/OSLC4Net.Client.csproj]
/app/OSLC4Net_SDK/OSLC4Net.Client/Oslc/Resources/AutomationPlan.cs(266,17): warning CS1591: Missing XML comment for publicly visible type or member 'AutomationPlan.SetTitle(string)' [/app/OSLC4Net_SDK/OSLC4Net.Client/OSLC4Net.Client.csproj]
/app/OSLC4Net_SDK/OSLC4Net.Client/Oslc/Resources/AutomationPlan.cs(271,17): warning CS1591: Missing XML comment for publicly visible type or member 'AutomationPlan.SetParameterDefinitions(Property[])' [/app/OSLC4Net_SDK/OSLC4Net.Client/OSLC4Net.Client.csproj]
/app/OSLC4Net_SDK/OSLC4Net.Client/Oslc/Resources/AutomationRequest.cs(50,12): warning CS1591: Missing XML comment for publicly visible type or member 'AutomationRequest.AutomationRequest()' [/app/OSLC4Net_SDK/OSLC4Net.Client/OSLC4Net.Client.csproj]
/app/OSLC4Net_SDK/OSLC4Net.Client/Oslc/Resources/AutomationRequest.cs(55,12): warning CS1591: Missing XML comment for publicly visible type or member 'AutomationRequest.AutomationRequest(Uri)' [/app/OSLC4Net_SDK/OSLC4Net.Client/OSLC4Net.Client.csproj]
/app/OSLC4Net_SDK/OSLC4Net.Client/Oslc/Resources/AutomationRequest.cs(60,19): warning CS1591: Missing XML comment for publicly visible type or member 'AutomationRequest.GetRdfType()' [/app/OSLC4Net_SDK/OSLC4Net.Client/OSLC4Net.Client.csproj]
/app/OSLC4Net_SDK/OSLC4Net.Client/Oslc/Resources/AutomationRequest.cs(65,17): warning CS1591: Missing XML comment for publicly visible type or member 'AutomationRequest.AddContributor(Uri)' [/app/OSLC4Net_SDK/OSLC4Net.Client/OSLC4Net.Client.csproj]
/app/OSLC4Net_SDK/OSLC4Net.Client/Oslc/Resources/AutomationRequest.cs(70,17): warning CS1591: Missing XML comment for publicly visible type or member 'AutomationRequest.AddCreator(Uri)' [/app/OSLC4Net_SDK/OSLC4Net.Client/OSLC4Net.Client.csproj]
/app/OSLC4Net_SDK/OSLC4Net.Client/Oslc/Resources/AutomationRequest.cs(75,17): warning CS1591: Missing XML comment for publicly visible type or member 'AutomationRequest.AddRdfType(Uri)' [/app/OSLC4Net_SDK/OSLC4Net.Client/OSLC4Net.Client.csproj]
/app/OSLC4Net_SDK/OSLC4Net.Client/Oslc/Resources/AutomationRequest.cs(80,17): warning CS1591: Missing XML comment for publicly visible type or member 'AutomationRequest.AddSubject(string)' [/app/OSLC4Net_SDK/OSLC4Net.Client/OSLC4Net.Client.csproj]
/app/OSLC4Net_SDK/OSLC4Net.Client/Oslc/Resources/AutomationRequest.cs(85,17): warning CS1591: Missing XML comment for publicly visible type or member 'AutomationRequest.AddState(Uri)' [/app/OSLC4Net_SDK/OSLC4Net.Client/OSLC4Net.Client.csproj]
/app/OSLC4Net_SDK/OSLC4Net.Client/Oslc/Resources/AutomationRequest.cs(90,17): warning CS1591: Missing XML comment for publicly visible type or member 'AutomationRequest.AddInputParameter(ParameterInstance)' [/app/OSLC4Net_SDK/OSLC4Net.Client/OSLC4Net.Client.csproj]
/app/OSLC4Net_SDK/OSLC4Net.Client/Oslc/Resources/AutomationRequest.cs(100,18): warning CS1591: Missing XML comment for publicly visible type or member 'AutomationRequest.GetContributors()' [/app/OSLC4Net_SDK/OSLC4Net.Client/OSLC4Net.Client.csproj]
/app/OSLC4Net_SDK/OSLC4Net.Client/Oslc/Resources/AutomationRequest.cs(109,22): warning CS1591: Missing XML comment for publicly visible type or member 'AutomationRequest.GetCreated()' [/app/OSLC4Net_SDK/OSLC4Net.Client/OSLC4Net.Client.csproj]
/app/OSLC4Net_SDK/OSLC4Net.Client/Oslc/Resources/AutomationRequest.cs(119,18): warning CS1591: Missing XML comment for publicly visible type or member 'AutomationRequest.GetCreators()' [/app/OSLC4Net_SDK/OSLC4Net.Client/OSLC4Net.Client.csproj]
/app/OSLC4Net_SDK/OSLC4Net.Client/Oslc/Resources/AutomationRequest.cs(129,19): warning CS1591: Missing XML comment for publicly visible type or member 'AutomationRequest.GetDescription()' [/app/OSLC4Net_SDK/OSLC4Net.Client/OSLC4Net.Client.csproj]
/app/OSLC4Net_SDK/OSLC4Net.Client/Oslc/Resources/AutomationRequest.cs(140,19): warning CS1591: Missing XML comment for publicly visible type or member 'AutomationRequest.GetIdentifier()' [/app/OSLC4Net_SDK/OSLC4Net.Client/OSLC4Net.Client.csproj]
/app/OSLC4Net_SDK/OSLC4Net.Client/Oslc/Resources/AutomationRequest.cs(149,16): warning CS1591: Missing XML comment for publicly visible type or member 'AutomationRequest.GetInstanceShape()' [/app/OSLC4Net_SDK/OSLC4Net.Client/OSLC4Net.Client.csproj]
/app/OSLC4Net_SDK/OSLC4Net.Client/Oslc/Resources/AutomationRequest.cs(158,22): warning CS1591: Missing XML comment for publicly visible type or member 'AutomationRequest.GetModified()' [/app/OSLC4Net_SDK/OSLC4Net.Client/OSLC4Net.Client.csproj]
/app/OSLC4Net_SDK/OSLC4Net.Client/Oslc/Resources/AutomationRequest.cs(164,18): warning CS1591: Missing XML comment for publicly visible type or member 'AutomationRequest.GetRdfTypes()' [/app/OSLC4Net_SDK/OSLC4Net.Client/OSLC4Net.Client.csproj]
/app/OSLC4Net_SDK/OSLC4Net.Client/Oslc/Resources/AutomationRequest.cs(172,16): warning CS1591: Missing XML comment for publicly visible type or member 'AutomationRequest.GetServiceProvider()' [/app/OSLC4Net_SDK/OSLC4Net.Client/OSLC4Net.Client.csproj]
/app/OSLC4Net_SDK/OSLC4Net.Client/Oslc/Resources/AutomationRequest.cs(192,16): warning CS1591: Missing XML comment for publicly visible type or member 'AutomationRequest.GetDesiredState()' [/app/OSLC4Net_SDK/OSLC4Net.Client/OSLC4Net.Client.csproj]
/app/OSLC4Net_SDK/OSLC4Net.Client/Oslc/Resources/AutomationRequest.cs(202,17): warning CS1591: Missing XML comment for publicly visible type or member 'AutomationRequest.GetExecutesAutomationPlan()' [/app/OSLC4Net_SDK/OSLC4Net.Client/OSLC4Net.Client.csproj]
/app/OSLC4Net_SDK/OSLC4Net.Client/Oslc/Resources/AutomationRequest.cs(213,21): warning CS1591: Missing XML comment for publicly visible type or member 'AutomationRequest.GetSubjects()' [/app/OSLC4Net_SDK/OSLC4Net.Client/OSLC4Net.Client.csproj]
/app/OSLC4Net_SDK/OSLC4Net.Client/Oslc/Resources/AutomationRequest.cs(224,19): warning CS1591: Missing XML comment for publicly visible type or member 'AutomationRequest.GetTitle()' [/app/OSLC4Net_SDK/OSLC4Net.Client/OSLC4Net.Client.csproj]
/app/OSLC4Net_SDK/OSLC4Net.Client/Oslc/Resources/AutomationRequest.cs(245,18): warning CS1591: Missing XML comment for publicly visible type or member 'AutomationRequest.GetStates()' [/app/OSLC4Net_SDK/OSLC4Net.Client/OSLC4Net.Client.csproj]
/app/OSLC4Net_SDK/OSLC4Net.Client/Oslc/Resources/AutomationRequest.cs(256,32): warning CS1591: Missing XML comment for publicly visible type or member 'AutomationRequest.GetInputParameters()' [/app/OSLC4Net_SDK/OSLC4Net.Client/OSLC4Net.Client.csproj]
/app/OSLC4Net_SDK/OSLC4Net.Client/Oslc/Resources/AutomationRequest.cs(261,17): warning CS1591: Missing XML comment for publicly visible type or member 'AutomationRequest.SetContributors(Uri[])' [/app/OSLC4Net_SDK/OSLC4Net.Client/OSLC4Net.Client.csproj]
/app/OSLC4Net_SDK/OSLC4Net.Client/Oslc/Resources/AutomationRequest.cs(271,17): warning CS1591: Missing XML comment for publicly visible type or member 'AutomationRequest.SetCreated(DateTime?)' [/app/OSLC4Net_SDK/OSLC4Net.Client/OSLC4Net.Client.csproj]
/app/OSLC4Net_SDK/OSLC4Net.Client/Oslc/Resources/AutomationRequest.cs(276,17): warning CS1591: Missing XML comment for publicly visible type or member 'AutomationRequest.SetCreators(Uri[])' [/app/OSLC4Net_SDK/OSLC4Net.Client/OSLC4Net.Client.csproj]
/app/OSLC4Net_SDK/OSLC4Net.Client/Oslc/Resources/AutomationRequest.cs(286,17): warning CS1591: Missing XML comment for publicly visible type or member 'AutomationRequest.SetDescription(string)' [/app/OSLC4Net_SDK/OSLC4Net.Client/OSLC4Net.Client.csproj]
/app/OSLC4Net_SDK/OSLC4Net.Client/Oslc/Resources/AutomationRequest.cs(291,17): warning CS1591: Missing XML comment for publicly visible type or member 'AutomationRequest.SetIdentifier(string)' [/app/OSLC4Net_SDK/OSLC4Net.Client/OSLC4Net.Client.csproj]
/app/OSLC4Net_SDK/OSLC4Net.Client/Oslc/Resources/AutomationRequest.cs(296,17): warning CS1591: Missing XML comment for publicly visible type or member 'AutomationRequest.SetInstanceShape(Uri)' [/app/OSLC4Net_SDK/OSLC4Net.Client/OSLC4Net.Client.csproj]
/app/OSLC4Net_SDK/OSLC4Net.Client/Oslc/Resources/AutomationRequest.cs(301,17): warning CS1591: Missing XML comment for publicly visible type or member 'AutomationRequest.SetModified(DateTime?)' [/app/OSLC4Net_SDK/OSLC4Net.Client/OSLC4Net.Client.csproj]
/app/OSLC4Net_SDK/OSLC4Net.Client/Oslc/Resources/AutomationRequest.cs(307,17): warning CS1591: Missing XML comment for publicly visible type or member 'AutomationRequest.SetRdfTypes(Uri[])' [/app/OSLC4Net_SDK/OSLC4Net.Client/OSLC4Net.Client.csproj]
/app/OSLC4Net_SDK/OSLC4Net.Client/Oslc/Resources/AutomationRequest.cs(312,17): warning CS1591: Missing XML comment for publicly visible type or member 'AutomationRequest.SetServiceProvider(Uri)' [/app/OSLC4Net_SDK/OSLC4Net.Client/OSLC4Net.Client.csproj]
/app/OSLC4Net_SDK/OSLC4Net.Client/Oslc/Resources/AutomationRequest.cs(317,17): warning CS1591: Missing XML comment for publicly visible type or member 'AutomationRequest.SetDesiredState(Uri)' [/app/OSLC4Net_SDK/OSLC4Net.Client/OSLC4Net.Client.csproj]
/app/OSLC4Net_SDK/OSLC4Net.Client/Oslc/Resources/AutomationRequest.cs(322,17): warning CS1591: Missing XML comment for publicly visible type or member 'AutomationRequest.SetExecutesAutomationPlan(Link)' [/app/OSLC4Net_SDK/OSLC4Net.Client/OSLC4Net.Client.csproj]
/app/OSLC4Net_SDK/OSLC4Net.Client/Oslc/Resources/AutomationRequest.cs(327,17): warning CS1591: Missing XML comment for publicly visible type or member 'AutomationRequest.SetSubjects(string[])' [/app/OSLC4Net_SDK/OSLC4Net.Client/OSLC4Net.Client.csproj]
/app/OSLC4Net_SDK/OSLC4Net.Client/Oslc/Resources/AutomationRequest.cs(337,17): warning CS1591: Missing XML comment for publicly visible type or member 'AutomationRequest.SetTitle(string)' [/app/OSLC4Net_SDK/OSLC4Net.Client/OSLC4Net.Client.csproj]
/app/OSLC4Net_SDK/OSLC4Net.Client/Oslc/Resources/AutomationRequest.cs(342,17): warning CS1591: Missing XML comment for publicly visible type or member 'AutomationRequest.SetStates(Uri[])' [/app/OSLC4Net_SDK/OSLC4Net.Client/OSLC4Net.Client.csproj]
/app/OSLC4Net_SDK/OSLC4Net.Client/Oslc/Resources/AutomationRequest.cs(352,17): warning CS1591: Missing XML comment for publicly visible type or member 'AutomationRequest.SetInputParameters(ParameterInstance[])' [/app/OSLC4Net_SDK/OSLC4Net.Client/OSLC4Net.Client.csproj]
/app/OSLC4Net_SDK/OSLC4Net.Client/Oslc/Resources/AutomationResult.cs(55,12): warning CS1591: Missing XML comment for publicly visible type or member 'AutomationResult.AutomationResult()' [/app/OSLC4Net_SDK/OSLC4Net.Client/OSLC4Net.Client.csproj]
/app/OSLC4Net_SDK/OSLC4Net.Client/Oslc/Resources/AutomationResult.cs(60,12): warning CS1591: Missing XML comment for publicly visible type or member 'AutomationResult.AutomationResult(Uri)' [/app/OSLC4Net_SDK/OSLC4Net.Client/OSLC4Net.Client.csproj]
/app/OSLC4Net_SDK/OSLC4Net.Client/Oslc/Resources/AutomationResult.cs(65,19): warning CS1591: Missing XML comment for publicly visible type or member 'AutomationResult.GetRdfType()' [/app/OSLC4Net_SDK/OSLC4Net.Client/OSLC4Net.Client.csproj]
/app/OSLC4Net_SDK/OSLC4Net.Client/Oslc/Resources/AutomationResult.cs(70,17): warning CS1591: Missing XML comment for publicly visible type or member 'AutomationResult.AddContributor(Uri)' [/app/OSLC4Net_SDK/OSLC4Net.Client/OSLC4Net.Client.csproj]
/app/OSLC4Net_SDK/OSLC4Net.Client/Oslc/Resources/AutomationResult.cs(75,17): warning CS1591: Missing XML comment for publicly visible type or member 'AutomationResult.AddCreator(Uri)' [/app/OSLC4Net_SDK/OSLC4Net.Client/OSLC4Net.Client.csproj]
/app/OSLC4Net_SDK/OSLC4Net.Client/Oslc/Resources/AutomationResult.cs(80,17): warning CS1591: Missing XML comment for publicly visible type or member 'AutomationResult.AddRdfType(Uri)' [/app/OSLC4Net_SDK/OSLC4Net.Client/OSLC4Net.Client.csproj]
/app/OSLC4Net_SDK/OSLC4Net.Client/Oslc/Resources/AutomationResult.cs(85,17): warning CS1591: Missing XML comment for publicly visible type or member 'AutomationResult.AddSubject(string)' [/app/OSLC4Net_SDK/OSLC4Net.Client/OSLC4Net.Client.csproj]
/app/OSLC4Net_SDK/OSLC4Net.Client/Oslc/Resources/AutomationResult.cs(90,17): warning CS1591: Missing XML comment for publicly visible type or member 'AutomationResult.AddState(Uri)' [/app/OSLC4Net_SDK/OSLC4Net.Client/OSLC4Net.Client.csproj]
/app/OSLC4Net_SDK/OSLC4Net.Client/Oslc/Resources/AutomationResult.cs(95,17): warning CS1591: Missing XML comment for publicly visible type or member 'AutomationResult.AddVerdict(Uri)' [/app/OSLC4Net_SDK/OSLC4Net.Client/OSLC4Net.Client.csproj]
/app/OSLC4Net_SDK/OSLC4Net.Client/Oslc/Resources/AutomationResult.cs(100,17): warning CS1591: Missing XML comment for publicly visible type or member 'AutomationResult.AddContribution(Uri)' [/app/OSLC4Net_SDK/OSLC4Net.Client/OSLC4Net.Client.csproj]
/app/OSLC4Net_SDK/OSLC4Net.Client/Oslc/Resources/AutomationResult.cs(105,17): warning CS1591: Missing XML comment for publicly visible type or member 'AutomationResult.AddInputParameter(ParameterInstance)' [/app/OSLC4Net_SDK/OSLC4Net.Client/OSLC4Net.Client.csproj]
/app/OSLC4Net_SDK/OSLC4Net.Client/Oslc/Resources/AutomationResult.cs(110,17): warning CS1591: Missing XML comment for publicly visible type or member 'AutomationResult.AddOutputParameter(ParameterInstance)' [/app/OSLC4Net_SDK/OSLC4Net.Client/OSLC4Net.Client.csproj]
/app/OSLC4Net_SDK/OSLC4Net.Client/Oslc/Resources/AutomationResult.cs(120,18): warning CS1591: Missing XML comment for publicly visible type or member 'AutomationResult.GetContributors()' [/app/OSLC4Net_SDK/OSLC4Net.Client/OSLC4Net.Client.csproj]
/app/OSLC4Net_SDK/OSLC4Net.Client/Oslc/Resources/AutomationResult.cs(129,22): warning CS1591: Missing XML comment for publicly visible type or member 'AutomationResult.GetCreated()' [/app/OSLC4Net_SDK/OSLC4Net.Client/OSLC4Net.Client.csproj]
/app/OSLC4Net_SDK/OSLC4Net.Client/Oslc/Resources/AutomationResult.cs(139,18): warning CS1591: Missing XML comment for publicly visible type or member 'AutomationResult.GetCreators()' [/app/OSLC4Net_SDK/OSLC4Net.Client/OSLC4Net.Client.csproj]
/app/OSLC4Net_SDK/OSLC4Net.Client/Oslc/Resources/AutomationResult.cs(150,19): warning CS1591: Missing XML comment for publicly visible type or member 'AutomationResult.GetIdentifier()' [/app/OSLC4Net_SDK/OSLC4Net.Client/OSLC4Net.Client.csproj]
/app/OSLC4Net_SDK/OSLC4Net.Client/Oslc/Resources/AutomationResult.cs(159,16): warning CS1591: Missing XML comment for publicly visible type or member 'AutomationResult.GetInstanceShape()' [/app/OSLC4Net_SDK/OSLC4Net.Client/OSLC4Net.Client.csproj]
/app/OSLC4Net_SDK/OSLC4Net.Client/Oslc/Resources/AutomationResult.cs(168,22): warning CS1591: Missing XML comment for publicly visible type or member 'AutomationResult.GetModified()' [/app/OSLC4Net_SDK/OSLC4Net.Client/OSLC4Net.Client.csproj]
/app/OSLC4Net_SDK/OSLC4Net.Client/Oslc/Resources/AutomationResult.cs(174,18): warning CS1591: Missing XML comment for publicly visible type or member 'AutomationResult.GetRdfTypes()' [/app/OSLC4Net_SDK/OSLC4Net.Client/OSLC4Net.Client.csproj]
/app/OSLC4Net_SDK/OSLC4Net.Client/Oslc/Resources/AutomationResult.cs(183,16): warning CS1591: Missing XML comment for publicly visible type or member 'AutomationResult.GetServiceProvider()' [/app/OSLC4Net_SDK/OSLC4Net.Client/OSLC4Net.Client.csproj]
/app/OSLC4Net_SDK/OSLC4Net.Client/Oslc/Resources/AutomationResult.cs(194,21): warning CS1591: Missing XML comment for publicly visible type or member 'AutomationResult.GetSubjects()' [/app/OSLC4Net_SDK/OSLC4Net.Client/OSLC4Net.Client.csproj]
/app/OSLC4Net_SDK/OSLC4Net.Client/Oslc/Resources/AutomationResult.cs(205,19): warning CS1591: Missing XML comment for publicly visible type or member 'AutomationResult.GetTitle()' [/app/OSLC4Net_SDK/OSLC4Net.Client/OSLC4Net.Client.csproj]
/app/OSLC4Net_SDK/OSLC4Net.Client/Oslc/Resources/AutomationResult.cs(226,18): warning CS1591: Missing XML comment for publicly visible type or member 'AutomationResult.GetStates()' [/app/OSLC4Net_SDK/OSLC4Net.Client/OSLC4Net.Client.csproj]
/app/OSLC4Net_SDK/OSLC4Net.Client/Oslc/Resources/AutomationResult.cs(236,18): warning CS1591: Missing XML comment for publicly visible type or member 'AutomationResult.GetContributions()' [/app/OSLC4Net_SDK/OSLC4Net.Client/OSLC4Net.Client.csproj]
/app/OSLC4Net_SDK/OSLC4Net.Client/Oslc/Resources/AutomationResult.cs(255,18): warning CS1591: Missing XML comment for publicly visible type or member 'AutomationResult.GetVerdicts()' [/app/OSLC4Net_SDK/OSLC4Net.Client/OSLC4Net.Client.csproj]
/app/OSLC4Net_SDK/OSLC4Net.Client/Oslc/Resources/AutomationResult.cs(275,16): warning CS1591: Missing XML comment for publicly visible type or member 'AutomationResult.GetDesiredState()' [/app/OSLC4Net_SDK/OSLC4Net.Client/OSLC4Net.Client.csproj]
/app/OSLC4Net_SDK/OSLC4Net.Client/Oslc/Resources/AutomationResult.cs(285,17): warning CS1591: Missing XML comment for publicly visible type or member 'AutomationResult.GetProducedByAutomationRequest()' [/app/OSLC4Net_SDK/OSLC4Net.Client/OSLC4Net.Client.csproj]
/app/OSLC4Net_SDK/OSLC4Net.Client/Oslc/Resources/AutomationResult.cs(295,17): warning CS1591: Missing XML comment for publicly visible type or member 'AutomationResult.GetReportsOnAutomationPlan()' [/app/OSLC4Net_SDK/OSLC4Net.Client/OSLC4Net.Client.csproj]
/app/OSLC4Net_SDK/OSLC4Net.Client/Oslc/Resources/AutomationResult.cs(307,32): warning CS1591: Missing XML comment for publicly visible type or member 'AutomationResult.GetInputParameters()' [/app/OSLC4Net_SDK/OSLC4Net.Client/OSLC4Net.Client.csproj]
/app/OSLC4Net_SDK/OSLC4Net.Client/Oslc/Resources/AutomationResult.cs(318,32): warning CS1591: Missing XML comment for publicly visible type or member 'AutomationResult.GetOutputParameters()' [/app/OSLC4Net_SDK/OSLC4Net.Client/OSLC4Net.Client.csproj]
/app/OSLC4Net_SDK/OSLC4Net.Client/Oslc/Resources/AutomationResult.cs(323,17): warning CS1591: Missing XML comment for publicly visible type or member 'AutomationResult.setContributors(Uri[])' [/app/OSLC4Net_SDK/OSLC4Net.Client/OSLC4Net.Client.csproj]
/app/OSLC4Net_SDK/OSLC4Net.Client/Oslc/Resources/AutomationResult.cs(333,17): warning CS1591: Missing XML comment for publicly visible type or member 'AutomationResult.setCreated(DateTime?)' [/app/OSLC4Net_SDK/OSLC4Net.Client/OSLC4Net.Client.csproj]
/app/OSLC4Net_SDK/OSLC4Net.Client/Oslc/Resources/AutomationResult.cs(338,17): warning CS1591: Missing XML comment for publicly visible type or member 'AutomationResult.setCreators(Uri[])' [/app/OSLC4Net_SDK/OSLC4Net.Client/OSLC4Net.Client.csproj]
/app/OSLC4Net_SDK/OSLC4Net.Client/Oslc/Resources/AutomationResult.cs(348,17): warning CS1591: Missing XML comment for publicly visible type or member 'AutomationResult.setIdentifier(string)' [/app/OSLC4Net_SDK/OSLC4Net.Client/OSLC4Net.Client.csproj]
/app/OSLC4Net_SDK/OSLC4Net.Client/Oslc/Resources/AutomationResult.cs(353,17): warning CS1591: Missing XML comment for publicly visible type or member 'AutomationResult.setInstanceShape(Uri)' [/app/OSLC4Net_SDK/OSLC4Net.Client/OSLC4Net.Client.csproj]
/app/OSLC4Net_SDK/OSLC4Net.Client/Oslc/Resources/AutomationResult.cs(358,17): warning CS1591: Missing XML comment for publicly visible type or member 'AutomationResult.setModified(DateTime?)' [/app/OSLC4Net_SDK/OSLC4Net.Client/OSLC4Net.Client.csproj]
/app/OSLC4Net_SDK/OSLC4Net.Client/Oslc/Resources/AutomationResult.cs(364,17): warning CS1591: Missing XML comment for publicly visible type or member 'AutomationResult.SetRdfTypes(Uri[])' [/app/OSLC4Net_SDK/OSLC4Net.Client/OSLC4Net.Client.csproj]
/app/OSLC4Net_SDK/OSLC4Net.Client/Oslc/Resources/AutomationResult.cs(369,17): warning CS1591: Missing XML comment for publicly visible type or member 'AutomationResult.setServiceProvider(Uri)' [/app/OSLC4Net_SDK/OSLC4Net.Client/OSLC4Net.Client.csproj]
/app/OSLC4Net_SDK/OSLC4Net.Client/Oslc/Resources/AutomationResult.cs(374,17): warning CS1591: Missing XML comment for publicly visible type or member 'AutomationResult.setSubjects(string[])' [/app/OSLC4Net_SDK/OSLC4Net.Client/OSLC4Net.Client.csproj]
/app/OSLC4Net_SDK/OSLC4Net.Client/Oslc/Resources/AutomationResult.cs(384,17): warning CS1591: Missing XML comment for publicly visible type or member 'AutomationResult.setTitle(string)' [/app/OSLC4Net_SDK/OSLC4Net.Client/OSLC4Net.Client.csproj]
/app/OSLC4Net_SDK/OSLC4Net.Client/Oslc/Resources/AutomationResult.cs(389,17): warning CS1591: Missing XML comment for publicly visible type or member 'AutomationResult.setStates(Uri[])' [/app/OSLC4Net_SDK/OSLC4Net.Client/OSLC4Net.Client.csproj]
/app/OSLC4Net_SDK/OSLC4Net.Client/Oslc/Resources/AutomationResult.cs(399,17): warning CS1591: Missing XML comment for publicly visible type or member 'AutomationResult.setVerdicts(Uri[])' [/app/OSLC4Net_SDK/OSLC4Net.Client/OSLC4Net.Client.csproj]
/app/OSLC4Net_SDK/OSLC4Net.Client/Oslc/Resources/AutomationResult.cs(409,17): warning CS1591: Missing XML comment for publicly visible type or member 'AutomationResult.setContributions(Uri[])' [/app/OSLC4Net_SDK/OSLC4Net.Client/OSLC4Net.Client.csproj]
/app/OSLC4Net_SDK/OSLC4Net.Client/Oslc/Resources/AutomationResult.cs(419,17): warning CS1591: Missing XML comment for publicly visible type or member 'AutomationResult.setDesiredState(Uri)' [/app/OSLC4Net_SDK/OSLC4Net.Client/OSLC4Net.Client.csproj]
/app/OSLC4Net_SDK/OSLC4Net.Client/Oslc/Resources/AutomationResult.cs(424,17): warning CS1591: Missing XML comment for publicly visible type or member 'AutomationResult.setProducedByAutomationRequest(Link)' [/app/OSLC4Net_SDK/OSLC4Net.Client/OSLC4Net.Client.csproj]
/app/OSLC4Net_SDK/OSLC4Net.Client/Oslc/Resources/AutomationResult.cs(429,17): warning CS1591: Missing XML comment for publicly visible type or member 'AutomationResult.setReportsOnAutomationPlan(Link)' [/app/OSLC4Net_SDK/OSLC4Net.Client/OSLC4Net.Client.csproj]
/app/OSLC4Net_SDK/OSLC4Net.Client/Oslc/Resources/AutomationResult.cs(434,17): warning CS1591: Missing XML comment for publicly visible type or member 'AutomationResult.setInputParameters(ParameterInstance[])' [/app/OSLC4Net_SDK/OSLC4Net.Client/OSLC4Net.Client.csproj]
/app/OSLC4Net_SDK/OSLC4Net.Client/Oslc/Resources/AutomationResult.cs(444,17): warning CS1591: Missing XML comment for publicly visible type or member 'AutomationResult.setOutputParameters(ParameterInstance[])' [/app/OSLC4Net_SDK/OSLC4Net.Client/OSLC4Net.Client.csproj]
/app/OSLC4Net_SDK/OSLC4Net.Client/Oslc/Resources/ChangeRequest.cs(25,14): warning CS1591: Missing XML comment for publicly visible type or member 'ChangeRequest' [/app/OSLC4Net_SDK/OSLC4Net.Client/OSLC4Net.Client.csproj]
/app/OSLC4Net_SDK/OSLC4Net.Client/Oslc/Resources/ChangeRequest.cs(68,12): warning CS1591: Missing XML comment for publicly visible type or member 'ChangeRequest.ChangeRequest()' [/app/OSLC4Net_SDK/OSLC4Net.Client/OSLC4Net.Client.csproj]
/app/OSLC4Net_SDK/OSLC4Net.Client/Oslc/Resources/ChangeRequest.cs(73,12): warning CS1591: Missing XML comment for publicly visible type or member 'ChangeRequest.ChangeRequest(Uri)' [/app/OSLC4Net_SDK/OSLC4Net.Client/OSLC4Net.Client.csproj]
/app/OSLC4Net_SDK/OSLC4Net.Client/Oslc/Resources/ChangeRequest.cs(78,17): warning CS1591: Missing XML comment for publicly visible type or member 'ChangeRequest.AddAffectedByDefect(Link)' [/app/OSLC4Net_SDK/OSLC4Net.Client/OSLC4Net.Client.csproj]
/app/OSLC4Net_SDK/OSLC4Net.Client/Oslc/Resources/ChangeRequest.cs(83,17): warning CS1591: Missing XML comment for publicly visible type or member 'ChangeRequest.AddAffectsPlanItem(Link)' [/app/OSLC4Net_SDK/OSLC4Net.Client/OSLC4Net.Client.csproj]
/app/OSLC4Net_SDK/OSLC4Net.Client/Oslc/Resources/ChangeRequest.cs(88,17): warning CS1591: Missing XML comment for publicly visible type or member 'ChangeRequest.AddAffectsRequirement(Link)' [/app/OSLC4Net_SDK/OSLC4Net.Client/OSLC4Net.Client.csproj]
/app/OSLC4Net_SDK/OSLC4Net.Client/Oslc/Resources/ChangeRequest.cs(93,17): warning CS1591: Missing XML comment for publicly visible type or member 'ChangeRequest.AddAffectsTestResult(Link)' [/app/OSLC4Net_SDK/OSLC4Net.Client/OSLC4Net.Client.csproj]
/app/OSLC4Net_SDK/OSLC4Net.Client/Oslc/Resources/ChangeRequest.cs(98,17): warning CS1591: Missing XML comment for publicly visible type or member 'ChangeRequest.AddBlocksTestExecutionRecord(Link)' [/app/OSLC4Net_SDK/OSLC4Net.Client/OSLC4Net.Client.csproj]
/app/OSLC4Net_SDK/OSLC4Net.Client/Oslc/Resources/ChangeRequest.cs(103,17): warning CS1591: Missing XML comment for publicly visible type or member 'ChangeRequest.AddContributor(Uri)' [/app/OSLC4Net_SDK/OSLC4Net.Client/OSLC4Net.Client.csproj]
/app/OSLC4Net_SDK/OSLC4Net.Client/Oslc/Resources/ChangeRequest.cs(108,17): warning CS1591: Missing XML comment for publicly visible type or member 'ChangeRequest.AddCreator(Uri)' [/app/OSLC4Net_SDK/OSLC4Net.Client/OSLC4Net.Client.csproj]
/app/OSLC4Net_SDK/OSLC4Net.Client/Oslc/Resources/ChangeRequest.cs(113,17): warning CS1591: Missing XML comment for publicly visible type or member 'ChangeRequest.AddDctermsType(string)' [/app/OSLC4Net_SDK/OSLC4Net.Client/OSLC4Net.Client.csproj]
/app/OSLC4Net_SDK/OSLC4Net.Client/Oslc/Resources/ChangeRequest.cs(118,17): warning CS1591: Missing XML comment for publicly visible type or member 'ChangeRequest.AddImplementsRequirement(Link)' [/app/OSLC4Net_SDK/OSLC4Net.Client/OSLC4Net.Client.csproj]
/app/OSLC4Net_SDK/OSLC4Net.Client/Oslc/Resources/ChangeRequest.cs(124,17): warning CS1591: Missing XML comment for publicly visible type or member 'ChangeRequest.AddRdfType(Uri)' [/app/OSLC4Net_SDK/OSLC4Net.Client/OSLC4Net.Client.csproj]
/app/OSLC4Net_SDK/OSLC4Net.Client/Oslc/Resources/ChangeRequest.cs(129,17): warning CS1591: Missing XML comment for publicly visible type or member 'ChangeRequest.AddRelatedChangeRequest(Link)' [/app/OSLC4Net_SDK/OSLC4Net.Client/OSLC4Net.Client.csproj]
/app/OSLC4Net_SDK/OSLC4Net.Client/Oslc/Resources/ChangeRequest.cs(134,17): warning CS1591: Missing XML comment for publicly visible type or member 'ChangeRequest.AddRelatedResource(Link)' [/app/OSLC4Net_SDK/OSLC4Net.Client/OSLC4Net.Client.csproj]
/app/OSLC4Net_SDK/OSLC4Net.Client/Oslc/Resources/ChangeRequest.cs(139,17): warning CS1591: Missing XML comment for publicly visible type or member 'ChangeRequest.AddRelatedTestCase(Link)' [/app/OSLC4Net_SDK/OSLC4Net.Client/OSLC4Net.Client.csproj]
/app/OSLC4Net_SDK/OSLC4Net.Client/Oslc/Resources/ChangeRequest.cs(144,17): warning CS1591: Missing XML comment for publicly visible type or member 'ChangeRequest.AddRelatedTestExecutionRecord(Link)' [/app/OSLC4Net_SDK/OSLC4Net.Client/OSLC4Net.Client.csproj]
/app/OSLC4Net_SDK/OSLC4Net.Client/Oslc/Resources/ChangeRequest.cs(149,17): warning CS1591: Missing XML comment for publicly visible type or member 'ChangeRequest.AddRelatedTestPlan(Link)' [/app/OSLC4Net_SDK/OSLC4Net.Client/OSLC4Net.Client.csproj]
/app/OSLC4Net_SDK/OSLC4Net.Client/Oslc/Resources/ChangeRequest.cs(154,17): warning CS1591: Missing XML comment for publicly visible type or member 'ChangeRequest.AddRelatedTestScript(Link)' [/app/OSLC4Net_SDK/OSLC4Net.Client/OSLC4Net.Client.csproj]
/app/OSLC4Net_SDK/OSLC4Net.Client/Oslc/Resources/ChangeRequest.cs(159,17): warning CS1591: Missing XML comment for publicly visible type or member 'ChangeRequest.AddSubject(string)' [/app/OSLC4Net_SDK/OSLC4Net.Client/OSLC4Net.Client.csproj]
/app/OSLC4Net_SDK/OSLC4Net.Client/Oslc/Resources/ChangeRequest.cs(164,17): warning CS1591: Missing XML comment for publicly visible type or member 'ChangeRequest.AddTestedByTestCase(Link)' [/app/OSLC4Net_SDK/OSLC4Net.Client/OSLC4Net.Client.csproj]
/app/OSLC4Net_SDK/OSLC4Net.Client/Oslc/Resources/ChangeRequest.cs(169,17): warning CS1591: Missing XML comment for publicly visible type or member 'ChangeRequest.AddTracksChangeSet(Link)' [/app/OSLC4Net_SDK/OSLC4Net.Client/OSLC4Net.Client.csproj]
/app/OSLC4Net_SDK/OSLC4Net.Client/Oslc/Resources/ChangeRequest.cs(174,17): warning CS1591: Missing XML comment for publicly visible type or member 'ChangeRequest.AddTracksRequirement(Link)' [/app/OSLC4Net_SDK/OSLC4Net.Client/OSLC4Net.Client.csproj]
/app/OSLC4Net_SDK/OSLC4Net.Client/Oslc/Resources/ChangeRequest.cs(185,19): warning CS1591: Missing XML comment for publicly visible type or member 'ChangeRequest.GetAffectedByDefects()' [/app/OSLC4Net_SDK/OSLC4Net.Client/OSLC4Net.Client.csproj]
/app/OSLC4Net_SDK/OSLC4Net.Client/Oslc/Resources/ChangeRequest.cs(196,19): warning CS1591: Missing XML comment for publicly visible type or member 'ChangeRequest.GetAffectsPlanItems()' [/app/OSLC4Net_SDK/OSLC4Net.Client/OSLC4Net.Client.csproj]
/app/OSLC4Net_SDK/OSLC4Net.Client/Oslc/Resources/ChangeRequest.cs(207,19): warning CS1591: Missing XML comment for publicly visible type or member 'ChangeRequest.GetAffectsRequirements()' [/app/OSLC4Net_SDK/OSLC4Net.Client/OSLC4Net.Client.csproj]
/app/OSLC4Net_SDK/OSLC4Net.Client/Oslc/Resources/ChangeRequest.cs(218,19): warning CS1591: Missing XML comment for publicly visible type or member 'ChangeRequest.GetAffectsTestResults()' [/app/OSLC4Net_SDK/OSLC4Net.Client/OSLC4Net.Client.csproj]
/app/OSLC4Net_SDK/OSLC4Net.Client/Oslc/Resources/ChangeRequest.cs(229,19): warning CS1591: Missing XML comment for publicly visible type or member 'ChangeRequest.GetBlocksTestExecutionRecords()' [/app/OSLC4Net_SDK/OSLC4Net.Client/OSLC4Net.Client.csproj]
/app/OSLC4Net_SDK/OSLC4Net.Client/Oslc/Resources/ChangeRequest.cs(238,22): warning CS1591: Missing XML comment for publicly visible type or member 'ChangeRequest.GetCloseDate()' [/app/OSLC4Net_SDK/OSLC4Net.Client/OSLC4Net.Client.csproj]
/app/OSLC4Net_SDK/OSLC4Net.Client/Oslc/Resources/ChangeRequest.cs(248,18): warning CS1591: Missing XML comment for publicly visible type or member 'ChangeRequest.GetContributors()' [/app/OSLC4Net_SDK/OSLC4Net.Client/OSLC4Net.Client.csproj]
/app/OSLC4Net_SDK/OSLC4Net.Client/Oslc/Resources/ChangeRequest.cs(257,22): warning CS1591: Missing XML comment for publicly visible type or member 'ChangeRequest.GetCreated()' [/app/OSLC4Net_SDK/OSLC4Net.Client/OSLC4Net.Client.csproj]
/app/OSLC4Net_SDK/OSLC4Net.Client/Oslc/Resources/ChangeRequest.cs(267,18): warning CS1591: Missing XML comment for publicly visible type or member 'ChangeRequest.GetCreators()' [/app/OSLC4Net_SDK/OSLC4Net.Client/OSLC4Net.Client.csproj]
/app/OSLC4Net_SDK/OSLC4Net.Client/Oslc/Resources/ChangeRequest.cs(277,21): warning CS1591: Missing XML comment for publicly visible type or member 'ChangeRequest.GetDctermsTypes()' [/app/OSLC4Net_SDK/OSLC4Net.Client/OSLC4Net.Client.csproj]
/app/OSLC4Net_SDK/OSLC4Net.Client/Oslc/Resources/ChangeRequest.cs(287,19): warning CS1591: Missing XML comment for publicly visible type or member 'ChangeRequest.GetDescription()' [/app/OSLC4Net_SDK/OSLC4Net.Client/OSLC4Net.Client.csproj]
/app/OSLC4Net_SDK/OSLC4Net.Client/Oslc/Resources/ChangeRequest.cs(296,16): warning CS1591: Missing XML comment for publicly visible type or member 'ChangeRequest.GetDiscussedBy()' [/app/OSLC4Net_SDK/OSLC4Net.Client/OSLC4Net.Client.csproj]
/app/OSLC4Net_SDK/OSLC4Net.Client/Oslc/Resources/ChangeRequest.cs(307,19): warning CS1591: Missing XML comment for publicly visible type or member 'ChangeRequest.GetIdentifier()' [/app/OSLC4Net_SDK/OSLC4Net.Client/OSLC4Net.Client.csproj]
/app/OSLC4Net_SDK/OSLC4Net.Client/Oslc/Resources/ChangeRequest.cs(318,19): warning CS1591: Missing XML comment for publicly visible type or member 'ChangeRequest.GetImplementsRequirements()' [/app/OSLC4Net_SDK/OSLC4Net.Client/OSLC4Net.Client.csproj]
/app/OSLC4Net_SDK/OSLC4Net.Client/Oslc/Resources/ChangeRequest.cs(327,16): warning CS1591: Missing XML comment for publicly visible type or member 'ChangeRequest.GetInstanceShape()' [/app/OSLC4Net_SDK/OSLC4Net.Client/OSLC4Net.Client.csproj]
/app/OSLC4Net_SDK/OSLC4Net.Client/Oslc/Resources/ChangeRequest.cs(336,22): warning CS1591: Missing XML comment for publicly visible type or member 'ChangeRequest.GetModified()' [/app/OSLC4Net_SDK/OSLC4Net.Client/OSLC4Net.Client.csproj]
/app/OSLC4Net_SDK/OSLC4Net.Client/Oslc/Resources/ChangeRequest.cs(342,18): warning CS1591: Missing XML comment for publicly visible type or member 'ChangeRequest.GetRdfTypes()' [/app/OSLC4Net_SDK/OSLC4Net.Client/OSLC4Net.Client.csproj]
/app/OSLC4Net_SDK/OSLC4Net.Client/Oslc/Resources/ChangeRequest.cs(353,19): warning CS1591: Missing XML comment for publicly visible type or member 'ChangeRequest.GetRelatedChangeRequests()' [/app/OSLC4Net_SDK/OSLC4Net.Client/OSLC4Net.Client.csproj]
/app/OSLC4Net_SDK/OSLC4Net.Client/Oslc/Resources/ChangeRequest.cs(362,19): warning CS1591: Missing XML comment for publicly visible type or member 'ChangeRequest.GetRelatedResources()' [/app/OSLC4Net_SDK/OSLC4Net.Client/OSLC4Net.Client.csproj]
/app/OSLC4Net_SDK/OSLC4Net.Client/Oslc/Resources/ChangeRequest.cs(373,19): warning CS1591: Missing XML comment for publicly visible type or member 'ChangeRequest.GetRelatedTestCases()' [/app/OSLC4Net_SDK/OSLC4Net.Client/OSLC4Net.Client.csproj]
/app/OSLC4Net_SDK/OSLC4Net.Client/Oslc/Resources/ChangeRequest.cs(384,19): warning CS1591: Missing XML comment for publicly visible type or member 'ChangeRequest.GetRelatedTestExecutionRecords()' [/app/OSLC4Net_SDK/OSLC4Net.Client/OSLC4Net.Client.csproj]
/app/OSLC4Net_SDK/OSLC4Net.Client/Oslc/Resources/ChangeRequest.cs(395,19): warning CS1591: Missing XML comment for publicly visible type or member 'ChangeRequest.GetRelatedTestPlans()' [/app/OSLC4Net_SDK/OSLC4Net.Client/OSLC4Net.Client.csproj]
/app/OSLC4Net_SDK/OSLC4Net.Client/Oslc/Resources/ChangeRequest.cs(406,19): warning CS1591: Missing XML comment for publicly visible type or member 'ChangeRequest.GetRelatedTestScripts()' [/app/OSLC4Net_SDK/OSLC4Net.Client/OSLC4Net.Client.csproj]
/app/OSLC4Net_SDK/OSLC4Net.Client/Oslc/Resources/ChangeRequest.cs(415,16): warning CS1591: Missing XML comment for publicly visible type or member 'ChangeRequest.GetServiceProvider()' [/app/OSLC4Net_SDK/OSLC4Net.Client/OSLC4Net.Client.csproj]
/app/OSLC4Net_SDK/OSLC4Net.Client/Oslc/Resources/ChangeRequest.cs(425,19): warning CS1591: Missing XML comment for publicly visible type or member 'ChangeRequest.GetShortTitle()' [/app/OSLC4Net_SDK/OSLC4Net.Client/OSLC4Net.Client.csproj]
/app/OSLC4Net_SDK/OSLC4Net.Client/Oslc/Resources/ChangeRequest.cs(434,19): warning CS1591: Missing XML comment for publicly visible type or member 'ChangeRequest.GetStatus()' [/app/OSLC4Net_SDK/OSLC4Net.Client/OSLC4Net.Client.csproj]
/app/OSLC4Net_SDK/OSLC4Net.Client/Oslc/Resources/ChangeRequest.cs(445,21): warning CS1591: Missing XML comment for publicly visible type or member 'ChangeRequest.GetSubjects()' [/app/OSLC4Net_SDK/OSLC4Net.Client/OSLC4Net.Client.csproj]
/app/OSLC4Net_SDK/OSLC4Net.Client/Oslc/Resources/ChangeRequest.cs(456,19): warning CS1591: Missing XML comment for publicly visible type or member 'ChangeRequest.GetTestedByTestCases()' [/app/OSLC4Net_SDK/OSLC4Net.Client/OSLC4Net.Client.csproj]
/app/OSLC4Net_SDK/OSLC4Net.Client/Oslc/Resources/ChangeRequest.cs(467,19): warning CS1591: Missing XML comment for publicly visible type or member 'ChangeRequest.GetTitle()' [/app/OSLC4Net_SDK/OSLC4Net.Client/OSLC4Net.Client.csproj]
/app/OSLC4Net_SDK/OSLC4Net.Client/Oslc/Resources/ChangeRequest.cs(478,19): warning CS1591: Missing XML comment for publicly visible type or member 'ChangeRequest.GetTracksChangeSets()' [/app/OSLC4Net_SDK/OSLC4Net.Client/OSLC4Net.Client.csproj]
/app/OSLC4Net_SDK/OSLC4Net.Client/Oslc/Resources/ChangeRequest.cs(489,19): warning CS1591: Missing XML comment for publicly visible type or member 'ChangeRequest.GetTracksRequirements()' [/app/OSLC4Net_SDK/OSLC4Net.Client/OSLC4Net.Client.csproj]
/app/OSLC4Net_SDK/OSLC4Net.Client/Oslc/Resources/ChangeRequest.cs(498,17): warning CS1591: Missing XML comment for publicly visible type or member 'ChangeRequest.isApproved()' [/app/OSLC4Net_SDK/OSLC4Net.Client/OSLC4Net.Client.csproj]
/app/OSLC4Net_SDK/OSLC4Net.Client/Oslc/Resources/ChangeRequest.cs(508,17): warning CS1591: Missing XML comment for publicly visible type or member 'ChangeRequest.isClosed()' [/app/OSLC4Net_SDK/OSLC4Net.Client/OSLC4Net.Client.csproj]
/app/OSLC4Net_SDK/OSLC4Net.Client/Oslc/Resources/ChangeRequest.cs(517,17): warning CS1591: Missing XML comment for publicly visible type or member 'ChangeRequest.isFixed()' [/app/OSLC4Net_SDK/OSLC4Net.Client/OSLC4Net.Client.csproj]
/app/OSLC4Net_SDK/OSLC4Net.Client/Oslc/Resources/ChangeRequest.cs(528,17): warning CS1591: Missing XML comment for publicly visible type or member 'ChangeRequest.isInProgress()' [/app/OSLC4Net_SDK/OSLC4Net.Client/OSLC4Net.Client.csproj]
/app/OSLC4Net_SDK/OSLC4Net.Client/Oslc/Resources/ChangeRequest.cs(537,17): warning CS1591: Missing XML comment for publicly visible type or member 'ChangeRequest.isReviewed()' [/app/OSLC4Net_SDK/OSLC4Net.Client/OSLC4Net.Client.csproj]
/app/OSLC4Net_SDK/OSLC4Net.Client/Oslc/Resources/ChangeRequest.cs(546,17): warning CS1591: Missing XML comment for publicly visible type or member 'ChangeRequest.isVerified()' [/app/OSLC4Net_SDK/OSLC4Net.Client/OSLC4Net.Client.csproj]
/app/OSLC4Net_SDK/OSLC4Net.Client/Oslc/Resources/ChangeRequest.cs(551,17): warning CS1591: Missing XML comment for publicly visible type or member 'ChangeRequest.SetAffectedByDefects(Link[])' [/app/OSLC4Net_SDK/OSLC4Net.Client/OSLC4Net.Client.csproj]
/app/OSLC4Net_SDK/OSLC4Net.Client/Oslc/Resources/ChangeRequest.cs(561,17): warning CS1591: Missing XML comment for publicly visible type or member 'ChangeRequest.SetAffectsPlanItems(Link[])' [/app/OSLC4Net_SDK/OSLC4Net.Client/OSLC4Net.Client.csproj]
/app/OSLC4Net_SDK/OSLC4Net.Client/Oslc/Resources/ChangeRequest.cs(571,17): warning CS1591: Missing XML comment for publicly visible type or member 'ChangeRequest.SetAffectsRequirements(Link[])' [/app/OSLC4Net_SDK/OSLC4Net.Client/OSLC4Net.Client.csproj]
/app/OSLC4Net_SDK/OSLC4Net.Client/Oslc/Resources/ChangeRequest.cs(581,17): warning CS1591: Missing XML comment for publicly visible type or member 'ChangeRequest.SetAffectsTestResults(Link[])' [/app/OSLC4Net_SDK/OSLC4Net.Client/OSLC4Net.Client.csproj]
/app/OSLC4Net_SDK/OSLC4Net.Client/Oslc/Resources/ChangeRequest.cs(591,17): warning CS1591: Missing XML comment for publicly visible type or member 'ChangeRequest.SetApproved(bool)' [/app/OSLC4Net_SDK/OSLC4Net.Client/OSLC4Net.Client.csproj]
/app/OSLC4Net_SDK/OSLC4Net.Client/Oslc/Resources/ChangeRequest.cs(596,17): warning CS1591: Missing XML comment for publicly visible type or member 'ChangeRequest.SetBlocksTestExecutionRecords(Link[])' [/app/OSLC4Net_SDK/OSLC4Net.Client/OSLC4Net.Client.csproj]
/app/OSLC4Net_SDK/OSLC4Net.Client/Oslc/Resources/ChangeRequest.cs(606,17): warning CS1591: Missing XML comment for publicly visible type or member 'ChangeRequest.SetClosed(bool)' [/app/OSLC4Net_SDK/OSLC4Net.Client/OSLC4Net.Client.csproj]
/app/OSLC4Net_SDK/OSLC4Net.Client/Oslc/Resources/ChangeRequest.cs(611,17): warning CS1591: Missing XML comment for publicly visible type or member 'ChangeRequest.SetCloseDate(DateTime?)' [/app/OSLC4Net_SDK/OSLC4Net.Client/OSLC4Net.Client.csproj]
/app/OSLC4Net_SDK/OSLC4Net.Client/Oslc/Resources/ChangeRequest.cs(616,17): warning CS1591: Missing XML comment for publicly visible type or member 'ChangeRequest.SetContributors(Uri[])' [/app/OSLC4Net_SDK/OSLC4Net.Client/OSLC4Net.Client.csproj]
/app/OSLC4Net_SDK/OSLC4Net.Client/Oslc/Resources/ChangeRequest.cs(626,17): warning CS1591: Missing XML comment for publicly visible type or member 'ChangeRequest.SetCreated(DateTime?)' [/app/OSLC4Net_SDK/OSLC4Net.Client/OSLC4Net.Client.csproj]
/app/OSLC4Net_SDK/OSLC4Net.Client/Oslc/Resources/ChangeRequest.cs(631,17): warning CS1591: Missing XML comment for publicly visible type or member 'ChangeRequest.SetCreators(Uri[])' [/app/OSLC4Net_SDK/OSLC4Net.Client/OSLC4Net.Client.csproj]
/app/OSLC4Net_SDK/OSLC4Net.Client/Oslc/Resources/ChangeRequest.cs(641,17): warning CS1591: Missing XML comment for publicly visible type or member 'ChangeRequest.SetDctermsTypes(string[])' [/app/OSLC4Net_SDK/OSLC4Net.Client/OSLC4Net.Client.csproj]
/app/OSLC4Net_SDK/OSLC4Net.Client/Oslc/Resources/ChangeRequest.cs(651,17): warning CS1591: Missing XML comment for publicly visible type or member 'ChangeRequest.SetDescription(string)' [/app/OSLC4Net_SDK/OSLC4Net.Client/OSLC4Net.Client.csproj]
/app/OSLC4Net_SDK/OSLC4Net.Client/Oslc/Resources/ChangeRequest.cs(656,17): warning CS1591: Missing XML comment for publicly visible type or member 'ChangeRequest.SetDiscussedBy(Uri)' [/app/OSLC4Net_SDK/OSLC4Net.Client/OSLC4Net.Client.csproj]
/app/OSLC4Net_SDK/OSLC4Net.Client/Oslc/Resources/ChangeRequest.cs(661,17): warning CS1591: Missing XML comment for publicly visible type or member 'ChangeRequest.SetFixed(bool)' [/app/OSLC4Net_SDK/OSLC4Net.Client/OSLC4Net.Client.csproj]
/app/OSLC4Net_SDK/OSLC4Net.Client/Oslc/Resources/ChangeRequest.cs(666,17): warning CS1591: Missing XML comment for publicly visible type or member 'ChangeRequest.SetIdentifier(string)' [/app/OSLC4Net_SDK/OSLC4Net.Client/OSLC4Net.Client.csproj]
/app/OSLC4Net_SDK/OSLC4Net.Client/Oslc/Resources/ChangeRequest.cs(671,17): warning CS1591: Missing XML comment for publicly visible type or member 'ChangeRequest.SetImplementsRequirements(Link[])' [/app/OSLC4Net_SDK/OSLC4Net.Client/OSLC4Net.Client.csproj]
/app/OSLC4Net_SDK/OSLC4Net.Client/Oslc/Resources/ChangeRequest.cs(681,17): warning CS1591: Missing XML comment for publicly visible type or member 'ChangeRequest.SetInProgress(bool)' [/app/OSLC4Net_SDK/OSLC4Net.Client/OSLC4Net.Client.csproj]
/app/OSLC4Net_SDK/OSLC4Net.Client/Oslc/Resources/ChangeRequest.cs(686,17): warning CS1591: Missing XML comment for publicly visible type or member 'ChangeRequest.SetInstanceShape(Uri)' [/app/OSLC4Net_SDK/OSLC4Net.Client/OSLC4Net.Client.csproj]
/app/OSLC4Net_SDK/OSLC4Net.Client/Oslc/Resources/ChangeRequest.cs(691,17): warning CS1591: Missing XML comment for publicly visible type or member 'ChangeRequest.SetModified(DateTime?)' [/app/OSLC4Net_SDK/OSLC4Net.Client/OSLC4Net.Client.csproj]
/app/OSLC4Net_SDK/OSLC4Net.Client/Oslc/Resources/ChangeRequest.cs(697,17): warning CS1591: Missing XML comment for publicly visible type or member 'ChangeRequest.SetRdfTypes(Uri[])' [/app/OSLC4Net_SDK/OSLC4Net.Client/OSLC4Net.Client.csproj]
/app/OSLC4Net_SDK/OSLC4Net.Client/Oslc/Resources/ChangeRequest.cs(702,17): warning CS1591: Missing XML comment for publicly visible type or member 'ChangeRequest.SetRelatedChangeRequests(Link[])' [/app/OSLC4Net_SDK/OSLC4Net.Client/OSLC4Net.Client.csproj]
/app/OSLC4Net_SDK/OSLC4Net.Client/Oslc/Resources/ChangeRequest.cs(712,17): warning CS1591: Missing XML comment for publicly visible type or member 'ChangeRequest.SetRelatedResources(Link[])' [/app/OSLC4Net_SDK/OSLC4Net.Client/OSLC4Net.Client.csproj]
/app/OSLC4Net_SDK/OSLC4Net.Client/Oslc/Resources/ChangeRequest.cs(722,17): warning CS1591: Missing XML comment for publicly visible type or member 'ChangeRequest.SetRelatedTestCases(Link[])' [/app/OSLC4Net_SDK/OSLC4Net.Client/OSLC4Net.Client.csproj]
/app/OSLC4Net_SDK/OSLC4Net.Client/Oslc/Resources/ChangeRequest.cs(732,17): warning CS1591: Missing XML comment for publicly visible type or member 'ChangeRequest.SetRelatedTestExecutionRecords(Link[])' [/app/OSLC4Net_SDK/OSLC4Net.Client/OSLC4Net.Client.csproj]
/app/OSLC4Net_SDK/OSLC4Net.Client/Oslc/Resources/ChangeRequest.cs(742,17): warning CS1591: Missing XML comment for publicly visible type or member 'ChangeRequest.SetRelatedTestPlans(Link[])' [/app/OSLC4Net_SDK/OSLC4Net.Client/OSLC4Net.Client.csproj]
/app/OSLC4Net_SDK/OSLC4Net.Client/Oslc/Resources/ChangeRequest.cs(752,17): warning CS1591: Missing XML comment for publicly visible type or member 'ChangeRequest.SetRelatedTestScripts(Link[])' [/app/OSLC4Net_SDK/OSLC4Net.Client/OSLC4Net.Client.csproj]
/app/OSLC4Net_SDK/OSLC4Net.Client/Oslc/Resources/ChangeRequest.cs(762,17): warning CS1591: Missing XML comment for publicly visible type or member 'ChangeRequest.SetReviewed(bool)' [/app/OSLC4Net_SDK/OSLC4Net.Client/OSLC4Net.Client.csproj]
/app/OSLC4Net_SDK/OSLC4Net.Client/Oslc/Resources/ChangeRequest.cs(767,17): warning CS1591: Missing XML comment for publicly visible type or member 'ChangeRequest.SetServiceProvider(Uri)' [/app/OSLC4Net_SDK/OSLC4Net.Client/OSLC4Net.Client.csproj]
/app/OSLC4Net_SDK/OSLC4Net.Client/Oslc/Resources/ChangeRequest.cs(772,17): warning CS1591: Missing XML comment for publicly visible type or member 'ChangeRequest.SetShortTitle(string)' [/app/OSLC4Net_SDK/OSLC4Net.Client/OSLC4Net.Client.csproj]
/app/OSLC4Net_SDK/OSLC4Net.Client/Oslc/Resources/ChangeRequest.cs(777,17): warning CS1591: Missing XML comment for publicly visible type or member 'ChangeRequest.SetStatus(string)' [/app/OSLC4Net_SDK/OSLC4Net.Client/OSLC4Net.Client.csproj]
/app/OSLC4Net_SDK/OSLC4Net.Client/Oslc/Resources/ChangeRequest.cs(782,17): warning CS1591: Missing XML comment for publicly visible type or member 'ChangeRequest.SetSubjects(string[])' [/app/OSLC4Net_SDK/OSLC4Net.Client/OSLC4Net.Client.csproj]
/app/OSLC4Net_SDK/OSLC4Net.Client/Oslc/Resources/ChangeRequest.cs(792,17): warning CS1591: Missing XML comment for publicly visible type or member 'ChangeRequest.SetTestedByTestCases(Link[])' [/app/OSLC4Net_SDK/OSLC4Net.Client/OSLC4Net.Client.csproj]
/app/OSLC4Net_SDK/OSLC4Net.Client/Oslc/Resources/ChangeRequest.cs(802,17): warning CS1591: Missing XML comment for publicly visible type or member 'ChangeRequest.SetTitle(string)' [/app/OSLC4Net_SDK/OSLC4Net.Client/OSLC4Net.Client.csproj]
/app/OSLC4Net_SDK/OSLC4Net.Client/Oslc/Resources/ChangeRequest.cs(807,17): warning CS1591: Missing XML comment for publicly visible type or member 'ChangeRequest.SetTracksChangeSets(Link[])' [/app/OSLC4Net_SDK/OSLC4Net.Client/OSLC4Net.Client.csproj]
/app/OSLC4Net_SDK/OSLC4Net.Client/Oslc/Resources/ChangeRequest.cs(817,17): warning CS1591: Missing XML comment for publicly visible type or member 'ChangeRequest.SetTracksRequirements(Link[])' [/app/OSLC4Net_SDK/OSLC4Net.Client/OSLC4Net.Client.csproj]
/app/OSLC4Net_SDK/OSLC4Net.Client/Oslc/Resources/ChangeRequest.cs(827,17): warning CS1591: Missing XML comment for publicly visible type or member 'ChangeRequest.SetVerified(bool)' [/app/OSLC4Net_SDK/OSLC4Net.Client/OSLC4Net.Client.csproj]
/app/OSLC4Net_SDK/OSLC4Net.Client/Oslc/Resources/CmConstants.cs(20,21): warning CS1591: Missing XML comment for publicly visible type or member 'CmConstants' [/app/OSLC4Net_SDK/OSLC4Net.Client/OSLC4Net.Client.csproj]
/app/OSLC4Net_SDK/OSLC4Net.Client/Oslc/Resources/CmConstants.cs(22,25): warning CS1591: Missing XML comment for publicly visible type or member 'CmConstants.CHANGE_MANAGEMENT_DOMAIN' [/app/OSLC4Net_SDK/OSLC4Net.Client/OSLC4Net.Client.csproj]
/app/OSLC4Net_SDK/OSLC4Net.Client/Oslc/Resources/CmConstants.cs(23,25): warning CS1591: Missing XML comment for publicly visible type or member 'CmConstants.CHANGE_MANAGEMENT_NAMESPACE' [/app/OSLC4Net_SDK/OSLC4Net.Client/OSLC4Net.Client.csproj]
/app/OSLC4Net_SDK/OSLC4Net.Client/Oslc/Resources/CmConstants.cs(24,25): warning CS1591: Missing XML comment for publicly visible type or member 'CmConstants.CHANGE_MANAGEMENT_NAMESPACE_PREFIX' [/app/OSLC4Net_SDK/OSLC4Net.Client/OSLC4Net.Client.csproj]
/app/OSLC4Net_SDK/OSLC4Net.Client/Oslc/Resources/CmConstants.cs(25,25): warning CS1591: Missing XML comment for publicly visible type or member 'CmConstants.FOAF_NAMESPACE' [/app/OSLC4Net_SDK/OSLC4Net.Client/OSLC4Net.Client.csproj]
/app/OSLC4Net_SDK/OSLC4Net.Client/Oslc/Resources/CmConstants.cs(26,25): warning CS1591: Missing XML comment for publicly visible type or member 'CmConstants.FOAF_NAMESPACE_PREFIX' [/app/OSLC4Net_SDK/OSLC4Net.Client/OSLC4Net.Client.csproj]
/app/OSLC4Net_SDK/OSLC4Net.Client/Oslc/Resources/CmConstants.cs(27,25): warning CS1591: Missing XML comment for publicly visible type or member 'CmConstants.QUALITY_MANAGEMENT_NAMESPACE' [/app/OSLC4Net_SDK/OSLC4Net.Client/OSLC4Net.Client.csproj]
/app/OSLC4Net_SDK/OSLC4Net.Client/Oslc/Resources/CmConstants.cs(28,25): warning CS1591: Missing XML comment for publicly visible type or member 'CmConstants.QUALITY_MANAGEMENT_PREFIX' [/app/OSLC4Net_SDK/OSLC4Net.Client/OSLC4Net.Client.csproj]
/app/OSLC4Net_SDK/OSLC4Net.Client/Oslc/Resources/CmConstants.cs(29,25): warning CS1591: Missing XML comment for publicly visible type or member 'CmConstants.REQUIREMENTS_MANAGEMENT_NAMESPACE' [/app/OSLC4Net_SDK/OSLC4Net.Client/OSLC4Net.Client.csproj]
/app/OSLC4Net_SDK/OSLC4Net.Client/Oslc/Resources/CmConstants.cs(30,25): warning CS1591: Missing XML comment for publicly visible type or member 'CmConstants.REQUIREMENTS_MANAGEMENT_PREFIX' [/app/OSLC4Net_SDK/OSLC4Net.Client/OSLC4Net.Client.csproj]
/app/OSLC4Net_SDK/OSLC4Net.Client/Oslc/Resources/CmConstants.cs(31,25): warning CS1591: Missing XML comment for publicly visible type or member 'CmConstants.SOFTWARE_CONFIGURATION_MANAGEMENT_NAMESPACE' [/app/OSLC4Net_SDK/OSLC4Net.Client/OSLC4Net.Client.csproj]
/app/OSLC4Net_SDK/OSLC4Net.Client/Oslc/Resources/CmConstants.cs(32,25): warning CS1591: Missing XML comment for publicly visible type or member 'CmConstants.SOFTWARE_CONFIGURATION_MANAGEMENT_PREFIX' [/app/OSLC4Net_SDK/OSLC4Net.Client/OSLC4Net.Client.csproj]
/app/OSLC4Net_SDK/OSLC4Net.Client/Oslc/Resources/CmConstants.cs(34,25): warning CS1591: Missing XML comment for publicly visible type or member 'CmConstants.TYPE_CHANGE_REQUEST' [/app/OSLC4Net_SDK/OSLC4Net.Client/OSLC4Net.Client.csproj]
/app/OSLC4Net_SDK/OSLC4Net.Client/Oslc/Resources/CmConstants.cs(35,25): warning CS1591: Missing XML comment for publicly visible type or member 'CmConstants.TYPE_CHANGE_SET' [/app/OSLC4Net_SDK/OSLC4Net.Client/OSLC4Net.Client.csproj]
/app/OSLC4Net_SDK/OSLC4Net.Client/Oslc/Resources/CmConstants.cs(36,25): warning CS1591: Missing XML comment for publicly visible type or member 'CmConstants.TYPE_DISCUSSION' [/app/OSLC4Net_SDK/OSLC4Net.Client/OSLC4Net.Client.csproj]
/app/OSLC4Net_SDK/OSLC4Net.Client/Oslc/Resources/CmConstants.cs(37,25): warning CS1591: Missing XML comment for publicly visible type or member 'CmConstants.TYPE_PERSON' [/app/OSLC4Net_SDK/OSLC4Net.Client/OSLC4Net.Client.csproj]
/app/OSLC4Net_SDK/OSLC4Net.Client/Oslc/Resources/CmConstants.cs(38,25): warning CS1591: Missing XML comment for publicly visible type or member 'CmConstants.TYPE_REQUIREMENT' [/app/OSLC4Net_SDK/OSLC4Net.Client/OSLC4Net.Client.csproj]
/app/OSLC4Net_SDK/OSLC4Net.Client/Oslc/Resources/CmConstants.cs(39,25): warning CS1591: Missing XML comment for publicly visible type or member 'CmConstants.TYPE_TEST_CASE' [/app/OSLC4Net_SDK/OSLC4Net.Client/OSLC4Net.Client.csproj]
/app/OSLC4Net_SDK/OSLC4Net.Client/Oslc/Resources/CmConstants.cs(40,25): warning CS1591: Missing XML comment for publicly visible type or member 'CmConstants.TYPE_TEST_EXECUTION_RECORD' [/app/OSLC4Net_SDK/OSLC4Net.Client/OSLC4Net.Client.csproj]
/app/OSLC4Net_SDK/OSLC4Net.Client/Oslc/Resources/CmConstants.cs(41,25): warning CS1591: Missing XML comment for publicly visible type or member 'CmConstants.TYPE_TEST_PLAN' [/app/OSLC4Net_SDK/OSLC4Net.Client/OSLC4Net.Client.csproj]
/app/OSLC4Net_SDK/OSLC4Net.Client/Oslc/Resources/CmConstants.cs(42,25): warning CS1591: Missing XML comment for publicly visible type or member 'CmConstants.TYPE_TEST_RESULT' [/app/OSLC4Net_SDK/OSLC4Net.Client/OSLC4Net.Client.csproj]
/app/OSLC4Net_SDK/OSLC4Net.Client/Oslc/Resources/CmConstants.cs(43,25): warning CS1591: Missing XML comment for publicly visible type or member 'CmConstants.TYPE_TEST_SCRIPT' [/app/OSLC4Net_SDK/OSLC4Net.Client/OSLC4Net.Client.csproj]
/app/OSLC4Net_SDK/OSLC4Net.Client/Oslc/Resources/CmConstants.cs(45,25): warning CS1591: Missing XML comment for publicly visible type or member 'CmConstants.PATH_CHANGE_REQUEST' [/app/OSLC4Net_SDK/OSLC4Net.Client/OSLC4Net.Client.csproj]
/app/OSLC4Net_SDK/OSLC4Net.Client/Oslc/Resources/CmConstants.cs(47,25): warning CS1591: Missing XML comment for publicly visible type or member 'CmConstants.USAGE_LIST' [/app/OSLC4Net_SDK/OSLC4Net.Client/OSLC4Net.Client.csproj]
/app/OSLC4Net_SDK/OSLC4Net.Client/Oslc/Resources/OslcQuery.cs(50,26): warning CS1573: Parameter 'rdfHelper' has no matching param tag in the XML comment for 'OslcQuery.OslcQuery(OslcClient, string, DotNetRdfHelper?)' (but other parameters do) [/app/OSLC4Net_SDK/OSLC4Net.Client/OSLC4Net.Client.csproj]
/app/OSLC4Net_SDK/OSLC4Net.Client/Oslc/Resources/OslcQuery.cs(125,19): warning CS1591: Missing XML comment for publicly visible type or member 'OslcQuery.CapabilityUrl' [/app/OSLC4Net_SDK/OSLC4Net.Client/OSLC4Net.Client.csproj]
/app/OSLC4Net_SDK/OSLC4Net.Client/Oslc/Resources/OslcQuery.cs(196,40): warning CS1591: Missing XML comment for publicly visible type or member 'OslcQuery.Submit()' [/app/OSLC4Net_SDK/OSLC4Net.Client/OSLC4Net.Client.csproj]
/app/OSLC4Net_SDK/OSLC4Net.Client/Oslc/Resources/OslcQueryParameters.cs(29,12): warning CS1591: Missing XML comment for publicly visible type or member 'OslcQueryParameters.OslcQueryParameters()' [/app/OSLC4Net_SDK/OSLC4Net.Client/OSLC4Net.Client.csproj]
/app/OSLC4Net_SDK/OSLC4Net.Client/Oslc/Resources/OslcQueryParameters.cs(50,20): warning CS1591: Missing XML comment for publicly visible type or member 'OslcQueryParameters.GetWhere()' [/app/OSLC4Net_SDK/OSLC4Net.Client/OSLC4Net.Client.csproj]
/app/OSLC4Net_SDK/OSLC4Net.Client/Oslc/Resources/OslcQueryParameters.cs(55,17): warning CS1591: Missing XML comment for publicly visible type or member 'OslcQueryParameters.SetWhere(string)' [/app/OSLC4Net_SDK/OSLC4Net.Client/OSLC4Net.Client.csproj]
/app/OSLC4Net_SDK/OSLC4Net.Client/Oslc/Resources/OslcQueryParameters.cs(60,20): warning CS1591: Missing XML comment for publicly visible type or member 'OslcQueryParameters.GetSelect()' [/app/OSLC4Net_SDK/OSLC4Net.Client/OSLC4Net.Client.csproj]
/app/OSLC4Net_SDK/OSLC4Net.Client/Oslc/Resources/OslcQueryParameters.cs(65,17): warning CS1591: Missing XML comment for publicly visible type or member 'OslcQueryParameters.SetSelect(string)' [/app/OSLC4Net_SDK/OSLC4Net.Client/OSLC4Net.Client.csproj]
/app/OSLC4Net_SDK/OSLC4Net.Client/Oslc/Resources/OslcQueryParameters.cs(70,20): warning CS1591: Missing XML comment for publicly visible type or member 'OslcQueryParameters.GetSearchTerms()' [/app/OSLC4Net_SDK/OSLC4Net.Client/OSLC4Net.Client.csproj]
/app/OSLC4Net_SDK/OSLC4Net.Client/Oslc/Resources/OslcQueryParameters.cs(75,17): warning CS1591: Missing XML comment for publicly visible type or member 'OslcQueryParameters.SetSearchTerms(string)' [/app/OSLC4Net_SDK/OSLC4Net.Client/OSLC4Net.Client.csproj]
/app/OSLC4Net_SDK/OSLC4Net.Client/Oslc/Resources/OslcQueryParameters.cs(80,20): warning CS1591: Missing XML comment for publicly visible type or member 'OslcQueryParameters.GetOrderBy()' [/app/OSLC4Net_SDK/OSLC4Net.Client/OSLC4Net.Client.csproj]
/app/OSLC4Net_SDK/OSLC4Net.Client/Oslc/Resources/OslcQueryParameters.cs(85,17): warning CS1591: Missing XML comment for publicly visible type or member 'OslcQueryParameters.SetOrderBy(string)' [/app/OSLC4Net_SDK/OSLC4Net.Client/OSLC4Net.Client.csproj]
/app/OSLC4Net_SDK/OSLC4Net.Client/Oslc/Resources/OslcQueryParameters.cs(90,20): warning CS1591: Missing XML comment for publicly visible type or member 'OslcQueryParameters.GetPrefix()' [/app/OSLC4Net_SDK/OSLC4Net.Client/OSLC4Net.Client.csproj]
/app/OSLC4Net_SDK/OSLC4Net.Client/Oslc/Resources/OslcQueryParameters.cs(95,17): warning CS1591: Missing XML comment for publicly visible type or member 'OslcQueryParameters.SetPrefix(string)' [/app/OSLC4Net_SDK/OSLC4Net.Client/OSLC4Net.Client.csproj]
/app/OSLC4Net_SDK/OSLC4Net.Client/Oslc/Resources/OslcQueryResult.cs(63,12): warning CS1591: Missing XML comment for publicly visible type or member 'OslcQueryResult.OslcQueryResult(OslcQuery, HttpResponseMessage, DotNetRdfHelper?)' [/app/OSLC4Net_SDK/OSLC4Net.Client/OSLC4Net.Client.csproj]
/app/OSLC4Net_SDK/OSLC4Net.Client/Oslc/Resources/OslcQueryResult.cs(83,18): warning CS1591: Missing XML comment for publicly visible type or member 'OslcQueryResult.TotalCount' [/app/OSLC4Net_SDK/OSLC4Net.Client/OSLC4Net.Client.csproj]
/app/OSLC4Net_SDK/OSLC4Net.Client/Oslc/Resources/OslcQueryResult.cs(128,17): warning CS1591: Missing XML comment for publicly visible type or member 'OslcQueryResult.Reset()' [/app/OSLC4Net_SDK/OSLC4Net.Client/OSLC4Net.Client.csproj]
/app/OSLC4Net_SDK/OSLC4Net.Client/Oslc/Resources/ParameterInstance.cs(38,12): warning CS1591: Missing XML comment for publicly visible type or member 'ParameterInstance.ParameterInstance()' [/app/OSLC4Net_SDK/OSLC4Net.Client/OSLC4Net.Client.csproj]
/app/OSLC4Net_SDK/OSLC4Net.Client/Oslc/Resources/ParameterInstance.cs(43,12): warning CS1591: Missing XML comment for publicly visible type or member 'ParameterInstance.ParameterInstance(Uri)' [/app/OSLC4Net_SDK/OSLC4Net.Client/OSLC4Net.Client.csproj]
/app/OSLC4Net_SDK/OSLC4Net.Client/Oslc/Resources/ParameterInstance.cs(48,19): warning CS1591: Missing XML comment for publicly visible type or member 'ParameterInstance.GetRdfType()' [/app/OSLC4Net_SDK/OSLC4Net.Client/OSLC4Net.Client.csproj]
/app/OSLC4Net_SDK/OSLC4Net.Client/Oslc/Resources/ParameterInstance.cs(53,17): warning CS1591: Missing XML comment for publicly visible type or member 'ParameterInstance.addRdfType(Uri)' [/app/OSLC4Net_SDK/OSLC4Net.Client/OSLC4Net.Client.csproj]
/app/OSLC4Net_SDK/OSLC4Net.Client/Oslc/Resources/ParameterInstance.cs(63,19): warning CS1591: Missing XML comment for publicly visible type or member 'ParameterInstance.GetDescription()' [/app/OSLC4Net_SDK/OSLC4Net.Client/OSLC4Net.Client.csproj]
/app/OSLC4Net_SDK/OSLC4Net.Client/Oslc/Resources/ParameterInstance.cs(72,19): warning CS1591: Missing XML comment for publicly visible type or member 'ParameterInstance.GetName()' [/app/OSLC4Net_SDK/OSLC4Net.Client/OSLC4Net.Client.csproj]
/app/OSLC4Net_SDK/OSLC4Net.Client/Oslc/Resources/ParameterInstance.cs(81,19): warning CS1591: Missing XML comment for publicly visible type or member 'ParameterInstance.GetValue()' [/app/OSLC4Net_SDK/OSLC4Net.Client/OSLC4Net.Client.csproj]
/app/OSLC4Net_SDK/OSLC4Net.Client/Oslc/Resources/ParameterInstance.cs(90,16): warning CS1591: Missing XML comment for publicly visible type or member 'ParameterInstance.GetInstanceShape()' [/app/OSLC4Net_SDK/OSLC4Net.Client/OSLC4Net.Client.csproj]
/app/OSLC4Net_SDK/OSLC4Net.Client/Oslc/Resources/ParameterInstance.cs(96,18): warning CS1591: Missing XML comment for publicly visible type or member 'ParameterInstance.GetRdfTypes()' [/app/OSLC4Net_SDK/OSLC4Net.Client/OSLC4Net.Client.csproj]
/app/OSLC4Net_SDK/OSLC4Net.Client/Oslc/Resources/ParameterInstance.cs(105,16): warning CS1591: Missing XML comment for publicly visible type or member 'ParameterInstance.GetServiceProvider()' [/app/OSLC4Net_SDK/OSLC4Net.Client/OSLC4Net.Client.csproj]
/app/OSLC4Net_SDK/OSLC4Net.Client/Oslc/Resources/ParameterInstance.cs(110,17): warning CS1591: Missing XML comment for publicly visible type or member 'ParameterInstance.SetDescription(string)' [/app/OSLC4Net_SDK/OSLC4Net.Client/OSLC4Net.Client.csproj]
/app/OSLC4Net_SDK/OSLC4Net.Client/Oslc/Resources/ParameterInstance.cs(115,17): warning CS1591: Missing XML comment for publicly visible type or member 'ParameterInstance.SetName(string)' [/app/OSLC4Net_SDK/OSLC4Net.Client/OSLC4Net.Client.csproj]
/app/OSLC4Net_SDK/OSLC4Net.Client/Oslc/Resources/ParameterInstance.cs(120,17): warning CS1591: Missing XML comment for publicly visible type or member 'ParameterInstance.SetValue(string)' [/app/OSLC4Net_SDK/OSLC4Net.Client/OSLC4Net.Client.csproj]
/app/OSLC4Net_SDK/OSLC4Net.Client/Oslc/Resources/ParameterInstance.cs(125,17): warning CS1591: Missing XML comment for publicly visible type or member 'ParameterInstance.SetInstanceShape(Uri)' [/app/OSLC4Net_SDK/OSLC4Net.Client/OSLC4Net.Client.csproj]
/app/OSLC4Net_SDK/OSLC4Net.Client/Oslc/Resources/ParameterInstance.cs(131,17): warning CS1591: Missing XML comment for publicly visible type or member 'ParameterInstance.SetRdfTypes(Uri[])' [/app/OSLC4Net_SDK/OSLC4Net.Client/OSLC4Net.Client.csproj]
/app/OSLC4Net_SDK/OSLC4Net.Client/Oslc/Resources/ParameterInstance.cs(136,17): warning CS1591: Missing XML comment for publicly visible type or member 'ParameterInstance.SetServiceProvider(Uri)' [/app/OSLC4Net_SDK/OSLC4Net.Client/OSLC4Net.Client.csproj]
/app/OSLC4Net_SDK/OSLC4Net.Client/Oslc/Resources/ParameterInstance.cs(141,16): warning CS1591: Missing XML comment for publicly visible type or member 'ParameterInstance.CompareTo(ParameterInstance)' [/app/OSLC4Net_SDK/OSLC4Net.Client/OSLC4Net.Client.csproj]
/app/OSLC4Net_SDK/OSLC4Net.Client/Oslc/Resources/QmConstants.cs(20,21): warning CS1591: Missing XML comment for publicly visible type or member 'QmConstants' [/app/OSLC4Net_SDK/OSLC4Net.Client/OSLC4Net.Client.csproj]
/app/OSLC4Net_SDK/OSLC4Net.Client/Oslc/Resources/QmConstants.cs(22,25): warning CS1591: Missing XML comment for publicly visible type or member 'QmConstants.CHANGE_MANAGEMENT_DOMAIN' [/app/OSLC4Net_SDK/OSLC4Net.Client/OSLC4Net.Client.csproj]
/app/OSLC4Net_SDK/OSLC4Net.Client/Oslc/Resources/QmConstants.cs(23,25): warning CS1591: Missing XML comment for publicly visible type or member 'QmConstants.CHANGE_MANAGEMENT_NAMESPACE' [/app/OSLC4Net_SDK/OSLC4Net.Client/OSLC4Net.Client.csproj]
/app/OSLC4Net_SDK/OSLC4Net.Client/Oslc/Resources/QmConstants.cs(24,25): warning CS1591: Missing XML comment for publicly visible type or member 'QmConstants.CHANGE_MANAGEMENT_NAMESPACE_PREFIX' [/app/OSLC4Net_SDK/OSLC4Net.Client/OSLC4Net.Client.csproj]
/app/OSLC4Net_SDK/OSLC4Net.Client/Oslc/Resources/QmConstants.cs(25,25): warning CS1591: Missing XML comment for publicly visible type or member 'QmConstants.FOAF_NAMESPACE' [/app/OSLC4Net_SDK/OSLC4Net.Client/OSLC4Net.Client.csproj]
/app/OSLC4Net_SDK/OSLC4Net.Client/Oslc/Resources/QmConstants.cs(26,25): warning CS1591: Missing XML comment for publicly visible type or member 'QmConstants.FOAF_NAMESPACE_PREFIX' [/app/OSLC4Net_SDK/OSLC4Net.Client/OSLC4Net.Client.csproj]
/app/OSLC4Net_SDK/OSLC4Net.Client/Oslc/Resources/QmConstants.cs(27,25): warning CS1591: Missing XML comment for publicly visible type or member 'QmConstants.QUALITY_MANAGEMENT_DOMAIN' [/app/OSLC4Net_SDK/OSLC4Net.Client/OSLC4Net.Client.csproj]
/app/OSLC4Net_SDK/OSLC4Net.Client/Oslc/Resources/QmConstants.cs(28,25): warning CS1591: Missing XML comment for publicly visible type or member 'QmConstants.QUALITY_MANAGEMENT_NAMESPACE' [/app/OSLC4Net_SDK/OSLC4Net.Client/OSLC4Net.Client.csproj]
/app/OSLC4Net_SDK/OSLC4Net.Client/Oslc/Resources/QmConstants.cs(29,25): warning CS1591: Missing XML comment for publicly visible type or member 'QmConstants.QUALITY_MANAGEMENT_PREFIX' [/app/OSLC4Net_SDK/OSLC4Net.Client/OSLC4Net.Client.csproj]
/app/OSLC4Net_SDK/OSLC4Net.Client/Oslc/Resources/QmConstants.cs(30,25): warning CS1591: Missing XML comment for publicly visible type or member 'QmConstants.REQUIREMENTS_MANAGEMENT_NAMESPACE' [/app/OSLC4Net_SDK/OSLC4Net.Client/OSLC4Net.Client.csproj]
/app/OSLC4Net_SDK/OSLC4Net.Client/Oslc/Resources/QmConstants.cs(31,25): warning CS1591: Missing XML comment for publicly visible type or member 'QmConstants.REQUIREMENTS_MANAGEMENT_PREFIX' [/app/OSLC4Net_SDK/OSLC4Net.Client/OSLC4Net.Client.csproj]
/app/OSLC4Net_SDK/OSLC4Net.Client/Oslc/Resources/QmConstants.cs(32,25): warning CS1591: Missing XML comment for publicly visible type or member 'QmConstants.SOFTWARE_CONFIGURATION_MANAGEMENT_NAMESPACE' [/app/OSLC4Net_SDK/OSLC4Net.Client/OSLC4Net.Client.csproj]
/app/OSLC4Net_SDK/OSLC4Net.Client/Oslc/Resources/QmConstants.cs(33,25): warning CS1591: Missing XML comment for publicly visible type or member 'QmConstants.SOFTWARE_CONFIGURATION_MANAGEMENT_PREFIX' [/app/OSLC4Net_SDK/OSLC4Net.Client/OSLC4Net.Client.csproj]
/app/OSLC4Net_SDK/OSLC4Net.Client/Oslc/Resources/QmConstants.cs(35,25): warning CS1591: Missing XML comment for publicly visible type or member 'QmConstants.TYPE_CHANGE_REQUEST' [/app/OSLC4Net_SDK/OSLC4Net.Client/OSLC4Net.Client.csproj]
/app/OSLC4Net_SDK/OSLC4Net.Client/Oslc/Resources/QmConstants.cs(36,25): warning CS1591: Missing XML comment for publicly visible type or member 'QmConstants.TYPE_CHANGE_SET' [/app/OSLC4Net_SDK/OSLC4Net.Client/OSLC4Net.Client.csproj]
/app/OSLC4Net_SDK/OSLC4Net.Client/Oslc/Resources/QmConstants.cs(37,25): warning CS1591: Missing XML comment for publicly visible type or member 'QmConstants.TYPE_DISCUSSION' [/app/OSLC4Net_SDK/OSLC4Net.Client/OSLC4Net.Client.csproj]
/app/OSLC4Net_SDK/OSLC4Net.Client/Oslc/Resources/QmConstants.cs(38,25): warning CS1591: Missing XML comment for publicly visible type or member 'QmConstants.TYPE_PERSON' [/app/OSLC4Net_SDK/OSLC4Net.Client/OSLC4Net.Client.csproj]
/app/OSLC4Net_SDK/OSLC4Net.Client/Oslc/Resources/QmConstants.cs(39,25): warning CS1591: Missing XML comment for publicly visible type or member 'QmConstants.TYPE_REQUIREMENT' [/app/OSLC4Net_SDK/OSLC4Net.Client/OSLC4Net.Client.csproj]
/app/OSLC4Net_SDK/OSLC4Net.Client/Oslc/Resources/QmConstants.cs(40,25): warning CS1591: Missing XML comment for publicly visible type or member 'QmConstants.TYPE_REQUIREMENT_COLLECTION' [/app/OSLC4Net_SDK/OSLC4Net.Client/OSLC4Net.Client.csproj]
/app/OSLC4Net_SDK/OSLC4Net.Client/Oslc/Resources/QmConstants.cs(41,25): warning CS1591: Missing XML comment for publicly visible type or member 'QmConstants.TYPE_TEST_CASE' [/app/OSLC4Net_SDK/OSLC4Net.Client/OSLC4Net.Client.csproj]
/app/OSLC4Net_SDK/OSLC4Net.Client/Oslc/Resources/QmConstants.cs(42,25): warning CS1591: Missing XML comment for publicly visible type or member 'QmConstants.TYPE_TEST_EXECUTION_RECORD' [/app/OSLC4Net_SDK/OSLC4Net.Client/OSLC4Net.Client.csproj]
/app/OSLC4Net_SDK/OSLC4Net.Client/Oslc/Resources/QmConstants.cs(43,25): warning CS1591: Missing XML comment for publicly visible type or member 'QmConstants.TYPE_TEST_PLAN' [/app/OSLC4Net_SDK/OSLC4Net.Client/OSLC4Net.Client.csproj]
/app/OSLC4Net_SDK/OSLC4Net.Client/Oslc/Resources/QmConstants.cs(44,25): warning CS1591: Missing XML comment for publicly visible type or member 'QmConstants.TYPE_TEST_RESULT' [/app/OSLC4Net_SDK/OSLC4Net.Client/OSLC4Net.Client.csproj]
/app/OSLC4Net_SDK/OSLC4Net.Client/Oslc/Resources/QmConstants.cs(45,25): warning CS1591: Missing XML comment for publicly visible type or member 'QmConstants.TYPE_TEST_SCRIPT' [/app/OSLC4Net_SDK/OSLC4Net.Client/OSLC4Net.Client.csproj]
/app/OSLC4Net_SDK/OSLC4Net.Client/Oslc/Resources/QmConstants.cs(47,25): warning CS1591: Missing XML comment for publicly visible type or member 'QmConstants.PATH_TEST_PLAN' [/app/OSLC4Net_SDK/OSLC4Net.Client/OSLC4Net.Client.csproj]
/app/OSLC4Net_SDK/OSLC4Net.Client/Oslc/Resources/QmConstants.cs(48,25): warning CS1591: Missing XML comment for publicly visible type or member 'QmConstants.PATH_TEST_CASE' [/app/OSLC4Net_SDK/OSLC4Net.Client/OSLC4Net.Client.csproj]
/app/OSLC4Net_SDK/OSLC4Net.Client/Oslc/Resources/QmConstants.cs(49,25): warning CS1591: Missing XML comment for publicly visible type or member 'QmConstants.PATH_TEST_SCRIPT' [/app/OSLC4Net_SDK/OSLC4Net.Client/OSLC4Net.Client.csproj]
/app/OSLC4Net_SDK/OSLC4Net.Client/Oslc/Resources/QmConstants.cs(50,25): warning CS1591: Missing XML comment for publicly visible type or member 'QmConstants.PATH_TEST_EXECUTION_RECORD' [/app/OSLC4Net_SDK/OSLC4Net.Client/OSLC4Net.Client.csproj]
/app/OSLC4Net_SDK/OSLC4Net.Client/Oslc/Resources/QmConstants.cs(51,25): warning CS1591: Missing XML comment for publicly visible type or member 'QmConstants.PATH_TEST_RESULT' [/app/OSLC4Net_SDK/OSLC4Net.Client/OSLC4Net.Client.csproj]
/app/OSLC4Net_SDK/OSLC4Net.Client/Oslc/Resources/QmConstants.cs(53,25): warning CS1591: Missing XML comment for publicly visible type or member 'QmConstants.USAGE_LIST' [/app/OSLC4Net_SDK/OSLC4Net.Client/OSLC4Net.Client.csproj]
/app/OSLC4Net_SDK/OSLC4Net.Client/Oslc/Resources/QmResource.cs(35,15): warning CS1591: Missing XML comment for publicly visible type or member 'QmResource.QmResource()' [/app/OSLC4Net_SDK/OSLC4Net.Client/OSLC4Net.Client.csproj]
/app/OSLC4Net_SDK/OSLC4Net.Client/Oslc/Resources/QmResource.cs(40,15): warning CS1591: Missing XML comment for publicly visible type or member 'QmResource.QmResource(Uri)' [/app/OSLC4Net_SDK/OSLC4Net.Client/OSLC4Net.Client.csproj]
/app/OSLC4Net_SDK/OSLC4Net.Client/Oslc/Resources/QmResource.cs(45,28): warning CS1591: Missing XML comment for publicly visible type or member 'QmResource.GetRdfType()' [/app/OSLC4Net_SDK/OSLC4Net.Client/OSLC4Net.Client.csproj]
/app/OSLC4Net_SDK/OSLC4Net.Client/Oslc/Resources/QmResource.cs(47,17): warning CS1591: Missing XML comment for publicly visible type or member 'QmResource.AddRdfType(Uri)' [/app/OSLC4Net_SDK/OSLC4Net.Client/OSLC4Net.Client.csproj]
/app/OSLC4Net_SDK/OSLC4Net.Client/Oslc/Resources/QmResource.cs(56,22): warning CS1591: Missing XML comment for publicly visible type or member 'QmResource.GetCreated()' [/app/OSLC4Net_SDK/OSLC4Net.Client/OSLC4Net.Client.csproj]
/app/OSLC4Net_SDK/OSLC4Net.Client/Oslc/Resources/QmResource.cs(67,19): warning CS1591: Missing XML comment for publicly visible type or member 'QmResource.GetIdentifier()' [/app/OSLC4Net_SDK/OSLC4Net.Client/OSLC4Net.Client.csproj]
/app/OSLC4Net_SDK/OSLC4Net.Client/Oslc/Resources/QmResource.cs(76,16): warning CS1591: Missing XML comment for publicly visible type or member 'QmResource.GetInstanceShape()' [/app/OSLC4Net_SDK/OSLC4Net.Client/OSLC4Net.Client.csproj]
/app/OSLC4Net_SDK/OSLC4Net.Client/Oslc/Resources/QmResource.cs(85,22): warning CS1591: Missing XML comment for publicly visible type or member 'QmResource.GetModified()' [/app/OSLC4Net_SDK/OSLC4Net.Client/OSLC4Net.Client.csproj]
/app/OSLC4Net_SDK/OSLC4Net.Client/Oslc/Resources/QmResource.cs(91,18): warning CS1591: Missing XML comment for publicly visible type or member 'QmResource.GetRdfTypes()' [/app/OSLC4Net_SDK/OSLC4Net.Client/OSLC4Net.Client.csproj]
/app/OSLC4Net_SDK/OSLC4Net.Client/Oslc/Resources/QmResource.cs(100,16): warning CS1591: Missing XML comment for publicly visible type or member 'QmResource.GetServiceProvider()' [/app/OSLC4Net_SDK/OSLC4Net.Client/OSLC4Net.Client.csproj]
/app/OSLC4Net_SDK/OSLC4Net.Client/Oslc/Resources/QmResource.cs(111,19): warning CS1591: Missing XML comment for publicly visible type or member 'QmResource.GetTitle()' [/app/OSLC4Net_SDK/OSLC4Net.Client/OSLC4Net.Client.csproj]
/app/OSLC4Net_SDK/OSLC4Net.Client/Oslc/Resources/QmResource.cs(116,17): warning CS1591: Missing XML comment for publicly visible type or member 'QmResource.SetCreated(DateTime?)' [/app/OSLC4Net_SDK/OSLC4Net.Client/OSLC4Net.Client.csproj]
/app/OSLC4Net_SDK/OSLC4Net.Client/Oslc/Resources/QmResource.cs(121,17): warning CS1591: Missing XML comment for publicly visible type or member 'QmResource.SetIdentifier(string)' [/app/OSLC4Net_SDK/OSLC4Net.Client/OSLC4Net.Client.csproj]
/app/OSLC4Net_SDK/OSLC4Net.Client/Oslc/Resources/QmResource.cs(126,17): warning CS1591: Missing XML comment for publicly visible type or member 'QmResource.SetInstanceShape(Uri)' [/app/OSLC4Net_SDK/OSLC4Net.Client/OSLC4Net.Client.csproj]
/app/OSLC4Net_SDK/OSLC4Net.Client/Oslc/Resources/QmResource.cs(131,17): warning CS1591: Missing XML comment for publicly visible type or member 'QmResource.SetModified(DateTime?)' [/app/OSLC4Net_SDK/OSLC4Net.Client/OSLC4Net.Client.csproj]
/app/OSLC4Net_SDK/OSLC4Net.Client/Oslc/Resources/QmResource.cs(137,17): warning CS1591: Missing XML comment for publicly visible type or member 'QmResource.SetRdfTypes(Uri[])' [/app/OSLC4Net_SDK/OSLC4Net.Client/OSLC4Net.Client.csproj]
/app/OSLC4Net_SDK/OSLC4Net.Client/Oslc/Resources/QmResource.cs(142,17): warning CS1591: Missing XML comment for publicly visible type or member 'QmResource.SetServiceProvider(Uri)' [/app/OSLC4Net_SDK/OSLC4Net.Client/OSLC4Net.Client.csproj]
/app/OSLC4Net_SDK/OSLC4Net.Client/Oslc/Resources/QmResource.cs(147,17): warning CS1591: Missing XML comment for publicly visible type or member 'QmResource.SetTitle(string)' [/app/OSLC4Net_SDK/OSLC4Net.Client/OSLC4Net.Client.csproj]
/app/OSLC4Net_SDK/OSLC4Net.Client/Oslc/Resources/Requirement.cs(28,12): warning CS1591: Missing XML comment for publicly visible type or member 'Requirement.Requirement()' [/app/OSLC4Net_SDK/OSLC4Net.Client/OSLC4Net.Client.csproj]
/app/OSLC4Net_SDK/OSLC4Net.Client/Oslc/Resources/Requirement.cs(33,12): warning CS1591: Missing XML comment for publicly visible type or member 'Requirement.Requirement(Uri)' [/app/OSLC4Net_SDK/OSLC4Net.Client/OSLC4Net.Client.csproj]
/app/OSLC4Net_SDK/OSLC4Net.Client/Oslc/Resources/RequirementBase.cs(18,23): warning CS1591: Missing XML comment for publicly visible type or member 'RequirementBase' [/app/OSLC4Net_SDK/OSLC4Net.Client/OSLC4Net.Client.csproj]
/app/OSLC4Net_SDK/OSLC4Net.Client/Oslc/Resources/RequirementBase.cs(57,34): warning CS1591: Missing XML comment for publicly visible type or member 'RequirementBase.RdfTypes' [/app/OSLC4Net_SDK/OSLC4Net.Client/OSLC4Net.Client.csproj]
/app/OSLC4Net_SDK/OSLC4Net.Client/Oslc/Resources/RequirementBase.cs(59,15): warning CS1591: Missing XML comment for publicly visible type or member 'RequirementBase.RequirementBase()' [/app/OSLC4Net_SDK/OSLC4Net.Client/OSLC4Net.Client.csproj]
/app/OSLC4Net_SDK/OSLC4Net.Client/Oslc/Resources/RequirementBase.cs(63,15): warning CS1591: Missing XML comment for publicly visible type or member 'RequirementBase.RequirementBase(Uri)' [/app/OSLC4Net_SDK/OSLC4Net.Client/OSLC4Net.Client.csproj]
/app/OSLC4Net_SDK/OSLC4Net.Client/Oslc/Resources/RequirementBase.cs(67,17): warning CS1591: Missing XML comment for publicly visible type or member 'RequirementBase.AddSubject(string)' [/app/OSLC4Net_SDK/OSLC4Net.Client/OSLC4Net.Client.csproj]
/app/OSLC4Net_SDK/OSLC4Net.Client/Oslc/Resources/RequirementBase.cs(72,17): warning CS1591: Missing XML comment for publicly visible type or member 'RequirementBase.AddConstrains(Link)' [/app/OSLC4Net_SDK/OSLC4Net.Client/OSLC4Net.Client.csproj]
/app/OSLC4Net_SDK/OSLC4Net.Client/Oslc/Resources/RequirementBase.cs(77,17): warning CS1591: Missing XML comment for publicly visible type or member 'RequirementBase.AddConstrainedBy(Link)' [/app/OSLC4Net_SDK/OSLC4Net.Client/OSLC4Net.Client.csproj]
/app/OSLC4Net_SDK/OSLC4Net.Client/Oslc/Resources/RequirementBase.cs(82,17): warning CS1591: Missing XML comment for publicly visible type or member 'RequirementBase.AddDecomposes(Link)' [/app/OSLC4Net_SDK/OSLC4Net.Client/OSLC4Net.Client.csproj]
/app/OSLC4Net_SDK/OSLC4Net.Client/Oslc/Resources/RequirementBase.cs(87,17): warning CS1591: Missing XML comment for publicly visible type or member 'RequirementBase.AddDecomposedBy(Link)' [/app/OSLC4Net_SDK/OSLC4Net.Client/OSLC4Net.Client.csproj]
/app/OSLC4Net_SDK/OSLC4Net.Client/Oslc/Resources/RequirementBase.cs(92,17): warning CS1591: Missing XML comment for publicly visible type or member 'RequirementBase.AddSatisfies(Link)' [/app/OSLC4Net_SDK/OSLC4Net.Client/OSLC4Net.Client.csproj]
/app/OSLC4Net_SDK/OSLC4Net.Client/Oslc/Resources/RequirementBase.cs(97,17): warning CS1591: Missing XML comment for publicly visible type or member 'RequirementBase.AddSatisfiedBy(Link)' [/app/OSLC4Net_SDK/OSLC4Net.Client/OSLC4Net.Client.csproj]
/app/OSLC4Net_SDK/OSLC4Net.Client/Oslc/Resources/RequirementBase.cs(102,17): warning CS1591: Missing XML comment for publicly visible type or member 'RequirementBase.AddValidatedBy(Link)' [/app/OSLC4Net_SDK/OSLC4Net.Client/OSLC4Net.Client.csproj]
/app/OSLC4Net_SDK/OSLC4Net.Client/Oslc/Resources/RequirementBase.cs(107,17): warning CS1591: Missing XML comment for publicly visible type or member 'RequirementBase.AddTrackedBy(Link)' [/app/OSLC4Net_SDK/OSLC4Net.Client/OSLC4Net.Client.csproj]
/app/OSLC4Net_SDK/OSLC4Net.Client/Oslc/Resources/RequirementBase.cs(112,17): warning CS1591: Missing XML comment for publicly visible type or member 'RequirementBase.AddImplementedBy(Link)' [/app/OSLC4Net_SDK/OSLC4Net.Client/OSLC4Net.Client.csproj]
/app/OSLC4Net_SDK/OSLC4Net.Client/Oslc/Resources/RequirementBase.cs(117,17): warning CS1591: Missing XML comment for publicly visible type or member 'RequirementBase.AddAffectedBy(Link)' [/app/OSLC4Net_SDK/OSLC4Net.Client/OSLC4Net.Client.csproj]
/app/OSLC4Net_SDK/OSLC4Net.Client/Oslc/Resources/RequirementBase.cs(122,17): warning CS1591: Missing XML comment for publicly visible type or member 'RequirementBase.AddElaboratedBy(Link)' [/app/OSLC4Net_SDK/OSLC4Net.Client/OSLC4Net.Client.csproj]
/app/OSLC4Net_SDK/OSLC4Net.Client/Oslc/Resources/RequirementBase.cs(127,17): warning CS1591: Missing XML comment for publicly visible type or member 'RequirementBase.AddElaborates(Link)' [/app/OSLC4Net_SDK/OSLC4Net.Client/OSLC4Net.Client.csproj]
/app/OSLC4Net_SDK/OSLC4Net.Client/Oslc/Resources/RequirementBase.cs(132,17): warning CS1591: Missing XML comment for publicly visible type or member 'RequirementBase.AddSpecifiedBy(Link)' [/app/OSLC4Net_SDK/OSLC4Net.Client/OSLC4Net.Client.csproj]
/app/OSLC4Net_SDK/OSLC4Net.Client/Oslc/Resources/RequirementBase.cs(137,17): warning CS1591: Missing XML comment for publicly visible type or member 'RequirementBase.AddSpecifies(Link)' [/app/OSLC4Net_SDK/OSLC4Net.Client/OSLC4Net.Client.csproj]
/app/OSLC4Net_SDK/OSLC4Net.Client/Oslc/Resources/RequirementBase.cs(142,17): warning CS1591: Missing XML comment for publicly visible type or member 'RequirementBase.AddContributor(Uri)' [/app/OSLC4Net_SDK/OSLC4Net.Client/OSLC4Net.Client.csproj]
/app/OSLC4Net_SDK/OSLC4Net.Client/Oslc/Resources/RequirementBase.cs(147,17): warning CS1591: Missing XML comment for publicly visible type or member 'RequirementBase.AddCreator(Uri)' [/app/OSLC4Net_SDK/OSLC4Net.Client/OSLC4Net.Client.csproj]
/app/OSLC4Net_SDK/OSLC4Net.Client/Oslc/Resources/RequirementBase.cs(152,17): warning CS1591: Missing XML comment for publicly visible type or member 'RequirementBase.AddRdfType(Uri)' [/app/OSLC4Net_SDK/OSLC4Net.Client/OSLC4Net.Client.csproj]
/app/OSLC4Net_SDK/OSLC4Net.Client/Oslc/Resources/RequirementBase.cs(163,21): warning CS1591: Missing XML comment for publicly visible type or member 'RequirementBase.GetSubjects()' [/app/OSLC4Net_SDK/OSLC4Net.Client/OSLC4Net.Client.csproj]
/app/OSLC4Net_SDK/OSLC4Net.Client/Oslc/Resources/RequirementBase.cs(174,19): warning CS1591: Missing XML comment for publicly visible type or member 'RequirementBase.GetElaboratedBy()' [/app/OSLC4Net_SDK/OSLC4Net.Client/OSLC4Net.Client.csproj]
/app/OSLC4Net_SDK/OSLC4Net.Client/Oslc/Resources/RequirementBase.cs(185,19): warning CS1591: Missing XML comment for publicly visible type or member 'RequirementBase.GetElaborates()' [/app/OSLC4Net_SDK/OSLC4Net.Client/OSLC4Net.Client.csproj]
/app/OSLC4Net_SDK/OSLC4Net.Client/Oslc/Resources/RequirementBase.cs(196,19): warning CS1591: Missing XML comment for publicly visible type or member 'RequirementBase.GetSpecifiedBy()' [/app/OSLC4Net_SDK/OSLC4Net.Client/OSLC4Net.Client.csproj]
/app/OSLC4Net_SDK/OSLC4Net.Client/Oslc/Resources/RequirementBase.cs(207,19): warning CS1591: Missing XML comment for publicly visible type or member 'RequirementBase.GetSpecifies()' [/app/OSLC4Net_SDK/OSLC4Net.Client/OSLC4Net.Client.csproj]
/app/OSLC4Net_SDK/OSLC4Net.Client/Oslc/Resources/RequirementBase.cs(218,19): warning CS1591: Missing XML comment for publicly visible type or member 'RequirementBase.GetImplementedBy()' [/app/OSLC4Net_SDK/OSLC4Net.Client/OSLC4Net.Client.csproj]
/app/OSLC4Net_SDK/OSLC4Net.Client/Oslc/Resources/RequirementBase.cs(229,19): warning CS1591: Missing XML comment for publicly visible type or member 'RequirementBase.GetAffectedBy()' [/app/OSLC4Net_SDK/OSLC4Net.Client/OSLC4Net.Client.csproj]
/app/OSLC4Net_SDK/OSLC4Net.Client/Oslc/Resources/RequirementBase.cs(240,19): warning CS1591: Missing XML comment for publicly visible type or member 'RequirementBase.GetTrackedBy()' [/app/OSLC4Net_SDK/OSLC4Net.Client/OSLC4Net.Client.csproj]
/app/OSLC4Net_SDK/OSLC4Net.Client/Oslc/Resources/RequirementBase.cs(251,19): warning CS1591: Missing XML comment for publicly visible type or member 'RequirementBase.GetValidatedBy()' [/app/OSLC4Net_SDK/OSLC4Net.Client/OSLC4Net.Client.csproj]
/app/OSLC4Net_SDK/OSLC4Net.Client/Oslc/Resources/RequirementBase.cs(262,19): warning CS1591: Missing XML comment for publicly visible type or member 'RequirementBase.GetSatisfiedBy()' [/app/OSLC4Net_SDK/OSLC4Net.Client/OSLC4Net.Client.csproj]
/app/OSLC4Net_SDK/OSLC4Net.Client/Oslc/Resources/RequirementBase.cs(273,19): warning CS1591: Missing XML comment for publicly visible type or member 'RequirementBase.GetSatisfies()' [/app/OSLC4Net_SDK/OSLC4Net.Client/OSLC4Net.Client.csproj]
/app/OSLC4Net_SDK/OSLC4Net.Client/Oslc/Resources/RequirementBase.cs(284,19): warning CS1591: Missing XML comment for publicly visible type or member 'RequirementBase.GetDecomposedBy()' [/app/OSLC4Net_SDK/OSLC4Net.Client/OSLC4Net.Client.csproj]
/app/OSLC4Net_SDK/OSLC4Net.Client/Oslc/Resources/RequirementBase.cs(295,19): warning CS1591: Missing XML comment for publicly visible type or member 'RequirementBase.GetDecomposes()' [/app/OSLC4Net_SDK/OSLC4Net.Client/OSLC4Net.Client.csproj]
/app/OSLC4Net_SDK/OSLC4Net.Client/Oslc/Resources/RequirementBase.cs(306,19): warning CS1591: Missing XML comment for publicly visible type or member 'RequirementBase.GetConstrainedBy()' [/app/OSLC4Net_SDK/OSLC4Net.Client/OSLC4Net.Client.csproj]
/app/OSLC4Net_SDK/OSLC4Net.Client/Oslc/Resources/RequirementBase.cs(317,19): warning CS1591: Missing XML comment for publicly visible type or member 'RequirementBase.GetConstrains()' [/app/OSLC4Net_SDK/OSLC4Net.Client/OSLC4Net.Client.csproj]
/app/OSLC4Net_SDK/OSLC4Net.Client/Oslc/Resources/RequirementBase.cs(327,18): warning CS1591: Missing XML comment for publicly visible type or member 'RequirementBase.GetContributors()' [/app/OSLC4Net_SDK/OSLC4Net.Client/OSLC4Net.Client.csproj]
/app/OSLC4Net_SDK/OSLC4Net.Client/Oslc/Resources/RequirementBase.cs(336,22): warning CS1591: Missing XML comment for publicly visible type or member 'RequirementBase.GetCreated()' [/app/OSLC4Net_SDK/OSLC4Net.Client/OSLC4Net.Client.csproj]
/app/OSLC4Net_SDK/OSLC4Net.Client/Oslc/Resources/RequirementBase.cs(346,18): warning CS1591: Missing XML comment for publicly visible type or member 'RequirementBase.GetCreators()' [/app/OSLC4Net_SDK/OSLC4Net.Client/OSLC4Net.Client.csproj]
/app/OSLC4Net_SDK/OSLC4Net.Client/Oslc/Resources/RequirementBase.cs(356,20): warning CS1591: Missing XML comment for publicly visible type or member 'RequirementBase.GetDescription()' [/app/OSLC4Net_SDK/OSLC4Net.Client/OSLC4Net.Client.csproj]
/app/OSLC4Net_SDK/OSLC4Net.Client/Oslc/Resources/RequirementBase.cs(367,20): warning CS1591: Missing XML comment for publicly visible type or member 'RequirementBase.GetIdentifier()' [/app/OSLC4Net_SDK/OSLC4Net.Client/OSLC4Net.Client.csproj]
/app/OSLC4Net_SDK/OSLC4Net.Client/Oslc/Resources/RequirementBase.cs(376,17): warning CS1591: Missing XML comment for publicly visible type or member 'RequirementBase.GetInstanceShape()' [/app/OSLC4Net_SDK/OSLC4Net.Client/OSLC4Net.Client.csproj]
/app/OSLC4Net_SDK/OSLC4Net.Client/Oslc/Resources/RequirementBase.cs(385,22): warning CS1591: Missing XML comment for publicly visible type or member 'RequirementBase.GetModified()' [/app/OSLC4Net_SDK/OSLC4Net.Client/OSLC4Net.Client.csproj]
/app/OSLC4Net_SDK/OSLC4Net.Client/Oslc/Resources/RequirementBase.cs(391,18): warning CS1591: Missing XML comment for publicly visible type or member 'RequirementBase.GetRdfTypes()' [/app/OSLC4Net_SDK/OSLC4Net.Client/OSLC4Net.Client.csproj]
/app/OSLC4Net_SDK/OSLC4Net.Client/Oslc/Resources/RequirementBase.cs(400,17): warning CS1591: Missing XML comment for publicly visible type or member 'RequirementBase.GetServiceProvider()' [/app/OSLC4Net_SDK/OSLC4Net.Client/OSLC4Net.Client.csproj]
/app/OSLC4Net_SDK/OSLC4Net.Client/Oslc/Resources/RequirementBase.cs(410,20): warning CS1591: Missing XML comment for publicly visible type or member 'RequirementBase.GetShortTitle()' [/app/OSLC4Net_SDK/OSLC4Net.Client/OSLC4Net.Client.csproj]
/app/OSLC4Net_SDK/OSLC4Net.Client/Oslc/Resources/RequirementBase.cs(421,20): warning CS1591: Missing XML comment for publicly visible type or member 'RequirementBase.GetTitle()' [/app/OSLC4Net_SDK/OSLC4Net.Client/OSLC4Net.Client.csproj]
/app/OSLC4Net_SDK/OSLC4Net.Client/Oslc/Resources/RequirementBase.cs(426,17): warning CS1591: Missing XML comment for publicly visible type or member 'RequirementBase.SetConstrains(Link[])' [/app/OSLC4Net_SDK/OSLC4Net.Client/OSLC4Net.Client.csproj]
/app/OSLC4Net_SDK/OSLC4Net.Client/Oslc/Resources/RequirementBase.cs(436,17): warning CS1591: Missing XML comment for publicly visible type or member 'RequirementBase.SetConstrainedBy(Link[])' [/app/OSLC4Net_SDK/OSLC4Net.Client/OSLC4Net.Client.csproj]
/app/OSLC4Net_SDK/OSLC4Net.Client/Oslc/Resources/RequirementBase.cs(446,17): warning CS1591: Missing XML comment for publicly visible type or member 'RequirementBase.SetDecomposes(Link[])' [/app/OSLC4Net_SDK/OSLC4Net.Client/OSLC4Net.Client.csproj]
/app/OSLC4Net_SDK/OSLC4Net.Client/Oslc/Resources/RequirementBase.cs(456,17): warning CS1591: Missing XML comment for publicly visible type or member 'RequirementBase.SetDecomposedBy(Link[])' [/app/OSLC4Net_SDK/OSLC4Net.Client/OSLC4Net.Client.csproj]
/app/OSLC4Net_SDK/OSLC4Net.Client/Oslc/Resources/RequirementBase.cs(466,17): warning CS1591: Missing XML comment for publicly visible type or member 'RequirementBase.SetSatisfies(Link[])' [/app/OSLC4Net_SDK/OSLC4Net.Client/OSLC4Net.Client.csproj]
/app/OSLC4Net_SDK/OSLC4Net.Client/Oslc/Resources/RequirementBase.cs(476,17): warning CS1591: Missing XML comment for publicly visible type or member 'RequirementBase.SetSatisfiedBy(Link[])' [/app/OSLC4Net_SDK/OSLC4Net.Client/OSLC4Net.Client.csproj]
/app/OSLC4Net_SDK/OSLC4Net.Client/Oslc/Resources/RequirementBase.cs(486,17): warning CS1591: Missing XML comment for publicly visible type or member 'RequirementBase.SetValidatedBy(Link[])' [/app/OSLC4Net_SDK/OSLC4Net.Client/OSLC4Net.Client.csproj]
/app/OSLC4Net_SDK/OSLC4Net.Client/Oslc/Resources/RequirementBase.cs(496,17): warning CS1591: Missing XML comment for publicly visible type or member 'RequirementBase.SetTrackedBy(Link[])' [/app/OSLC4Net_SDK/OSLC4Net.Client/OSLC4Net.Client.csproj]
/app/OSLC4Net_SDK/OSLC4Net.Client/Oslc/Resources/RequirementBase.cs(506,17): warning CS1591: Missing XML comment for publicly visible type or member 'RequirementBase.SetAffectedBy(Link[])' [/app/OSLC4Net_SDK/OSLC4Net.Client/OSLC4Net.Client.csproj]
/app/OSLC4Net_SDK/OSLC4Net.Client/Oslc/Resources/RequirementBase.cs(516,17): warning CS1591: Missing XML comment for publicly visible type or member 'RequirementBase.SetImplementedBy(Link[])' [/app/OSLC4Net_SDK/OSLC4Net.Client/OSLC4Net.Client.csproj]
/app/OSLC4Net_SDK/OSLC4Net.Client/Oslc/Resources/RequirementBase.cs(526,17): warning CS1591: Missing XML comment for publicly visible type or member 'RequirementBase.SetElaboratedBy(Link[])' [/app/OSLC4Net_SDK/OSLC4Net.Client/OSLC4Net.Client.csproj]
/app/OSLC4Net_SDK/OSLC4Net.Client/Oslc/Resources/RequirementBase.cs(536,17): warning CS1591: Missing XML comment for publicly visible type or member 'RequirementBase.SetElaborates(Link[])' [/app/OSLC4Net_SDK/OSLC4Net.Client/OSLC4Net.Client.csproj]
/app/OSLC4Net_SDK/OSLC4Net.Client/Oslc/Resources/RequirementBase.cs(546,17): warning CS1591: Missing XML comment for publicly visible type or member 'RequirementBase.SetSpecifiedBy(Link[])' [/app/OSLC4Net_SDK/OSLC4Net.Client/OSLC4Net.Client.csproj]
/app/OSLC4Net_SDK/OSLC4Net.Client/Oslc/Resources/RequirementBase.cs(556,17): warning CS1591: Missing XML comment for publicly visible type or member 'RequirementBase.SetSpecifies(Link[])' [/app/OSLC4Net_SDK/OSLC4Net.Client/OSLC4Net.Client.csproj]
/app/OSLC4Net_SDK/OSLC4Net.Client/Oslc/Resources/RequirementBase.cs(566,17): warning CS1591: Missing XML comment for publicly visible type or member 'RequirementBase.SetContributors(Uri[])' [/app/OSLC4Net_SDK/OSLC4Net.Client/OSLC4Net.Client.csproj]
/app/OSLC4Net_SDK/OSLC4Net.Client/Oslc/Resources/RequirementBase.cs(576,17): warning CS1591: Missing XML comment for publicly visible type or member 'RequirementBase.SetCreated(DateTime?)' [/app/OSLC4Net_SDK/OSLC4Net.Client/OSLC4Net.Client.csproj]
/app/OSLC4Net_SDK/OSLC4Net.Client/Oslc/Resources/RequirementBase.cs(581,17): warning CS1591: Missing XML comment for publicly visible type or member 'RequirementBase.SetCreators(Uri[])' [/app/OSLC4Net_SDK/OSLC4Net.Client/OSLC4Net.Client.csproj]
/app/OSLC4Net_SDK/OSLC4Net.Client/Oslc/Resources/RequirementBase.cs(591,17): warning CS1591: Missing XML comment for publicly visible type or member 'RequirementBase.SetDescription(string?)' [/app/OSLC4Net_SDK/OSLC4Net.Client/OSLC4Net.Client.csproj]
/app/OSLC4Net_SDK/OSLC4Net.Client/Oslc/Resources/RequirementBase.cs(596,17): warning CS1591: Missing XML comment for publicly visible type or member 'RequirementBase.SetIdentifier(string?)' [/app/OSLC4Net_SDK/OSLC4Net.Client/OSLC4Net.Client.csproj]
/app/OSLC4Net_SDK/OSLC4Net.Client/Oslc/Resources/RequirementBase.cs(601,17): warning CS1591: Missing XML comment for publicly visible type or member 'RequirementBase.SetInstanceShape(Uri?)' [/app/OSLC4Net_SDK/OSLC4Net.Client/OSLC4Net.Client.csproj]
/app/OSLC4Net_SDK/OSLC4Net.Client/Oslc/Resources/RequirementBase.cs(606,17): warning CS1591: Missing XML comment for publicly visible type or member 'RequirementBase.SetModified(DateTime?)' [/app/OSLC4Net_SDK/OSLC4Net.Client/OSLC4Net.Client.csproj]
/app/OSLC4Net_SDK/OSLC4Net.Client/Oslc/Resources/RequirementBase.cs(612,17): warning CS1591: Missing XML comment for publicly visible type or member 'RequirementBase.SetRdfTypes(Uri[])' [/app/OSLC4Net_SDK/OSLC4Net.Client/OSLC4Net.Client.csproj]
/app/OSLC4Net_SDK/OSLC4Net.Client/Oslc/Resources/RequirementBase.cs(617,17): warning CS1591: Missing XML comment for publicly visible type or member 'RequirementBase.SetServiceProvider(Uri?)' [/app/OSLC4Net_SDK/OSLC4Net.Client/OSLC4Net.Client.csproj]
/app/OSLC4Net_SDK/OSLC4Net.Client/Oslc/Resources/RequirementBase.cs(622,17): warning CS1591: Missing XML comment for publicly visible type or member 'RequirementBase.SetShortTitle(string?)' [/app/OSLC4Net_SDK/OSLC4Net.Client/OSLC4Net.Client.csproj]
/app/OSLC4Net_SDK/OSLC4Net.Client/Oslc/Resources/RequirementBase.cs(627,17): warning CS1591: Missing XML comment for publicly visible type or member 'RequirementBase.SetTitle(string?)' [/app/OSLC4Net_SDK/OSLC4Net.Client/OSLC4Net.Client.csproj]
/app/OSLC4Net_SDK/OSLC4Net.Client/Oslc/Resources/RequirementBase.cs(632,17): warning CS1591: Missing XML comment for publicly visible type or member 'RequirementBase.SetSubjects(string[])' [/app/OSLC4Net_SDK/OSLC4Net.Client/OSLC4Net.Client.csproj]
/app/OSLC4Net_SDK/OSLC4Net.Client/Oslc/Resources/RequirementCollection.cs(34,12): warning CS1591: Missing XML comment for publicly visible type or member 'RequirementCollection.RequirementCollection()' [/app/OSLC4Net_SDK/OSLC4Net.Client/OSLC4Net.Client.csproj]
/app/OSLC4Net_SDK/OSLC4Net.Client/Oslc/Resources/RequirementCollection.cs(39,12): warning CS1591: Missing XML comment for publicly visible type or member 'RequirementCollection.RequirementCollection(Uri)' [/app/OSLC4Net_SDK/OSLC4Net.Client/OSLC4Net.Client.csproj]
/app/OSLC4Net_SDK/OSLC4Net.Client/Oslc/Resources/RequirementCollection.cs(44,17): warning CS1591: Missing XML comment for publicly visible type or member 'RequirementCollection.AddUses(Uri)' [/app/OSLC4Net_SDK/OSLC4Net.Client/OSLC4Net.Client.csproj]
/app/OSLC4Net_SDK/OSLC4Net.Client/Oslc/Resources/RequirementCollection.cs(54,18): warning CS1591: Missing XML comment for publicly visible type or member 'RequirementCollection.GetUses()' [/app/OSLC4Net_SDK/OSLC4Net.Client/OSLC4Net.Client.csproj]
/app/OSLC4Net_SDK/OSLC4Net.Client/Oslc/Resources/RequirementCollection.cs(59,17): warning CS1591: Missing XML comment for publicly visible type or member 'RequirementCollection.SetUses(Uri[])' [/app/OSLC4Net_SDK/OSLC4Net.Client/OSLC4Net.Client.csproj]
/app/OSLC4Net_SDK/OSLC4Net.Client/Oslc/Resources/RmConstants.cs(21,21): warning CS1591: Missing XML comment for publicly visible type or member 'RmConstants' [/app/OSLC4Net_SDK/OSLC4Net.Client/OSLC4Net.Client.csproj]
/app/OSLC4Net_SDK/OSLC4Net.Client/Oslc/Resources/RmConstants.cs(23,25): warning CS1591: Missing XML comment for publicly visible type or member 'RmConstants.REQUIREMENTS_MANAGEMENT_DOMAIN' [/app/OSLC4Net_SDK/OSLC4Net.Client/OSLC4Net.Client.csproj]
/app/OSLC4Net_SDK/OSLC4Net.Client/Oslc/Resources/RmConstants.cs(24,25): warning CS1591: Missing XML comment for publicly visible type or member 'RmConstants.REQUIREMENTS_MANAGEMENT_NAMESPACE' [/app/OSLC4Net_SDK/OSLC4Net.Client/OSLC4Net.Client.csproj]
/app/OSLC4Net_SDK/OSLC4Net.Client/Oslc/Resources/RmConstants.cs(26,25): warning CS1591: Missing XML comment for publicly visible type or member 'RmConstants.REQUIREMENTS_MANAGEMENT_PREFIX' [/app/OSLC4Net_SDK/OSLC4Net.Client/OSLC4Net.Client.csproj]
/app/OSLC4Net_SDK/OSLC4Net.Client/Oslc/Resources/RmConstants.cs(27,25): warning CS1591: Missing XML comment for publicly visible type or member 'RmConstants.SOFTWARE_CONFIGURATION_MANAGEMENT_PREFIX' [/app/OSLC4Net_SDK/OSLC4Net.Client/OSLC4Net.Client.csproj]
/app/OSLC4Net_SDK/OSLC4Net.Client/Oslc/Resources/RmConstants.cs(28,25): warning CS1591: Missing XML comment for publicly visible type or member 'RmConstants.QUALITY_MANAGEMENT_PREFIX' [/app/OSLC4Net_SDK/OSLC4Net.Client/OSLC4Net.Client.csproj]
/app/OSLC4Net_SDK/OSLC4Net.Client/Oslc/Resources/RmConstants.cs(30,25): warning CS1591: Missing XML comment for publicly visible type or member 'RmConstants.FOAF_NAMESPACE' [/app/OSLC4Net_SDK/OSLC4Net.Client/OSLC4Net.Client.csproj]
/app/OSLC4Net_SDK/OSLC4Net.Client/Oslc/Resources/RmConstants.cs(31,25): warning CS1591: Missing XML comment for publicly visible type or member 'RmConstants.FOAF_NAMESPACE_PREFIX' [/app/OSLC4Net_SDK/OSLC4Net.Client/OSLC4Net.Client.csproj]
/app/OSLC4Net_SDK/OSLC4Net.Client/Oslc/Resources/RmConstants.cs(33,25): warning CS1591: Missing XML comment for publicly visible type or member 'RmConstants.TYPE_DISCUSSION' [/app/OSLC4Net_SDK/OSLC4Net.Client/OSLC4Net.Client.csproj]
/app/OSLC4Net_SDK/OSLC4Net.Client/Oslc/Resources/RmConstants.cs(34,25): warning CS1591: Missing XML comment for publicly visible type or member 'RmConstants.TYPE_PERSON' [/app/OSLC4Net_SDK/OSLC4Net.Client/OSLC4Net.Client.csproj]
/app/OSLC4Net_SDK/OSLC4Net.Client/Oslc/Resources/RmConstants.cs(35,25): warning CS1591: Missing XML comment for publicly visible type or member 'RmConstants.TYPE_REQUIREMENT' [/app/OSLC4Net_SDK/OSLC4Net.Client/OSLC4Net.Client.csproj]
/app/OSLC4Net_SDK/OSLC4Net.Client/Oslc/Resources/RmConstants.cs(36,25): warning CS1591: Missing XML comment for publicly visible type or member 'RmConstants.TYPE_REQUIREMENT_COLLECTION' [/app/OSLC4Net_SDK/OSLC4Net.Client/OSLC4Net.Client.csproj]
/app/OSLC4Net_SDK/OSLC4Net.Client/Oslc/Resources/RmConstants.cs(38,25): warning CS1591: Missing XML comment for publicly visible type or member 'RmConstants.JAZZ_RM_NAMESPACE' [/app/OSLC4Net_SDK/OSLC4Net.Client/OSLC4Net.Client.csproj]
/app/OSLC4Net_SDK/OSLC4Net.Client/Oslc/Resources/RmConstants.cs(39,25): warning CS1591: Missing XML comment for publicly visible type or member 'RmConstants.JAZZ_RM_NAV_NAMESPACE' [/app/OSLC4Net_SDK/OSLC4Net.Client/OSLC4Net.Client.csproj]
/app/OSLC4Net_SDK/OSLC4Net.Client/Oslc/Resources/RmConstants.cs(40,25): warning CS1591: Missing XML comment for publicly visible type or member 'RmConstants.JAZZ_RM_ACCESS_NAMESPACE' [/app/OSLC4Net_SDK/OSLC4Net.Client/OSLC4Net.Client.csproj]
/app/OSLC4Net_SDK/OSLC4Net.Client/Oslc/Resources/RmConstants.cs(42,34): warning CS1591: Missing XML comment for publicly visible type or member 'RmConstants.PROPERTY_PRIMARY_TEXT' [/app/OSLC4Net_SDK/OSLC4Net.Client/OSLC4Net.Client.csproj]
/app/OSLC4Net_SDK/OSLC4Net.Client/Oslc/Resources/RmConstants.cs(43,34): warning CS1591: Missing XML comment for publicly visible type or member 'RmConstants.PROPERTY_PARENT_FOLDER' [/app/OSLC4Net_SDK/OSLC4Net.Client/OSLC4Net.Client.csproj]
/app/OSLC4Net_SDK/OSLC4Net.Client/Oslc/Resources/RmConstants.cs(45,34): warning CS1591: Missing XML comment for publicly visible type or member 'RmConstants.PROPERTY_ACCESS_CONTROL' [/app/OSLC4Net_SDK/OSLC4Net.Client/OSLC4Net.Client.csproj]
/app/OSLC4Net_SDK/OSLC4Net.Client/Oslc/Resources/RmConstants.cs(48,25): warning CS1591: Missing XML comment for publicly visible type or member 'RmConstants.NAMESPACE_URI_XHTML' [/app/OSLC4Net_SDK/OSLC4Net.Client/OSLC4Net.Client.csproj]
/app/OSLC4Net_SDK/OSLC4Net.Client/Oslc/Resources/RmUtil.cs(22,21): warning CS1591: Missing XML comment for publicly visible type or member 'RmUtil' [/app/OSLC4Net_SDK/OSLC4Net.Client/OSLC4Net.Client.csproj]
/app/OSLC4Net_SDK/OSLC4Net.Client/Oslc/Resources/RmUtil.cs(24,46): warning CS1591: Missing XML comment for publicly visible type or member 'RmUtil.LookupRequirementsInstanceShapesAsync(string, string, string, OslcClient, string)' [/app/OSLC4Net_SDK/OSLC4Net.Client/OSLC4Net.Client.csproj]
/app/OSLC4Net_SDK/OSLC4Net.Client/Oslc/Resources/RmUtil.cs(89,28): warning CS1591: Missing XML comment for publicly visible type or member 'RmUtil.ConvertStringToHTML(string)' [/app/OSLC4Net_SDK/OSLC4Net.Client/OSLC4Net.Client.csproj]
/app/OSLC4Net_SDK/OSLC4Net.Client/Oslc/Resources/TestCase.cs(40,12): warning CS1591: Missing XML comment for publicly visible type or member 'TestCase.TestCase()' [/app/OSLC4Net_SDK/OSLC4Net.Client/OSLC4Net.Client.csproj]
/app/OSLC4Net_SDK/OSLC4Net.Client/Oslc/Resources/TestCase.cs(44,28): warning CS1591: Missing XML comment for publicly visible type or member 'TestCase.GetRdfType()' [/app/OSLC4Net_SDK/OSLC4Net.Client/OSLC4Net.Client.csproj]
/app/OSLC4Net_SDK/OSLC4Net.Client/Oslc/Resources/TestCase.cs(49,17): warning CS1591: Missing XML comment for publicly visible type or member 'TestCase.AddContributor(Uri)' [/app/OSLC4Net_SDK/OSLC4Net.Client/OSLC4Net.Client.csproj]
/app/OSLC4Net_SDK/OSLC4Net.Client/Oslc/Resources/TestCase.cs(54,17): warning CS1591: Missing XML comment for publicly visible type or member 'TestCase.AddCreator(Uri)' [/app/OSLC4Net_SDK/OSLC4Net.Client/OSLC4Net.Client.csproj]
/app/OSLC4Net_SDK/OSLC4Net.Client/Oslc/Resources/TestCase.cs(59,17): warning CS1591: Missing XML comment for publicly visible type or member 'TestCase.AddRelatedChangeRequest(Link)' [/app/OSLC4Net_SDK/OSLC4Net.Client/OSLC4Net.Client.csproj]
/app/OSLC4Net_SDK/OSLC4Net.Client/Oslc/Resources/TestCase.cs(64,17): warning CS1591: Missing XML comment for publicly visible type or member 'TestCase.AddSubject(string)' [/app/OSLC4Net_SDK/OSLC4Net.Client/OSLC4Net.Client.csproj]
/app/OSLC4Net_SDK/OSLC4Net.Client/Oslc/Resources/TestCase.cs(69,17): warning CS1591: Missing XML comment for publicly visible type or member 'TestCase.AddTestsChangeRequest(Link)' [/app/OSLC4Net_SDK/OSLC4Net.Client/OSLC4Net.Client.csproj]
/app/OSLC4Net_SDK/OSLC4Net.Client/Oslc/Resources/TestCase.cs(74,17): warning CS1591: Missing XML comment for publicly visible type or member 'TestCase.AddUsesTestScript(Link)' [/app/OSLC4Net_SDK/OSLC4Net.Client/OSLC4Net.Client.csproj]
/app/OSLC4Net_SDK/OSLC4Net.Client/Oslc/Resources/TestCase.cs(79,17): warning CS1591: Missing XML comment for publicly visible type or member 'TestCase.AddValidatesRequirement(Link)' [/app/OSLC4Net_SDK/OSLC4Net.Client/OSLC4Net.Client.csproj]
/app/OSLC4Net_SDK/OSLC4Net.Client/Oslc/Resources/TestCase.cs(89,18): warning CS1591: Missing XML comment for publicly visible type or member 'TestCase.GetContributors()' [/app/OSLC4Net_SDK/OSLC4Net.Client/OSLC4Net.Client.csproj]
/app/OSLC4Net_SDK/OSLC4Net.Client/Oslc/Resources/TestCase.cs(99,18): warning CS1591: Missing XML comment for publicly visible type or member 'TestCase.GetCreators()' [/app/OSLC4Net_SDK/OSLC4Net.Client/OSLC4Net.Client.csproj]
/app/OSLC4Net_SDK/OSLC4Net.Client/Oslc/Resources/TestCase.cs(109,19): warning CS1591: Missing XML comment for publicly visible type or member 'TestCase.GetDescription()' [/app/OSLC4Net_SDK/OSLC4Net.Client/OSLC4Net.Client.csproj]
/app/OSLC4Net_SDK/OSLC4Net.Client/Oslc/Resources/TestCase.cs(120,19): warning CS1591: Missing XML comment for publicly visible type or member 'TestCase.GetRelatedChangeRequests()' [/app/OSLC4Net_SDK/OSLC4Net.Client/OSLC4Net.Client.csproj]
/app/OSLC4Net_SDK/OSLC4Net.Client/Oslc/Resources/TestCase.cs(131,21): warning CS1591: Missing XML comment for publicly visible type or member 'TestCase.GetSubjects()' [/app/OSLC4Net_SDK/OSLC4Net.Client/OSLC4Net.Client.csproj]
/app/OSLC4Net_SDK/OSLC4Net.Client/Oslc/Resources/TestCase.cs(142,19): warning CS1591: Missing XML comment for publicly visible type or member 'TestCase.GetTestsChangeRequests()' [/app/OSLC4Net_SDK/OSLC4Net.Client/OSLC4Net.Client.csproj]
/app/OSLC4Net_SDK/OSLC4Net.Client/Oslc/Resources/TestCase.cs(153,19): warning CS1591: Missing XML comment for publicly visible type or member 'TestCase.GetUsesTestScripts()' [/app/OSLC4Net_SDK/OSLC4Net.Client/OSLC4Net.Client.csproj]
/app/OSLC4Net_SDK/OSLC4Net.Client/Oslc/Resources/TestCase.cs(164,19): warning CS1591: Missing XML comment for publicly visible type or member 'TestCase.GetValidatesRequirements()' [/app/OSLC4Net_SDK/OSLC4Net.Client/OSLC4Net.Client.csproj]
/app/OSLC4Net_SDK/OSLC4Net.Client/Oslc/Resources/TestCase.cs(169,17): warning CS1591: Missing XML comment for publicly visible type or member 'TestCase.SetContributors(Uri[])' [/app/OSLC4Net_SDK/OSLC4Net.Client/OSLC4Net.Client.csproj]
/app/OSLC4Net_SDK/OSLC4Net.Client/Oslc/Resources/TestCase.cs(179,17): warning CS1591: Missing XML comment for publicly visible type or member 'TestCase.SetCreators(Uri[])' [/app/OSLC4Net_SDK/OSLC4Net.Client/OSLC4Net.Client.csproj]
/app/OSLC4Net_SDK/OSLC4Net.Client/Oslc/Resources/TestCase.cs(189,17): warning CS1591: Missing XML comment for publicly visible type or member 'TestCase.SetDescription(string)' [/app/OSLC4Net_SDK/OSLC4Net.Client/OSLC4Net.Client.csproj]
/app/OSLC4Net_SDK/OSLC4Net.Client/Oslc/Resources/TestCase.cs(194,17): warning CS1591: Missing XML comment for publicly visible type or member 'TestCase.SetRelatedChangeRequests(Link[])' [/app/OSLC4Net_SDK/OSLC4Net.Client/OSLC4Net.Client.csproj]
/app/OSLC4Net_SDK/OSLC4Net.Client/Oslc/Resources/TestCase.cs(204,17): warning CS1591: Missing XML comment for publicly visible type or member 'TestCase.SetSubjects(string[])' [/app/OSLC4Net_SDK/OSLC4Net.Client/OSLC4Net.Client.csproj]
/app/OSLC4Net_SDK/OSLC4Net.Client/Oslc/Resources/TestCase.cs(214,17): warning CS1591: Missing XML comment for publicly visible type or member 'TestCase.SetTestsChangeRequests(Link[])' [/app/OSLC4Net_SDK/OSLC4Net.Client/OSLC4Net.Client.csproj]
/app/OSLC4Net_SDK/OSLC4Net.Client/Oslc/Resources/TestCase.cs(224,17): warning CS1591: Missing XML comment for publicly visible type or member 'TestCase.SetUsesTestScripts(Link[])' [/app/OSLC4Net_SDK/OSLC4Net.Client/OSLC4Net.Client.csproj]
/app/OSLC4Net_SDK/OSLC4Net.Client/Oslc/Resources/TestCase.cs(234,17): warning CS1591: Missing XML comment for publicly visible type or member 'TestCase.SetValidatesRequirements(Link[])' [/app/OSLC4Net_SDK/OSLC4Net.Client/OSLC4Net.Client.csproj]
/app/OSLC4Net_SDK/OSLC4Net.Client/Oslc/Resources/TestExecutionRecord.cs(39,12): warning CS1591: Missing XML comment for publicly visible type or member 'TestExecutionRecord.TestExecutionRecord()' [/app/OSLC4Net_SDK/OSLC4Net.Client/OSLC4Net.Client.csproj]
/app/OSLC4Net_SDK/OSLC4Net.Client/Oslc/Resources/TestExecutionRecord.cs(43,28): warning CS1591: Missing XML comment for publicly visible type or member 'TestExecutionRecord.GetRdfType()' [/app/OSLC4Net_SDK/OSLC4Net.Client/OSLC4Net.Client.csproj]
/app/OSLC4Net_SDK/OSLC4Net.Client/Oslc/Resources/TestExecutionRecord.cs(48,17): warning CS1591: Missing XML comment for publicly visible type or member 'TestExecutionRecord.AddBlockedByChangeRequest(Link)' [/app/OSLC4Net_SDK/OSLC4Net.Client/OSLC4Net.Client.csproj]
/app/OSLC4Net_SDK/OSLC4Net.Client/Oslc/Resources/TestExecutionRecord.cs(53,17): warning CS1591: Missing XML comment for publicly visible type or member 'TestExecutionRecord.AddContributor(Uri)' [/app/OSLC4Net_SDK/OSLC4Net.Client/OSLC4Net.Client.csproj]
/app/OSLC4Net_SDK/OSLC4Net.Client/Oslc/Resources/TestExecutionRecord.cs(58,17): warning CS1591: Missing XML comment for publicly visible type or member 'TestExecutionRecord.AddCreator(Uri)' [/app/OSLC4Net_SDK/OSLC4Net.Client/OSLC4Net.Client.csproj]
/app/OSLC4Net_SDK/OSLC4Net.Client/Oslc/Resources/TestExecutionRecord.cs(63,17): warning CS1591: Missing XML comment for publicly visible type or member 'TestExecutionRecord.AddRelatedChangeRequest(Link)' [/app/OSLC4Net_SDK/OSLC4Net.Client/OSLC4Net.Client.csproj]
/app/OSLC4Net_SDK/OSLC4Net.Client/Oslc/Resources/TestExecutionRecord.cs(73,18): warning CS1591: Missing XML comment for publicly visible type or member 'TestExecutionRecord.GetContributors()' [/app/OSLC4Net_SDK/OSLC4Net.Client/OSLC4Net.Client.csproj]
/app/OSLC4Net_SDK/OSLC4Net.Client/Oslc/Resources/TestExecutionRecord.cs(83,18): warning CS1591: Missing XML comment for publicly visible type or member 'TestExecutionRecord.GetCreators()' [/app/OSLC4Net_SDK/OSLC4Net.Client/OSLC4Net.Client.csproj]
/app/OSLC4Net_SDK/OSLC4Net.Client/Oslc/Resources/TestExecutionRecord.cs(94,19): warning CS1591: Missing XML comment for publicly visible type or member 'TestExecutionRecord.GetBlockedByChangeRequests()' [/app/OSLC4Net_SDK/OSLC4Net.Client/OSLC4Net.Client.csproj]
/app/OSLC4Net_SDK/OSLC4Net.Client/Oslc/Resources/TestExecutionRecord.cs(105,19): warning CS1591: Missing XML comment for publicly visible type or member 'TestExecutionRecord.GetRelatedChangeRequests()' [/app/OSLC4Net_SDK/OSLC4Net.Client/OSLC4Net.Client.csproj]
/app/OSLC4Net_SDK/OSLC4Net.Client/Oslc/Resources/TestExecutionRecord.cs(116,17): warning CS1591: Missing XML comment for publicly visible type or member 'TestExecutionRecord.GetReportsOnTestPlan()' [/app/OSLC4Net_SDK/OSLC4Net.Client/OSLC4Net.Client.csproj]
/app/OSLC4Net_SDK/OSLC4Net.Client/Oslc/Resources/TestExecutionRecord.cs(124,16): warning CS1591: Missing XML comment for publicly visible type or member 'TestExecutionRecord.GetRunsOnTestEnvironment()' [/app/OSLC4Net_SDK/OSLC4Net.Client/OSLC4Net.Client.csproj]
/app/OSLC4Net_SDK/OSLC4Net.Client/Oslc/Resources/TestExecutionRecord.cs(135,17): warning CS1591: Missing XML comment for publicly visible type or member 'TestExecutionRecord.GetRunsTestCase()' [/app/OSLC4Net_SDK/OSLC4Net.Client/OSLC4Net.Client.csproj]
/app/OSLC4Net_SDK/OSLC4Net.Client/Oslc/Resources/TestExecutionRecord.cs(140,17): warning CS1591: Missing XML comment for publicly visible type or member 'TestExecutionRecord.SetBlockedByChangeRequests(Link[])' [/app/OSLC4Net_SDK/OSLC4Net.Client/OSLC4Net.Client.csproj]
/app/OSLC4Net_SDK/OSLC4Net.Client/Oslc/Resources/TestExecutionRecord.cs(150,17): warning CS1591: Missing XML comment for publicly visible type or member 'TestExecutionRecord.SetContributors(Uri[])' [/app/OSLC4Net_SDK/OSLC4Net.Client/OSLC4Net.Client.csproj]
/app/OSLC4Net_SDK/OSLC4Net.Client/Oslc/Resources/TestExecutionRecord.cs(160,17): warning CS1591: Missing XML comment for publicly visible type or member 'TestExecutionRecord.SetCreators(Uri[])' [/app/OSLC4Net_SDK/OSLC4Net.Client/OSLC4Net.Client.csproj]
/app/OSLC4Net_SDK/OSLC4Net.Client/Oslc/Resources/TestExecutionRecord.cs(170,17): warning CS1591: Missing XML comment for publicly visible type or member 'TestExecutionRecord.SetRelatedChangeRequests(Link[])' [/app/OSLC4Net_SDK/OSLC4Net.Client/OSLC4Net.Client.csproj]
/app/OSLC4Net_SDK/OSLC4Net.Client/Oslc/Resources/TestExecutionRecord.cs(180,17): warning CS1591: Missing XML comment for publicly visible type or member 'TestExecutionRecord.SetReportsOnTestPlan(Link)' [/app/OSLC4Net_SDK/OSLC4Net.Client/OSLC4Net.Client.csproj]
/app/OSLC4Net_SDK/OSLC4Net.Client/Oslc/Resources/TestExecutionRecord.cs(185,17): warning CS1591: Missing XML comment for publicly visible type or member 'TestExecutionRecord.SetRunsOnTestEnvironment(Uri)' [/app/OSLC4Net_SDK/OSLC4Net.Client/OSLC4Net.Client.csproj]
/app/OSLC4Net_SDK/OSLC4Net.Client/Oslc/Resources/TestExecutionRecord.cs(190,17): warning CS1591: Missing XML comment for publicly visible type or member 'TestExecutionRecord.SetRunsTestCase(Link)' [/app/OSLC4Net_SDK/OSLC4Net.Client/OSLC4Net.Client.csproj]
/app/OSLC4Net_SDK/OSLC4Net.Client/Oslc/Resources/TestPlan.cs(39,12): warning CS1591: Missing XML comment for publicly visible type or member 'TestPlan.TestPlan()' [/app/OSLC4Net_SDK/OSLC4Net.Client/OSLC4Net.Client.csproj]
/app/OSLC4Net_SDK/OSLC4Net.Client/Oslc/Resources/TestPlan.cs(43,28): warning CS1591: Missing XML comment for publicly visible type or member 'TestPlan.GetRdfType()' [/app/OSLC4Net_SDK/OSLC4Net.Client/OSLC4Net.Client.csproj]
/app/OSLC4Net_SDK/OSLC4Net.Client/Oslc/Resources/TestPlan.cs(48,17): warning CS1591: Missing XML comment for publicly visible type or member 'TestPlan.AddContributor(Uri)' [/app/OSLC4Net_SDK/OSLC4Net.Client/OSLC4Net.Client.csproj]
/app/OSLC4Net_SDK/OSLC4Net.Client/Oslc/Resources/TestPlan.cs(53,17): warning CS1591: Missing XML comment for publicly visible type or member 'TestPlan.AddCreator(Uri)' [/app/OSLC4Net_SDK/OSLC4Net.Client/OSLC4Net.Client.csproj]
/app/OSLC4Net_SDK/OSLC4Net.Client/Oslc/Resources/TestPlan.cs(58,17): warning CS1591: Missing XML comment for publicly visible type or member 'TestPlan.AddRelatedChangeRequest(Link)' [/app/OSLC4Net_SDK/OSLC4Net.Client/OSLC4Net.Client.csproj]
/app/OSLC4Net_SDK/OSLC4Net.Client/Oslc/Resources/TestPlan.cs(63,17): warning CS1591: Missing XML comment for publicly visible type or member 'TestPlan.AddSubject(string)' [/app/OSLC4Net_SDK/OSLC4Net.Client/OSLC4Net.Client.csproj]
/app/OSLC4Net_SDK/OSLC4Net.Client/Oslc/Resources/TestPlan.cs(68,17): warning CS1591: Missing XML comment for publicly visible type or member 'TestPlan.AddUsesTestCase(Link)' [/app/OSLC4Net_SDK/OSLC4Net.Client/OSLC4Net.Client.csproj]
/app/OSLC4Net_SDK/OSLC4Net.Client/Oslc/Resources/TestPlan.cs(73,17): warning CS1591: Missing XML comment for publicly visible type or member 'TestPlan.AddValidatesRequirementCollection(Link)' [/app/OSLC4Net_SDK/OSLC4Net.Client/OSLC4Net.Client.csproj]
/app/OSLC4Net_SDK/OSLC4Net.Client/Oslc/Resources/TestPlan.cs(83,18): warning CS1591: Missing XML comment for publicly visible type or member 'TestPlan.GetContributors()' [/app/OSLC4Net_SDK/OSLC4Net.Client/OSLC4Net.Client.csproj]
/app/OSLC4Net_SDK/OSLC4Net.Client/Oslc/Resources/TestPlan.cs(93,18): warning CS1591: Missing XML comment for publicly visible type or member 'TestPlan.GetCreators()' [/app/OSLC4Net_SDK/OSLC4Net.Client/OSLC4Net.Client.csproj]
/app/OSLC4Net_SDK/OSLC4Net.Client/Oslc/Resources/TestPlan.cs(103,19): warning CS1591: Missing XML comment for publicly visible type or member 'TestPlan.GetDescription()' [/app/OSLC4Net_SDK/OSLC4Net.Client/OSLC4Net.Client.csproj]
/app/OSLC4Net_SDK/OSLC4Net.Client/Oslc/Resources/TestPlan.cs(114,19): warning CS1591: Missing XML comment for publicly visible type or member 'TestPlan.GetRelatedChangeRequests()' [/app/OSLC4Net_SDK/OSLC4Net.Client/OSLC4Net.Client.csproj]
/app/OSLC4Net_SDK/OSLC4Net.Client/Oslc/Resources/TestPlan.cs(125,21): warning CS1591: Missing XML comment for publicly visible type or member 'TestPlan.GetSubjects()' [/app/OSLC4Net_SDK/OSLC4Net.Client/OSLC4Net.Client.csproj]
/app/OSLC4Net_SDK/OSLC4Net.Client/Oslc/Resources/TestPlan.cs(136,19): warning CS1591: Missing XML comment for publicly visible type or member 'TestPlan.GetUsesTestCases()' [/app/OSLC4Net_SDK/OSLC4Net.Client/OSLC4Net.Client.csproj]
/app/OSLC4Net_SDK/OSLC4Net.Client/Oslc/Resources/TestPlan.cs(147,19): warning CS1591: Missing XML comment for publicly visible type or member 'TestPlan.GetValidatesRequirementCollections()' [/app/OSLC4Net_SDK/OSLC4Net.Client/OSLC4Net.Client.csproj]
/app/OSLC4Net_SDK/OSLC4Net.Client/Oslc/Resources/TestPlan.cs(152,17): warning CS1591: Missing XML comment for publicly visible type or member 'TestPlan.SetContributors(Uri[])' [/app/OSLC4Net_SDK/OSLC4Net.Client/OSLC4Net.Client.csproj]
/app/OSLC4Net_SDK/OSLC4Net.Client/Oslc/Resources/TestPlan.cs(162,17): warning CS1591: Missing XML comment for publicly visible type or member 'TestPlan.SetCreators(Uri[])' [/app/OSLC4Net_SDK/OSLC4Net.Client/OSLC4Net.Client.csproj]
/app/OSLC4Net_SDK/OSLC4Net.Client/Oslc/Resources/TestPlan.cs(172,17): warning CS1591: Missing XML comment for publicly visible type or member 'TestPlan.SetDescription(string)' [/app/OSLC4Net_SDK/OSLC4Net.Client/OSLC4Net.Client.csproj]
/app/OSLC4Net_SDK/OSLC4Net.Client/Oslc/Resources/TestPlan.cs(177,17): warning CS1591: Missing XML comment for publicly visible type or member 'TestPlan.SetRelatedChangeRequests(Link[])' [/app/OSLC4Net_SDK/OSLC4Net.Client/OSLC4Net.Client.csproj]
/app/OSLC4Net_SDK/OSLC4Net.Client/Oslc/Resources/TestPlan.cs(187,17): warning CS1591: Missing XML comment for publicly visible type or member 'TestPlan.SetSubjects(string[])' [/app/OSLC4Net_SDK/OSLC4Net.Client/OSLC4Net.Client.csproj]
/app/OSLC4Net_SDK/OSLC4Net.Client/Oslc/Resources/TestPlan.cs(197,17): warning CS1591: Missing XML comment for publicly visible type or member 'TestPlan.SetUsesTestCases(Link[])' [/app/OSLC4Net_SDK/OSLC4Net.Client/OSLC4Net.Client.csproj]
/app/OSLC4Net_SDK/OSLC4Net.Client/Oslc/Resources/TestPlan.cs(207,17): warning CS1591: Missing XML comment for publicly visible type or member 'TestPlan.SetValidatesRequirementCollections(Link[])' [/app/OSLC4Net_SDK/OSLC4Net.Client/OSLC4Net.Client.csproj]
/app/OSLC4Net_SDK/OSLC4Net.Client/Oslc/Resources/TestResult.cs(37,12): warning CS1591: Missing XML comment for publicly visible type or member 'TestResult.TestResult()' [/app/OSLC4Net_SDK/OSLC4Net.Client/OSLC4Net.Client.csproj]
/app/OSLC4Net_SDK/OSLC4Net.Client/Oslc/Resources/TestResult.cs(41,28): warning CS1591: Missing XML comment for publicly visible type or member 'TestResult.GetRdfType()' [/app/OSLC4Net_SDK/OSLC4Net.Client/OSLC4Net.Client.csproj]
/app/OSLC4Net_SDK/OSLC4Net.Client/Oslc/Resources/TestResult.cs(46,17): warning CS1591: Missing XML comment for publicly visible type or member 'TestResult.AddAffectedByChangeRequest(Link)' [/app/OSLC4Net_SDK/OSLC4Net.Client/OSLC4Net.Client.csproj]
/app/OSLC4Net_SDK/OSLC4Net.Client/Oslc/Resources/TestResult.cs(57,19): warning CS1591: Missing XML comment for publicly visible type or member 'TestResult.GetAffectedByChangeRequests()' [/app/OSLC4Net_SDK/OSLC4Net.Client/OSLC4Net.Client.csproj]
/app/OSLC4Net_SDK/OSLC4Net.Client/Oslc/Resources/TestResult.cs(68,17): warning CS1591: Missing XML comment for publicly visible type or member 'TestResult.GetReportsOnTestPlan()' [/app/OSLC4Net_SDK/OSLC4Net.Client/OSLC4Net.Client.csproj]
/app/OSLC4Net_SDK/OSLC4Net.Client/Oslc/Resources/TestResult.cs(79,17): warning CS1591: Missing XML comment for publicly visible type or member 'TestResult.GetReportsOnTestCase()' [/app/OSLC4Net_SDK/OSLC4Net.Client/OSLC4Net.Client.csproj]
/app/OSLC4Net_SDK/OSLC4Net.Client/Oslc/Resources/TestResult.cs(87,17): warning CS1591: Missing XML comment for publicly visible type or member 'TestResult.GetExecutesTestScript()' [/app/OSLC4Net_SDK/OSLC4Net.Client/OSLC4Net.Client.csproj]
/app/OSLC4Net_SDK/OSLC4Net.Client/Oslc/Resources/TestResult.cs(98,17): warning CS1591: Missing XML comment for publicly visible type or member 'TestResult.GetProducedByTestExecutionRecord()' [/app/OSLC4Net_SDK/OSLC4Net.Client/OSLC4Net.Client.csproj]
/app/OSLC4Net_SDK/OSLC4Net.Client/Oslc/Resources/TestResult.cs(108,19): warning CS1591: Missing XML comment for publicly visible type or member 'TestResult.GetStatus()' [/app/OSLC4Net_SDK/OSLC4Net.Client/OSLC4Net.Client.csproj]
/app/OSLC4Net_SDK/OSLC4Net.Client/Oslc/Resources/TestResult.cs(113,17): warning CS1591: Missing XML comment for publicly visible type or member 'TestResult.SetAffectedByChangeRequests(Link[])' [/app/OSLC4Net_SDK/OSLC4Net.Client/OSLC4Net.Client.csproj]
/app/OSLC4Net_SDK/OSLC4Net.Client/Oslc/Resources/TestResult.cs(123,17): warning CS1591: Missing XML comment for publicly visible type or member 'TestResult.SetReportsOnTestPlan(Link)' [/app/OSLC4Net_SDK/OSLC4Net.Client/OSLC4Net.Client.csproj]
/app/OSLC4Net_SDK/OSLC4Net.Client/Oslc/Resources/TestResult.cs(128,17): warning CS1591: Missing XML comment for publicly visible type or member 'TestResult.SetReportsOnTestCase(Link)' [/app/OSLC4Net_SDK/OSLC4Net.Client/OSLC4Net.Client.csproj]
/app/OSLC4Net_SDK/OSLC4Net.Client/Oslc/Resources/TestResult.cs(133,17): warning CS1591: Missing XML comment for publicly visible type or member 'TestResult.SetProducedByTestExecutionRecord(Link)' [/app/OSLC4Net_SDK/OSLC4Net.Client/OSLC4Net.Client.csproj]
/app/OSLC4Net_SDK/OSLC4Net.Client/Oslc/Resources/TestResult.cs(138,17): warning CS1591: Missing XML comment for publicly visible type or member 'TestResult.SetExecutesTestScript(Link)' [/app/OSLC4Net_SDK/OSLC4Net.Client/OSLC4Net.Client.csproj]
/app/OSLC4Net_SDK/OSLC4Net.Client/Oslc/Resources/TestResult.cs(143,17): warning CS1591: Missing XML comment for publicly visible type or member 'TestResult.SetStatus(string)' [/app/OSLC4Net_SDK/OSLC4Net.Client/OSLC4Net.Client.csproj]
/app/OSLC4Net_SDK/OSLC4Net.Client/Oslc/Resources/TestScript.cs(37,12): warning CS1591: Missing XML comment for publicly visible type or member 'TestScript.TestScript()' [/app/OSLC4Net_SDK/OSLC4Net.Client/OSLC4Net.Client.csproj]
/app/OSLC4Net_SDK/OSLC4Net.Client/Oslc/Resources/TestScript.cs(41,28): warning CS1591: Missing XML comment for publicly visible type or member 'TestScript.GetRdfType()' [/app/OSLC4Net_SDK/OSLC4Net.Client/OSLC4Net.Client.csproj]
/app/OSLC4Net_SDK/OSLC4Net.Client/Oslc/Resources/TestScript.cs(46,17): warning CS1591: Missing XML comment for publicly visible type or member 'TestScript.AddContributor(Uri)' [/app/OSLC4Net_SDK/OSLC4Net.Client/OSLC4Net.Client.csproj]
/app/OSLC4Net_SDK/OSLC4Net.Client/Oslc/Resources/TestScript.cs(51,17): warning CS1591: Missing XML comment for publicly visible type or member 'TestScript.AddCreator(Uri)' [/app/OSLC4Net_SDK/OSLC4Net.Client/OSLC4Net.Client.csproj]
/app/OSLC4Net_SDK/OSLC4Net.Client/Oslc/Resources/TestScript.cs(56,17): warning CS1591: Missing XML comment for publicly visible type or member 'TestScript.AddRelatedChangeRequest(Link)' [/app/OSLC4Net_SDK/OSLC4Net.Client/OSLC4Net.Client.csproj]
/app/OSLC4Net_SDK/OSLC4Net.Client/Oslc/Resources/TestScript.cs(61,17): warning CS1591: Missing XML comment for publicly visible type or member 'TestScript.AddValidatesRequirement(Link)' [/app/OSLC4Net_SDK/OSLC4Net.Client/OSLC4Net.Client.csproj]
/app/OSLC4Net_SDK/OSLC4Net.Client/Oslc/Resources/TestScript.cs(71,18): warning CS1591: Missing XML comment for publicly visible type or member 'TestScript.GetContributors()' [/app/OSLC4Net_SDK/OSLC4Net.Client/OSLC4Net.Client.csproj]
/app/OSLC4Net_SDK/OSLC4Net.Client/Oslc/Resources/TestScript.cs(81,18): warning CS1591: Missing XML comment for publicly visible type or member 'TestScript.GetCreators()' [/app/OSLC4Net_SDK/OSLC4Net.Client/OSLC4Net.Client.csproj]
/app/OSLC4Net_SDK/OSLC4Net.Client/Oslc/Resources/TestScript.cs(91,19): warning CS1591: Missing XML comment for publicly visible type or member 'TestScript.GetDescription()' [/app/OSLC4Net_SDK/OSLC4Net.Client/OSLC4Net.Client.csproj]
/app/OSLC4Net_SDK/OSLC4Net.Client/Oslc/Resources/TestScript.cs(99,16): warning CS1591: Missing XML comment for publicly visible type or member 'TestScript.GetExecutionInstructions()' [/app/OSLC4Net_SDK/OSLC4Net.Client/OSLC4Net.Client.csproj]
/app/OSLC4Net_SDK/OSLC4Net.Client/Oslc/Resources/TestScript.cs(110,19): warning CS1591: Missing XML comment for publicly visible type or member 'TestScript.GetRelatedChangeRequests()' [/app/OSLC4Net_SDK/OSLC4Net.Client/OSLC4Net.Client.csproj]
/app/OSLC4Net_SDK/OSLC4Net.Client/Oslc/Resources/TestScript.cs(121,19): warning CS1591: Missing XML comment for publicly visible type or member 'TestScript.GetValidatesRequirements()' [/app/OSLC4Net_SDK/OSLC4Net.Client/OSLC4Net.Client.csproj]
/app/OSLC4Net_SDK/OSLC4Net.Client/Oslc/Resources/TestScript.cs(126,17): warning CS1591: Missing XML comment for publicly visible type or member 'TestScript.setContributors(Uri[])' [/app/OSLC4Net_SDK/OSLC4Net.Client/OSLC4Net.Client.csproj]
/app/OSLC4Net_SDK/OSLC4Net.Client/Oslc/Resources/TestScript.cs(136,17): warning CS1591: Missing XML comment for publicly visible type or member 'TestScript.setCreators(Uri[])' [/app/OSLC4Net_SDK/OSLC4Net.Client/OSLC4Net.Client.csproj]
/app/OSLC4Net_SDK/OSLC4Net.Client/Oslc/Resources/TestScript.cs(146,17): warning CS1591: Missing XML comment for publicly visible type or member 'TestScript.setDescription(string)' [/app/OSLC4Net_SDK/OSLC4Net.Client/OSLC4Net.Client.csproj]
/app/OSLC4Net_SDK/OSLC4Net.Client/Oslc/Resources/TestScript.cs(151,17): warning CS1591: Missing XML comment for publicly visible type or member 'TestScript.setExecutionInstructions(Uri)' [/app/OSLC4Net_SDK/OSLC4Net.Client/OSLC4Net.Client.csproj]
/app/OSLC4Net_SDK/OSLC4Net.Client/Oslc/Resources/TestScript.cs(156,17): warning CS1591: Missing XML comment for publicly visible type or member 'TestScript.setRelatedChangeRequests(Link[])' [/app/OSLC4Net_SDK/OSLC4Net.Client/OSLC4Net.Client.csproj]
/app/OSLC4Net_SDK/OSLC4Net.Client/Oslc/Resources/TestScript.cs(166,17): warning CS1591: Missing XML comment for publicly visible type or member 'TestScript.setValidatesRequirements(Link[])' [/app/OSLC4Net_SDK/OSLC4Net.Client/OSLC4Net.Client.csproj]
/app/OSLC4Net_SDK/OSLC4Net.Client/OslcResponse.cs(7,21): warning CS1591: Missing XML comment for publicly visible type or member 'OslcResponse<T>' [/app/OSLC4Net_SDK/OSLC4Net.Client/OSLC4Net.Client.csproj]
/app/OSLC4Net_SDK/OSLC4Net.Client/OslcResponse.cs(10,19): warning CS1591: Missing XML comment for publicly visible type or member 'OslcResponse<T>.Graph' [/app/OSLC4Net_SDK/OSLC4Net.Client/OSLC4Net.Client.csproj]
/app/OSLC4Net_SDK/OSLC4Net.Client/OslcResponse.cs(11,21): warning CS1591: Missing XML comment for publicly visible type or member 'OslcResponse<T>.Resources' [/app/OSLC4Net_SDK/OSLC4Net.Client/OSLC4Net.Client.csproj]
/app/OSLC4Net_SDK/OSLC4Net.Client/OslcResponse.cs(12,19): warning CS1591: Missing XML comment for publicly visible type or member 'OslcResponse<T>.ErrorResource' [/app/OSLC4Net_SDK/OSLC4Net.Client/OSLC4Net.Client.csproj]
/app/OSLC4Net_SDK/OSLC4Net.Client/OslcResponse.cs(14,33): warning CS1591: Missing XML comment for publicly visible type or member 'OslcResponse<T>.ResponseMessage' [/app/OSLC4Net_SDK/OSLC4Net.Client/OSLC4Net.Client.csproj]
/app/OSLC4Net_SDK/OSLC4Net.Client/OslcResponse.cs(17,28): warning CS1591: Missing XML comment for publicly visible type or member 'OslcResponse<T>.StatusCode' [/app/OSLC4Net_SDK/OSLC4Net.Client/OSLC4Net.Client.csproj]
/app/OSLC4Net_SDK/OSLC4Net.Client/OslcResponse.cs(19,17): warning CS1591: Missing XML comment for publicly visible type or member 'OslcResponse<T>.IsSuccess' [/app/OSLC4Net_SDK/OSLC4Net.Client/OSLC4Net.Client.csproj]
/app/OSLC4Net_SDK/OSLC4Net.Client/OslcResponse.cs(21,35): warning CS1591: Missing XML comment for publicly visible type or member 'OslcResponse<T>.WithSuccess(List<T>?, Graph?, HttpResponseMessage?)' [/app/OSLC4Net_SDK/OSLC4Net.Client/OSLC4Net.Client.csproj]
/app/OSLC4Net_SDK/OSLC4Net.Client/OslcResponse.cs(34,35): warning CS1591: Missing XML comment for publicly visible type or member 'OslcResponse<T>.WithError(HttpResponseMessage?, Error?, Graph?)' [/app/OSLC4Net_SDK/OSLC4Net.Client/OSLC4Net.Client.csproj]
/app/OSLC4Net_SDK/OSLC4Net.Client/OslcRestClient.cs(36,52): warning CS1591: Missing XML comment for publicly visible type or member 'OslcRestClient.Formatters' [/app/OSLC4Net_SDK/OSLC4Net.Client/OSLC4Net.Client.csproj]
/app/OSLC4Net_SDK/OSLC4Net.Client/OslcRestClient.cs(71,12): warning CS1591: Missing XML comment for publicly visible type or member 'OslcRestClient.OslcRestClient(string, DotNetRdfHelper, string?, int?)' [/app/OSLC4Net_SDK/OSLC4Net.Client/OSLC4Net.Client.csproj]
/app/OSLC4Net_SDK/OSLC4Net.Client/OslcRestClient.cs(183,19): warning CS1591: Missing XML comment for publicly visible type or member 'OslcRestClient.GetMediaType()' [/app/OSLC4Net_SDK/OSLC4Net.Client/OSLC4Net.Client.csproj]
/app/OSLC4Net_SDK/OSLC4Net.Client/OslcRestClient.cs(188,16): warning CS1591: Missing XML comment for publicly visible type or member 'OslcRestClient.GetReadTimeout()' [/app/OSLC4Net_SDK/OSLC4Net.Client/OSLC4Net.Client.csproj]
/app/OSLC4Net_SDK/OSLC4Net.Client/OslcRestClient.cs(193,19): warning CS1591: Missing XML comment for publicly visible type or member 'OslcRestClient.GetUri()' [/app/OSLC4Net_SDK/OSLC4Net.Client/OSLC4Net.Client.csproj]
/app/OSLC4Net_SDK/OSLC4Net.Client/OslcRestClient.cs(198,23): warning CS1591: Missing XML comment for publicly visible type or member 'OslcRestClient.GetClient()' [/app/OSLC4Net_SDK/OSLC4Net.Client/OSLC4Net.Client.csproj]
/app/OSLC4Net_SDK/OSLC4Net.Client/ServiceProviderRegistryClient.cs(35,23): warning CS1591: Missing XML comment for publicly visible type or member 'ServiceProviderRegistryClient.Client' [/app/OSLC4Net_SDK/OSLC4Net.Client/OSLC4Net.Client.csproj]
/app/OSLC4Net_SDK/OSLC4Net.Client/ServiceProviderRegistryClient.cs(49,24): warning CS1573: Parameter 'loggerFactory' has no matching param tag in the XML comment for 'ServiceProviderRegistryClient.ServiceProviderRegistryClient(string, IEnumerable<MediaTypeFormatter>?, string, ILoggerFactory, string?, string?)' (but other parameters do) [/app/OSLC4Net_SDK/OSLC4Net.Client/OSLC4Net.Client.csproj]
/app/OSLC4Net_SDK/OSLC4Net.Client/ServiceProviderRegistryClient.cs(74,42): warning CS1573: Parameter 'loggerFactory' has no matching param tag in the XML comment for 'ServiceProviderRegistryClient.ServiceProviderRegistryClient(string, IEnumerable<MediaTypeFormatter>?, string, ILoggerFactory)' (but other parameters do) [/app/OSLC4Net_SDK/OSLC4Net.Client/OSLC4Net.Client.csproj]
/app/OSLC4Net_SDK/OSLC4Net.Client/ServiceProviderRegistryClient.cs(79,12): warning CS1591: Missing XML comment for publicly visible type or member 'ServiceProviderRegistryClient.ServiceProviderRegistryClient(string, ILoggerFactory, IEnumerable<MediaTypeFormatter>?)' [/app/OSLC4Net_SDK/OSLC4Net.Client/OSLC4Net.Client.csproj]
/app/OSLC4Net_SDK/OSLC4Net.Client/ServiceProviderRegistryClient.cs(99,49): warning CS1591: Missing XML comment for publicly visible type or member 'ServiceProviderRegistryClient.WithBasicAuth(string, string, string, ILoggerFactory)' [/app/OSLC4Net_SDK/OSLC4Net.Client/OSLC4Net.Client.csproj]
/app/OSLC4Net_SDK/OSLC4Net.Client/ServiceProviderRegistryURIs.cs(18,1): warning CS1587: XML comment is not placed on a valid language element [/app/OSLC4Net_SDK/OSLC4Net.Client/OSLC4Net.Client.csproj]
/app/OSLC4Net_SDK/OSLC4Net.Client/Oslc/OslcClient.cs(255,12): warning MA0026: TODO use uniformly (@berezovskyi 2024-10) (https://github.com/meziantou/Meziantou.Analyzer/blob/main/docs/Rules/MA0026.md) [/app/OSLC4Net_SDK/OSLC4Net.Client/OSLC4Net.Client.csproj]
/app/OSLC4Net_SDK/OSLC4Net.Client/Oslc/OslcClient.cs(413,16): warning MA0026: TODO try to read the error resource if any (https://github.com/meziantou/Meziantou.Analyzer/blob/main/docs/Rules/MA0026.md) [/app/OSLC4Net_SDK/OSLC4Net.Client/OSLC4Net.Client.csproj]
/app/OSLC4Net_SDK/OSLC4Net.Client/Oslc/Resources/ChangeRequest.cs(39,52): warning MA0026: TODO - Extension to point to any other OSLC resource(s). (https://github.com/meziantou/Meziantou.Analyzer/blob/main/docs/Rules/MA0026.md) [/app/OSLC4Net_SDK/OSLC4Net.Client/OSLC4Net.Client.csproj]
/app/OSLC4Net_SDK/OSLC4Net.Client/Oslc/Resources/OslcQueryResult.cs(114,8): warning MA0026: TODO do not expose implementation details to users (@berezovskyi 2024-10) (https://github.com/meziantou/Meziantou.Analyzer/blob/main/docs/Rules/MA0026.md) [/app/OSLC4Net_SDK/OSLC4Net.Client/OSLC4Net.Client.csproj]
/app/OSLC4Net_SDK/OSLC4Net.Client/Oslc/Resources/OslcQueryResult.cs(120,8): warning MA0026: TODO remove with IEnumerator (@berezovskyi 2024-10) (https://github.com/meziantou/Meziantou.Analyzer/blob/main/docs/Rules/MA0026.md) [/app/OSLC4Net_SDK/OSLC4Net.Client/OSLC4Net.Client.csproj]
/app/OSLC4Net_SDK/OSLC4Net.Client/Oslc/Resources/OslcQueryResult.cs(126,8): warning MA0026: TODO remove with IEnumerator (@berezovskyi 2024-10) (https://github.com/meziantou/Meziantou.Analyzer/blob/main/docs/Rules/MA0026.md) [/app/OSLC4Net_SDK/OSLC4Net.Client/OSLC4Net.Client.csproj]
/app/OSLC4Net_SDK/OSLC4Net.Client/OslcResponse.cs(9,8): warning MA0026: TODO make init (@berezovskyi 2024-10) (https://github.com/meziantou/Meziantou.Analyzer/blob/main/docs/Rules/MA0026.md) [/app/OSLC4Net_SDK/OSLC4Net.Client/OSLC4Net.Client.csproj]
/app/OSLC4Net_SDK/OSLC4Net.Client/OslcRestClient.cs(242,20): warning MA0026: TODO check if we can get rid of this Java-looking code (https://github.com/meziantou/Meziantou.Analyzer/blob/main/docs/Rules/MA0026.md) [/app/OSLC4Net_SDK/OSLC4Net.Client/OSLC4Net.Client.csproj]
/app/OSLC4Net_SDK/OSLC4Net.Client/OslcResponse.cs(11,12): warning MA0016: Prefer using collection abstraction instead of implementation (https://github.com/meziantou/Meziantou.Analyzer/blob/main/docs/Rules/MA0016.md) [/app/OSLC4Net_SDK/OSLC4Net.Client/OSLC4Net.Client.csproj]
/app/OSLC4Net_SDK/OSLC4Net.Client/Oslc/Resources/ParameterInstance.cs(29,14): warning MA0094: A class that provides CompareTo(T) should implement IComparable<T> (https://github.com/meziantou/Meziantou.Analyzer/blob/main/docs/Rules/MA0094.md) [/app/OSLC4Net_SDK/OSLC4Net.Client/OSLC4Net.Client.csproj]
/app/OSLC4Net_SDK/OSLC4Net.Client/OslcResponse.cs(21,47): warning MA0016: Prefer using collection abstraction instead of implementation (https://github.com/meziantou/Meziantou.Analyzer/blob/main/docs/Rules/MA0016.md) [/app/OSLC4Net_SDK/OSLC4Net.Client/OSLC4Net.Client.csproj]
/app/OSLC4Net_SDK/OSLC4Net.Client/ServiceProviderRegistryClient.cs(111,28): warning MA0051: Method is too long (137 lines; maximum allowed: 60) (https://github.com/meziantou/Meziantou.Analyzer/blob/main/docs/Rules/MA0051.md) [/app/OSLC4Net_SDK/OSLC4Net.Client/OSLC4Net.Client.csproj]
/app/OSLC4Net_SDK/OSLC4Net.Client/ServiceProviderRegistryClient.cs(313,53): warning MA0051: Method is too long (93 lines; maximum allowed: 60) (https://github.com/meziantou/Meziantou.Analyzer/blob/main/docs/Rules/MA0051.md) [/app/OSLC4Net_SDK/OSLC4Net.Client/OSLC4Net.Client.csproj]
/app/OSLC4Net_SDK/OSLC4Net.Client/Oslc/Resources/QmResource.cs(37,17): warning MA0056: Do not call overridable members in constructor (https://github.com/meziantou/Meziantou.Analyzer/blob/main/docs/Rules/MA0056.md) [/app/OSLC4Net_SDK/OSLC4Net.Client/OSLC4Net.Client.csproj]
/app/OSLC4Net_SDK/OSLC4Net.Client/Oslc/Resources/QmResource.cs(42,17): warning MA0056: Do not call overridable members in constructor (https://github.com/meziantou/Meziantou.Analyzer/blob/main/docs/Rules/MA0056.md) [/app/OSLC4Net_SDK/OSLC4Net.Client/OSLC4Net.Client.csproj]
/app/OSLC4Net_SDK/OSLC4Net.Client/Oslc/OslcClient.cs(706,31): warning MA0051: Method is too long (67 lines; maximum allowed: 60) (https://github.com/meziantou/Meziantou.Analyzer/blob/main/docs/Rules/MA0051.md) [/app/OSLC4Net_SDK/OSLC4Net.Client/OSLC4Net.Client.csproj]
/app/OSLC4Net_SDK/OSLC4Net.Client/Oslc/Resources/OslcQueryResult.cs(402,66): warning MA0015: 'Current' is not a valid parameter name (https://github.com/meziantou/Meziantou.Analyzer/blob/main/docs/Rules/MA0015.md) [/app/OSLC4Net_SDK/OSLC4Net.Client/OSLC4Net.Client.csproj]
/app/OSLC4Net_SDK/OSLC4Net.Client/Oslc/OslcClient.cs(785,31): warning MA0051: Method is too long (66 lines; maximum allowed: 60) (https://github.com/meziantou/Meziantou.Analyzer/blob/main/docs/Rules/MA0051.md) [/app/OSLC4Net_SDK/OSLC4Net.Client/OSLC4Net.Client.csproj]
  OSLC4Net.Core.QueryTests -> /app/OSLC4Net_SDK/Tests/OSLC4Net.Core.QueryTests/bin/Debug/net10.0/OSLC4Net.Core.QueryTests.dll
  OSLC4Net.Client -> /app/OSLC4Net_SDK/OSLC4Net.Client/bin/Debug/net10.0/OSLC4Net.Client.dll
  OSLC4Net.Core.DotNetRdfProviderTests -> /app/OSLC4Net_SDK/Tests/OSLC4Net.Core.DotNetRdfProviderTests/bin/Debug/net10.0/OSLC4Net.Core.DotNetRdfProviderTests.dll
  OSLC4Net.Client.Tests -> /app/OSLC4Net_SDK/Tests/OSLC4Net.Client.Tests/bin/Debug/net10.0/OSLC4Net.Client.Tests.dll
  Oslc4NetExamples.Client -> /app/OSLC4Net_SDK/Examples/Oslc4NetExamples.Client/bin/Debug/net10.0/Oslc4NetExamples.Client.dll
/app/OSLC4Net_SDK/Examples/OSLC4Net.Client.Jazz/Oslc/Jazz/JazzFormAuthClient.cs(122,39): warning MA0051: Method is too long (73 lines; maximum allowed: 60) (https://github.com/meziantou/Meziantou.Analyzer/blob/main/docs/Rules/MA0051.md) [/app/OSLC4Net_SDK/Examples/OSLC4Net.Client.Jazz/OSLC4Net.Client.Jazz.csproj]
  OSLC4Net.Client.Jazz -> /app/OSLC4Net_SDK/Examples/OSLC4Net.Client.Jazz/bin/Debug/net10.0/OSLC4Net.Client.Jazz.dll
/app/OSLC4Net_SDK/Examples/OSLC4Net.Client.Samples/EWMSample.cs(263,27): warning CS8632: The annotation for nullable reference types should only be used in code within a '#nullable' annotations context. [/app/OSLC4Net_SDK/Examples/OSLC4Net.Client.Samples/OSLC4Net.Client.Samples.csproj]
/app/OSLC4Net_SDK/Examples/OSLC4Net.Client.Samples/ETMSample.cs(162,25): warning CS0618: 'QmResource.GetRdfTypes()' is obsolete: 'User GetTypes() or .Types instead' [/app/OSLC4Net_SDK/Examples/OSLC4Net.Client.Samples/OSLC4Net.Client.Samples.csproj]
/app/OSLC4Net_SDK/Examples/OSLC4Net.Client.Samples/EWMSample.cs(183,20): warning CS8632: The annotation for nullable reference types should only be used in code within a '#nullable' annotations context. [/app/OSLC4Net_SDK/Examples/OSLC4Net.Client.Samples/OSLC4Net.Client.Samples.csproj]
/app/OSLC4Net_SDK/Examples/OSLC4Net.Client.Samples/EWMSample.cs(198,33): warning CS0618: 'ChangeRequest.GetRdfTypes()' is obsolete: 'Use .Types instead' [/app/OSLC4Net_SDK/Examples/OSLC4Net.Client.Samples/OSLC4Net.Client.Samples.csproj]
/app/OSLC4Net_SDK/Examples/OSLC4Net.Client.Samples/ERMSample.cs(132,30): warning CS8632: The annotation for nullable reference types should only be used in code within a '#nullable' annotations context. [/app/OSLC4Net_SDK/Examples/OSLC4Net.Client.Samples/OSLC4Net.Client.Samples.csproj]
/app/OSLC4Net_SDK/Examples/OSLC4Net.Client.Samples/ERMSample.cs(133,30): warning CS8632: The annotation for nullable reference types should only be used in code within a '#nullable' annotations context. [/app/OSLC4Net_SDK/Examples/OSLC4Net.Client.Samples/OSLC4Net.Client.Samples.csproj]
/app/OSLC4Net_SDK/Examples/OSLC4Net.Client.Samples/ERMSample.cs(193,61): warning CS0618: 'RmConstants' is obsolete: 'See OSLC4Net.Domains.RequirementsManagement' [/app/OSLC4Net_SDK/Examples/OSLC4Net.Client.Samples/OSLC4Net.Client.Samples.csproj]
/app/OSLC4Net_SDK/Examples/OSLC4Net.Client.Samples/EWMSample.cs(274,17): warning CS0618: 'ChangeRequest.GetRdfTypes()' is obsolete: 'Use .Types instead' [/app/OSLC4Net_SDK/Examples/OSLC4Net.Client.Samples/OSLC4Net.Client.Samples.csproj]
/app/OSLC4Net_SDK/Examples/OSLC4Net.Client.Samples/EWMSample.cs(296,28): warning CS8632: The annotation for nullable reference types should only be used in code within a '#nullable' annotations context. [/app/OSLC4Net_SDK/Examples/OSLC4Net.Client.Samples/OSLC4Net.Client.Samples.csproj]
/app/OSLC4Net_SDK/Examples/OSLC4Net.Client.Samples/EWMSample.cs(326,18): warning CS8632: The annotation for nullable reference types should only be used in code within a '#nullable' annotations context. [/app/OSLC4Net_SDK/Examples/OSLC4Net.Client.Samples/OSLC4Net.Client.Samples.csproj]
/app/OSLC4Net_SDK/Examples/OSLC4Net.Client.Samples/EWMSample.cs(345,25): warning CS8632: The annotation for nullable reference types should only be used in code within a '#nullable' annotations context. [/app/OSLC4Net_SDK/Examples/OSLC4Net.Client.Samples/OSLC4Net.Client.Samples.csproj]
/app/OSLC4Net_SDK/Examples/OSLC4Net.Client.Samples/EWMSample.cs(363,20): warning CS8632: The annotation for nullable reference types should only be used in code within a '#nullable' annotations context. [/app/OSLC4Net_SDK/Examples/OSLC4Net.Client.Samples/OSLC4Net.Client.Samples.csproj]
/app/OSLC4Net_SDK/Examples/OSLC4Net.Client.Samples/ETMSample.cs(96,16): warning MA0051: Method is too long (104 lines; maximum allowed: 60) (https://github.com/meziantou/Meziantou.Analyzer/blob/main/docs/Rules/MA0051.md) [/app/OSLC4Net_SDK/Examples/OSLC4Net.Client.Samples/OSLC4Net.Client.Samples.csproj]
/app/OSLC4Net_SDK/Examples/OSLC4Net.Client.Samples/EWMSample.cs(115,23): warning MA0051: Method is too long (133 lines; maximum allowed: 60) (https://github.com/meziantou/Meziantou.Analyzer/blob/main/docs/Rules/MA0051.md) [/app/OSLC4Net_SDK/Examples/OSLC4Net.Client.Samples/OSLC4Net.Client.Samples.csproj]
/app/OSLC4Net_SDK/Examples/OSLC4Net.Client.Samples/ERMSample.cs(96,16): warning MA0051: Method is too long (244 lines; maximum allowed: 60) (https://github.com/meziantou/Meziantou.Analyzer/blob/main/docs/Rules/MA0051.md) [/app/OSLC4Net_SDK/Examples/OSLC4Net.Client.Samples/OSLC4Net.Client.Samples.csproj]
/app/OSLC4Net_SDK/Examples/OSLC4Net.Client.Samples/EWMSample.cs(263,30): warning MA0051: Method is too long (161 lines; maximum allowed: 60) (https://github.com/meziantou/Meziantou.Analyzer/blob/main/docs/Rules/MA0051.md) [/app/OSLC4Net_SDK/Examples/OSLC4Net.Client.Samples/OSLC4Net.Client.Samples.csproj]
  OSLC4Net.Core.Tests -> /app/OSLC4Net_SDK/Tests/OSLC4Net.Core.Tests/bin/Debug/net10.0/OSLC4Net.Core.Tests.dll
  OSLC4Net.Client.Samples -> /app/OSLC4Net_SDK/Examples/OSLC4Net.Client.Samples/bin/Debug/net10.0/OSLC4Net.Client.Samples.dll
  OSLC4Net.Test.RefImpl -> /app/OSLC4Net_SDK/Tests/OSLC4Net.Test.RefImpl/bin/Debug/net10.0/OSLC4Net.Test.RefImpl.dll

Build succeeded.

/app/OSLC4Net_SDK/OSLC4Net.Core/Model/Property.cs(62,16): warning CS8767: Nullability of reference types in type of parameter 'o' of 'int Property.CompareTo(Property o)' doesn't match implicitly implemented member 'int IComparable<Property>.CompareTo(Property? other)' (possibly because of nullability attributes). [/app/OSLC4Net_SDK/OSLC4Net.Core/OSLC4Net.Core.csproj]
/app/OSLC4Net_SDK/OSLC4Net.Core/Attribute/OslcResourceShape.cs(34,19): warning CS8618: Non-nullable field 'title' must contain a non-null value when exiting constructor. Consider adding the 'required' modifier or declaring the field as nullable. [/app/OSLC4Net_SDK/OSLC4Net.Core/OSLC4Net.Core.csproj]
/app/OSLC4Net_SDK/OSLC4Net.Core/Attribute/OslcDialog.cs(49,19): warning CS8618: Non-nullable field 'title' must contain a non-null value when exiting constructor. Consider adding the 'required' modifier or declaring the field as nullable. [/app/OSLC4Net_SDK/OSLC4Net.Core/OSLC4Net.Core.csproj]
/app/OSLC4Net_SDK/OSLC4Net.Core/Attribute/OslcDialog.cs(54,19): warning CS8618: Non-nullable field 'uri' must contain a non-null value when exiting constructor. Consider adding the 'required' modifier or declaring the field as nullable. [/app/OSLC4Net_SDK/OSLC4Net.Core/OSLC4Net.Core.csproj]
/app/OSLC4Net_SDK/OSLC4Net.Core/Attribute/OslcCreationFactory.cs(44,19): warning CS8618: Non-nullable field 'title' must contain a non-null value when exiting constructor. Consider adding the 'required' modifier or declaring the field as nullable. [/app/OSLC4Net_SDK/OSLC4Net.Core/OSLC4Net.Core.csproj]
/app/OSLC4Net_SDK/OSLC4Net.Core/Model/ServiceProviderFactory.cs(33,28): warning CS8625: Cannot convert null literal to non-nullable reference type. [/app/OSLC4Net_SDK/OSLC4Net.Core/OSLC4Net.Core.csproj]
/app/OSLC4Net_SDK/OSLC4Net.Core/Model/ServiceProviderFactory.cs(78,55): warning CS8604: Possible null reference argument for parameter 'service' in 'void ServiceProviderFactory.HandleResourceType(string baseURI, Type resourceType, Service service, Dictionary<string, object> pathParameterValues)'. [/app/OSLC4Net_SDK/OSLC4Net.Core/OSLC4Net.Core.csproj]
/app/OSLC4Net_SDK/OSLC4Net.Core/Model/ServiceProviderFactory.cs(265,51): warning CS8604: Possible null reference argument for parameter 'title' in 'QueryCapability.QueryCapability(string title, Uri queryBase)'. [/app/OSLC4Net_SDK/OSLC4Net.Core/OSLC4Net.Core.csproj]
/app/OSLC4Net_SDK/OSLC4Net.Core/Model/ServiceProviderCatalog.cs(32,20): warning CS8618: Non-nullable field 'description' must contain a non-null value when exiting constructor. Consider adding the 'required' modifier or declaring the field as nullable. [/app/OSLC4Net_SDK/OSLC4Net.Core/OSLC4Net.Core.csproj]
/app/OSLC4Net_SDK/OSLC4Net.Core/Model/ServiceProviderCatalog.cs(33,32): warning CS8618: Non-nullable field 'oauthConfiguration' must contain a non-null value when exiting constructor. Consider adding the 'required' modifier or declaring the field as nullable. [/app/OSLC4Net_SDK/OSLC4Net.Core/OSLC4Net.Core.csproj]
/app/OSLC4Net_SDK/OSLC4Net.Core/Model/ServiceProviderCatalog.cs(34,23): warning CS8618: Non-nullable field 'publisher' must contain a non-null value when exiting constructor. Consider adding the 'required' modifier or declaring the field as nullable. [/app/OSLC4Net_SDK/OSLC4Net.Core/OSLC4Net.Core.csproj]
/app/OSLC4Net_SDK/OSLC4Net.Core/Model/ServiceProviderCatalog.cs(35,20): warning CS8618: Non-nullable field 'title' must contain a non-null value when exiting constructor. Consider adding the 'required' modifier or declaring the field as nullable. [/app/OSLC4Net_SDK/OSLC4Net.Core/OSLC4Net.Core.csproj]
/app/OSLC4Net_SDK/OSLC4Net.Core/Model/ServiceProvider.cs(36,20): warning CS8618: Non-nullable field '_description' must contain a non-null value when exiting constructor. Consider adding the 'required' modifier or declaring the field as nullable. [/app/OSLC4Net_SDK/OSLC4Net.Core/OSLC4Net.Core.csproj]
/app/OSLC4Net_SDK/OSLC4Net.Core/Model/ServiceProvider.cs(37,20): warning CS8618: Non-nullable field '_identifier' must contain a non-null value when exiting constructor. Consider adding the 'required' modifier or declaring the field as nullable. [/app/OSLC4Net_SDK/OSLC4Net.Core/OSLC4Net.Core.csproj]
/app/OSLC4Net_SDK/OSLC4Net.Core/Model/ServiceProvider.cs(38,32): warning CS8618: Non-nullable field '_oauthConfiguration' must contain a non-null value when exiting constructor. Consider adding the 'required' modifier or declaring the field as nullable. [/app/OSLC4Net_SDK/OSLC4Net.Core/OSLC4Net.Core.csproj]
/app/OSLC4Net_SDK/OSLC4Net.Core/Model/ServiceProvider.cs(39,23): warning CS8618: Non-nullable field '_publisher' must contain a non-null value when exiting constructor. Consider adding the 'required' modifier or declaring the field as nullable. [/app/OSLC4Net_SDK/OSLC4Net.Core/OSLC4Net.Core.csproj]
/app/OSLC4Net_SDK/OSLC4Net.Core/Model/Service.cs(35,12): warning CS8618: Non-nullable field 'domain' must contain a non-null value when exiting constructor. Consider adding the 'required' modifier or declaring the field as nullable. [/app/OSLC4Net_SDK/OSLC4Net.Core/OSLC4Net.Core.csproj]
/app/OSLC4Net_SDK/OSLC4Net.Core/Model/AbstractReifiedResource.cs(26,15): warning CS8618: Non-nullable field 'value' must contain a non-null value when exiting constructor. Consider adding the 'required' modifier or declaring the field as nullable. [/app/OSLC4Net_SDK/OSLC4Net.Core/OSLC4Net.Core.csproj]
/app/OSLC4Net_SDK/OSLC4Net.Core/Model/AbstractResource.cs(35,15): warning CS8618: Non-nullable property 'About' must contain a non-null value when exiting constructor. Consider adding the 'required' modifier or declaring the property as nullable. [/app/OSLC4Net_SDK/OSLC4Net.Core/OSLC4Net.Core.csproj]
/app/OSLC4Net_SDK/OSLC4Net.Core/Model/AbstractResourceRecord.cs(29,15): warning CS8618: Non-nullable property 'About' must contain a non-null value when exiting constructor. Consider adding the 'required' modifier or declaring the property as nullable. [/app/OSLC4Net_SDK/OSLC4Net.Core/OSLC4Net.Core.csproj]
/app/OSLC4Net_SDK/OSLC4Net.Core/Model/ResponseInfo.cs(42,9): warning CS8604: Possible null reference argument for parameter 'nextPage' in 'ResponseInfo<T>.ResponseInfo(T resource, IDictionary<string, object> properties, int totalCount, string nextPage)'. [/app/OSLC4Net_SDK/OSLC4Net.Core/OSLC4Net.Core.csproj]
/app/OSLC4Net_SDK/OSLC4Net.Core/Model/Compact.cs(28,17): warning CS8618: Non-nullable field 'icon' must contain a non-null value when exiting constructor. Consider adding the 'required' modifier or declaring the field as nullable. [/app/OSLC4Net_SDK/OSLC4Net.Core/OSLC4Net.Core.csproj]
/app/OSLC4Net_SDK/OSLC4Net.Core/Model/Compact.cs(29,21): warning CS8618: Non-nullable field 'largePreview' must contain a non-null value when exiting constructor. Consider adding the 'required' modifier or declaring the field as nullable. [/app/OSLC4Net_SDK/OSLC4Net.Core/OSLC4Net.Core.csproj]
/app/OSLC4Net_SDK/OSLC4Net.Core/Model/Compact.cs(30,20): warning CS8618: Non-nullable field 'shortTitle' must contain a non-null value when exiting constructor. Consider adding the 'required' modifier or declaring the field as nullable. [/app/OSLC4Net_SDK/OSLC4Net.Core/OSLC4Net.Core.csproj]
/app/OSLC4Net_SDK/OSLC4Net.Core/Model/Compact.cs(31,21): warning CS8618: Non-nullable field 'smallPreview' must contain a non-null value when exiting constructor. Consider adding the 'required' modifier or declaring the field as nullable. [/app/OSLC4Net_SDK/OSLC4Net.Core/OSLC4Net.Core.csproj]
/app/OSLC4Net_SDK/OSLC4Net.Core/Model/Compact.cs(32,20): warning CS8618: Non-nullable field 'title' must contain a non-null value when exiting constructor. Consider adding the 'required' modifier or declaring the field as nullable. [/app/OSLC4Net_SDK/OSLC4Net.Core/OSLC4Net.Core.csproj]
/app/OSLC4Net_SDK/OSLC4Net.Core/Model/CreationFactory.cs(37,12): warning CS8618: Non-nullable field 'creation' must contain a non-null value when exiting constructor. Consider adding the 'required' modifier or declaring the field as nullable. [/app/OSLC4Net_SDK/OSLC4Net.Core/OSLC4Net.Core.csproj]
/app/OSLC4Net_SDK/OSLC4Net.Core/Model/CreationFactory.cs(37,12): warning CS8618: Non-nullable field 'label' must contain a non-null value when exiting constructor. Consider adding the 'required' modifier or declaring the field as nullable. [/app/OSLC4Net_SDK/OSLC4Net.Core/OSLC4Net.Core.csproj]
/app/OSLC4Net_SDK/OSLC4Net.Core/Model/CreationFactory.cs(37,12): warning CS8618: Non-nullable field 'title' must contain a non-null value when exiting constructor. Consider adding the 'required' modifier or declaring the field as nullable. [/app/OSLC4Net_SDK/OSLC4Net.Core/OSLC4Net.Core.csproj]
/app/OSLC4Net_SDK/OSLC4Net.Core/Model/ResourceShape.cs(33,12): warning CS8618: Non-nullable field 'title' must contain a non-null value when exiting constructor. Consider adding the 'required' modifier or declaring the field as nullable. [/app/OSLC4Net_SDK/OSLC4Net.Core/OSLC4Net.Core.csproj]
/app/OSLC4Net_SDK/OSLC4Net.Core/Model/ResourceShape.cs(37,12): warning CS8618: Non-nullable field 'title' must contain a non-null value when exiting constructor. Consider adding the 'required' modifier or declaring the field as nullable. [/app/OSLC4Net_SDK/OSLC4Net.Core/OSLC4Net.Core.csproj]
/app/OSLC4Net_SDK/OSLC4Net.Core/Model/QueryCapability.cs(38,12): warning CS8618: Non-nullable field 'label' must contain a non-null value when exiting constructor. Consider adding the 'required' modifier or declaring the field as nullable. [/app/OSLC4Net_SDK/OSLC4Net.Core/OSLC4Net.Core.csproj]
/app/OSLC4Net_SDK/OSLC4Net.Core/Model/QueryCapability.cs(38,12): warning CS8618: Non-nullable field 'queryBase' must contain a non-null value when exiting constructor. Consider adding the 'required' modifier or declaring the field as nullable. [/app/OSLC4Net_SDK/OSLC4Net.Core/OSLC4Net.Core.csproj]
/app/OSLC4Net_SDK/OSLC4Net.Core/Model/QueryCapability.cs(38,12): warning CS8618: Non-nullable field 'resourceShape' must contain a non-null value when exiting constructor. Consider adding the 'required' modifier or declaring the field as nullable. [/app/OSLC4Net_SDK/OSLC4Net.Core/OSLC4Net.Core.csproj]
/app/OSLC4Net_SDK/OSLC4Net.Core/Model/QueryCapability.cs(38,12): warning CS8618: Non-nullable field 'title' must contain a non-null value when exiting constructor. Consider adding the 'required' modifier or declaring the field as nullable. [/app/OSLC4Net_SDK/OSLC4Net.Core/OSLC4Net.Core.csproj]
/app/OSLC4Net_SDK/OSLC4Net.Core/Model/Publisher.cs(33,12): warning CS8618: Non-nullable field 'icon' must contain a non-null value when exiting constructor. Consider adding the 'required' modifier or declaring the field as nullable. [/app/OSLC4Net_SDK/OSLC4Net.Core/OSLC4Net.Core.csproj]
/app/OSLC4Net_SDK/OSLC4Net.Core/Model/Publisher.cs(33,12): warning CS8618: Non-nullable field 'identifier' must contain a non-null value when exiting constructor. Consider adding the 'required' modifier or declaring the field as nullable. [/app/OSLC4Net_SDK/OSLC4Net.Core/OSLC4Net.Core.csproj]
/app/OSLC4Net_SDK/OSLC4Net.Core/Model/Publisher.cs(33,12): warning CS8618: Non-nullable field 'label' must contain a non-null value when exiting constructor. Consider adding the 'required' modifier or declaring the field as nullable. [/app/OSLC4Net_SDK/OSLC4Net.Core/OSLC4Net.Core.csproj]
/app/OSLC4Net_SDK/OSLC4Net.Core/Model/Publisher.cs(33,12): warning CS8618: Non-nullable field 'title' must contain a non-null value when exiting constructor. Consider adding the 'required' modifier or declaring the field as nullable. [/app/OSLC4Net_SDK/OSLC4Net.Core/OSLC4Net.Core.csproj]
/app/OSLC4Net_SDK/OSLC4Net.Core/Model/Property.cs(47,12): warning CS8618: Non-nullable field 'allowedValuesRef' must contain a non-null value when exiting constructor. Consider adding the 'required' modifier or declaring the field as nullable. [/app/OSLC4Net_SDK/OSLC4Net.Core/OSLC4Net.Core.csproj]
/app/OSLC4Net_SDK/OSLC4Net.Core/Model/Property.cs(47,12): warning CS8618: Non-nullable field 'defaultValue' must contain a non-null value when exiting constructor. Consider adding the 'required' modifier or declaring the field as nullable. [/app/OSLC4Net_SDK/OSLC4Net.Core/OSLC4Net.Core.csproj]
/app/OSLC4Net_SDK/OSLC4Net.Core/Model/Property.cs(47,12): warning CS8618: Non-nullable field 'description' must contain a non-null value when exiting constructor. Consider adding the 'required' modifier or declaring the field as nullable. [/app/OSLC4Net_SDK/OSLC4Net.Core/OSLC4Net.Core.csproj]
/app/OSLC4Net_SDK/OSLC4Net.Core/Model/Property.cs(47,12): warning CS8618: Non-nullable field 'name' must contain a non-null value when exiting constructor. Consider adding the 'required' modifier or declaring the field as nullable. [/app/OSLC4Net_SDK/OSLC4Net.Core/OSLC4Net.Core.csproj]
/app/OSLC4Net_SDK/OSLC4Net.Core/Model/Property.cs(47,12): warning CS8618: Non-nullable field 'propertyDefinition' must contain a non-null value when exiting constructor. Consider adding the 'required' modifier or declaring the field as nullable. [/app/OSLC4Net_SDK/OSLC4Net.Core/OSLC4Net.Core.csproj]
/app/OSLC4Net_SDK/OSLC4Net.Core/Model/Property.cs(47,12): warning CS8618: Non-nullable field 'title' must contain a non-null value when exiting constructor. Consider adding the 'required' modifier or declaring the field as nullable. [/app/OSLC4Net_SDK/OSLC4Net.Core/OSLC4Net.Core.csproj]
/app/OSLC4Net_SDK/OSLC4Net.Core/Model/Property.cs(47,12): warning CS8618: Non-nullable field 'valueShape' must contain a non-null value when exiting constructor. Consider adding the 'required' modifier or declaring the field as nullable. [/app/OSLC4Net_SDK/OSLC4Net.Core/OSLC4Net.Core.csproj]
/app/OSLC4Net_SDK/OSLC4Net.Core/Model/Property.cs(370,37): warning CS8625: Cannot convert null literal to non-nullable reference type. [/app/OSLC4Net_SDK/OSLC4Net.Core/OSLC4Net.Core.csproj]
/app/OSLC4Net_SDK/OSLC4Net.Core/Model/Preview.cs(28,17): warning CS8618: Non-nullable field 'document' must contain a non-null value when exiting constructor. Consider adding the 'required' modifier or declaring the field as nullable. [/app/OSLC4Net_SDK/OSLC4Net.Core/OSLC4Net.Core.csproj]
/app/OSLC4Net_SDK/OSLC4Net.Core/Model/Preview.cs(29,20): warning CS8618: Non-nullable field 'hintHeight' must contain a non-null value when exiting constructor. Consider adding the 'required' modifier or declaring the field as nullable. [/app/OSLC4Net_SDK/OSLC4Net.Core/OSLC4Net.Core.csproj]
/app/OSLC4Net_SDK/OSLC4Net.Core/Model/Preview.cs(30,20): warning CS8618: Non-nullable field 'hintWidth' must contain a non-null value when exiting constructor. Consider adding the 'required' modifier or declaring the field as nullable. [/app/OSLC4Net_SDK/OSLC4Net.Core/OSLC4Net.Core.csproj]
/app/OSLC4Net_SDK/OSLC4Net.Core/Model/Preview.cs(31,20): warning CS8618: Non-nullable field 'initialHeight' must contain a non-null value when exiting constructor. Consider adding the 'required' modifier or declaring the field as nullable. [/app/OSLC4Net_SDK/OSLC4Net.Core/OSLC4Net.Core.csproj]
/app/OSLC4Net_SDK/OSLC4Net.Core/Model/PrefixDefinition.cs(31,12): warning CS8618: Non-nullable field 'prefix' must contain a non-null value when exiting constructor. Consider adding the 'required' modifier or declaring the field as nullable. [/app/OSLC4Net_SDK/OSLC4Net.Core/OSLC4Net.Core.csproj]
/app/OSLC4Net_SDK/OSLC4Net.Core/Model/PrefixDefinition.cs(31,12): warning CS8618: Non-nullable field 'prefixBase' must contain a non-null value when exiting constructor. Consider adding the 'required' modifier or declaring the field as nullable. [/app/OSLC4Net_SDK/OSLC4Net.Core/OSLC4Net.Core.csproj]
/app/OSLC4Net_SDK/OSLC4Net.Core/Model/OAuthConfiguration.cs(34,12): warning CS8618: Non-nullable field 'authorizationURI' must contain a non-null value when exiting constructor. Consider adding the 'required' modifier or declaring the field as nullable. [/app/OSLC4Net_SDK/OSLC4Net.Core/OSLC4Net.Core.csproj]
/app/OSLC4Net_SDK/OSLC4Net.Core/Model/OAuthConfiguration.cs(34,12): warning CS8618: Non-nullable field 'oauthAccessTokenURI' must contain a non-null value when exiting constructor. Consider adding the 'required' modifier or declaring the field as nullable. [/app/OSLC4Net_SDK/OSLC4Net.Core/OSLC4Net.Core.csproj]
/app/OSLC4Net_SDK/OSLC4Net.Core/Model/OAuthConfiguration.cs(34,12): warning CS8618: Non-nullable field 'oauthRequestTokenURI' must contain a non-null value when exiting constructor. Consider adding the 'required' modifier or declaring the field as nullable. [/app/OSLC4Net_SDK/OSLC4Net.Core/OSLC4Net.Core.csproj]
/app/OSLC4Net_SDK/OSLC4Net.Core/Model/Link.cs(27,12): warning CS8618: Non-nullable field 'label' must contain a non-null value when exiting constructor. Consider adding the 'required' modifier or declaring the field as nullable. [/app/OSLC4Net_SDK/OSLC4Net.Core/OSLC4Net.Core.csproj]
/app/OSLC4Net_SDK/OSLC4Net.Core/Model/Link.cs(31,12): warning CS8618: Non-nullable field 'label' must contain a non-null value when exiting constructor. Consider adding the 'required' modifier or declaring the field as nullable. [/app/OSLC4Net_SDK/OSLC4Net.Core/OSLC4Net.Core.csproj]
/app/OSLC4Net_SDK/OSLC4Net.Core/Model/ExtendedError.cs(10,20): warning CS8618: Non-nullable field 'hintHeight' must contain a non-null value when exiting constructor. Consider adding the 'required' modifier or declaring the field as nullable. [/app/OSLC4Net_SDK/OSLC4Net.Core/OSLC4Net.Core.csproj]
/app/OSLC4Net_SDK/OSLC4Net.Core/Model/ExtendedError.cs(11,20): warning CS8618: Non-nullable field 'hintWidth' must contain a non-null value when exiting constructor. Consider adding the 'required' modifier or declaring the field as nullable. [/app/OSLC4Net_SDK/OSLC4Net.Core/OSLC4Net.Core.csproj]
/app/OSLC4Net_SDK/OSLC4Net.Core/Model/ExtendedError.cs(12,17): warning CS8618: Non-nullable field 'moreInfo' must contain a non-null value when exiting constructor. Consider adding the 'required' modifier or declaring the field as nullable. [/app/OSLC4Net_SDK/OSLC4Net.Core/OSLC4Net.Core.csproj]
/app/OSLC4Net_SDK/OSLC4Net.Core/Model/ExtendedError.cs(13,20): warning CS8618: Non-nullable field 'rel' must contain a non-null value when exiting constructor. Consider adding the 'required' modifier or declaring the field as nullable. [/app/OSLC4Net_SDK/OSLC4Net.Core/OSLC4Net.Core.csproj]
/app/OSLC4Net_SDK/OSLC4Net.Core/Model/Error.cs(10,27): warning CS8618: Non-nullable field 'extendedError' must contain a non-null value when exiting constructor. Consider adding the 'required' modifier or declaring the field as nullable. [/app/OSLC4Net_SDK/OSLC4Net.Core/OSLC4Net.Core.csproj]
/app/OSLC4Net_SDK/OSLC4Net.Core/Model/Error.cs(11,20): warning CS8618: Non-nullable field 'message' must contain a non-null value when exiting constructor. Consider adding the 'required' modifier or declaring the field as nullable. [/app/OSLC4Net_SDK/OSLC4Net.Core/OSLC4Net.Core.csproj]
/app/OSLC4Net_SDK/OSLC4Net.Core/Model/Error.cs(12,20): warning CS8618: Non-nullable field 'statusCode' must contain a non-null value when exiting constructor. Consider adding the 'required' modifier or declaring the field as nullable. [/app/OSLC4Net_SDK/OSLC4Net.Core/OSLC4Net.Core.csproj]
/app/OSLC4Net_SDK/OSLC4Net.Core/Model/Dialog.cs(37,12): warning CS8618: Non-nullable field 'dialog' must contain a non-null value when exiting constructor. Consider adding the 'required' modifier or declaring the field as nullable. [/app/OSLC4Net_SDK/OSLC4Net.Core/OSLC4Net.Core.csproj]
/app/OSLC4Net_SDK/OSLC4Net.Core/Model/Dialog.cs(37,12): warning CS8618: Non-nullable field 'hintHeight' must contain a non-null value when exiting constructor. Consider adding the 'required' modifier or declaring the field as nullable. [/app/OSLC4Net_SDK/OSLC4Net.Core/OSLC4Net.Core.csproj]
/app/OSLC4Net_SDK/OSLC4Net.Core/Model/Dialog.cs(37,12): warning CS8618: Non-nullable field 'hintWidth' must contain a non-null value when exiting constructor. Consider adding the 'required' modifier or declaring the field as nullable. [/app/OSLC4Net_SDK/OSLC4Net.Core/OSLC4Net.Core.csproj]
/app/OSLC4Net_SDK/OSLC4Net.Core/Model/Dialog.cs(37,12): warning CS8618: Non-nullable field 'label' must contain a non-null value when exiting constructor. Consider adding the 'required' modifier or declaring the field as nullable. [/app/OSLC4Net_SDK/OSLC4Net.Core/OSLC4Net.Core.csproj]
/app/OSLC4Net_SDK/OSLC4Net.Core/Model/Dialog.cs(37,12): warning CS8618: Non-nullable field 'title' must contain a non-null value when exiting constructor. Consider adding the 'required' modifier or declaring the field as nullable. [/app/OSLC4Net_SDK/OSLC4Net.Core/OSLC4Net.Core.csproj]
/app/OSLC4Net_SDK/OSLC4Net.Core/Exceptions/OslcCoreRequestException.cs(23,4): warning MA0026: TODO accept HttpResponseMessage in a static ctor but do not retain it (@berezovskyi 2025-06) (https://github.com/meziantou/Meziantou.Analyzer/blob/main/docs/Rules/MA0026.md) [/app/OSLC4Net_SDK/OSLC4Net.Core/OSLC4Net.Core.csproj]
/app/OSLC4Net_SDK/OSLC4Net.Core/Model/OslcMediaType.cs(36,39): warning MA0026: TODO - Compact media type never defined in the OSLC spec for JSON (https://github.com/meziantou/Meziantou.Analyzer/blob/main/docs/Rules/MA0026.md) [/app/OSLC4Net_SDK/OSLC4Net.Core/OSLC4Net.Core.csproj]
/app/OSLC4Net_SDK/OSLC4Net.Core/Model/Publisher.cs(62,23): warning MA0026: TODO - Marked as unspecified in the spec, but is this correct? (https://github.com/meziantou/Meziantou.Analyzer/blob/main/docs/Rules/MA0026.md) [/app/OSLC4Net_SDK/OSLC4Net.Core/OSLC4Net.Core.csproj]
/app/OSLC4Net_SDK/OSLC4Net.Core/Model/ServiceProvider.cs(35,36): warning MA0026: TODO - ServiceProvider.created nice to have, but not required. (https://github.com/meziantou/Meziantou.Analyzer/blob/main/docs/Rules/MA0026.md) [/app/OSLC4Net_SDK/OSLC4Net.Core/OSLC4Net.Core.csproj]
/app/OSLC4Net_SDK/OSLC4Net.Core/Model/ServiceProvider.cs(37,36): warning MA0026: TODO - ServiceProvider.identifier nice to have, but not required. (https://github.com/meziantou/Meziantou.Analyzer/blob/main/docs/Rules/MA0026.md) [/app/OSLC4Net_SDK/OSLC4Net.Core/OSLC4Net.Core.csproj]
/app/OSLC4Net_SDK/OSLC4Net.Core/Model/ServiceProviderFactory.cs(209,12): warning MA0026: TODO Path methodPathAttribute = method.getAttribute(Path.class); (https://github.com/meziantou/Meziantou.Analyzer/blob/main/docs/Rules/MA0026.md) [/app/OSLC4Net_SDK/OSLC4Net.Core/OSLC4Net.Core.csproj]
/app/OSLC4Net_SDK/OSLC4Net.Core/Model/ServiceProviderFactory.cs(215,12): warning MA0026: TODO normalise URI (https://github.com/meziantou/Meziantou.Analyzer/blob/main/docs/Rules/MA0026.md) [/app/OSLC4Net_SDK/OSLC4Net.Core/OSLC4Net.Core.csproj]
/app/OSLC4Net_SDK/OSLC4Net.Core/Model/ServiceProviderFactory.cs(259,12): warning MA0026: TODO  (https://github.com/meziantou/Meziantou.Analyzer/blob/main/docs/Rules/MA0026.md) [/app/OSLC4Net_SDK/OSLC4Net.Core/OSLC4Net.Core.csproj]
/app/OSLC4Net_SDK/OSLC4Net.Core/Model/ServiceProviderFactory.cs(323,16): warning MA0026: TODO Do we chop off everything after the port and then append the dialog URI? (https://github.com/meziantou/Meziantou.Analyzer/blob/main/docs/Rules/MA0026.md) [/app/OSLC4Net_SDK/OSLC4Net.Core/OSLC4Net.Core.csproj]
/app/OSLC4Net_SDK/OSLC4Net.Core/Model/ServiceProviderFactory.cs(370,16): warning MA0026: TODO - not supported yet (https://github.com/meziantou/Meziantou.Analyzer/blob/main/docs/Rules/MA0026.md) [/app/OSLC4Net_SDK/OSLC4Net.Core/OSLC4Net.Core.csproj]
/app/OSLC4Net_SDK/OSLC4Net.Core/Model/AbstractResourceRecord.cs(19,12): warning MA0016: Prefer using collection abstraction instead of implementation (https://github.com/meziantou/Meziantou.Analyzer/blob/main/docs/Rules/MA0016.md) [/app/OSLC4Net_SDK/OSLC4Net.Core/OSLC4Net.Core.csproj]
/app/OSLC4Net_SDK/OSLC4Net.Core/Model/Property.cs(27,21): warning MA0096: A class that implements IComparable<T> should also implement IEquatable<T> (https://github.com/meziantou/Meziantou.Analyzer/blob/main/docs/Rules/MA0096.md) [/app/OSLC4Net_SDK/OSLC4Net.Core/OSLC4Net.Core.csproj]
/app/OSLC4Net_SDK/OSLC4Net.Core/Model/Property.cs(27,21): warning MA0097: A class that implements IComparable<T> or IComparable should override comparison operators (https://github.com/meziantou/Meziantou.Analyzer/blob/main/docs/Rules/MA0097.md) [/app/OSLC4Net_SDK/OSLC4Net.Core/OSLC4Net.Core.csproj]
/app/OSLC4Net_SDK/OSLC4Net.Core/Model/ServiceProviderFactory.cs(99,25): warning MA0051: Method is too long (87 lines; maximum allowed: 60) (https://github.com/meziantou/Meziantou.Analyzer/blob/main/docs/Rules/MA0051.md) [/app/OSLC4Net_SDK/OSLC4Net.Core/OSLC4Net.Core.csproj]
/app/OSLC4Net_SDK/OSLC4Net.Core/Model/ServiceProviderFactory.cs(38,9): warning MA0016: Prefer using collection abstraction instead of implementation (https://github.com/meziantou/Meziantou.Analyzer/blob/main/docs/Rules/MA0016.md) [/app/OSLC4Net_SDK/OSLC4Net.Core/OSLC4Net.Core.csproj]
/app/OSLC4Net_SDK/OSLC4Net.Core/Model/ServiceProviderFactory.cs(46,9): warning MA0016: Prefer using collection abstraction instead of implementation (https://github.com/meziantou/Meziantou.Analyzer/blob/main/docs/Rules/MA0016.md) [/app/OSLC4Net_SDK/OSLC4Net.Core/OSLC4Net.Core.csproj]
/app/OSLC4Net_SDK/OSLC4Net.Core/Model/ServiceProviderFactory.cs(368,9): warning MA0140: Both if and else branch have identical code (https://github.com/meziantou/Meziantou.Analyzer/blob/main/docs/Rules/MA0140.md) [/app/OSLC4Net_SDK/OSLC4Net.Core/OSLC4Net.Core.csproj]
/app/OSLC4Net_SDK/OSLC4Net.Core/Model/ResourceShapeFactory.cs(152,29): warning MA0051: Method is too long (177 lines; maximum allowed: 60) (https://github.com/meziantou/Meziantou.Analyzer/blob/main/docs/Rules/MA0051.md) [/app/OSLC4Net_SDK/OSLC4Net.Core/OSLC4Net.Core.csproj]
/app/OSLC4Net_SDK/OSLC4Net.Core/Model/RepresentationExtension.cs(35,15): warning CA2208: Call the ArgumentException constructor that contains a message and/or paramName parameter (https://learn.microsoft.com/dotnet/fundamentals/code-analysis/quality-rules/ca2208) [/app/OSLC4Net_SDK/OSLC4Net.Core/OSLC4Net.Core.csproj]
/app/OSLC4Net_SDK/OSLC4Net.Core/Model/RepresentationExtension.cs(35,15): warning MA0015: Use an overload of 'System.ArgumentException' with the parameter name (https://github.com/meziantou/Meziantou.Analyzer/blob/main/docs/Rules/MA0015.md) [/app/OSLC4Net_SDK/OSLC4Net.Core/OSLC4Net.Core.csproj]
/app/OSLC4Net_SDK/OSLC4Net.Core/Model/Property.cs(183,23): warning CA2201: Exception type System.SystemException is not sufficiently specific (https://learn.microsoft.com/dotnet/fundamentals/code-analysis/quality-rules/ca2201) [/app/OSLC4Net_SDK/OSLC4Net.Core/OSLC4Net.Core.csproj]
/app/OSLC4Net_SDK/OSLC4Net.Core/Model/Property.cs(241,19): warning CA2201: Exception type System.SystemException is not sufficiently specific (https://learn.microsoft.com/dotnet/fundamentals/code-analysis/quality-rules/ca2201) [/app/OSLC4Net_SDK/OSLC4Net.Core/OSLC4Net.Core.csproj]
/app/OSLC4Net_SDK/OSLC4Net.Core/Model/Property.cs(303,23): warning CA2201: Exception type System.SystemException is not sufficiently specific (https://learn.microsoft.com/dotnet/fundamentals/code-analysis/quality-rules/ca2201) [/app/OSLC4Net_SDK/OSLC4Net.Core/OSLC4Net.Core.csproj]
/app/OSLC4Net_SDK/OSLC4Net.Core/Model/OccursExtension.cs(35,15): warning CA2208: Call the ArgumentException constructor that contains a message and/or paramName parameter (https://learn.microsoft.com/dotnet/fundamentals/code-analysis/quality-rules/ca2208) [/app/OSLC4Net_SDK/OSLC4Net.Core/OSLC4Net.Core.csproj]
/app/OSLC4Net_SDK/OSLC4Net.Core/Model/OccursExtension.cs(35,15): warning MA0015: Use an overload of 'System.ArgumentException' with the parameter name (https://github.com/meziantou/Meziantou.Analyzer/blob/main/docs/Rules/MA0015.md) [/app/OSLC4Net_SDK/OSLC4Net.Core/OSLC4Net.Core.csproj]
/app/OSLC4Net_SDK/OSLC4Net.Domains.RequirementsManagement/RequirementCollection.cs(12,12): warning CS8618: Non-nullable property 'Identifier' must contain a non-null value when exiting constructor. Consider adding the 'required' modifier or declaring the property as nullable. [/app/OSLC4Net_SDK/OSLC4Net.Domains.RequirementsManagement/OSLC4Net.Domains.RequirementsManagement.csproj]
/app/OSLC4Net_SDK/OSLC4Net.Domains.RequirementsManagement/RequirementCollection.cs(12,12): warning CS8618: Non-nullable property 'Title' must contain a non-null value when exiting constructor. Consider adding the 'required' modifier or declaring the property as nullable. [/app/OSLC4Net_SDK/OSLC4Net.Domains.RequirementsManagement/OSLC4Net.Domains.RequirementsManagement.csproj]
/app/OSLC4Net_SDK/OSLC4Net.Domains.RequirementsManagement/RequirementCollection.cs(12,12): warning CS8618: Non-nullable property 'ShortTitle' must contain a non-null value when exiting constructor. Consider adding the 'required' modifier or declaring the property as nullable. [/app/OSLC4Net_SDK/OSLC4Net.Domains.RequirementsManagement/OSLC4Net.Domains.RequirementsManagement.csproj]
/app/OSLC4Net_SDK/OSLC4Net.Domains.RequirementsManagement/RequirementCollection.cs(12,12): warning CS8618: Non-nullable property 'Description' must contain a non-null value when exiting constructor. Consider adding the 'required' modifier or declaring the property as nullable. [/app/OSLC4Net_SDK/OSLC4Net.Domains.RequirementsManagement/OSLC4Net.Domains.RequirementsManagement.csproj]
/app/OSLC4Net_SDK/OSLC4Net.Domains.RequirementsManagement/RequirementCollection.cs(12,12): warning CS8618: Non-nullable property 'Subject' must contain a non-null value when exiting constructor. Consider adding the 'required' modifier or declaring the property as nullable. [/app/OSLC4Net_SDK/OSLC4Net.Domains.RequirementsManagement/OSLC4Net.Domains.RequirementsManagement.csproj]
/app/OSLC4Net_SDK/OSLC4Net.Domains.RequirementsManagement/RequirementCollection.cs(12,12): warning CS8618: Non-nullable property 'Creator' must contain a non-null value when exiting constructor. Consider adding the 'required' modifier or declaring the property as nullable. [/app/OSLC4Net_SDK/OSLC4Net.Domains.RequirementsManagement/OSLC4Net.Domains.RequirementsManagement.csproj]
/app/OSLC4Net_SDK/OSLC4Net.Domains.RequirementsManagement/RequirementCollection.cs(12,12): warning CS8618: Non-nullable property 'Contributor' must contain a non-null value when exiting constructor. Consider adding the 'required' modifier or declaring the property as nullable. [/app/OSLC4Net_SDK/OSLC4Net.Domains.RequirementsManagement/OSLC4Net.Domains.RequirementsManagement.csproj]
/app/OSLC4Net_SDK/OSLC4Net.Domains.RequirementsManagement/RequirementCollection.cs(12,12): warning CS8618: Non-nullable property 'ServiceProvider' must contain a non-null value when exiting constructor. Consider adding the 'required' modifier or declaring the property as nullable. [/app/OSLC4Net_SDK/OSLC4Net.Domains.RequirementsManagement/OSLC4Net.Domains.RequirementsManagement.csproj]
/app/OSLC4Net_SDK/OSLC4Net.Domains.RequirementsManagement/RequirementCollection.cs(12,12): warning CS8618: Non-nullable property 'InstanceShape' must contain a non-null value when exiting constructor. Consider adding the 'required' modifier or declaring the property as nullable. [/app/OSLC4Net_SDK/OSLC4Net.Domains.RequirementsManagement/OSLC4Net.Domains.RequirementsManagement.csproj]
/app/OSLC4Net_SDK/OSLC4Net.Domains.RequirementsManagement/RequirementCollection.cs(12,12): warning CS8618: Non-nullable property 'Uses' must contain a non-null value when exiting constructor. Consider adding the 'required' modifier or declaring the property as nullable. [/app/OSLC4Net_SDK/OSLC4Net.Domains.RequirementsManagement/OSLC4Net.Domains.RequirementsManagement.csproj]
/app/OSLC4Net_SDK/OSLC4Net.Domains.RequirementsManagement/RequirementCollection.cs(12,12): warning CS8618: Non-nullable property 'ElaboratedBy' must contain a non-null value when exiting constructor. Consider adding the 'required' modifier or declaring the property as nullable. [/app/OSLC4Net_SDK/OSLC4Net.Domains.RequirementsManagement/OSLC4Net.Domains.RequirementsManagement.csproj]
/app/OSLC4Net_SDK/OSLC4Net.Domains.RequirementsManagement/RequirementCollection.cs(12,12): warning CS8618: Non-nullable property 'Elaborates' must contain a non-null value when exiting constructor. Consider adding the 'required' modifier or declaring the property as nullable. [/app/OSLC4Net_SDK/OSLC4Net.Domains.RequirementsManagement/OSLC4Net.Domains.RequirementsManagement.csproj]
/app/OSLC4Net_SDK/OSLC4Net.Domains.RequirementsManagement/RequirementCollection.cs(12,12): warning CS8618: Non-nullable property 'SpecifiedBy' must contain a non-null value when exiting constructor. Consider adding the 'required' modifier or declaring the property as nullable. [/app/OSLC4Net_SDK/OSLC4Net.Domains.RequirementsManagement/OSLC4Net.Domains.RequirementsManagement.csproj]
/app/OSLC4Net_SDK/OSLC4Net.Domains.RequirementsManagement/RequirementCollection.cs(12,12): warning CS8618: Non-nullable property 'Specifies' must contain a non-null value when exiting constructor. Consider adding the 'required' modifier or declaring the property as nullable. [/app/OSLC4Net_SDK/OSLC4Net.Domains.RequirementsManagement/OSLC4Net.Domains.RequirementsManagement.csproj]
/app/OSLC4Net_SDK/OSLC4Net.Domains.RequirementsManagement/RequirementCollection.cs(12,12): warning CS8618: Non-nullable property 'AffectedBy' must contain a non-null value when exiting constructor. Consider adding the 'required' modifier or declaring the property as nullable. [/app/OSLC4Net_SDK/OSLC4Net.Domains.RequirementsManagement/OSLC4Net.Domains.RequirementsManagement.csproj]
/app/OSLC4Net_SDK/OSLC4Net.Domains.RequirementsManagement/RequirementCollection.cs(12,12): warning CS8618: Non-nullable property 'TrackedBy' must contain a non-null value when exiting constructor. Consider adding the 'required' modifier or declaring the property as nullable. [/app/OSLC4Net_SDK/OSLC4Net.Domains.RequirementsManagement/OSLC4Net.Domains.RequirementsManagement.csproj]
/app/OSLC4Net_SDK/OSLC4Net.Domains.RequirementsManagement/RequirementCollection.cs(12,12): warning CS8618: Non-nullable property 'ImplementedBy' must contain a non-null value when exiting constructor. Consider adding the 'required' modifier or declaring the property as nullable. [/app/OSLC4Net_SDK/OSLC4Net.Domains.RequirementsManagement/OSLC4Net.Domains.RequirementsManagement.csproj]
/app/OSLC4Net_SDK/OSLC4Net.Domains.RequirementsManagement/RequirementCollection.cs(12,12): warning CS8618: Non-nullable property 'ValidatedBy' must contain a non-null value when exiting constructor. Consider adding the 'required' modifier or declaring the property as nullable. [/app/OSLC4Net_SDK/OSLC4Net.Domains.RequirementsManagement/OSLC4Net.Domains.RequirementsManagement.csproj]
/app/OSLC4Net_SDK/OSLC4Net.Domains.RequirementsManagement/RequirementCollection.cs(12,12): warning CS8618: Non-nullable property 'SatisfiedBy' must contain a non-null value when exiting constructor. Consider adding the 'required' modifier or declaring the property as nullable. [/app/OSLC4Net_SDK/OSLC4Net.Domains.RequirementsManagement/OSLC4Net.Domains.RequirementsManagement.csproj]
/app/OSLC4Net_SDK/OSLC4Net.Domains.RequirementsManagement/RequirementCollection.cs(12,12): warning CS8618: Non-nullable property 'Satisfies' must contain a non-null value when exiting constructor. Consider adding the 'required' modifier or declaring the property as nullable. [/app/OSLC4Net_SDK/OSLC4Net.Domains.RequirementsManagement/OSLC4Net.Domains.RequirementsManagement.csproj]
/app/OSLC4Net_SDK/OSLC4Net.Domains.RequirementsManagement/RequirementCollection.cs(12,12): warning CS8618: Non-nullable property 'DecomposedBy' must contain a non-null value when exiting constructor. Consider adding the 'required' modifier or declaring the property as nullable. [/app/OSLC4Net_SDK/OSLC4Net.Domains.RequirementsManagement/OSLC4Net.Domains.RequirementsManagement.csproj]
/app/OSLC4Net_SDK/OSLC4Net.Domains.RequirementsManagement/RequirementCollection.cs(12,12): warning CS8618: Non-nullable property 'Decomposes' must contain a non-null value when exiting constructor. Consider adding the 'required' modifier or declaring the property as nullable. [/app/OSLC4Net_SDK/OSLC4Net.Domains.RequirementsManagement/OSLC4Net.Domains.RequirementsManagement.csproj]
/app/OSLC4Net_SDK/OSLC4Net.Domains.RequirementsManagement/RequirementCollection.cs(12,12): warning CS8618: Non-nullable property 'ConstrainedBy' must contain a non-null value when exiting constructor. Consider adding the 'required' modifier or declaring the property as nullable. [/app/OSLC4Net_SDK/OSLC4Net.Domains.RequirementsManagement/OSLC4Net.Domains.RequirementsManagement.csproj]
/app/OSLC4Net_SDK/OSLC4Net.Domains.RequirementsManagement/RequirementCollection.cs(12,12): warning CS8618: Non-nullable property 'Constrains' must contain a non-null value when exiting constructor. Consider adding the 'required' modifier or declaring the property as nullable. [/app/OSLC4Net_SDK/OSLC4Net.Domains.RequirementsManagement/OSLC4Net.Domains.RequirementsManagement.csproj]
/app/OSLC4Net_SDK/OSLC4Net.Domains.RequirementsManagement/RequirementCollection.cs(16,12): warning CS8618: Non-nullable property 'Identifier' must contain a non-null value when exiting constructor. Consider adding the 'required' modifier or declaring the property as nullable. [/app/OSLC4Net_SDK/OSLC4Net.Domains.RequirementsManagement/OSLC4Net.Domains.RequirementsManagement.csproj]
/app/OSLC4Net_SDK/OSLC4Net.Domains.RequirementsManagement/RequirementCollection.cs(16,12): warning CS8618: Non-nullable property 'Title' must contain a non-null value when exiting constructor. Consider adding the 'required' modifier or declaring the property as nullable. [/app/OSLC4Net_SDK/OSLC4Net.Domains.RequirementsManagement/OSLC4Net.Domains.RequirementsManagement.csproj]
/app/OSLC4Net_SDK/OSLC4Net.Domains.RequirementsManagement/RequirementCollection.cs(16,12): warning CS8618: Non-nullable property 'ShortTitle' must contain a non-null value when exiting constructor. Consider adding the 'required' modifier or declaring the property as nullable. [/app/OSLC4Net_SDK/OSLC4Net.Domains.RequirementsManagement/OSLC4Net.Domains.RequirementsManagement.csproj]
/app/OSLC4Net_SDK/OSLC4Net.Domains.RequirementsManagement/RequirementCollection.cs(16,12): warning CS8618: Non-nullable property 'Description' must contain a non-null value when exiting constructor. Consider adding the 'required' modifier or declaring the property as nullable. [/app/OSLC4Net_SDK/OSLC4Net.Domains.RequirementsManagement/OSLC4Net.Domains.RequirementsManagement.csproj]
/app/OSLC4Net_SDK/OSLC4Net.Domains.RequirementsManagement/RequirementCollection.cs(16,12): warning CS8618: Non-nullable property 'Subject' must contain a non-null value when exiting constructor. Consider adding the 'required' modifier or declaring the property as nullable. [/app/OSLC4Net_SDK/OSLC4Net.Domains.RequirementsManagement/OSLC4Net.Domains.RequirementsManagement.csproj]
/app/OSLC4Net_SDK/OSLC4Net.Domains.RequirementsManagement/RequirementCollection.cs(16,12): warning CS8618: Non-nullable property 'Creator' must contain a non-null value when exiting constructor. Consider adding the 'required' modifier or declaring the property as nullable. [/app/OSLC4Net_SDK/OSLC4Net.Domains.RequirementsManagement/OSLC4Net.Domains.RequirementsManagement.csproj]
/app/OSLC4Net_SDK/OSLC4Net.Domains.RequirementsManagement/RequirementCollection.cs(16,12): warning CS8618: Non-nullable property 'Contributor' must contain a non-null value when exiting constructor. Consider adding the 'required' modifier or declaring the property as nullable. [/app/OSLC4Net_SDK/OSLC4Net.Domains.RequirementsManagement/OSLC4Net.Domains.RequirementsManagement.csproj]
/app/OSLC4Net_SDK/OSLC4Net.Domains.RequirementsManagement/RequirementCollection.cs(16,12): warning CS8618: Non-nullable property 'ServiceProvider' must contain a non-null value when exiting constructor. Consider adding the 'required' modifier or declaring the property as nullable. [/app/OSLC4Net_SDK/OSLC4Net.Domains.RequirementsManagement/OSLC4Net.Domains.RequirementsManagement.csproj]
/app/OSLC4Net_SDK/OSLC4Net.Domains.RequirementsManagement/RequirementCollection.cs(16,12): warning CS8618: Non-nullable property 'InstanceShape' must contain a non-null value when exiting constructor. Consider adding the 'required' modifier or declaring the property as nullable. [/app/OSLC4Net_SDK/OSLC4Net.Domains.RequirementsManagement/OSLC4Net.Domains.RequirementsManagement.csproj]
/app/OSLC4Net_SDK/OSLC4Net.Domains.RequirementsManagement/RequirementCollection.cs(16,12): warning CS8618: Non-nullable property 'Uses' must contain a non-null value when exiting constructor. Consider adding the 'required' modifier or declaring the property as nullable. [/app/OSLC4Net_SDK/OSLC4Net.Domains.RequirementsManagement/OSLC4Net.Domains.RequirementsManagement.csproj]
/app/OSLC4Net_SDK/OSLC4Net.Domains.RequirementsManagement/RequirementCollection.cs(16,12): warning CS8618: Non-nullable property 'ElaboratedBy' must contain a non-null value when exiting constructor. Consider adding the 'required' modifier or declaring the property as nullable. [/app/OSLC4Net_SDK/OSLC4Net.Domains.RequirementsManagement/OSLC4Net.Domains.RequirementsManagement.csproj]
/app/OSLC4Net_SDK/OSLC4Net.Domains.RequirementsManagement/RequirementCollection.cs(16,12): warning CS8618: Non-nullable property 'Elaborates' must contain a non-null value when exiting constructor. Consider adding the 'required' modifier or declaring the property as nullable. [/app/OSLC4Net_SDK/OSLC4Net.Domains.RequirementsManagement/OSLC4Net.Domains.RequirementsManagement.csproj]
/app/OSLC4Net_SDK/OSLC4Net.Domains.RequirementsManagement/RequirementCollection.cs(16,12): warning CS8618: Non-nullable property 'SpecifiedBy' must contain a non-null value when exiting constructor. Consider adding the 'required' modifier or declaring the property as nullable. [/app/OSLC4Net_SDK/OSLC4Net.Domains.RequirementsManagement/OSLC4Net.Domains.RequirementsManagement.csproj]
/app/OSLC4Net_SDK/OSLC4Net.Domains.RequirementsManagement/RequirementCollection.cs(16,12): warning CS8618: Non-nullable property 'Specifies' must contain a non-null value when exiting constructor. Consider adding the 'required' modifier or declaring the property as nullable. [/app/OSLC4Net_SDK/OSLC4Net.Domains.RequirementsManagement/OSLC4Net.Domains.RequirementsManagement.csproj]
/app/OSLC4Net_SDK/OSLC4Net.Domains.RequirementsManagement/RequirementCollection.cs(16,12): warning CS8618: Non-nullable property 'AffectedBy' must contain a non-null value when exiting constructor. Consider adding the 'required' modifier or declaring the property as nullable. [/app/OSLC4Net_SDK/OSLC4Net.Domains.RequirementsManagement/OSLC4Net.Domains.RequirementsManagement.csproj]
/app/OSLC4Net_SDK/OSLC4Net.Domains.RequirementsManagement/RequirementCollection.cs(16,12): warning CS8618: Non-nullable property 'TrackedBy' must contain a non-null value when exiting constructor. Consider adding the 'required' modifier or declaring the property as nullable. [/app/OSLC4Net_SDK/OSLC4Net.Domains.RequirementsManagement/OSLC4Net.Domains.RequirementsManagement.csproj]
/app/OSLC4Net_SDK/OSLC4Net.Domains.RequirementsManagement/RequirementCollection.cs(16,12): warning CS8618: Non-nullable property 'ImplementedBy' must contain a non-null value when exiting constructor. Consider adding the 'required' modifier or declaring the property as nullable. [/app/OSLC4Net_SDK/OSLC4Net.Domains.RequirementsManagement/OSLC4Net.Domains.RequirementsManagement.csproj]
/app/OSLC4Net_SDK/OSLC4Net.Domains.RequirementsManagement/RequirementCollection.cs(16,12): warning CS8618: Non-nullable property 'ValidatedBy' must contain a non-null value when exiting constructor. Consider adding the 'required' modifier or declaring the property as nullable. [/app/OSLC4Net_SDK/OSLC4Net.Domains.RequirementsManagement/OSLC4Net.Domains.RequirementsManagement.csproj]
/app/OSLC4Net_SDK/OSLC4Net.Domains.RequirementsManagement/RequirementCollection.cs(16,12): warning CS8618: Non-nullable property 'SatisfiedBy' must contain a non-null value when exiting constructor. Consider adding the 'required' modifier or declaring the property as nullable. [/app/OSLC4Net_SDK/OSLC4Net.Domains.RequirementsManagement/OSLC4Net.Domains.RequirementsManagement.csproj]
/app/OSLC4Net_SDK/OSLC4Net.Domains.RequirementsManagement/RequirementCollection.cs(16,12): warning CS8618: Non-nullable property 'Satisfies' must contain a non-null value when exiting constructor. Consider adding the 'required' modifier or declaring the property as nullable. [/app/OSLC4Net_SDK/OSLC4Net.Domains.RequirementsManagement/OSLC4Net.Domains.RequirementsManagement.csproj]
/app/OSLC4Net_SDK/OSLC4Net.Domains.RequirementsManagement/RequirementCollection.cs(16,12): warning CS8618: Non-nullable property 'DecomposedBy' must contain a non-null value when exiting constructor. Consider adding the 'required' modifier or declaring the property as nullable. [/app/OSLC4Net_SDK/OSLC4Net.Domains.RequirementsManagement/OSLC4Net.Domains.RequirementsManagement.csproj]
/app/OSLC4Net_SDK/OSLC4Net.Domains.RequirementsManagement/RequirementCollection.cs(16,12): warning CS8618: Non-nullable property 'Decomposes' must contain a non-null value when exiting constructor. Consider adding the 'required' modifier or declaring the property as nullable. [/app/OSLC4Net_SDK/OSLC4Net.Domains.RequirementsManagement/OSLC4Net.Domains.RequirementsManagement.csproj]
/app/OSLC4Net_SDK/OSLC4Net.Domains.RequirementsManagement/RequirementCollection.cs(16,12): warning CS8618: Non-nullable property 'ConstrainedBy' must contain a non-null value when exiting constructor. Consider adding the 'required' modifier or declaring the property as nullable. [/app/OSLC4Net_SDK/OSLC4Net.Domains.RequirementsManagement/OSLC4Net.Domains.RequirementsManagement.csproj]
/app/OSLC4Net_SDK/OSLC4Net.Domains.RequirementsManagement/RequirementCollection.cs(16,12): warning CS8618: Non-nullable property 'Constrains' must contain a non-null value when exiting constructor. Consider adding the 'required' modifier or declaring the property as nullable. [/app/OSLC4Net_SDK/OSLC4Net.Domains.RequirementsManagement/OSLC4Net.Domains.RequirementsManagement.csproj]
/app/OSLC4Net_SDK/OSLC4Net.Domains.RequirementsManagement/Requirement.cs(12,12): warning CS8618: Non-nullable property 'Identifier' must contain a non-null value when exiting constructor. Consider adding the 'required' modifier or declaring the property as nullable. [/app/OSLC4Net_SDK/OSLC4Net.Domains.RequirementsManagement/OSLC4Net.Domains.RequirementsManagement.csproj]
/app/OSLC4Net_SDK/OSLC4Net.Domains.RequirementsManagement/Requirement.cs(12,12): warning CS8618: Non-nullable property 'Title' must contain a non-null value when exiting constructor. Consider adding the 'required' modifier or declaring the property as nullable. [/app/OSLC4Net_SDK/OSLC4Net.Domains.RequirementsManagement/OSLC4Net.Domains.RequirementsManagement.csproj]
/app/OSLC4Net_SDK/OSLC4Net.Domains.RequirementsManagement/Requirement.cs(12,12): warning CS8618: Non-nullable property 'ShortTitle' must contain a non-null value when exiting constructor. Consider adding the 'required' modifier or declaring the property as nullable. [/app/OSLC4Net_SDK/OSLC4Net.Domains.RequirementsManagement/OSLC4Net.Domains.RequirementsManagement.csproj]
/app/OSLC4Net_SDK/OSLC4Net.Domains.RequirementsManagement/Requirement.cs(12,12): warning CS8618: Non-nullable property 'Description' must contain a non-null value when exiting constructor. Consider adding the 'required' modifier or declaring the property as nullable. [/app/OSLC4Net_SDK/OSLC4Net.Domains.RequirementsManagement/OSLC4Net.Domains.RequirementsManagement.csproj]
/app/OSLC4Net_SDK/OSLC4Net.Domains.RequirementsManagement/Requirement.cs(12,12): warning CS8618: Non-nullable property 'Subject' must contain a non-null value when exiting constructor. Consider adding the 'required' modifier or declaring the property as nullable. [/app/OSLC4Net_SDK/OSLC4Net.Domains.RequirementsManagement/OSLC4Net.Domains.RequirementsManagement.csproj]
/app/OSLC4Net_SDK/OSLC4Net.Domains.RequirementsManagement/Requirement.cs(12,12): warning CS8618: Non-nullable property 'Creator' must contain a non-null value when exiting constructor. Consider adding the 'required' modifier or declaring the property as nullable. [/app/OSLC4Net_SDK/OSLC4Net.Domains.RequirementsManagement/OSLC4Net.Domains.RequirementsManagement.csproj]
/app/OSLC4Net_SDK/OSLC4Net.Domains.RequirementsManagement/Requirement.cs(12,12): warning CS8618: Non-nullable property 'Contributor' must contain a non-null value when exiting constructor. Consider adding the 'required' modifier or declaring the property as nullable. [/app/OSLC4Net_SDK/OSLC4Net.Domains.RequirementsManagement/OSLC4Net.Domains.RequirementsManagement.csproj]
/app/OSLC4Net_SDK/OSLC4Net.Domains.RequirementsManagement/Requirement.cs(12,12): warning CS8618: Non-nullable property 'ServiceProvider' must contain a non-null value when exiting constructor. Consider adding the 'required' modifier or declaring the property as nullable. [/app/OSLC4Net_SDK/OSLC4Net.Domains.RequirementsManagement/OSLC4Net.Domains.RequirementsManagement.csproj]
/app/OSLC4Net_SDK/OSLC4Net.Domains.RequirementsManagement/Requirement.cs(12,12): warning CS8618: Non-nullable property 'InstanceShape' must contain a non-null value when exiting constructor. Consider adding the 'required' modifier or declaring the property as nullable. [/app/OSLC4Net_SDK/OSLC4Net.Domains.RequirementsManagement/OSLC4Net.Domains.RequirementsManagement.csproj]
/app/OSLC4Net_SDK/OSLC4Net.Domains.RequirementsManagement/Requirement.cs(12,12): warning CS8618: Non-nullable property 'ElaboratedBy' must contain a non-null value when exiting constructor. Consider adding the 'required' modifier or declaring the property as nullable. [/app/OSLC4Net_SDK/OSLC4Net.Domains.RequirementsManagement/OSLC4Net.Domains.RequirementsManagement.csproj]
/app/OSLC4Net_SDK/OSLC4Net.Domains.RequirementsManagement/Requirement.cs(12,12): warning CS8618: Non-nullable property 'Elaborates' must contain a non-null value when exiting constructor. Consider adding the 'required' modifier or declaring the property as nullable. [/app/OSLC4Net_SDK/OSLC4Net.Domains.RequirementsManagement/OSLC4Net.Domains.RequirementsManagement.csproj]
/app/OSLC4Net_SDK/OSLC4Net.Domains.RequirementsManagement/Requirement.cs(12,12): warning CS8618: Non-nullable property 'SpecifiedBy' must contain a non-null value when exiting constructor. Consider adding the 'required' modifier or declaring the property as nullable. [/app/OSLC4Net_SDK/OSLC4Net.Domains.RequirementsManagement/OSLC4Net.Domains.RequirementsManagement.csproj]
/app/OSLC4Net_SDK/OSLC4Net.Domains.RequirementsManagement/Requirement.cs(12,12): warning CS8618: Non-nullable property 'Specifies' must contain a non-null value when exiting constructor. Consider adding the 'required' modifier or declaring the property as nullable. [/app/OSLC4Net_SDK/OSLC4Net.Domains.RequirementsManagement/OSLC4Net.Domains.RequirementsManagement.csproj]
/app/OSLC4Net_SDK/OSLC4Net.Domains.RequirementsManagement/Requirement.cs(12,12): warning CS8618: Non-nullable property 'AffectedBy' must contain a non-null value when exiting constructor. Consider adding the 'required' modifier or declaring the property as nullable. [/app/OSLC4Net_SDK/OSLC4Net.Domains.RequirementsManagement/OSLC4Net.Domains.RequirementsManagement.csproj]
/app/OSLC4Net_SDK/OSLC4Net.Domains.RequirementsManagement/Requirement.cs(12,12): warning CS8618: Non-nullable property 'TrackedBy' must contain a non-null value when exiting constructor. Consider adding the 'required' modifier or declaring the property as nullable. [/app/OSLC4Net_SDK/OSLC4Net.Domains.RequirementsManagement/OSLC4Net.Domains.RequirementsManagement.csproj]
/app/OSLC4Net_SDK/OSLC4Net.Domains.RequirementsManagement/Requirement.cs(12,12): warning CS8618: Non-nullable property 'ImplementedBy' must contain a non-null value when exiting constructor. Consider adding the 'required' modifier or declaring the property as nullable. [/app/OSLC4Net_SDK/OSLC4Net.Domains.RequirementsManagement/OSLC4Net.Domains.RequirementsManagement.csproj]
/app/OSLC4Net_SDK/OSLC4Net.Domains.RequirementsManagement/Requirement.cs(12,12): warning CS8618: Non-nullable property 'ValidatedBy' must contain a non-null value when exiting constructor. Consider adding the 'required' modifier or declaring the property as nullable. [/app/OSLC4Net_SDK/OSLC4Net.Domains.RequirementsManagement/OSLC4Net.Domains.RequirementsManagement.csproj]
/app/OSLC4Net_SDK/OSLC4Net.Domains.RequirementsManagement/Requirement.cs(12,12): warning CS8618: Non-nullable property 'SatisfiedBy' must contain a non-null value when exiting constructor. Consider adding the 'required' modifier or declaring the property as nullable. [/app/OSLC4Net_SDK/OSLC4Net.Domains.RequirementsManagement/OSLC4Net.Domains.RequirementsManagement.csproj]
/app/OSLC4Net_SDK/OSLC4Net.Domains.RequirementsManagement/Requirement.cs(12,12): warning CS8618: Non-nullable property 'Satisfies' must contain a non-null value when exiting constructor. Consider adding the 'required' modifier or declaring the property as nullable. [/app/OSLC4Net_SDK/OSLC4Net.Domains.RequirementsManagement/OSLC4Net.Domains.RequirementsManagement.csproj]
/app/OSLC4Net_SDK/OSLC4Net.Domains.RequirementsManagement/Requirement.cs(12,12): warning CS8618: Non-nullable property 'DecomposedBy' must contain a non-null value when exiting constructor. Consider adding the 'required' modifier or declaring the property as nullable. [/app/OSLC4Net_SDK/OSLC4Net.Domains.RequirementsManagement/OSLC4Net.Domains.RequirementsManagement.csproj]
/app/OSLC4Net_SDK/OSLC4Net.Domains.RequirementsManagement/Requirement.cs(12,12): warning CS8618: Non-nullable property 'Decomposes' must contain a non-null value when exiting constructor. Consider adding the 'required' modifier or declaring the property as nullable. [/app/OSLC4Net_SDK/OSLC4Net.Domains.RequirementsManagement/OSLC4Net.Domains.RequirementsManagement.csproj]
/app/OSLC4Net_SDK/OSLC4Net.Domains.RequirementsManagement/Requirement.cs(12,12): warning CS8618: Non-nullable property 'ConstrainedBy' must contain a non-null value when exiting constructor. Consider adding the 'required' modifier or declaring the property as nullable. [/app/OSLC4Net_SDK/OSLC4Net.Domains.RequirementsManagement/OSLC4Net.Domains.RequirementsManagement.csproj]
/app/OSLC4Net_SDK/OSLC4Net.Domains.RequirementsManagement/Requirement.cs(12,12): warning CS8618: Non-nullable property 'Constrains' must contain a non-null value when exiting constructor. Consider adding the 'required' modifier or declaring the property as nullable. [/app/OSLC4Net_SDK/OSLC4Net.Domains.RequirementsManagement/OSLC4Net.Domains.RequirementsManagement.csproj]
/app/OSLC4Net_SDK/OSLC4Net.Domains.RequirementsManagement/Requirement.cs(16,12): warning CS8618: Non-nullable property 'Identifier' must contain a non-null value when exiting constructor. Consider adding the 'required' modifier or declaring the property as nullable. [/app/OSLC4Net_SDK/OSLC4Net.Domains.RequirementsManagement/OSLC4Net.Domains.RequirementsManagement.csproj]
/app/OSLC4Net_SDK/OSLC4Net.Domains.RequirementsManagement/Requirement.cs(16,12): warning CS8618: Non-nullable property 'Title' must contain a non-null value when exiting constructor. Consider adding the 'required' modifier or declaring the property as nullable. [/app/OSLC4Net_SDK/OSLC4Net.Domains.RequirementsManagement/OSLC4Net.Domains.RequirementsManagement.csproj]
/app/OSLC4Net_SDK/OSLC4Net.Domains.RequirementsManagement/Requirement.cs(16,12): warning CS8618: Non-nullable property 'ShortTitle' must contain a non-null value when exiting constructor. Consider adding the 'required' modifier or declaring the property as nullable. [/app/OSLC4Net_SDK/OSLC4Net.Domains.RequirementsManagement/OSLC4Net.Domains.RequirementsManagement.csproj]
/app/OSLC4Net_SDK/OSLC4Net.Domains.RequirementsManagement/Requirement.cs(16,12): warning CS8618: Non-nullable property 'Description' must contain a non-null value when exiting constructor. Consider adding the 'required' modifier or declaring the property as nullable. [/app/OSLC4Net_SDK/OSLC4Net.Domains.RequirementsManagement/OSLC4Net.Domains.RequirementsManagement.csproj]
/app/OSLC4Net_SDK/OSLC4Net.Domains.RequirementsManagement/Requirement.cs(16,12): warning CS8618: Non-nullable property 'Subject' must contain a non-null value when exiting constructor. Consider adding the 'required' modifier or declaring the property as nullable. [/app/OSLC4Net_SDK/OSLC4Net.Domains.RequirementsManagement/OSLC4Net.Domains.RequirementsManagement.csproj]
/app/OSLC4Net_SDK/OSLC4Net.Domains.RequirementsManagement/Requirement.cs(16,12): warning CS8618: Non-nullable property 'Creator' must contain a non-null value when exiting constructor. Consider adding the 'required' modifier or declaring the property as nullable. [/app/OSLC4Net_SDK/OSLC4Net.Domains.RequirementsManagement/OSLC4Net.Domains.RequirementsManagement.csproj]
/app/OSLC4Net_SDK/OSLC4Net.Domains.RequirementsManagement/Requirement.cs(16,12): warning CS8618: Non-nullable property 'Contributor' must contain a non-null value when exiting constructor. Consider adding the 'required' modifier or declaring the property as nullable. [/app/OSLC4Net_SDK/OSLC4Net.Domains.RequirementsManagement/OSLC4Net.Domains.RequirementsManagement.csproj]
/app/OSLC4Net_SDK/OSLC4Net.Domains.RequirementsManagement/Requirement.cs(16,12): warning CS8618: Non-nullable property 'ServiceProvider' must contain a non-null value when exiting constructor. Consider adding the 'required' modifier or declaring the property as nullable. [/app/OSLC4Net_SDK/OSLC4Net.Domains.RequirementsManagement/OSLC4Net.Domains.RequirementsManagement.csproj]
/app/OSLC4Net_SDK/OSLC4Net.Domains.RequirementsManagement/Requirement.cs(16,12): warning CS8618: Non-nullable property 'InstanceShape' must contain a non-null value when exiting constructor. Consider adding the 'required' modifier or declaring the property as nullable. [/app/OSLC4Net_SDK/OSLC4Net.Domains.RequirementsManagement/OSLC4Net.Domains.RequirementsManagement.csproj]
/app/OSLC4Net_SDK/OSLC4Net.Domains.RequirementsManagement/Requirement.cs(16,12): warning CS8618: Non-nullable property 'ElaboratedBy' must contain a non-null value when exiting constructor. Consider adding the 'required' modifier or declaring the property as nullable. [/app/OSLC4Net_SDK/OSLC4Net.Domains.RequirementsManagement/OSLC4Net.Domains.RequirementsManagement.csproj]
/app/OSLC4Net_SDK/OSLC4Net.Domains.RequirementsManagement/Requirement.cs(16,12): warning CS8618: Non-nullable property 'Elaborates' must contain a non-null value when exiting constructor. Consider adding the 'required' modifier or declaring the property as nullable. [/app/OSLC4Net_SDK/OSLC4Net.Domains.RequirementsManagement/OSLC4Net.Domains.RequirementsManagement.csproj]
/app/OSLC4Net_SDK/OSLC4Net.Domains.RequirementsManagement/Requirement.cs(16,12): warning CS8618: Non-nullable property 'SpecifiedBy' must contain a non-null value when exiting constructor. Consider adding the 'required' modifier or declaring the property as nullable. [/app/OSLC4Net_SDK/OSLC4Net.Domains.RequirementsManagement/OSLC4Net.Domains.RequirementsManagement.csproj]
/app/OSLC4Net_SDK/OSLC4Net.Domains.RequirementsManagement/Requirement.cs(16,12): warning CS8618: Non-nullable property 'Specifies' must contain a non-null value when exiting constructor. Consider adding the 'required' modifier or declaring the property as nullable. [/app/OSLC4Net_SDK/OSLC4Net.Domains.RequirementsManagement/OSLC4Net.Domains.RequirementsManagement.csproj]
/app/OSLC4Net_SDK/OSLC4Net.Domains.RequirementsManagement/Requirement.cs(16,12): warning CS8618: Non-nullable property 'AffectedBy' must contain a non-null value when exiting constructor. Consider adding the 'required' modifier or declaring the property as nullable. [/app/OSLC4Net_SDK/OSLC4Net.Domains.RequirementsManagement/OSLC4Net.Domains.RequirementsManagement.csproj]
/app/OSLC4Net_SDK/OSLC4Net.Domains.RequirementsManagement/Requirement.cs(16,12): warning CS8618: Non-nullable property 'TrackedBy' must contain a non-null value when exiting constructor. Consider adding the 'required' modifier or declaring the property as nullable. [/app/OSLC4Net_SDK/OSLC4Net.Domains.RequirementsManagement/OSLC4Net.Domains.RequirementsManagement.csproj]
/app/OSLC4Net_SDK/OSLC4Net.Domains.RequirementsManagement/Requirement.cs(16,12): warning CS8618: Non-nullable property 'ImplementedBy' must contain a non-null value when exiting constructor. Consider adding the 'required' modifier or declaring the property as nullable. [/app/OSLC4Net_SDK/OSLC4Net.Domains.RequirementsManagement/OSLC4Net.Domains.RequirementsManagement.csproj]
/app/OSLC4Net_SDK/OSLC4Net.Domains.RequirementsManagement/Requirement.cs(16,12): warning CS8618: Non-nullable property 'ValidatedBy' must contain a non-null value when exiting constructor. Consider adding the 'required' modifier or declaring the property as nullable. [/app/OSLC4Net_SDK/OSLC4Net.Domains.RequirementsManagement/OSLC4Net.Domains.RequirementsManagement.csproj]
/app/OSLC4Net_SDK/OSLC4Net.Domains.RequirementsManagement/Requirement.cs(16,12): warning CS8618: Non-nullable property 'SatisfiedBy' must contain a non-null value when exiting constructor. Consider adding the 'required' modifier or declaring the property as nullable. [/app/OSLC4Net_SDK/OSLC4Net.Domains.RequirementsManagement/OSLC4Net.Domains.RequirementsManagement.csproj]
/app/OSLC4Net_SDK/OSLC4Net.Domains.RequirementsManagement/Requirement.cs(16,12): warning CS8618: Non-nullable property 'Satisfies' must contain a non-null value when exiting constructor. Consider adding the 'required' modifier or declaring the property as nullable. [/app/OSLC4Net_SDK/OSLC4Net.Domains.RequirementsManagement/OSLC4Net.Domains.RequirementsManagement.csproj]
/app/OSLC4Net_SDK/OSLC4Net.Domains.RequirementsManagement/Requirement.cs(16,12): warning CS8618: Non-nullable property 'DecomposedBy' must contain a non-null value when exiting constructor. Consider adding the 'required' modifier or declaring the property as nullable. [/app/OSLC4Net_SDK/OSLC4Net.Domains.RequirementsManagement/OSLC4Net.Domains.RequirementsManagement.csproj]
/app/OSLC4Net_SDK/OSLC4Net.Domains.RequirementsManagement/Requirement.cs(16,12): warning CS8618: Non-nullable property 'Decomposes' must contain a non-null value when exiting constructor. Consider adding the 'required' modifier or declaring the property as nullable. [/app/OSLC4Net_SDK/OSLC4Net.Domains.RequirementsManagement/OSLC4Net.Domains.RequirementsManagement.csproj]
/app/OSLC4Net_SDK/OSLC4Net.Domains.RequirementsManagement/Requirement.cs(16,12): warning CS8618: Non-nullable property 'ConstrainedBy' must contain a non-null value when exiting constructor. Consider adding the 'required' modifier or declaring the property as nullable. [/app/OSLC4Net_SDK/OSLC4Net.Domains.RequirementsManagement/OSLC4Net.Domains.RequirementsManagement.csproj]
/app/OSLC4Net_SDK/OSLC4Net.Domains.RequirementsManagement/Requirement.cs(16,12): warning CS8618: Non-nullable property 'Constrains' must contain a non-null value when exiting constructor. Consider adding the 'required' modifier or declaring the property as nullable. [/app/OSLC4Net_SDK/OSLC4Net.Domains.RequirementsManagement/OSLC4Net.Domains.RequirementsManagement.csproj]
/app/OSLC4Net_SDK/OSLC4Net.Domains.RequirementsManagement/RequirementCollection.cs(29,44): warning MA0016: Prefer using collection abstraction instead of implementation (https://github.com/meziantou/Meziantou.Analyzer/blob/main/docs/Rules/MA0016.md) [/app/OSLC4Net_SDK/OSLC4Net.Domains.RequirementsManagement/OSLC4Net.Domains.RequirementsManagement.csproj]
/app/OSLC4Net_SDK/OSLC4Net.Domains.RequirementsManagement/Requirement.cs(28,44): warning MA0016: Prefer using collection abstraction instead of implementation (https://github.com/meziantou/Meziantou.Analyzer/blob/main/docs/Rules/MA0016.md) [/app/OSLC4Net_SDK/OSLC4Net.Domains.RequirementsManagement/OSLC4Net.Domains.RequirementsManagement.csproj]
/app/OSLC4Net_SDK/OSLC4Net.Domains.RequirementsManagement/RequirementCollection.cs(79,12): warning MA0016: Prefer using collection abstraction instead of implementation (https://github.com/meziantou/Meziantou.Analyzer/blob/main/docs/Rules/MA0016.md) [/app/OSLC4Net_SDK/OSLC4Net.Domains.RequirementsManagement/OSLC4Net.Domains.RequirementsManagement.csproj]
/app/OSLC4Net_SDK/OSLC4Net.Domains.RequirementsManagement/Requirement.cs(90,12): warning MA0016: Prefer using collection abstraction instead of implementation (https://github.com/meziantou/Meziantou.Analyzer/blob/main/docs/Rules/MA0016.md) [/app/OSLC4Net_SDK/OSLC4Net.Domains.RequirementsManagement/OSLC4Net.Domains.RequirementsManagement.csproj]
/app/OSLC4Net_SDK/OSLC4Net.Domains.RequirementsManagement/Requirement.cs(78,12): warning MA0016: Prefer using collection abstraction instead of implementation (https://github.com/meziantou/Meziantou.Analyzer/blob/main/docs/Rules/MA0016.md) [/app/OSLC4Net_SDK/OSLC4Net.Domains.RequirementsManagement/OSLC4Net.Domains.RequirementsManagement.csproj]
/app/OSLC4Net_SDK/OSLC4Net.Domains.RequirementsManagement/RequirementCollection.cs(91,12): warning MA0016: Prefer using collection abstraction instead of implementation (https://github.com/meziantou/Meziantou.Analyzer/blob/main/docs/Rules/MA0016.md) [/app/OSLC4Net_SDK/OSLC4Net.Domains.RequirementsManagement/OSLC4Net.Domains.RequirementsManagement.csproj]
/app/OSLC4Net_SDK/OSLC4Net.Domains.RequirementsManagement/Requirement.cs(102,12): warning MA0016: Prefer using collection abstraction instead of implementation (https://github.com/meziantou/Meziantou.Analyzer/blob/main/docs/Rules/MA0016.md) [/app/OSLC4Net_SDK/OSLC4Net.Domains.RequirementsManagement/OSLC4Net.Domains.RequirementsManagement.csproj]
/app/OSLC4Net_SDK/OSLC4Net.Domains.RequirementsManagement/RequirementCollection.cs(103,12): warning MA0016: Prefer using collection abstraction instead of implementation (https://github.com/meziantou/Meziantou.Analyzer/blob/main/docs/Rules/MA0016.md) [/app/OSLC4Net_SDK/OSLC4Net.Domains.RequirementsManagement/OSLC4Net.Domains.RequirementsManagement.csproj]
/app/OSLC4Net_SDK/OSLC4Net.Domains.RequirementsManagement/RequirementCollection.cs(135,12): warning MA0016: Prefer using collection abstraction instead of implementation (https://github.com/meziantou/Meziantou.Analyzer/blob/main/docs/Rules/MA0016.md) [/app/OSLC4Net_SDK/OSLC4Net.Domains.RequirementsManagement/OSLC4Net.Domains.RequirementsManagement.csproj]
/app/OSLC4Net_SDK/OSLC4Net.Domains.RequirementsManagement/RequirementCollection.cs(159,12): warning MA0016: Prefer using collection abstraction instead of implementation (https://github.com/meziantou/Meziantou.Analyzer/blob/main/docs/Rules/MA0016.md) [/app/OSLC4Net_SDK/OSLC4Net.Domains.RequirementsManagement/OSLC4Net.Domains.RequirementsManagement.csproj]
/app/OSLC4Net_SDK/OSLC4Net.Domains.RequirementsManagement/Requirement.cs(134,12): warning MA0016: Prefer using collection abstraction instead of implementation (https://github.com/meziantou/Meziantou.Analyzer/blob/main/docs/Rules/MA0016.md) [/app/OSLC4Net_SDK/OSLC4Net.Domains.RequirementsManagement/OSLC4Net.Domains.RequirementsManagement.csproj]
/app/OSLC4Net_SDK/OSLC4Net.Domains.RequirementsManagement/RequirementCollection.cs(171,12): warning MA0016: Prefer using collection abstraction instead of implementation (https://github.com/meziantou/Meziantou.Analyzer/blob/main/docs/Rules/MA0016.md) [/app/OSLC4Net_SDK/OSLC4Net.Domains.RequirementsManagement/OSLC4Net.Domains.RequirementsManagement.csproj]
/app/OSLC4Net_SDK/OSLC4Net.Domains.RequirementsManagement/Requirement.cs(158,12): warning MA0016: Prefer using collection abstraction instead of implementation (https://github.com/meziantou/Meziantou.Analyzer/blob/main/docs/Rules/MA0016.md) [/app/OSLC4Net_SDK/OSLC4Net.Domains.RequirementsManagement/OSLC4Net.Domains.RequirementsManagement.csproj]
/app/OSLC4Net_SDK/OSLC4Net.Domains.RequirementsManagement/RequirementCollection.cs(182,12): warning MA0016: Prefer using collection abstraction instead of implementation (https://github.com/meziantou/Meziantou.Analyzer/blob/main/docs/Rules/MA0016.md) [/app/OSLC4Net_SDK/OSLC4Net.Domains.RequirementsManagement/OSLC4Net.Domains.RequirementsManagement.csproj]
/app/OSLC4Net_SDK/OSLC4Net.Domains.RequirementsManagement/Requirement.cs(169,12): warning MA0016: Prefer using collection abstraction instead of implementation (https://github.com/meziantou/Meziantou.Analyzer/blob/main/docs/Rules/MA0016.md) [/app/OSLC4Net_SDK/OSLC4Net.Domains.RequirementsManagement/OSLC4Net.Domains.RequirementsManagement.csproj]
/app/OSLC4Net_SDK/OSLC4Net.Domains.RequirementsManagement/RequirementCollection.cs(194,12): warning MA0016: Prefer using collection abstraction instead of implementation (https://github.com/meziantou/Meziantou.Analyzer/blob/main/docs/Rules/MA0016.md) [/app/OSLC4Net_SDK/OSLC4Net.Domains.RequirementsManagement/OSLC4Net.Domains.RequirementsManagement.csproj]
/app/OSLC4Net_SDK/OSLC4Net.Domains.RequirementsManagement/RequirementCollection.cs(205,12): warning MA0016: Prefer using collection abstraction instead of implementation (https://github.com/meziantou/Meziantou.Analyzer/blob/main/docs/Rules/MA0016.md) [/app/OSLC4Net_SDK/OSLC4Net.Domains.RequirementsManagement/OSLC4Net.Domains.RequirementsManagement.csproj]
/app/OSLC4Net_SDK/OSLC4Net.Domains.RequirementsManagement/RequirementCollection.cs(217,12): warning MA0016: Prefer using collection abstraction instead of implementation (https://github.com/meziantou/Meziantou.Analyzer/blob/main/docs/Rules/MA0016.md) [/app/OSLC4Net_SDK/OSLC4Net.Domains.RequirementsManagement/OSLC4Net.Domains.RequirementsManagement.csproj]
/app/OSLC4Net_SDK/OSLC4Net.Domains.RequirementsManagement/RequirementCollection.cs(229,12): warning MA0016: Prefer using collection abstraction instead of implementation (https://github.com/meziantou/Meziantou.Analyzer/blob/main/docs/Rules/MA0016.md) [/app/OSLC4Net_SDK/OSLC4Net.Domains.RequirementsManagement/OSLC4Net.Domains.RequirementsManagement.csproj]
/app/OSLC4Net_SDK/OSLC4Net.Domains.RequirementsManagement/Requirement.cs(181,12): warning MA0016: Prefer using collection abstraction instead of implementation (https://github.com/meziantou/Meziantou.Analyzer/blob/main/docs/Rules/MA0016.md) [/app/OSLC4Net_SDK/OSLC4Net.Domains.RequirementsManagement/OSLC4Net.Domains.RequirementsManagement.csproj]
/app/OSLC4Net_SDK/OSLC4Net.Domains.RequirementsManagement/Requirement.cs(192,12): warning MA0016: Prefer using collection abstraction instead of implementation (https://github.com/meziantou/Meziantou.Analyzer/blob/main/docs/Rules/MA0016.md) [/app/OSLC4Net_SDK/OSLC4Net.Domains.RequirementsManagement/OSLC4Net.Domains.RequirementsManagement.csproj]
/app/OSLC4Net_SDK/OSLC4Net.Domains.RequirementsManagement/RequirementCollection.cs(241,12): warning MA0016: Prefer using collection abstraction instead of implementation (https://github.com/meziantou/Meziantou.Analyzer/blob/main/docs/Rules/MA0016.md) [/app/OSLC4Net_SDK/OSLC4Net.Domains.RequirementsManagement/OSLC4Net.Domains.RequirementsManagement.csproj]
/app/OSLC4Net_SDK/OSLC4Net.Domains.RequirementsManagement/Requirement.cs(204,12): warning MA0016: Prefer using collection abstraction instead of implementation (https://github.com/meziantou/Meziantou.Analyzer/blob/main/docs/Rules/MA0016.md) [/app/OSLC4Net_SDK/OSLC4Net.Domains.RequirementsManagement/OSLC4Net.Domains.RequirementsManagement.csproj]
/app/OSLC4Net_SDK/OSLC4Net.Domains.RequirementsManagement/RequirementCollection.cs(253,12): warning MA0016: Prefer using collection abstraction instead of implementation (https://github.com/meziantou/Meziantou.Analyzer/blob/main/docs/Rules/MA0016.md) [/app/OSLC4Net_SDK/OSLC4Net.Domains.RequirementsManagement/OSLC4Net.Domains.RequirementsManagement.csproj]
/app/OSLC4Net_SDK/OSLC4Net.Domains.RequirementsManagement/Requirement.cs(216,12): warning MA0016: Prefer using collection abstraction instead of implementation (https://github.com/meziantou/Meziantou.Analyzer/blob/main/docs/Rules/MA0016.md) [/app/OSLC4Net_SDK/OSLC4Net.Domains.RequirementsManagement/OSLC4Net.Domains.RequirementsManagement.csproj]
/app/OSLC4Net_SDK/OSLC4Net.Domains.RequirementsManagement/RequirementCollection.cs(265,12): warning MA0016: Prefer using collection abstraction instead of implementation (https://github.com/meziantou/Meziantou.Analyzer/blob/main/docs/Rules/MA0016.md) [/app/OSLC4Net_SDK/OSLC4Net.Domains.RequirementsManagement/OSLC4Net.Domains.RequirementsManagement.csproj]
/app/OSLC4Net_SDK/OSLC4Net.Domains.RequirementsManagement/Requirement.cs(228,12): warning MA0016: Prefer using collection abstraction instead of implementation (https://github.com/meziantou/Meziantou.Analyzer/blob/main/docs/Rules/MA0016.md) [/app/OSLC4Net_SDK/OSLC4Net.Domains.RequirementsManagement/OSLC4Net.Domains.RequirementsManagement.csproj]
/app/OSLC4Net_SDK/OSLC4Net.Domains.RequirementsManagement/RequirementCollection.cs(276,12): warning MA0016: Prefer using collection abstraction instead of implementation (https://github.com/meziantou/Meziantou.Analyzer/blob/main/docs/Rules/MA0016.md) [/app/OSLC4Net_SDK/OSLC4Net.Domains.RequirementsManagement/OSLC4Net.Domains.RequirementsManagement.csproj]
/app/OSLC4Net_SDK/OSLC4Net.Domains.RequirementsManagement/Requirement.cs(240,12): warning MA0016: Prefer using collection abstraction instead of implementation (https://github.com/meziantou/Meziantou.Analyzer/blob/main/docs/Rules/MA0016.md) [/app/OSLC4Net_SDK/OSLC4Net.Domains.RequirementsManagement/OSLC4Net.Domains.RequirementsManagement.csproj]
/app/OSLC4Net_SDK/OSLC4Net.Domains.RequirementsManagement/Requirement.cs(252,12): warning MA0016: Prefer using collection abstraction instead of implementation (https://github.com/meziantou/Meziantou.Analyzer/blob/main/docs/Rules/MA0016.md) [/app/OSLC4Net_SDK/OSLC4Net.Domains.RequirementsManagement/OSLC4Net.Domains.RequirementsManagement.csproj]
/app/OSLC4Net_SDK/OSLC4Net.Domains.RequirementsManagement/Requirement.cs(263,12): warning MA0016: Prefer using collection abstraction instead of implementation (https://github.com/meziantou/Meziantou.Analyzer/blob/main/docs/Rules/MA0016.md) [/app/OSLC4Net_SDK/OSLC4Net.Domains.RequirementsManagement/OSLC4Net.Domains.RequirementsManagement.csproj]
/app/OSLC4Net_SDK/OSLC4Net.Domains.RequirementsManagement/Requirement.cs(275,12): warning MA0016: Prefer using collection abstraction instead of implementation (https://github.com/meziantou/Meziantou.Analyzer/blob/main/docs/Rules/MA0016.md) [/app/OSLC4Net_SDK/OSLC4Net.Domains.RequirementsManagement/OSLC4Net.Domains.RequirementsManagement.csproj]
/app/OSLC4Net_SDK/OSLC4Net.Domains.RequirementsManagement/RequirementCollection.cs(288,12): warning MA0016: Prefer using collection abstraction instead of implementation (https://github.com/meziantou/Meziantou.Analyzer/blob/main/docs/Rules/MA0016.md) [/app/OSLC4Net_SDK/OSLC4Net.Domains.RequirementsManagement/OSLC4Net.Domains.RequirementsManagement.csproj]
/app/OSLC4Net_SDK/OSLC4Net.Domains.RequirementsManagement/RequirementCollection.cs(299,12): warning MA0016: Prefer using collection abstraction instead of implementation (https://github.com/meziantou/Meziantou.Analyzer/blob/main/docs/Rules/MA0016.md) [/app/OSLC4Net_SDK/OSLC4Net.Domains.RequirementsManagement/OSLC4Net.Domains.RequirementsManagement.csproj]
/app/OSLC4Net_SDK/OSLC4Net.Domains.RequirementsManagement/Requirement.cs(298,12): warning MA0016: Prefer using collection abstraction instead of implementation (https://github.com/meziantou/Meziantou.Analyzer/blob/main/docs/Rules/MA0016.md) [/app/OSLC4Net_SDK/OSLC4Net.Domains.RequirementsManagement/OSLC4Net.Domains.RequirementsManagement.csproj]
/app/OSLC4Net_SDK/OSLC4Net.Domains.RequirementsManagement/Requirement.cs(286,12): warning MA0016: Prefer using collection abstraction instead of implementation (https://github.com/meziantou/Meziantou.Analyzer/blob/main/docs/Rules/MA0016.md) [/app/OSLC4Net_SDK/OSLC4Net.Domains.RequirementsManagement/OSLC4Net.Domains.RequirementsManagement.csproj]
/app/OSLC4Net_SDK/OSLC4Net.Domains.RequirementsManagement/Requirement.cs(309,12): warning MA0016: Prefer using collection abstraction instead of implementation (https://github.com/meziantou/Meziantou.Analyzer/blob/main/docs/Rules/MA0016.md) [/app/OSLC4Net_SDK/OSLC4Net.Domains.RequirementsManagement/OSLC4Net.Domains.RequirementsManagement.csproj]
/app/OSLC4Net_SDK/OSLC4Net.Domains.RequirementsManagement/RequirementCollection.cs(311,12): warning MA0016: Prefer using collection abstraction instead of implementation (https://github.com/meziantou/Meziantou.Analyzer/blob/main/docs/Rules/MA0016.md) [/app/OSLC4Net_SDK/OSLC4Net.Domains.RequirementsManagement/OSLC4Net.Domains.RequirementsManagement.csproj]
/app/OSLC4Net_SDK/OSLC4Net.Domains.RequirementsManagement/RequirementCollection.cs(322,12): warning MA0016: Prefer using collection abstraction instead of implementation (https://github.com/meziantou/Meziantou.Analyzer/blob/main/docs/Rules/MA0016.md) [/app/OSLC4Net_SDK/OSLC4Net.Domains.RequirementsManagement/OSLC4Net.Domains.RequirementsManagement.csproj]
/app/OSLC4Net_SDK/OSLC4Net.ChangeManagement/ChangeRequest.cs(71,12): warning CS8618: Non-nullable field '_description' must contain a non-null value when exiting constructor. Consider adding the 'required' modifier or declaring the field as nullable. [/app/OSLC4Net_SDK/OSLC4Net.ChangeManagement/OSLC4Net.ChangeManagementCommon.csproj]
/app/OSLC4Net_SDK/OSLC4Net.ChangeManagement/ChangeRequest.cs(71,12): warning CS8618: Non-nullable field '_discussedBy' must contain a non-null value when exiting constructor. Consider adding the 'required' modifier or declaring the field as nullable. [/app/OSLC4Net_SDK/OSLC4Net.ChangeManagement/OSLC4Net.ChangeManagementCommon.csproj]
/app/OSLC4Net_SDK/OSLC4Net.ChangeManagement/ChangeRequest.cs(71,12): warning CS8618: Non-nullable field '_identifier' must contain a non-null value when exiting constructor. Consider adding the 'required' modifier or declaring the field as nullable. [/app/OSLC4Net_SDK/OSLC4Net.ChangeManagement/OSLC4Net.ChangeManagementCommon.csproj]
/app/OSLC4Net_SDK/OSLC4Net.ChangeManagement/ChangeRequest.cs(71,12): warning CS8618: Non-nullable field '_instanceShape' must contain a non-null value when exiting constructor. Consider adding the 'required' modifier or declaring the field as nullable. [/app/OSLC4Net_SDK/OSLC4Net.ChangeManagement/OSLC4Net.ChangeManagementCommon.csproj]
/app/OSLC4Net_SDK/OSLC4Net.ChangeManagement/ChangeRequest.cs(71,12): warning CS8618: Non-nullable field '_serviceProvider' must contain a non-null value when exiting constructor. Consider adding the 'required' modifier or declaring the field as nullable. [/app/OSLC4Net_SDK/OSLC4Net.ChangeManagement/OSLC4Net.ChangeManagementCommon.csproj]
/app/OSLC4Net_SDK/OSLC4Net.ChangeManagement/ChangeRequest.cs(71,12): warning CS8618: Non-nullable field '_shortTitle' must contain a non-null value when exiting constructor. Consider adding the 'required' modifier or declaring the field as nullable. [/app/OSLC4Net_SDK/OSLC4Net.ChangeManagement/OSLC4Net.ChangeManagementCommon.csproj]
/app/OSLC4Net_SDK/OSLC4Net.ChangeManagement/ChangeRequest.cs(71,12): warning CS8618: Non-nullable field '_status' must contain a non-null value when exiting constructor. Consider adding the 'required' modifier or declaring the field as nullable. [/app/OSLC4Net_SDK/OSLC4Net.ChangeManagement/OSLC4Net.ChangeManagementCommon.csproj]
/app/OSLC4Net_SDK/OSLC4Net.ChangeManagement/ChangeRequest.cs(71,12): warning CS8618: Non-nullable field '_title' must contain a non-null value when exiting constructor. Consider adding the 'required' modifier or declaring the field as nullable. [/app/OSLC4Net_SDK/OSLC4Net.ChangeManagement/OSLC4Net.ChangeManagementCommon.csproj]
/app/OSLC4Net_SDK/OSLC4Net.ChangeManagement/ChangeRequest.cs(76,12): warning CS8618: Non-nullable field '_description' must contain a non-null value when exiting constructor. Consider adding the 'required' modifier or declaring the field as nullable. [/app/OSLC4Net_SDK/OSLC4Net.ChangeManagement/OSLC4Net.ChangeManagementCommon.csproj]
/app/OSLC4Net_SDK/OSLC4Net.ChangeManagement/ChangeRequest.cs(76,12): warning CS8618: Non-nullable field '_discussedBy' must contain a non-null value when exiting constructor. Consider adding the 'required' modifier or declaring the field as nullable. [/app/OSLC4Net_SDK/OSLC4Net.ChangeManagement/OSLC4Net.ChangeManagementCommon.csproj]
/app/OSLC4Net_SDK/OSLC4Net.ChangeManagement/ChangeRequest.cs(76,12): warning CS8618: Non-nullable field '_identifier' must contain a non-null value when exiting constructor. Consider adding the 'required' modifier or declaring the field as nullable. [/app/OSLC4Net_SDK/OSLC4Net.ChangeManagement/OSLC4Net.ChangeManagementCommon.csproj]
/app/OSLC4Net_SDK/OSLC4Net.ChangeManagement/ChangeRequest.cs(76,12): warning CS8618: Non-nullable field '_instanceShape' must contain a non-null value when exiting constructor. Consider adding the 'required' modifier or declaring the field as nullable. [/app/OSLC4Net_SDK/OSLC4Net.ChangeManagement/OSLC4Net.ChangeManagementCommon.csproj]
/app/OSLC4Net_SDK/OSLC4Net.ChangeManagement/ChangeRequest.cs(76,12): warning CS8618: Non-nullable field '_serviceProvider' must contain a non-null value when exiting constructor. Consider adding the 'required' modifier or declaring the field as nullable. [/app/OSLC4Net_SDK/OSLC4Net.ChangeManagement/OSLC4Net.ChangeManagementCommon.csproj]
/app/OSLC4Net_SDK/OSLC4Net.ChangeManagement/ChangeRequest.cs(76,12): warning CS8618: Non-nullable field '_shortTitle' must contain a non-null value when exiting constructor. Consider adding the 'required' modifier or declaring the field as nullable. [/app/OSLC4Net_SDK/OSLC4Net.ChangeManagement/OSLC4Net.ChangeManagementCommon.csproj]
/app/OSLC4Net_SDK/OSLC4Net.ChangeManagement/ChangeRequest.cs(76,12): warning CS8618: Non-nullable field '_status' must contain a non-null value when exiting constructor. Consider adding the 'required' modifier or declaring the field as nullable. [/app/OSLC4Net_SDK/OSLC4Net.ChangeManagement/OSLC4Net.ChangeManagementCommon.csproj]
/app/OSLC4Net_SDK/OSLC4Net.ChangeManagement/ChangeRequest.cs(76,12): warning CS8618: Non-nullable field '_title' must contain a non-null value when exiting constructor. Consider adding the 'required' modifier or declaring the field as nullable. [/app/OSLC4Net_SDK/OSLC4Net.ChangeManagement/OSLC4Net.ChangeManagementCommon.csproj]
/app/OSLC4Net_SDK/OSLC4Net.ChangeManagement/ChangeRequest.cs(41,39): warning MA0026: TODO - Extension to point to any other OSLC resource(s). (https://github.com/meziantou/Meziantou.Analyzer/blob/main/docs/Rules/MA0026.md) [/app/OSLC4Net_SDK/OSLC4Net.ChangeManagement/OSLC4Net.ChangeManagementCommon.csproj]
/app/OSLC4Net_SDK/OSLC4Net.ChangeManagement/ChangeRequest.cs(65,60): warning MA0026: TODO - Added severity for demo (https://github.com/meziantou/Meziantou.Analyzer/blob/main/docs/Rules/MA0026.md) [/app/OSLC4Net_SDK/OSLC4Net.ChangeManagement/OSLC4Net.ChangeManagementCommon.csproj]
/app/OSLC4Net_SDK/OSLC4Net.Core.Query/Impl/CompoundTermImpl.cs(117,33): warning CS0108: 'CompoundTermImpl.tree' hides inherited member 'SimpleTermImpl.tree'. Use the new keyword if hiding was intended. [/app/OSLC4Net_SDK/OSLC4Net.Core.Query/OSLC4Net.Core.Query.csproj]
/app/OSLC4Net_SDK/OSLC4Net.Core.Query/Impl/OslcWhereParser.cs(50,22): warning CS3021: 'OslcWhereParser' does not need a CLSCompliant attribute because the assembly does not have a CLSCompliant attribute [/app/OSLC4Net_SDK/OSLC4Net.Core.Query/OSLC4Net.Core.Query.csproj]
/app/OSLC4Net_SDK/OSLC4Net.Core.Query/Impl/OslcSelectParser.cs(50,22): warning CS3021: 'OslcSelectParser' does not need a CLSCompliant attribute because the assembly does not have a CLSCompliant attribute [/app/OSLC4Net_SDK/OSLC4Net.Core.Query/OSLC4Net.Core.Query.csproj]
/app/OSLC4Net_SDK/OSLC4Net.Core.Query/Impl/OslcSearchTermsParser.cs(50,22): warning CS3021: 'OslcSearchTermsParser' does not need a CLSCompliant attribute because the assembly does not have a CLSCompliant attribute [/app/OSLC4Net_SDK/OSLC4Net.Core.Query/OSLC4Net.Core.Query.csproj]
/app/OSLC4Net_SDK/OSLC4Net.Core.Query/Impl/OslcPrefixParser.cs(50,22): warning CS3021: 'OslcPrefixParser' does not need a CLSCompliant attribute because the assembly does not have a CLSCompliant attribute [/app/OSLC4Net_SDK/OSLC4Net.Core.Query/OSLC4Net.Core.Query.csproj]
/app/OSLC4Net_SDK/OSLC4Net.Core.Query/Impl/OslcOrderByParser.cs(50,22): warning CS3021: 'OslcOrderByParser' does not need a CLSCompliant attribute because the assembly does not have a CLSCompliant attribute [/app/OSLC4Net_SDK/OSLC4Net.Core.Query/OSLC4Net.Core.Query.csproj]
/app/OSLC4Net_SDK/OSLC4Net.Core.Query/Impl/OslcOrderByLexer.cs(29,22): warning CS3021: 'OslcOrderByLexer' does not need a CLSCompliant attribute because the assembly does not have a CLSCompliant attribute [/app/OSLC4Net_SDK/OSLC4Net.Core.Query/OSLC4Net.Core.Query.csproj]
/app/OSLC4Net_SDK/OSLC4Net.Core.Query/Impl/OslcPrefixLexer.cs(29,22): warning CS3021: 'OslcPrefixLexer' does not need a CLSCompliant attribute because the assembly does not have a CLSCompliant attribute [/app/OSLC4Net_SDK/OSLC4Net.Core.Query/OSLC4Net.Core.Query.csproj]
/app/OSLC4Net_SDK/OSLC4Net.Core.Query/Impl/OslcSearchTermsLexer.cs(29,22): warning CS3021: 'OslcSearchTermsLexer' does not need a CLSCompliant attribute because the assembly does not have a CLSCompliant attribute [/app/OSLC4Net_SDK/OSLC4Net.Core.Query/OSLC4Net.Core.Query.csproj]
/app/OSLC4Net_SDK/OSLC4Net.Core.Query/Impl/OslcSelectLexer.cs(29,22): warning CS3021: 'OslcSelectLexer' does not need a CLSCompliant attribute because the assembly does not have a CLSCompliant attribute [/app/OSLC4Net_SDK/OSLC4Net.Core.Query/OSLC4Net.Core.Query.csproj]
/app/OSLC4Net_SDK/OSLC4Net.Core.Query/Impl/OslcWhereLexer.cs(29,22): warning CS3021: 'OslcWhereLexer' does not need a CLSCompliant attribute because the assembly does not have a CLSCompliant attribute [/app/OSLC4Net_SDK/OSLC4Net.Core.Query/OSLC4Net.Core.Query.csproj]
/app/OSLC4Net_SDK/OSLC4Net.Core.Query/Impl/WildcardImpl.cs(24,27): warning CS8625: Cannot convert null literal to non-nullable reference type. [/app/OSLC4Net_SDK/OSLC4Net.Core.Query/OSLC4Net.Core.Query.csproj]
/app/OSLC4Net_SDK/OSLC4Net.Core.Query/Impl/WildcardImpl.cs(24,58): warning CS8625: Cannot convert null literal to non-nullable reference type. [/app/OSLC4Net_SDK/OSLC4Net.Core.Query/OSLC4Net.Core.Query.csproj]
/app/OSLC4Net_SDK/OSLC4Net.Core.Query/Impl/UriRefValueImpl.cs(26,5): warning CS8618: Non-nullable field 'value' must contain a non-null value when exiting constructor. Consider adding the 'required' modifier or declaring the field as nullable. [/app/OSLC4Net_SDK/OSLC4Net.Core.Query/OSLC4Net.Core.Query.csproj]
/app/OSLC4Net_SDK/OSLC4Net.Core.Query/Impl/CompoundTermImpl.cs(31,14): warning CS8604: Possible null reference argument for parameter 'tree' in 'SimpleTermImpl.SimpleTermImpl(CommonTree tree, TermType type, IDictionary<string, string> prefixMap)'. [/app/OSLC4Net_SDK/OSLC4Net.Core.Query/OSLC4Net.Core.Query.csproj]
/app/OSLC4Net_SDK/OSLC4Net.Core.Query/Impl/CompoundTermImpl.cs(27,5): warning CS8618: Non-nullable field 'children' must contain a non-null value when exiting constructor. Consider adding the 'required' modifier or declaring the field as nullable. [/app/OSLC4Net_SDK/OSLC4Net.Core.Query/OSLC4Net.Core.Query.csproj]
/app/OSLC4Net_SDK/OSLC4Net.Core.Query/Impl/ComparisonTermImpl.cs(26,5): warning CS8618: Non-nullable field 'operand' must contain a non-null value when exiting constructor. Consider adding the 'required' modifier or declaring the field as nullable. [/app/OSLC4Net_SDK/OSLC4Net.Core.Query/OSLC4Net.Core.Query.csproj]
/app/OSLC4Net_SDK/OSLC4Net.Core.Query/QueryUtils.cs(276,32): warning CS8604: Possible null reference argument for parameter 'key' in 'void IDictionary<string, object>.Add(string key, object value)'. [/app/OSLC4Net_SDK/OSLC4Net.Core.Query/OSLC4Net.Core.Query.csproj]
/app/OSLC4Net_SDK/OSLC4Net.Core.Query/QueryUtils.cs(309,32): warning CS8604: Possible null reference argument for parameter 'key' in 'void IDictionary<string, object>.Add(string key, object value)'. [/app/OSLC4Net_SDK/OSLC4Net.Core.Query/OSLC4Net.Core.Query.csproj]
/app/OSLC4Net_SDK/OSLC4Net.Core.Query/Impl/TypedValueImpl.cs(26,5): warning CS8618: Non-nullable field 'value' must contain a non-null value when exiting constructor. Consider adding the 'required' modifier or declaring the field as nullable. [/app/OSLC4Net_SDK/OSLC4Net.Core.Query/OSLC4Net.Core.Query.csproj]
/app/OSLC4Net_SDK/OSLC4Net.Core.Query/Impl/TypedValueImpl.cs(26,5): warning CS8618: Non-nullable field 'prefixedName' must contain a non-null value when exiting constructor. Consider adding the 'required' modifier or declaring the field as nullable. [/app/OSLC4Net_SDK/OSLC4Net.Core.Query/OSLC4Net.Core.Query.csproj]
/app/OSLC4Net_SDK/OSLC4Net.Core.Query/Impl/StringValueImpl.cs(26,5): warning CS8618: Non-nullable field 'value' must contain a non-null value when exiting constructor. Consider adding the 'required' modifier or declaring the field as nullable. [/app/OSLC4Net_SDK/OSLC4Net.Core.Query/OSLC4Net.Core.Query.csproj]
/app/OSLC4Net_SDK/OSLC4Net.Core.Query/Impl/SortTermsImpl.cs(22,12): warning CS8618: Non-nullable field 'children' must contain a non-null value when exiting constructor. Consider adding the 'required' modifier or declaring the field as nullable. [/app/OSLC4Net_SDK/OSLC4Net.Core.Query/OSLC4Net.Core.Query.csproj]
/app/OSLC4Net_SDK/OSLC4Net.Core.Query/Impl/SortTermsImpl.cs(53,21): warning CS0162: Unreachable code detected [/app/OSLC4Net_SDK/OSLC4Net.Core.Query/OSLC4Net.Core.Query.csproj]
/app/OSLC4Net_SDK/OSLC4Net.Core.Query/Impl/SortTermImpl.cs(22,12): warning CS8618: Non-nullable field 'identifier' must contain a non-null value when exiting constructor. Consider adding the 'required' modifier or declaring the field as nullable. [/app/OSLC4Net_SDK/OSLC4Net.Core.Query/OSLC4Net.Core.Query.csproj]
/app/OSLC4Net_SDK/OSLC4Net.Core.Query/Impl/SimpleTermImpl.cs(26,5): warning CS8618: Non-nullable field 'property' must contain a non-null value when exiting constructor. Consider adding the 'required' modifier or declaring the field as nullable. [/app/OSLC4Net_SDK/OSLC4Net.Core.Query/OSLC4Net.Core.Query.csproj]
/app/OSLC4Net_SDK/OSLC4Net.Core.Query/Impl/ScopedSortTermImpl.cs(22,12): warning CS8618: Non-nullable field 'sortTerms' must contain a non-null value when exiting constructor. Consider adding the 'required' modifier or declaring the field as nullable. [/app/OSLC4Net_SDK/OSLC4Net.Core.Query/OSLC4Net.Core.Query.csproj]
/app/OSLC4Net_SDK/OSLC4Net.Core.Query/Impl/PropertyImpl.cs(26,5): warning CS8618: Non-nullable field 'identifier' must contain a non-null value when exiting constructor. Consider adding the 'required' modifier or declaring the field as nullable. [/app/OSLC4Net_SDK/OSLC4Net.Core.Query/OSLC4Net.Core.Query.csproj]
/app/OSLC4Net_SDK/OSLC4Net.Core.Query/Impl/PropertiesImpl.cs(27,5): warning CS8618: Non-nullable field 'children' must contain a non-null value when exiting constructor. Consider adding the 'required' modifier or declaring the field as nullable. [/app/OSLC4Net_SDK/OSLC4Net.Core.Query/OSLC4Net.Core.Query.csproj]
/app/OSLC4Net_SDK/OSLC4Net.Core.Query/Impl/PropertiesImpl.cs(44,21): warning CS8625: Cannot convert null literal to non-nullable reference type. [/app/OSLC4Net_SDK/OSLC4Net.Core.Query/OSLC4Net.Core.Query.csproj]
/app/OSLC4Net_SDK/OSLC4Net.Core.Query/Impl/PropertiesImpl.cs(45,26): warning CS8625: Cannot convert null literal to non-nullable reference type. [/app/OSLC4Net_SDK/OSLC4Net.Core.Query/OSLC4Net.Core.Query.csproj]
/app/OSLC4Net_SDK/OSLC4Net.Core.Query/Impl/PropertiesImpl.cs(42,5): warning CS8618: Non-nullable field 'tree' must contain a non-null value when exiting constructor. Consider adding the 'required' modifier or declaring the field as nullable. [/app/OSLC4Net_SDK/OSLC4Net.Core.Query/OSLC4Net.Core.Query.csproj]
/app/OSLC4Net_SDK/OSLC4Net.Core.Query/Impl/PropertiesImpl.cs(42,5): warning CS8618: Non-nullable field 'prefixMap' must contain a non-null value when exiting constructor. Consider adding the 'required' modifier or declaring the field as nullable. [/app/OSLC4Net_SDK/OSLC4Net.Core.Query/OSLC4Net.Core.Query.csproj]
/app/OSLC4Net_SDK/OSLC4Net.Core.Query/Impl/NestedPropertyImpl.cs(27,5): warning CS8618: Non-nullable field 'children' must contain a non-null value when exiting constructor. Consider adding the 'required' modifier or declaring the field as nullable. [/app/OSLC4Net_SDK/OSLC4Net.Core.Query/OSLC4Net.Core.Query.csproj]
/app/OSLC4Net_SDK/OSLC4Net.Core.Query/Impl/LangedStringValueImpl.cs(26,5): warning CS8618: Non-nullable field 'value' must contain a non-null value when exiting constructor. Consider adding the 'required' modifier or declaring the field as nullable. [/app/OSLC4Net_SDK/OSLC4Net.Core.Query/OSLC4Net.Core.Query.csproj]
/app/OSLC4Net_SDK/OSLC4Net.Core.Query/Impl/LangedStringValueImpl.cs(26,5): warning CS8618: Non-nullable field 'langTag' must contain a non-null value when exiting constructor. Consider adding the 'required' modifier or declaring the field as nullable. [/app/OSLC4Net_SDK/OSLC4Net.Core.Query/OSLC4Net.Core.Query.csproj]
/app/OSLC4Net_SDK/OSLC4Net.Core.Query/Impl/InTermImpl.cs(27,5): warning CS8618: Non-nullable field 'values' must contain a non-null value when exiting constructor. Consider adding the 'required' modifier or declaring the field as nullable. [/app/OSLC4Net_SDK/OSLC4Net.Core.Query/OSLC4Net.Core.Query.csproj]
/app/OSLC4Net_SDK/OSLC4Net.Core.Query/Impl/DecimalValueImpl.cs(26,5): warning CS8618: Non-nullable field 'value' must contain a non-null value when exiting constructor. Consider adding the 'required' modifier or declaring the field as nullable. [/app/OSLC4Net_SDK/OSLC4Net.Core.Query/OSLC4Net.Core.Query.csproj]
/app/OSLC4Net_SDK/OSLC4Net.Core.Query/PName.cs(20,19): warning CS8618: Non-nullable field 'ns' must contain a non-null value when exiting constructor. Consider adding the 'required' modifier or declaring the field as nullable. [/app/OSLC4Net_SDK/OSLC4Net.Core.Query/OSLC4Net.Core.Query.csproj]
/app/OSLC4Net_SDK/OSLC4Net.Core.Query/PName.cs(21,19): warning CS8618: Non-nullable field 'prefix' must contain a non-null value when exiting constructor. Consider adding the 'required' modifier or declaring the field as nullable. [/app/OSLC4Net_SDK/OSLC4Net.Core.Query/OSLC4Net.Core.Query.csproj]
/app/OSLC4Net_SDK/OSLC4Net.Core.Query/PName.cs(22,19): warning CS8618: Non-nullable field 'local' must contain a non-null value when exiting constructor. Consider adding the 'required' modifier or declaring the field as nullable. [/app/OSLC4Net_SDK/OSLC4Net.Core.Query/OSLC4Net.Core.Query.csproj]
/app/OSLC4Net_SDK/OSLC4Net.Core.Query/Operator.cs(15,16): warning MA0026: TODO rename for CLS compliance (https://github.com/meziantou/Meziantou.Analyzer/blob/main/docs/Rules/MA0026.md) [/app/OSLC4Net_SDK/OSLC4Net.Core.Query/OSLC4Net.Core.Query.csproj]
/app/OSLC4Net_SDK/OSLC4Net.Core.Query/Properties/AssemblyInfo.cs(3,4): warning MA0026: TODO improve for better F# interop (https://github.com/meziantou/Meziantou.Analyzer/blob/main/docs/Rules/MA0026.md) [/app/OSLC4Net_SDK/OSLC4Net.Core.Query/OSLC4Net.Core.Query.csproj]
/app/OSLC4Net_SDK/OSLC4Net.Core.Query/QueryUtils.cs(228,5): warning MA0051: Method is too long (113 lines; maximum allowed: 60) (https://github.com/meziantou/Meziantou.Analyzer/blob/main/docs/Rules/MA0051.md) [/app/OSLC4Net_SDK/OSLC4Net.Core.Query/OSLC4Net.Core.Query.csproj]
/app/OSLC4Net_SDK/OSLC4Net.Core.Query/Impl/PropertiesImpl.cs(87,25): warning MA0084: Local variable 'children' should not hide field (https://github.com/meziantou/Meziantou.Analyzer/blob/main/docs/Rules/MA0084.md) [/app/OSLC4Net_SDK/OSLC4Net.Core.Query/OSLC4Net.Core.Query.csproj]
/app/OSLC4Net_SDK/OSLC4Net.Core.DotNetRdfProvider/RdfXmlMediaTypeFormatter.cs(54,33): warning CS0618: 'OslcMediaType.APPLICATION_XML_TYPE' is obsolete: 'Use RDF/XML, JSON-LD or Turtle media types instead' [/app/OSLC4Net_SDK/OSLC4Net.Core.DotNetRdfProvider/OSLC4Net.Core.DotNetRdfProvider.csproj]
/app/OSLC4Net_SDK/OSLC4Net.Core.DotNetRdfProvider/RdfXmlMediaTypeFormatter.cs(55,33): warning CS0618: 'OslcMediaType.TEXT_XML_TYPE' is obsolete: 'Use RDF/XML, JSON-LD or Turtle media types instead' [/app/OSLC4Net_SDK/OSLC4Net.Core.DotNetRdfProvider/OSLC4Net.Core.DotNetRdfProvider.csproj]
/app/OSLC4Net_SDK/OSLC4Net.Core.DotNetRdfProvider/Extensions.cs(19,21): warning CS8625: Cannot convert null literal to non-nullable reference type. [/app/OSLC4Net_SDK/OSLC4Net.Core.DotNetRdfProvider/OSLC4Net.Core.DotNetRdfProvider.csproj]
/app/OSLC4Net_SDK/OSLC4Net.Core.DotNetRdfProvider/Extensions.cs(28,13): warning CS8604: Possible null reference argument for parameter 'responseMessage' in 'OslcCoreRequestException.OslcCoreRequestException(HttpStatusCode? statusCode, string responseMessage, IResource? requestResource = null, Error? errorResource = null)'. [/app/OSLC4Net_SDK/OSLC4Net.Core.DotNetRdfProvider/OSLC4Net.Core.DotNetRdfProvider.csproj]
/app/OSLC4Net_SDK/OSLC4Net.Core.DotNetRdfProvider/RdfXmlMediaTypeFormatter.cs(221,62): warning CS8604: Possible null reference argument for parameter 'objects' in 'IGraph DotNetRdfHelper.CreateDotNetRdfGraph(IEnumerable<object> objects)'. [/app/OSLC4Net_SDK/OSLC4Net.Core.DotNetRdfProvider/OSLC4Net.Core.DotNetRdfProvider.csproj]
/app/OSLC4Net_SDK/OSLC4Net.Core.DotNetRdfProvider/RdfXmlMediaTypeFormatter.cs(371,25): warning CS0618: 'OslcMediaType.APPLICATION_XML' is obsolete: 'Use RDF/XML, JSON-LD or Turtle media types instead' [/app/OSLC4Net_SDK/OSLC4Net.Core.DotNetRdfProvider/OSLC4Net.Core.DotNetRdfProvider.csproj]
/app/OSLC4Net_SDK/OSLC4Net.Core.DotNetRdfProvider/DotNetRdfHelper.cs(730,29): warning CS8604: Possible null reference argument for parameter 'resource' in 'void DotNetRdfHelper.FromDotNetRdfNode(IDictionary<Type, IDictionary<string, MemberInfo>> typePropertyDefinitionsToSetMethods, Type beanType, object bean, INode resource, IGraph graph, IDictionary<string, object> visitedResources)'. [/app/OSLC4Net_SDK/OSLC4Net.Core.DotNetRdfProvider/OSLC4Net.Core.DotNetRdfProvider.csproj]
/app/OSLC4Net_SDK/OSLC4Net.Core.DotNetRdfProvider/DotNetRdfHelper.cs(1634,52): warning CS8604: Possible null reference argument for parameter 'collectionType' in 'INode DotNetRdfHelper.CreateRdfContainer(OslcRdfCollectionType collectionType, IList<INode> rdfNodeContainer, IGraph graph)'. [/app/OSLC4Net_SDK/OSLC4Net.Core.DotNetRdfProvider/OSLC4Net.Core.DotNetRdfProvider.csproj]
/app/OSLC4Net_SDK/OSLC4Net.Core.DotNetRdfProvider/DotNetRdfHelper.cs(1661,52): warning CS8604: Possible null reference argument for parameter 'collectionType' in 'INode DotNetRdfHelper.CreateRdfContainer(OslcRdfCollectionType collectionType, IList<INode> rdfNodeContainer, IGraph graph)'. [/app/OSLC4Net_SDK/OSLC4Net.Core.DotNetRdfProvider/OSLC4Net.Core.DotNetRdfProvider.csproj]
/app/OSLC4Net_SDK/OSLC4Net.Core.DotNetRdfProvider/DotNetRdfHelper.cs(1898,27): warning CS8604: Possible null reference argument for parameter 'obj' in 'void DotNetRdfHelper.BuildResource(object obj, Type resourceType, IGraph graph, INode mainResource, IDictionary<string, object>? oslcProperties)'. [/app/OSLC4Net_SDK/OSLC4Net.Core.DotNetRdfProvider/OSLC4Net.Core.DotNetRdfProvider.csproj]
/app/OSLC4Net_SDK/OSLC4Net.Core.DotNetRdfProvider/DotNetRdfHelper.cs(1916,25): warning CS8625: Cannot convert null literal to non-nullable reference type. [/app/OSLC4Net_SDK/OSLC4Net.Core.DotNetRdfProvider/OSLC4Net.Core.DotNetRdfProvider.csproj]
/app/OSLC4Net_SDK/OSLC4Net.Core.DotNetRdfProvider/DotNetRdfHelper.cs(253,12): warning MA0026: TODO check that all .Add() calls were converted into [k] = v (https://github.com/meziantou/Meziantou.Analyzer/blob/main/docs/Rules/MA0026.md) [/app/OSLC4Net_SDK/OSLC4Net.Core.DotNetRdfProvider/OSLC4Net.Core.DotNetRdfProvider.csproj]
/app/OSLC4Net_SDK/OSLC4Net.Core.DotNetRdfProvider/DotNetRdfHelper.cs(380,16): warning MA0026: TODO check that all .Add() calls are replaced with []= (https://github.com/meziantou/Meziantou.Analyzer/blob/main/docs/Rules/MA0026.md) [/app/OSLC4Net_SDK/OSLC4Net.Core.DotNetRdfProvider/OSLC4Net.Core.DotNetRdfProvider.csproj]
/app/OSLC4Net_SDK/OSLC4Net.Core.DotNetRdfProvider/DotNetRdfHelper.cs(461,32): warning MA0026: TODO untangle this mess (Andrew 2023-09) (https://github.com/meziantou/Meziantou.Analyzer/blob/main/docs/Rules/MA0026.md) [/app/OSLC4Net_SDK/OSLC4Net.Core.DotNetRdfProvider/OSLC4Net.Core.DotNetRdfProvider.csproj]
/app/OSLC4Net_SDK/OSLC4Net.Core.DotNetRdfProvider/DotNetRdfHelper.cs(954,8): warning MA0026: TODO check if the RDF 1.1 reification works correctly and cover with basic tests. (https://github.com/meziantou/Meziantou.Analyzer/blob/main/docs/Rules/MA0026.md) [/app/OSLC4Net_SDK/OSLC4Net.Core.DotNetRdfProvider/OSLC4Net.Core.DotNetRdfProvider.csproj]
/app/OSLC4Net_SDK/OSLC4Net.Core.DotNetRdfProvider/DotNetRdfHelper.cs(1040,12): warning MA0026: TODO use modern C# (https://github.com/meziantou/Meziantou.Analyzer/blob/main/docs/Rules/MA0026.md) [/app/OSLC4Net_SDK/OSLC4Net.Core.DotNetRdfProvider/OSLC4Net.Core.DotNetRdfProvider.csproj]
/app/OSLC4Net_SDK/OSLC4Net.Core.DotNetRdfProvider/DotNetRdfHelper.cs(1458,15): warning MA0026: TODO Until we handle XMLLiteral for incoming unknown resources, need to assume it is not XMLLiteral (https://github.com/meziantou/Meziantou.Analyzer/blob/main/docs/Rules/MA0026.md) [/app/OSLC4Net_SDK/OSLC4Net.Core.DotNetRdfProvider/OSLC4Net.Core.DotNetRdfProvider.csproj]
/app/OSLC4Net_SDK/OSLC4Net.Core.DotNetRdfProvider/RdfXmlMediaTypeFormatter.cs(359,16): warning MA0026: TODO one class per RDF content type (https://github.com/meziantou/Meziantou.Analyzer/blob/main/docs/Rules/MA0026.md) [/app/OSLC4Net_SDK/OSLC4Net.Core.DotNetRdfProvider/OSLC4Net.Core.DotNetRdfProvider.csproj]
/app/OSLC4Net_SDK/OSLC4Net.Core.DotNetRdfProvider/RdfXmlMediaTypeFormatter.cs(367,20): warning MA0026: TODO make IRI validation configurable (https://github.com/meziantou/Meziantou.Analyzer/blob/main/docs/Rules/MA0026.md) [/app/OSLC4Net_SDK/OSLC4Net.Core.DotNetRdfProvider/OSLC4Net.Core.DotNetRdfProvider.csproj]
/app/OSLC4Net_SDK/OSLC4Net.Core.DotNetRdfProvider/RdfXmlMediaTypeFormatter.cs(438,20): warning MA0026: TODO make schema loads configurable (@berezovskyi 2025-05) (https://github.com/meziantou/Meziantou.Analyzer/blob/main/docs/Rules/MA0026.md) [/app/OSLC4Net_SDK/OSLC4Net.Core.DotNetRdfProvider/OSLC4Net.Core.DotNetRdfProvider.csproj]
/app/OSLC4Net_SDK/OSLC4Net.Core.DotNetRdfProvider/DotNetRdfHelper.cs(94,26): warning MA0051: Method is too long (78 lines; maximum allowed: 60) (https://github.com/meziantou/Meziantou.Analyzer/blob/main/docs/Rules/MA0051.md) [/app/OSLC4Net_SDK/OSLC4Net.Core.DotNetRdfProvider/OSLC4Net.Core.DotNetRdfProvider.csproj]
/app/OSLC4Net_SDK/OSLC4Net.Core.DotNetRdfProvider/RdfXmlMediaTypeFormatter.cs(154,32): warning MA0051: Method is too long (140 lines; maximum allowed: 60) (https://github.com/meziantou/Meziantou.Analyzer/blob/main/docs/Rules/MA0051.md) [/app/OSLC4Net_SDK/OSLC4Net.Core.DotNetRdfProvider/OSLC4Net.Core.DotNetRdfProvider.csproj]
/app/OSLC4Net_SDK/OSLC4Net.Core.DotNetRdfProvider/RdfXmlMediaTypeFormatter.cs(340,41): warning MA0051: Method is too long (143 lines; maximum allowed: 60) (https://github.com/meziantou/Meziantou.Analyzer/blob/main/docs/Rules/MA0051.md) [/app/OSLC4Net_SDK/OSLC4Net.Core.DotNetRdfProvider/OSLC4Net.Core.DotNetRdfProvider.csproj]
/app/OSLC4Net_SDK/OSLC4Net.Core.DotNetRdfProvider/DotNetRdfHelper.cs(321,18): warning MA0051: Method is too long (528 lines; maximum allowed: 60) (https://github.com/meziantou/Meziantou.Analyzer/blob/main/docs/Rules/MA0051.md) [/app/OSLC4Net_SDK/OSLC4Net.Core.DotNetRdfProvider/OSLC4Net.Core.DotNetRdfProvider.csproj]
/app/OSLC4Net_SDK/OSLC4Net.Core.DotNetRdfProvider/DotNetRdfHelper.cs(607,43): warning MA0015: Use an overload of 'System.ArgumentException' with the parameter name (https://github.com/meziantou/Meziantou.Analyzer/blob/main/docs/Rules/MA0015.md) [/app/OSLC4Net_SDK/OSLC4Net.Core.DotNetRdfProvider/OSLC4Net.Core.DotNetRdfProvider.csproj]
/app/OSLC4Net_SDK/OSLC4Net.Core.DotNetRdfProvider/DotNetRdfHelper.cs(1098,52): warning MA0051: Method is too long (72 lines; maximum allowed: 60) (https://github.com/meziantou/Meziantou.Analyzer/blob/main/docs/Rules/MA0051.md) [/app/OSLC4Net_SDK/OSLC4Net.Core.DotNetRdfProvider/OSLC4Net.Core.DotNetRdfProvider.csproj]
/app/OSLC4Net_SDK/OSLC4Net.Core.DotNetRdfProvider/DotNetRdfHelper.cs(1174,25): warning MA0051: Method is too long (138 lines; maximum allowed: 60) (https://github.com/meziantou/Meziantou.Analyzer/blob/main/docs/Rules/MA0051.md) [/app/OSLC4Net_SDK/OSLC4Net.Core.DotNetRdfProvider/OSLC4Net.Core.DotNetRdfProvider.csproj]
/app/OSLC4Net_SDK/OSLC4Net.Core.DotNetRdfProvider/DotNetRdfHelper.cs(1319,25): warning MA0051: Method is too long (81 lines; maximum allowed: 60) (https://github.com/meziantou/Meziantou.Analyzer/blob/main/docs/Rules/MA0051.md) [/app/OSLC4Net_SDK/OSLC4Net.Core.DotNetRdfProvider/OSLC4Net.Core.DotNetRdfProvider.csproj]
/app/OSLC4Net_SDK/OSLC4Net.Core.DotNetRdfProvider/DotNetRdfHelper.cs(1407,25): warning MA0051: Method is too long (123 lines; maximum allowed: 60) (https://github.com/meziantou/Meziantou.Analyzer/blob/main/docs/Rules/MA0051.md) [/app/OSLC4Net_SDK/OSLC4Net.Core.DotNetRdfProvider/OSLC4Net.Core.DotNetRdfProvider.csproj]
/app/OSLC4Net_SDK/OSLC4Net.Core.DotNetRdfProvider/DotNetRdfHelper.cs(1539,25): warning MA0051: Method is too long (133 lines; maximum allowed: 60) (https://github.com/meziantou/Meziantou.Analyzer/blob/main/docs/Rules/MA0051.md) [/app/OSLC4Net_SDK/OSLC4Net.Core.DotNetRdfProvider/OSLC4Net.Core.DotNetRdfProvider.csproj]
/app/OSLC4Net_SDK/OSLC4Net.Core.DotNetRdfProvider/DotNetRdfHelper.cs(1682,26): warning MA0051: Method is too long (61 lines; maximum allowed: 60) (https://github.com/meziantou/Meziantou.Analyzer/blob/main/docs/Rules/MA0051.md) [/app/OSLC4Net_SDK/OSLC4Net.Core.DotNetRdfProvider/OSLC4Net.Core.DotNetRdfProvider.csproj]
/app/OSLC4Net_SDK/OSLC4Net.Core.DotNetRdfProvider/DotNetRdfHelper.cs(1748,25): warning MA0051: Method is too long (178 lines; maximum allowed: 60) (https://github.com/meziantou/Meziantou.Analyzer/blob/main/docs/Rules/MA0051.md) [/app/OSLC4Net_SDK/OSLC4Net.Core.DotNetRdfProvider/OSLC4Net.Core.DotNetRdfProvider.csproj]
/app/OSLC4Net_SDK/OSLC4Net.Server.Providers/OslcRdfInputFormatter.cs(89,43): warning CS8604: Possible null reference argument for parameter 'graph' in 'object DotNetRdfHelper.FromDotNetRdfGraph(IGraph graph, Type beanType)'. [/app/OSLC4Net_SDK/OSLC4Net.Server.Providers/OSLC4Net.Server.Providers.csproj]
/app/OSLC4Net_SDK/OSLC4Net.Server.Providers/OslcRdfInputFormatter.cs(90,17): warning CS8604: Possible null reference argument for parameter 'beanType' in 'object DotNetRdfHelper.FromDotNetRdfGraph(IGraph graph, Type beanType)'. [/app/OSLC4Net_SDK/OSLC4Net.Server.Providers/OSLC4Net.Server.Providers.csproj]
/app/OSLC4Net_SDK/OSLC4Net.Server.Providers/OslcRdfInputFormatter.cs(132,16): warning MA0026: TODO make schema loads configurable (@berezovskyi 2025-05) (https://github.com/meziantou/Meziantou.Analyzer/blob/main/docs/Rules/MA0026.md) [/app/OSLC4Net_SDK/OSLC4Net.Server.Providers/OSLC4Net.Server.Providers.csproj]
/app/OSLC4Net_SDK/OSLC4Net.Server.Providers/OslcRdfInputFormatter.cs(167,16): warning MA0026: TODO make schema loads configurable (@berezovskyi 2025-05) (https://github.com/meziantou/Meziantou.Analyzer/blob/main/docs/Rules/MA0026.md) [/app/OSLC4Net_SDK/OSLC4Net.Server.Providers/OSLC4Net.Server.Providers.csproj]
/app/OSLC4Net_SDK/OSLC4Net.Server.Providers/OslcRdfOutputFormatter.cs(174,12): warning MA0026: TODO deal with namespaces (https://github.com/meziantou/Meziantou.Analyzer/blob/main/docs/Rules/MA0026.md) [/app/OSLC4Net_SDK/OSLC4Net.Server.Providers/OSLC4Net.Server.Providers.csproj]
/app/OSLC4Net_SDK/OSLC4Net.Server.Providers/OslcRdfOutputFormatter.cs(64,28): warning CA2208: Method WriteResponseBodyAsync passes 'requestedType' as the paramName argument to a ArgumentOutOfRangeException constructor. Replace this argument with one of the method's parameter names. Note that the provided parameter name should have the exact casing as declared on the method. (https://learn.microsoft.com/dotnet/fundamentals/code-analysis/quality-rules/ca2208) [/app/OSLC4Net_SDK/OSLC4Net.Server.Providers/OSLC4Net.Server.Providers.csproj]
/app/OSLC4Net_SDK/OSLC4Net.Server.Providers/OslcRdfInputFormatter.cs(51,24): warning CA2208: Method ReadRequestBodyAsync passes 'requestedType' as the paramName argument to a ArgumentOutOfRangeException constructor. Replace this argument with one of the method's parameter names. Note that the provided parameter name should have the exact casing as declared on the method. (https://learn.microsoft.com/dotnet/fundamentals/code-analysis/quality-rules/ca2208) [/app/OSLC4Net_SDK/OSLC4Net.Server.Providers/OSLC4Net.Server.Providers.csproj]
/app/OSLC4Net_SDK/OSLC4Net.Server.Providers/OslcRdfInputFormatter.cs(51,56): warning MA0015: 'requestedType' is not a valid parameter name (https://github.com/meziantou/Meziantou.Analyzer/blob/main/docs/Rules/MA0015.md) [/app/OSLC4Net_SDK/OSLC4Net.Server.Providers/OSLC4Net.Server.Providers.csproj]
/app/OSLC4Net_SDK/OSLC4Net.Server.Providers/OslcRdfOutputFormatter.cs(64,60): warning MA0015: 'requestedType' is not a valid parameter name (https://github.com/meziantou/Meziantou.Analyzer/blob/main/docs/Rules/MA0015.md) [/app/OSLC4Net_SDK/OSLC4Net.Server.Providers/OSLC4Net.Server.Providers.csproj]
/app/OSLC4Net_SDK/OSLC4Net.Server.Providers/OslcRdfOutputFormatter.cs(73,27): warning MA0051: Method is too long (93 lines; maximum allowed: 60) (https://github.com/meziantou/Meziantou.Analyzer/blob/main/docs/Rules/MA0051.md) [/app/OSLC4Net_SDK/OSLC4Net.Server.Providers/OSLC4Net.Server.Providers.csproj]
/app/OSLC4Net_SDK/Examples/OSLC4NetExamples.Server.NetCoreApi/Controllers/ServiceProviderController.cs(11,75): warning CS9113: Parameter 'logger' is unread. [/app/OSLC4Net_SDK/Examples/OSLC4NetExamples.Server.NetCoreApi/OSLC4NetExamples.Server.NetCoreApi.csproj]
/app/OSLC4Net_SDK/Examples/OSLC4NetExamples.Server.NetCoreApi/Controllers/CatalogController.cs(16,59): warning CS9113: Parameter 'logger' is unread. [/app/OSLC4Net_SDK/Examples/OSLC4NetExamples.Server.NetCoreApi/OSLC4NetExamples.Server.NetCoreApi.csproj]
/app/OSLC4Net_SDK/Examples/OSLC4NetExamples.Server.NetCoreApi/Controllers/Resources/ResourceController.cs(6,76): warning CS9113: Parameter 'logger' is unread. [/app/OSLC4Net_SDK/Examples/OSLC4NetExamples.Server.NetCoreApi/OSLC4NetExamples.Server.NetCoreApi.csproj]
/app/OSLC4Net_SDK/Examples/OSLC4NetExamples.Server.NetCoreApi/Models/RootServicesDto.cs(60,35): warning MA0051: Method is too long (66 lines; maximum allowed: 60) (https://github.com/meziantou/Meziantou.Analyzer/blob/main/docs/Rules/MA0051.md) [/app/OSLC4Net_SDK/Examples/OSLC4NetExamples.Server.NetCoreApi/OSLC4NetExamples.Server.NetCoreApi.csproj]
/app/OSLC4Net_SDK/Examples/OSLC4NetExamples.Server.NetCoreApi/Models/RootServicesDto.cs(130,19): warning MA0051: Method is too long (87 lines; maximum allowed: 60) (https://github.com/meziantou/Meziantou.Analyzer/blob/main/docs/Rules/MA0051.md) [/app/OSLC4Net_SDK/Examples/OSLC4NetExamples.Server.NetCoreApi/OSLC4NetExamples.Server.NetCoreApi.csproj]
/app/OSLC4Net_SDK/OSLC4Net.Client/Oslc/OslcClient.cs(115,17): warning CS1634: Expected 'disable' or 'restore' [/app/OSLC4Net_SDK/OSLC4Net.Client/OSLC4Net.Client.csproj]
/app/OSLC4Net_SDK/OSLC4Net.Client/Oslc/OslcClient.cs(151,37): warning CS8625: Cannot convert null literal to non-nullable reference type. [/app/OSLC4Net_SDK/OSLC4Net.Client/OSLC4Net.Client.csproj]
/app/OSLC4Net_SDK/OSLC4Net.Client/Oslc/Resources/TestScript.cs(37,12): warning CS8618: Non-nullable field 'executionInstructions' must contain a non-null value when exiting constructor. Consider adding the 'required' modifier or declaring the field as nullable. [/app/OSLC4Net_SDK/OSLC4Net.Client/OSLC4Net.Client.csproj]
/app/OSLC4Net_SDK/OSLC4Net.Client/Oslc/Resources/TestScript.cs(37,12): warning CS8618: Non-nullable field 'description' must contain a non-null value when exiting constructor. Consider adding the 'required' modifier or declaring the field as nullable. [/app/OSLC4Net_SDK/OSLC4Net.Client/OSLC4Net.Client.csproj]
/app/OSLC4Net_SDK/OSLC4Net.Client/OslcRestClient.cs(51,12): warning CS8618: Non-nullable field '_rdfHelper' must contain a non-null value when exiting constructor. Consider adding the 'required' modifier or declaring the field as nullable. [/app/OSLC4Net_SDK/OSLC4Net.Client/OSLC4Net.Client.csproj]
/app/OSLC4Net_SDK/OSLC4Net.Client/OslcRestClient.cs(79,22): warning CS8601: Possible null reference assignment. [/app/OSLC4Net_SDK/OSLC4Net.Client/OSLC4Net.Client.csproj]
/app/OSLC4Net_SDK/OSLC4Net.Client/OslcRestClient.cs(90,49): warning CS8604: Possible null reference argument for parameter 'mediaType' in 'MediaTypeWithQualityHeaderValue.MediaTypeWithQualityHeaderValue(string mediaType, double quality)'. [/app/OSLC4Net_SDK/OSLC4Net.Client/OSLC4Net.Client.csproj]
/app/OSLC4Net_SDK/OSLC4Net.Client/Oslc/Resources/TestResult.cs(37,12): warning CS8618: Non-nullable field 'executesTestScript' must contain a non-null value when exiting constructor. Consider adding the 'required' modifier or declaring the field as nullable. [/app/OSLC4Net_SDK/OSLC4Net.Client/OSLC4Net.Client.csproj]
/app/OSLC4Net_SDK/OSLC4Net.Client/Oslc/Resources/TestResult.cs(37,12): warning CS8618: Non-nullable field 'reportsOnTestCase' must contain a non-null value when exiting constructor. Consider adding the 'required' modifier or declaring the field as nullable. [/app/OSLC4Net_SDK/OSLC4Net.Client/OSLC4Net.Client.csproj]
/app/OSLC4Net_SDK/OSLC4Net.Client/Oslc/Resources/TestResult.cs(37,12): warning CS8618: Non-nullable field 'reportsOnTestPlan' must contain a non-null value when exiting constructor. Consider adding the 'required' modifier or declaring the field as nullable. [/app/OSLC4Net_SDK/OSLC4Net.Client/OSLC4Net.Client.csproj]
/app/OSLC4Net_SDK/OSLC4Net.Client/Oslc/Resources/TestResult.cs(37,12): warning CS8618: Non-nullable field 'producedByTestExecutionRecord' must contain a non-null value when exiting constructor. Consider adding the 'required' modifier or declaring the field as nullable. [/app/OSLC4Net_SDK/OSLC4Net.Client/OSLC4Net.Client.csproj]
/app/OSLC4Net_SDK/OSLC4Net.Client/Oslc/Resources/TestResult.cs(37,12): warning CS8618: Non-nullable field 'status' must contain a non-null value when exiting constructor. Consider adding the 'required' modifier or declaring the field as nullable. [/app/OSLC4Net_SDK/OSLC4Net.Client/OSLC4Net.Client.csproj]
/app/OSLC4Net_SDK/OSLC4Net.Client/OslcRestClient.cs(290,48): warning CS8604: Possible null reference argument for parameter 'uri' in 'OslcRestClient.OslcRestClient(IEnumerable<MediaTypeFormatter> formatters, Uri uri, string mediaType)'. [/app/OSLC4Net_SDK/OSLC4Net.Client/OSLC4Net.Client.csproj]
/app/OSLC4Net_SDK/OSLC4Net.Client/Oslc/Resources/TestPlan.cs(39,12): warning CS8618: Non-nullable field 'description' must contain a non-null value when exiting constructor. Consider adding the 'required' modifier or declaring the field as nullable. [/app/OSLC4Net_SDK/OSLC4Net.Client/OSLC4Net.Client.csproj]
/app/OSLC4Net_SDK/OSLC4Net.Client/ServiceProviderRegistryClient.cs(232,25): warning CS8604: Possible null reference argument for parameter 'responseMessage' in 'OslcCoreRegistrationException.OslcCoreRegistrationException(ServiceProvider serviceProvider, HttpStatusCode? statusCode, string responseMessage)'. [/app/OSLC4Net_SDK/OSLC4Net.Client/OSLC4Net.Client.csproj]
/app/OSLC4Net_SDK/OSLC4Net.Client/Oslc/Resources/TestExecutionRecord.cs(39,12): warning CS8618: Non-nullable field 'reportsOnTestPlan' must contain a non-null value when exiting constructor. Consider adding the 'required' modifier or declaring the field as nullable. [/app/OSLC4Net_SDK/OSLC4Net.Client/OSLC4Net.Client.csproj]
/app/OSLC4Net_SDK/OSLC4Net.Client/Oslc/Resources/TestExecutionRecord.cs(39,12): warning CS8618: Non-nullable field 'runsOnTestEnvironment' must contain a non-null value when exiting constructor. Consider adding the 'required' modifier or declaring the field as nullable. [/app/OSLC4Net_SDK/OSLC4Net.Client/OSLC4Net.Client.csproj]
/app/OSLC4Net_SDK/OSLC4Net.Client/Oslc/Resources/TestExecutionRecord.cs(39,12): warning CS8618: Non-nullable field 'runsTestCase' must contain a non-null value when exiting constructor. Consider adding the 'required' modifier or declaring the field as nullable. [/app/OSLC4Net_SDK/OSLC4Net.Client/OSLC4Net.Client.csproj]
/app/OSLC4Net_SDK/OSLC4Net.Client/ServiceProviderRegistryClient.cs(266,17): warning CS8604: Possible null reference argument for parameter 'responseMessage' in 'OslcCoreDeregistrationException.OslcCoreDeregistrationException(Uri serviceProviderUri, int statusCode, string responseMessage)'. [/app/OSLC4Net_SDK/OSLC4Net.Client/OSLC4Net.Client.csproj]
/app/OSLC4Net_SDK/OSLC4Net.Client/Oslc/Resources/TestCase.cs(40,12): warning CS8618: Non-nullable field 'description' must contain a non-null value when exiting constructor. Consider adding the 'required' modifier or declaring the field as nullable. [/app/OSLC4Net_SDK/OSLC4Net.Client/OSLC4Net.Client.csproj]
/app/OSLC4Net_SDK/OSLC4Net.Client/Oslc/OslcClient.cs(74,95): warning CS8625: Cannot convert null literal to non-nullable reference type. [/app/OSLC4Net_SDK/OSLC4Net.Client/OSLC4Net.Client.csproj]
/app/OSLC4Net_SDK/OSLC4Net.Client/Oslc/OslcClient.cs(107,79): warning CS8619: Nullability of reference types in value of type 'Func<HttpRequestMessage, X509Certificate2, X509Chain, SslPolicyErrors, bool>' doesn't match target type 'Func<HttpRequestMessage, X509Certificate2?, X509Chain?, SslPolicyErrors, bool>'. [/app/OSLC4Net_SDK/OSLC4Net.Client/OSLC4Net.Client.csproj]
/app/OSLC4Net_SDK/OSLC4Net.Client/Oslc/OslcClient.cs(121,85): warning CS0618: 'OslcClient.OslcClient(Func<HttpRequestMessage, X509Certificate2, X509Chain, SslPolicyErrors, bool>, HttpMessageHandler, ILogger<OslcClient>)' is obsolete: 'Use the constructor taking HttpClient instead and configure the handler externally.' [/app/OSLC4Net_SDK/OSLC4Net.Client/OSLC4Net.Client.csproj]
/app/OSLC4Net_SDK/OSLC4Net.Client/Oslc/OslcClient.cs(121,92): warning CS8625: Cannot convert null literal to non-nullable reference type. [/app/OSLC4Net_SDK/OSLC4Net.Client/OSLC4Net.Client.csproj]
/app/OSLC4Net_SDK/OSLC4Net.Client/Oslc/Resources/RmUtil.cs(92,56): warning CS0618: 'RmConstants' is obsolete: 'See OSLC4Net.Domains.RequirementsManagement' [/app/OSLC4Net_SDK/OSLC4Net.Client/OSLC4Net.Client.csproj]
/app/OSLC4Net_SDK/OSLC4Net.Client/Oslc/OslcClient.cs(279,25): warning CS8604: Possible null reference argument for parameter 'responseMessage' in 'OslcCoreRequestException.OslcCoreRequestException(HttpStatusCode? statusCode, string responseMessage, IResource? requestResource = null, Error? errorResource = null)'. [/app/OSLC4Net_SDK/OSLC4Net.Client/OSLC4Net.Client.csproj]
/app/OSLC4Net_SDK/OSLC4Net.Client/Oslc/OslcClient.cs(409,46): warning CS8604: Possible null reference argument for parameter 'resourceUri' in 'Task<OslcResponse<T>> OslcClient.GetResourceAsync<T>(string resourceUri, string? mediaType)'. [/app/OSLC4Net_SDK/OSLC4Net.Client/OSLC4Net.Client.csproj]
/app/OSLC4Net_SDK/OSLC4Net.Client/Oslc/Resources/QmResource.cs(35,15): warning CS8618: Non-nullable field 'identifier' must contain a non-null value when exiting constructor. Consider adding the 'required' modifier or declaring the field as nullable. [/app/OSLC4Net_SDK/OSLC4Net.Client/OSLC4Net.Client.csproj]
/app/OSLC4Net_SDK/OSLC4Net.Client/Oslc/Resources/QmResource.cs(35,15): warning CS8618: Non-nullable field 'instanceShape' must contain a non-null value when exiting constructor. Consider adding the 'required' modifier or declaring the field as nullable. [/app/OSLC4Net_SDK/OSLC4Net.Client/OSLC4Net.Client.csproj]
/app/OSLC4Net_SDK/OSLC4Net.Client/Oslc/Resources/QmResource.cs(35,15): warning CS8618: Non-nullable field 'serviceProvider' must contain a non-null value when exiting constructor. Consider adding the 'required' modifier or declaring the field as nullable. [/app/OSLC4Net_SDK/OSLC4Net.Client/OSLC4Net.Client.csproj]
/app/OSLC4Net_SDK/OSLC4Net.Client/Oslc/Resources/QmResource.cs(35,15): warning CS8618: Non-nullable field 'title' must contain a non-null value when exiting constructor. Consider adding the 'required' modifier or declaring the field as nullable. [/app/OSLC4Net_SDK/OSLC4Net.Client/OSLC4Net.Client.csproj]
/app/OSLC4Net_SDK/OSLC4Net.Client/Oslc/OslcClient.cs(433,71): warning CS8604: Possible null reference argument for parameter 'mediaType' in 'Task<HttpResponseMessage> OslcClient.CreateResourceRawAsync(string url, IResource artifact, string mediaType, string acceptType)'. [/app/OSLC4Net_SDK/OSLC4Net.Client/OSLC4Net.Client.csproj]
/app/OSLC4Net_SDK/OSLC4Net.Client/Oslc/Resources/QmResource.cs(40,15): warning CS8618: Non-nullable field 'identifier' must contain a non-null value when exiting constructor. Consider adding the 'required' modifier or declaring the field as nullable. [/app/OSLC4Net_SDK/OSLC4Net.Client/OSLC4Net.Client.csproj]
/app/OSLC4Net_SDK/OSLC4Net.Client/Oslc/Resources/QmResource.cs(40,15): warning CS8618: Non-nullable field 'instanceShape' must contain a non-null value when exiting constructor. Consider adding the 'required' modifier or declaring the field as nullable. [/app/OSLC4Net_SDK/OSLC4Net.Client/OSLC4Net.Client.csproj]
/app/OSLC4Net_SDK/OSLC4Net.Client/Oslc/Resources/QmResource.cs(40,15): warning CS8618: Non-nullable field 'serviceProvider' must contain a non-null value when exiting constructor. Consider adding the 'required' modifier or declaring the field as nullable. [/app/OSLC4Net_SDK/OSLC4Net.Client/OSLC4Net.Client.csproj]
/app/OSLC4Net_SDK/OSLC4Net.Client/Oslc/Resources/QmResource.cs(40,15): warning CS8618: Non-nullable field 'title' must contain a non-null value when exiting constructor. Consider adding the 'required' modifier or declaring the field as nullable. [/app/OSLC4Net_SDK/OSLC4Net.Client/OSLC4Net.Client.csproj]
/app/OSLC4Net_SDK/OSLC4Net.Client/Oslc/Resources/ParameterInstance.cs(38,12): warning CS8618: Non-nullable field 'name' must contain a non-null value when exiting constructor. Consider adding the 'required' modifier or declaring the field as nullable. [/app/OSLC4Net_SDK/OSLC4Net.Client/OSLC4Net.Client.csproj]
/app/OSLC4Net_SDK/OSLC4Net.Client/Oslc/Resources/ParameterInstance.cs(38,12): warning CS8618: Non-nullable field 'value' must contain a non-null value when exiting constructor. Consider adding the 'required' modifier or declaring the field as nullable. [/app/OSLC4Net_SDK/OSLC4Net.Client/OSLC4Net.Client.csproj]
/app/OSLC4Net_SDK/OSLC4Net.Client/Oslc/Resources/ParameterInstance.cs(38,12): warning CS8618: Non-nullable field 'description' must contain a non-null value when exiting constructor. Consider adding the 'required' modifier or declaring the field as nullable. [/app/OSLC4Net_SDK/OSLC4Net.Client/OSLC4Net.Client.csproj]
/app/OSLC4Net_SDK/OSLC4Net.Client/Oslc/Resources/ParameterInstance.cs(38,12): warning CS8618: Non-nullable field 'instanceShape' must contain a non-null value when exiting constructor. Consider adding the 'required' modifier or declaring the field as nullable. [/app/OSLC4Net_SDK/OSLC4Net.Client/OSLC4Net.Client.csproj]
/app/OSLC4Net_SDK/OSLC4Net.Client/Oslc/Resources/ParameterInstance.cs(38,12): warning CS8618: Non-nullable field 'serviceProvider' must contain a non-null value when exiting constructor. Consider adding the 'required' modifier or declaring the field as nullable. [/app/OSLC4Net_SDK/OSLC4Net.Client/OSLC4Net.Client.csproj]
/app/OSLC4Net_SDK/OSLC4Net.Client/Oslc/Resources/ParameterInstance.cs(43,12): warning CS8618: Non-nullable field 'name' must contain a non-null value when exiting constructor. Consider adding the 'required' modifier or declaring the field as nullable. [/app/OSLC4Net_SDK/OSLC4Net.Client/OSLC4Net.Client.csproj]
/app/OSLC4Net_SDK/OSLC4Net.Client/Oslc/Resources/ParameterInstance.cs(43,12): warning CS8618: Non-nullable field 'value' must contain a non-null value when exiting constructor. Consider adding the 'required' modifier or declaring the field as nullable. [/app/OSLC4Net_SDK/OSLC4Net.Client/OSLC4Net.Client.csproj]
/app/OSLC4Net_SDK/OSLC4Net.Client/Oslc/Resources/ParameterInstance.cs(43,12): warning CS8618: Non-nullable field 'description' must contain a non-null value when exiting constructor. Consider adding the 'required' modifier or declaring the field as nullable. [/app/OSLC4Net_SDK/OSLC4Net.Client/OSLC4Net.Client.csproj]
/app/OSLC4Net_SDK/OSLC4Net.Client/Oslc/Resources/ParameterInstance.cs(43,12): warning CS8618: Non-nullable field 'instanceShape' must contain a non-null value when exiting constructor. Consider adding the 'required' modifier or declaring the field as nullable. [/app/OSLC4Net_SDK/OSLC4Net.Client/OSLC4Net.Client.csproj]
/app/OSLC4Net_SDK/OSLC4Net.Client/Oslc/Resources/ParameterInstance.cs(43,12): warning CS8618: Non-nullable field 'serviceProvider' must contain a non-null value when exiting constructor. Consider adding the 'required' modifier or declaring the field as nullable. [/app/OSLC4Net_SDK/OSLC4Net.Client/OSLC4Net.Client.csproj]
/app/OSLC4Net_SDK/OSLC4Net.Client/Oslc/Resources/ArchitectureLinkType.cs(41,12): warning CS8618: Non-nullable field 'comment' must contain a non-null value when exiting constructor. Consider adding the 'required' modifier or declaring the field as nullable. [/app/OSLC4Net_SDK/OSLC4Net.Client/OSLC4Net.Client.csproj]
/app/OSLC4Net_SDK/OSLC4Net.Client/Oslc/Resources/ArchitectureLinkType.cs(41,12): warning CS8618: Non-nullable field 'label' must contain a non-null value when exiting constructor. Consider adding the 'required' modifier or declaring the field as nullable. [/app/OSLC4Net_SDK/OSLC4Net.Client/OSLC4Net.Client.csproj]
/app/OSLC4Net_SDK/OSLC4Net.Client/Oslc/Resources/ArchitectureLinkType.cs(41,12): warning CS8618: Non-nullable field 'identifier' must contain a non-null value when exiting constructor. Consider adding the 'required' modifier or declaring the field as nullable. [/app/OSLC4Net_SDK/OSLC4Net.Client/OSLC4Net.Client.csproj]
/app/OSLC4Net_SDK/OSLC4Net.Client/Oslc/Resources/ArchitectureLinkType.cs(41,12): warning CS8618: Non-nullable field 'instanceShape' must contain a non-null value when exiting constructor. Consider adding the 'required' modifier or declaring the field as nullable. [/app/OSLC4Net_SDK/OSLC4Net.Client/OSLC4Net.Client.csproj]
/app/OSLC4Net_SDK/OSLC4Net.Client/Oslc/Resources/ArchitectureLinkType.cs(41,12): warning CS8618: Non-nullable field 'serviceProvider' must contain a non-null value when exiting constructor. Consider adding the 'required' modifier or declaring the field as nullable. [/app/OSLC4Net_SDK/OSLC4Net.Client/OSLC4Net.Client.csproj]
/app/OSLC4Net_SDK/OSLC4Net.Client/Oslc/Resources/ArchitectureLinkType.cs(46,12): warning CS8618: Non-nullable field 'comment' must contain a non-null value when exiting constructor. Consider adding the 'required' modifier or declaring the field as nullable. [/app/OSLC4Net_SDK/OSLC4Net.Client/OSLC4Net.Client.csproj]
/app/OSLC4Net_SDK/OSLC4Net.Client/Oslc/Resources/ArchitectureLinkType.cs(46,12): warning CS8618: Non-nullable field 'label' must contain a non-null value when exiting constructor. Consider adding the 'required' modifier or declaring the field as nullable. [/app/OSLC4Net_SDK/OSLC4Net.Client/OSLC4Net.Client.csproj]
/app/OSLC4Net_SDK/OSLC4Net.Client/Oslc/Resources/ArchitectureLinkType.cs(46,12): warning CS8618: Non-nullable field 'identifier' must contain a non-null value when exiting constructor. Consider adding the 'required' modifier or declaring the field as nullable. [/app/OSLC4Net_SDK/OSLC4Net.Client/OSLC4Net.Client.csproj]
/app/OSLC4Net_SDK/OSLC4Net.Client/Oslc/Resources/ArchitectureLinkType.cs(46,12): warning CS8618: Non-nullable field 'instanceShape' must contain a non-null value when exiting constructor. Consider adding the 'required' modifier or declaring the field as nullable. [/app/OSLC4Net_SDK/OSLC4Net.Client/OSLC4Net.Client.csproj]
/app/OSLC4Net_SDK/OSLC4Net.Client/Oslc/Resources/ArchitectureLinkType.cs(46,12): warning CS8618: Non-nullable field 'serviceProvider' must contain a non-null value when exiting constructor. Consider adding the 'required' modifier or declaring the field as nullable. [/app/OSLC4Net_SDK/OSLC4Net.Client/OSLC4Net.Client.csproj]
/app/OSLC4Net_SDK/OSLC4Net.Client/Oslc/Resources/ArchitectureResource.cs(44,12): warning CS8618: Non-nullable field 'description' must contain a non-null value when exiting constructor. Consider adding the 'required' modifier or declaring the field as nullable. [/app/OSLC4Net_SDK/OSLC4Net.Client/OSLC4Net.Client.csproj]
/app/OSLC4Net_SDK/OSLC4Net.Client/Oslc/Resources/ArchitectureResource.cs(44,12): warning CS8618: Non-nullable field 'identifier' must contain a non-null value when exiting constructor. Consider adding the 'required' modifier or declaring the field as nullable. [/app/OSLC4Net_SDK/OSLC4Net.Client/OSLC4Net.Client.csproj]
/app/OSLC4Net_SDK/OSLC4Net.Client/Oslc/Resources/ArchitectureResource.cs(44,12): warning CS8618: Non-nullable field 'source' must contain a non-null value when exiting constructor. Consider adding the 'required' modifier or declaring the field as nullable. [/app/OSLC4Net_SDK/OSLC4Net.Client/OSLC4Net.Client.csproj]
/app/OSLC4Net_SDK/OSLC4Net.Client/Oslc/Resources/ArchitectureResource.cs(44,12): warning CS8618: Non-nullable field 'instanceShape' must contain a non-null value when exiting constructor. Consider adding the 'required' modifier or declaring the field as nullable. [/app/OSLC4Net_SDK/OSLC4Net.Client/OSLC4Net.Client.csproj]
/app/OSLC4Net_SDK/OSLC4Net.Client/Oslc/Resources/ArchitectureResource.cs(44,12): warning CS8618: Non-nullable field 'serviceProvider' must contain a non-null value when exiting constructor. Consider adding the 'required' modifier or declaring the field as nullable. [/app/OSLC4Net_SDK/OSLC4Net.Client/OSLC4Net.Client.csproj]
/app/OSLC4Net_SDK/OSLC4Net.Client/Oslc/Resources/ArchitectureResource.cs(44,12): warning CS8618: Non-nullable field 'title' must contain a non-null value when exiting constructor. Consider adding the 'required' modifier or declaring the field as nullable. [/app/OSLC4Net_SDK/OSLC4Net.Client/OSLC4Net.Client.csproj]
/app/OSLC4Net_SDK/OSLC4Net.Client/Oslc/Resources/ArchitectureResource.cs(49,12): warning CS8618: Non-nullable field 'description' must contain a non-null value when exiting constructor. Consider adding the 'required' modifier or declaring the field as nullable. [/app/OSLC4Net_SDK/OSLC4Net.Client/OSLC4Net.Client.csproj]
/app/OSLC4Net_SDK/OSLC4Net.Client/Oslc/Resources/ArchitectureResource.cs(49,12): warning CS8618: Non-nullable field 'identifier' must contain a non-null value when exiting constructor. Consider adding the 'required' modifier or declaring the field as nullable. [/app/OSLC4Net_SDK/OSLC4Net.Client/OSLC4Net.Client.csproj]
/app/OSLC4Net_SDK/OSLC4Net.Client/Oslc/Resources/ArchitectureResource.cs(49,12): warning CS8618: Non-nullable field 'source' must contain a non-null value when exiting constructor. Consider adding the 'required' modifier or declaring the field as nullable. [/app/OSLC4Net_SDK/OSLC4Net.Client/OSLC4Net.Client.csproj]
/app/OSLC4Net_SDK/OSLC4Net.Client/Oslc/Resources/ArchitectureResource.cs(49,12): warning CS8618: Non-nullable field 'instanceShape' must contain a non-null value when exiting constructor. Consider adding the 'required' modifier or declaring the field as nullable. [/app/OSLC4Net_SDK/OSLC4Net.Client/OSLC4Net.Client.csproj]
/app/OSLC4Net_SDK/OSLC4Net.Client/Oslc/Resources/ArchitectureResource.cs(49,12): warning CS8618: Non-nullable field 'serviceProvider' must contain a non-null value when exiting constructor. Consider adding the 'required' modifier or declaring the field as nullable. [/app/OSLC4Net_SDK/OSLC4Net.Client/OSLC4Net.Client.csproj]
/app/OSLC4Net_SDK/OSLC4Net.Client/Oslc/Resources/ArchitectureResource.cs(49,12): warning CS8618: Non-nullable field 'title' must contain a non-null value when exiting constructor. Consider adding the 'required' modifier or declaring the field as nullable. [/app/OSLC4Net_SDK/OSLC4Net.Client/OSLC4Net.Client.csproj]
/app/OSLC4Net_SDK/OSLC4Net.Client/Oslc/Resources/AutomationPlan.cs(45,12): warning CS8618: Non-nullable field 'description' must contain a non-null value when exiting constructor. Consider adding the 'required' modifier or declaring the field as nullable. [/app/OSLC4Net_SDK/OSLC4Net.Client/OSLC4Net.Client.csproj]
/app/OSLC4Net_SDK/OSLC4Net.Client/Oslc/Resources/AutomationPlan.cs(45,12): warning CS8618: Non-nullable field 'identifier' must contain a non-null value when exiting constructor. Consider adding the 'required' modifier or declaring the field as nullable. [/app/OSLC4Net_SDK/OSLC4Net.Client/OSLC4Net.Client.csproj]
/app/OSLC4Net_SDK/OSLC4Net.Client/Oslc/Resources/AutomationPlan.cs(45,12): warning CS8618: Non-nullable field 'instanceShape' must contain a non-null value when exiting constructor. Consider adding the 'required' modifier or declaring the field as nullable. [/app/OSLC4Net_SDK/OSLC4Net.Client/OSLC4Net.Client.csproj]
/app/OSLC4Net_SDK/OSLC4Net.Client/Oslc/Resources/AutomationPlan.cs(45,12): warning CS8618: Non-nullable field 'serviceProvider' must contain a non-null value when exiting constructor. Consider adding the 'required' modifier or declaring the field as nullable. [/app/OSLC4Net_SDK/OSLC4Net.Client/OSLC4Net.Client.csproj]
/app/OSLC4Net_SDK/OSLC4Net.Client/Oslc/Resources/AutomationPlan.cs(45,12): warning CS8618: Non-nullable field 'title' must contain a non-null value when exiting constructor. Consider adding the 'required' modifier or declaring the field as nullable. [/app/OSLC4Net_SDK/OSLC4Net.Client/OSLC4Net.Client.csproj]
/app/OSLC4Net_SDK/OSLC4Net.Client/Oslc/Resources/AutomationPlan.cs(50,12): warning CS8618: Non-nullable field 'description' must contain a non-null value when exiting constructor. Consider adding the 'required' modifier or declaring the field as nullable. [/app/OSLC4Net_SDK/OSLC4Net.Client/OSLC4Net.Client.csproj]
/app/OSLC4Net_SDK/OSLC4Net.Client/Oslc/Resources/AutomationPlan.cs(50,12): warning CS8618: Non-nullable field 'identifier' must contain a non-null value when exiting constructor. Consider adding the 'required' modifier or declaring the field as nullable. [/app/OSLC4Net_SDK/OSLC4Net.Client/OSLC4Net.Client.csproj]
/app/OSLC4Net_SDK/OSLC4Net.Client/Oslc/Resources/AutomationPlan.cs(50,12): warning CS8618: Non-nullable field 'instanceShape' must contain a non-null value when exiting constructor. Consider adding the 'required' modifier or declaring the field as nullable. [/app/OSLC4Net_SDK/OSLC4Net.Client/OSLC4Net.Client.csproj]
/app/OSLC4Net_SDK/OSLC4Net.Client/Oslc/Resources/AutomationPlan.cs(50,12): warning CS8618: Non-nullable field 'serviceProvider' must contain a non-null value when exiting constructor. Consider adding the 'required' modifier or declaring the field as nullable. [/app/OSLC4Net_SDK/OSLC4Net.Client/OSLC4Net.Client.csproj]
/app/OSLC4Net_SDK/OSLC4Net.Client/Oslc/Resources/AutomationPlan.cs(50,12): warning CS8618: Non-nullable field 'title' must contain a non-null value when exiting constructor. Consider adding the 'required' modifier or declaring the field as nullable. [/app/OSLC4Net_SDK/OSLC4Net.Client/OSLC4Net.Client.csproj]
/app/OSLC4Net_SDK/OSLC4Net.Client/Oslc/Resources/AutomationRequest.cs(50,12): warning CS8618: Non-nullable field 'description' must contain a non-null value when exiting constructor. Consider adding the 'required' modifier or declaring the field as nullable. [/app/OSLC4Net_SDK/OSLC4Net.Client/OSLC4Net.Client.csproj]
/app/OSLC4Net_SDK/OSLC4Net.Client/Oslc/Resources/AutomationRequest.cs(50,12): warning CS8618: Non-nullable field 'identifier' must contain a non-null value when exiting constructor. Consider adding the 'required' modifier or declaring the field as nullable. [/app/OSLC4Net_SDK/OSLC4Net.Client/OSLC4Net.Client.csproj]
/app/OSLC4Net_SDK/OSLC4Net.Client/Oslc/Resources/AutomationRequest.cs(50,12): warning CS8618: Non-nullable field 'instanceShape' must contain a non-null value when exiting constructor. Consider adding the 'required' modifier or declaring the field as nullable. [/app/OSLC4Net_SDK/OSLC4Net.Client/OSLC4Net.Client.csproj]
/app/OSLC4Net_SDK/OSLC4Net.Client/Oslc/Resources/AutomationRequest.cs(50,12): warning CS8618: Non-nullable field 'serviceProvider' must contain a non-null value when exiting constructor. Consider adding the 'required' modifier or declaring the field as nullable. [/app/OSLC4Net_SDK/OSLC4Net.Client/OSLC4Net.Client.csproj]
/app/OSLC4Net_SDK/OSLC4Net.Client/Oslc/Resources/AutomationRequest.cs(50,12): warning CS8618: Non-nullable field 'title' must contain a non-null value when exiting constructor. Consider adding the 'required' modifier or declaring the field as nullable. [/app/OSLC4Net_SDK/OSLC4Net.Client/OSLC4Net.Client.csproj]
/app/OSLC4Net_SDK/OSLC4Net.Client/Oslc/Resources/AutomationRequest.cs(50,12): warning CS8618: Non-nullable field 'desiredState' must contain a non-null value when exiting constructor. Consider adding the 'required' modifier or declaring the field as nullable. [/app/OSLC4Net_SDK/OSLC4Net.Client/OSLC4Net.Client.csproj]
/app/OSLC4Net_SDK/OSLC4Net.Client/Oslc/Resources/AutomationRequest.cs(50,12): warning CS8618: Non-nullable field 'executesAutomationPlan' must contain a non-null value when exiting constructor. Consider adding the 'required' modifier or declaring the field as nullable. [/app/OSLC4Net_SDK/OSLC4Net.Client/OSLC4Net.Client.csproj]
/app/OSLC4Net_SDK/OSLC4Net.Client/Oslc/Resources/AutomationRequest.cs(55,12): warning CS8618: Non-nullable field 'description' must contain a non-null value when exiting constructor. Consider adding the 'required' modifier or declaring the field as nullable. [/app/OSLC4Net_SDK/OSLC4Net.Client/OSLC4Net.Client.csproj]
/app/OSLC4Net_SDK/OSLC4Net.Client/Oslc/Resources/AutomationRequest.cs(55,12): warning CS8618: Non-nullable field 'identifier' must contain a non-null value when exiting constructor. Consider adding the 'required' modifier or declaring the field as nullable. [/app/OSLC4Net_SDK/OSLC4Net.Client/OSLC4Net.Client.csproj]
/app/OSLC4Net_SDK/OSLC4Net.Client/Oslc/Resources/AutomationRequest.cs(55,12): warning CS8618: Non-nullable field 'instanceShape' must contain a non-null value when exiting constructor. Consider adding the 'required' modifier or declaring the field as nullable. [/app/OSLC4Net_SDK/OSLC4Net.Client/OSLC4Net.Client.csproj]
/app/OSLC4Net_SDK/OSLC4Net.Client/Oslc/Resources/AutomationRequest.cs(55,12): warning CS8618: Non-nullable field 'serviceProvider' must contain a non-null value when exiting constructor. Consider adding the 'required' modifier or declaring the field as nullable. [/app/OSLC4Net_SDK/OSLC4Net.Client/OSLC4Net.Client.csproj]
/app/OSLC4Net_SDK/OSLC4Net.Client/Oslc/Resources/AutomationRequest.cs(55,12): warning CS8618: Non-nullable field 'title' must contain a non-null value when exiting constructor. Consider adding the 'required' modifier or declaring the field as nullable. [/app/OSLC4Net_SDK/OSLC4Net.Client/OSLC4Net.Client.csproj]
/app/OSLC4Net_SDK/OSLC4Net.Client/Oslc/Resources/AutomationRequest.cs(55,12): warning CS8618: Non-nullable field 'desiredState' must contain a non-null value when exiting constructor. Consider adding the 'required' modifier or declaring the field as nullable. [/app/OSLC4Net_SDK/OSLC4Net.Client/OSLC4Net.Client.csproj]
/app/OSLC4Net_SDK/OSLC4Net.Client/Oslc/Resources/AutomationRequest.cs(55,12): warning CS8618: Non-nullable field 'executesAutomationPlan' must contain a non-null value when exiting constructor. Consider adding the 'required' modifier or declaring the field as nullable. [/app/OSLC4Net_SDK/OSLC4Net.Client/OSLC4Net.Client.csproj]
/app/OSLC4Net_SDK/OSLC4Net.Client/Oslc/Resources/AutomationResult.cs(55,12): warning CS8618: Non-nullable field 'identifier' must contain a non-null value when exiting constructor. Consider adding the 'required' modifier or declaring the field as nullable. [/app/OSLC4Net_SDK/OSLC4Net.Client/OSLC4Net.Client.csproj]
/app/OSLC4Net_SDK/OSLC4Net.Client/Oslc/Resources/AutomationResult.cs(55,12): warning CS8618: Non-nullable field 'instanceShape' must contain a non-null value when exiting constructor. Consider adding the 'required' modifier or declaring the field as nullable. [/app/OSLC4Net_SDK/OSLC4Net.Client/OSLC4Net.Client.csproj]
/app/OSLC4Net_SDK/OSLC4Net.Client/Oslc/Resources/AutomationResult.cs(55,12): warning CS8618: Non-nullable field 'serviceProvider' must contain a non-null value when exiting constructor. Consider adding the 'required' modifier or declaring the field as nullable. [/app/OSLC4Net_SDK/OSLC4Net.Client/OSLC4Net.Client.csproj]
/app/OSLC4Net_SDK/OSLC4Net.Client/Oslc/Resources/AutomationResult.cs(55,12): warning CS8618: Non-nullable field 'title' must contain a non-null value when exiting constructor. Consider adding the 'required' modifier or declaring the field as nullable. [/app/OSLC4Net_SDK/OSLC4Net.Client/OSLC4Net.Client.csproj]
/app/OSLC4Net_SDK/OSLC4Net.Client/Oslc/Resources/AutomationResult.cs(55,12): warning CS8618: Non-nullable field 'desiredState' must contain a non-null value when exiting constructor. Consider adding the 'required' modifier or declaring the field as nullable. [/app/OSLC4Net_SDK/OSLC4Net.Client/OSLC4Net.Client.csproj]
/app/OSLC4Net_SDK/OSLC4Net.Client/Oslc/Resources/AutomationResult.cs(55,12): warning CS8618: Non-nullable field 'producedByAutomationRequest' must contain a non-null value when exiting constructor. Consider adding the 'required' modifier or declaring the field as nullable. [/app/OSLC4Net_SDK/OSLC4Net.Client/OSLC4Net.Client.csproj]
/app/OSLC4Net_SDK/OSLC4Net.Client/Oslc/Resources/AutomationResult.cs(55,12): warning CS8618: Non-nullable field 'reportsOnAutomationPlan' must contain a non-null value when exiting constructor. Consider adding the 'required' modifier or declaring the field as nullable. [/app/OSLC4Net_SDK/OSLC4Net.Client/OSLC4Net.Client.csproj]
/app/OSLC4Net_SDK/OSLC4Net.Client/Oslc/Resources/OslcQuery.cs(75,51): warning CS8625: Cannot convert null literal to non-nullable reference type. [/app/OSLC4Net_SDK/OSLC4Net.Client/OSLC4Net.Client.csproj]
/app/OSLC4Net_SDK/OSLC4Net.Client/Oslc/Resources/OslcQueryParameters.cs(104,37): warning SYSLIB0013: 'Uri.EscapeUriString(string)' is obsolete: 'Uri.EscapeUriString can corrupt the Uri string in some cases. Consider using Uri.EscapeDataString for query string components instead.' (https://aka.ms/dotnet-warnings/SYSLIB0013) [/app/OSLC4Net_SDK/OSLC4Net.Client/OSLC4Net.Client.csproj]
/app/OSLC4Net_SDK/OSLC4Net.Client/Oslc/Resources/ChangeRequest.cs(68,12): warning CS8618: Non-nullable field 'description' must contain a non-null value when exiting constructor. Consider adding the 'required' modifier or declaring the field as nullable. [/app/OSLC4Net_SDK/OSLC4Net.Client/OSLC4Net.Client.csproj]
/app/OSLC4Net_SDK/OSLC4Net.Client/Oslc/Resources/ChangeRequest.cs(68,12): warning CS8618: Non-nullable field 'discussedBy' must contain a non-null value when exiting constructor. Consider adding the 'required' modifier or declaring the field as nullable. [/app/OSLC4Net_SDK/OSLC4Net.Client/OSLC4Net.Client.csproj]
/app/OSLC4Net_SDK/OSLC4Net.Client/Oslc/Resources/ChangeRequest.cs(68,12): warning CS8618: Non-nullable field 'identifier' must contain a non-null value when exiting constructor. Consider adding the 'required' modifier or declaring the field as nullable. [/app/OSLC4Net_SDK/OSLC4Net.Client/OSLC4Net.Client.csproj]
/app/OSLC4Net_SDK/OSLC4Net.Client/Oslc/Resources/ChangeRequest.cs(68,12): warning CS8618: Non-nullable field 'instanceShape' must contain a non-null value when exiting constructor. Consider adding the 'required' modifier or declaring the field as nullable. [/app/OSLC4Net_SDK/OSLC4Net.Client/OSLC4Net.Client.csproj]
/app/OSLC4Net_SDK/OSLC4Net.Client/Oslc/Resources/ChangeRequest.cs(68,12): warning CS8618: Non-nullable field 'serviceProvider' must contain a non-null value when exiting constructor. Consider adding the 'required' modifier or declaring the field as nullable. [/app/OSLC4Net_SDK/OSLC4Net.Client/OSLC4Net.Client.csproj]
/app/OSLC4Net_SDK/OSLC4Net.Client/Oslc/Resources/ChangeRequest.cs(68,12): warning CS8618: Non-nullable field 'shortTitle' must contain a non-null value when exiting constructor. Consider adding the 'required' modifier or declaring the field as nullable. [/app/OSLC4Net_SDK/OSLC4Net.Client/OSLC4Net.Client.csproj]
/app/OSLC4Net_SDK/OSLC4Net.Client/Oslc/Resources/ChangeRequest.cs(68,12): warning CS8618: Non-nullable field 'status' must contain a non-null value when exiting constructor. Consider adding the 'required' modifier or declaring the field as nullable. [/app/OSLC4Net_SDK/OSLC4Net.Client/OSLC4Net.Client.csproj]
/app/OSLC4Net_SDK/OSLC4Net.Client/Oslc/Resources/ChangeRequest.cs(68,12): warning CS8618: Non-nullable field 'title' must contain a non-null value when exiting constructor. Consider adding the 'required' modifier or declaring the field as nullable. [/app/OSLC4Net_SDK/OSLC4Net.Client/OSLC4Net.Client.csproj]
/app/OSLC4Net_SDK/OSLC4Net.Client/Oslc/Resources/ChangeRequest.cs(73,12): warning CS8618: Non-nullable field 'description' must contain a non-null value when exiting constructor. Consider adding the 'required' modifier or declaring the field as nullable. [/app/OSLC4Net_SDK/OSLC4Net.Client/OSLC4Net.Client.csproj]
/app/OSLC4Net_SDK/OSLC4Net.Client/Oslc/Resources/ChangeRequest.cs(73,12): warning CS8618: Non-nullable field 'discussedBy' must contain a non-null value when exiting constructor. Consider adding the 'required' modifier or declaring the field as nullable. [/app/OSLC4Net_SDK/OSLC4Net.Client/OSLC4Net.Client.csproj]
/app/OSLC4Net_SDK/OSLC4Net.Client/Oslc/Resources/ChangeRequest.cs(73,12): warning CS8618: Non-nullable field 'identifier' must contain a non-null value when exiting constructor. Consider adding the 'required' modifier or declaring the field as nullable. [/app/OSLC4Net_SDK/OSLC4Net.Client/OSLC4Net.Client.csproj]
/app/OSLC4Net_SDK/OSLC4Net.Client/Oslc/Resources/ChangeRequest.cs(73,12): warning CS8618: Non-nullable field 'instanceShape' must contain a non-null value when exiting constructor. Consider adding the 'required' modifier or declaring the field as nullable. [/app/OSLC4Net_SDK/OSLC4Net.Client/OSLC4Net.Client.csproj]
/app/OSLC4Net_SDK/OSLC4Net.Client/Oslc/Resources/ChangeRequest.cs(73,12): warning CS8618: Non-nullable field 'serviceProvider' must contain a non-null value when exiting constructor. Consider adding the 'required' modifier or declaring the field as nullable. [/app/OSLC4Net_SDK/OSLC4Net.Client/OSLC4Net.Client.csproj]
/app/OSLC4Net_SDK/OSLC4Net.Client/Oslc/Resources/ChangeRequest.cs(73,12): warning CS8618: Non-nullable field 'shortTitle' must contain a non-null value when exiting constructor. Consider adding the 'required' modifier or declaring the field as nullable. [/app/OSLC4Net_SDK/OSLC4Net.Client/OSLC4Net.Client.csproj]
/app/OSLC4Net_SDK/OSLC4Net.Client/Oslc/Resources/ChangeRequest.cs(73,12): warning CS8618: Non-nullable field 'status' must contain a non-null value when exiting constructor. Consider adding the 'required' modifier or declaring the field as nullable. [/app/OSLC4Net_SDK/OSLC4Net.Client/OSLC4Net.Client.csproj]
/app/OSLC4Net_SDK/OSLC4Net.Client/Oslc/Resources/ChangeRequest.cs(73,12): warning CS8618: Non-nullable field 'title' must contain a non-null value when exiting constructor. Consider adding the 'required' modifier or declaring the field as nullable. [/app/OSLC4Net_SDK/OSLC4Net.Client/OSLC4Net.Client.csproj]
/app/OSLC4Net_SDK/OSLC4Net.Client/Oslc/Resources/OslcQuery.cs(110,20): warning CS0618: 'OslcQuery.GetQueryUrl()' is obsolete: 'Use QueryUri instead' [/app/OSLC4Net_SDK/OSLC4Net.Client/OSLC4Net.Client.csproj]
/app/OSLC4Net_SDK/OSLC4Net.Client/Oslc/Resources/OslcQuery.cs(96,21): warning CS8601: Possible null reference assignment. [/app/OSLC4Net_SDK/OSLC4Net.Client/OSLC4Net.Client.csproj]
/app/OSLC4Net_SDK/OSLC4Net.Client/Oslc/Resources/OslcQuery.cs(97,22): warning CS8601: Possible null reference assignment. [/app/OSLC4Net_SDK/OSLC4Net.Client/OSLC4Net.Client.csproj]
/app/OSLC4Net_SDK/OSLC4Net.Client/Oslc/Resources/OslcQuery.cs(98,23): warning CS8601: Possible null reference assignment. [/app/OSLC4Net_SDK/OSLC4Net.Client/OSLC4Net.Client.csproj]
/app/OSLC4Net_SDK/OSLC4Net.Client/Oslc/Resources/OslcQuery.cs(99,27): warning CS8601: Possible null reference assignment. [/app/OSLC4Net_SDK/OSLC4Net.Client/OSLC4Net.Client.csproj]
/app/OSLC4Net_SDK/OSLC4Net.Client/Oslc/Resources/OslcQuery.cs(100,22): warning CS8601: Possible null reference assignment. [/app/OSLC4Net_SDK/OSLC4Net.Client/OSLC4Net.Client.csproj]
/app/OSLC4Net_SDK/OSLC4Net.Client/Oslc/Resources/OslcQuery.cs(104,63): warning CS8625: Cannot convert null literal to non-nullable reference type. [/app/OSLC4Net_SDK/OSLC4Net.Client/OSLC4Net.Client.csproj]
/app/OSLC4Net_SDK/OSLC4Net.Client/Oslc/Resources/OslcQuery.cs(104,54): warning CS8601: Possible null reference assignment. [/app/OSLC4Net_SDK/OSLC4Net.Client/OSLC4Net.Client.csproj]
/app/OSLC4Net_SDK/OSLC4Net.Client/Oslc/Resources/OslcQuery.cs(104,40): warning CS8601: Possible null reference assignment. [/app/OSLC4Net_SDK/OSLC4Net.Client/OSLC4Net.Client.csproj]
/app/OSLC4Net_SDK/OSLC4Net.Client/Oslc/Resources/OslcQuery.cs(104,30): warning CS8601: Possible null reference assignment. [/app/OSLC4Net_SDK/OSLC4Net.Client/OSLC4Net.Client.csproj]
/app/OSLC4Net_SDK/OSLC4Net.Client/Oslc/Resources/OslcQuery.cs(104,21): warning CS8601: Possible null reference assignment. [/app/OSLC4Net_SDK/OSLC4Net.Client/OSLC4Net.Client.csproj]
/app/OSLC4Net_SDK/OSLC4Net.Client/Oslc/Resources/OslcQuery.cs(86,12): warning CS8618: Non-nullable field '_rdfHelper' must contain a non-null value when exiting constructor. Consider adding the 'required' modifier or declaring the field as nullable. [/app/OSLC4Net_SDK/OSLC4Net.Client/OSLC4Net.Client.csproj]
/app/OSLC4Net_SDK/OSLC4Net.Client/Oslc/Resources/OslcQuery.cs(86,12): warning CS8618: Non-nullable field 'orderBy' must contain a non-null value when exiting constructor. Consider adding the 'required' modifier or declaring the field as nullable. [/app/OSLC4Net_SDK/OSLC4Net.Client/OSLC4Net.Client.csproj]
/app/OSLC4Net_SDK/OSLC4Net.Client/Oslc/Resources/OslcQuery.cs(86,12): warning CS8618: Non-nullable field 'prefix' must contain a non-null value when exiting constructor. Consider adding the 'required' modifier or declaring the field as nullable. [/app/OSLC4Net_SDK/OSLC4Net.Client/OSLC4Net.Client.csproj]
/app/OSLC4Net_SDK/OSLC4Net.Client/Oslc/Resources/OslcQuery.cs(86,12): warning CS8618: Non-nullable field 'searchTerms' must contain a non-null value when exiting constructor. Consider adding the 'required' modifier or declaring the field as nullable. [/app/OSLC4Net_SDK/OSLC4Net.Client/OSLC4Net.Client.csproj]
/app/OSLC4Net_SDK/OSLC4Net.Client/Oslc/Resources/OslcQuery.cs(86,12): warning CS8618: Non-nullable field 'select' must contain a non-null value when exiting constructor. Consider adding the 'required' modifier or declaring the field as nullable. [/app/OSLC4Net_SDK/OSLC4Net.Client/OSLC4Net.Client.csproj]
/app/OSLC4Net_SDK/OSLC4Net.Client/Oslc/Resources/OslcQuery.cs(86,12): warning CS8618: Non-nullable field 'where' must contain a non-null value when exiting constructor. Consider adding the 'required' modifier or declaring the field as nullable. [/app/OSLC4Net_SDK/OSLC4Net.Client/OSLC4Net.Client.csproj]
/app/OSLC4Net_SDK/OSLC4Net.Client/Oslc/Resources/OslcQuery.cs(114,14): warning CS0618: 'OslcQueryResult.GetQuery()' is obsolete: 'Marked for removal' [/app/OSLC4Net_SDK/OSLC4Net.Client/OSLC4Net.Client.csproj]
/app/OSLC4Net_SDK/OSLC4Net.Client/Oslc/Resources/OslcQuery.cs(114,41): warning CS8604: Possible null reference argument for parameter 'nextPageUrl' in 'OslcQuery.OslcQuery(OslcQuery previousQuery, string nextPageUrl)'. [/app/OSLC4Net_SDK/OSLC4Net.Client/OSLC4Net.Client.csproj]
/app/OSLC4Net_SDK/OSLC4Net.Client/Oslc/Resources/AutomationResult.cs(60,12): warning CS8618: Non-nullable field 'identifier' must contain a non-null value when exiting constructor. Consider adding the 'required' modifier or declaring the field as nullable. [/app/OSLC4Net_SDK/OSLC4Net.Client/OSLC4Net.Client.csproj]
/app/OSLC4Net_SDK/OSLC4Net.Client/Oslc/Resources/AutomationResult.cs(60,12): warning CS8618: Non-nullable field 'instanceShape' must contain a non-null value when exiting constructor. Consider adding the 'required' modifier or declaring the field as nullable. [/app/OSLC4Net_SDK/OSLC4Net.Client/OSLC4Net.Client.csproj]
/app/OSLC4Net_SDK/OSLC4Net.Client/Oslc/Resources/AutomationResult.cs(60,12): warning CS8618: Non-nullable field 'serviceProvider' must contain a non-null value when exiting constructor. Consider adding the 'required' modifier or declaring the field as nullable. [/app/OSLC4Net_SDK/OSLC4Net.Client/OSLC4Net.Client.csproj]
/app/OSLC4Net_SDK/OSLC4Net.Client/Oslc/Resources/AutomationResult.cs(60,12): warning CS8618: Non-nullable field 'title' must contain a non-null value when exiting constructor. Consider adding the 'required' modifier or declaring the field as nullable. [/app/OSLC4Net_SDK/OSLC4Net.Client/OSLC4Net.Client.csproj]
/app/OSLC4Net_SDK/OSLC4Net.Client/Oslc/Resources/AutomationResult.cs(60,12): warning CS8618: Non-nullable field 'desiredState' must contain a non-null value when exiting constructor. Consider adding the 'required' modifier or declaring the field as nullable. [/app/OSLC4Net_SDK/OSLC4Net.Client/OSLC4Net.Client.csproj]
/app/OSLC4Net_SDK/OSLC4Net.Client/Oslc/Resources/AutomationResult.cs(60,12): warning CS8618: Non-nullable field 'producedByAutomationRequest' must contain a non-null value when exiting constructor. Consider adding the 'required' modifier or declaring the field as nullable. [/app/OSLC4Net_SDK/OSLC4Net.Client/OSLC4Net.Client.csproj]
/app/OSLC4Net_SDK/OSLC4Net.Client/Oslc/Resources/AutomationResult.cs(60,12): warning CS8618: Non-nullable field 'reportsOnAutomationPlan' must contain a non-null value when exiting constructor. Consider adding the 'required' modifier or declaring the field as nullable. [/app/OSLC4Net_SDK/OSLC4Net.Client/OSLC4Net.Client.csproj]
/app/OSLC4Net_SDK/OSLC4Net.Client/Oslc/OslcClient.cs(720,31): warning CS8604: Possible null reference argument for parameter 'source' in 'ServiceProvider? Enumerable.SingleOrDefault<ServiceProvider>(IEnumerable<ServiceProvider> source)'. [/app/OSLC4Net_SDK/OSLC4Net.Client/OSLC4Net.Client.csproj]
/app/OSLC4Net_SDK/OSLC4Net.Client/Exceptions/ResourceNotFoundException.cs(22,19): warning CS1591: Missing XML comment for publicly visible type or member 'ResourceNotFoundException.Resource' [/app/OSLC4Net_SDK/OSLC4Net.Client/OSLC4Net.Client.csproj]
/app/OSLC4Net_SDK/OSLC4Net.Client/Exceptions/ResourceNotFoundException.cs(24,19): warning CS1591: Missing XML comment for publicly visible type or member 'ResourceNotFoundException.Value' [/app/OSLC4Net_SDK/OSLC4Net.Client/OSLC4Net.Client.csproj]
/app/OSLC4Net_SDK/OSLC4Net.Client/Oslc/ConsumeContentExtension.cs(13,21): warning CS1591: Missing XML comment for publicly visible type or member 'ConsumeContentExtension' [/app/OSLC4Net_SDK/OSLC4Net.Client/OSLC4Net.Client.csproj]
/app/OSLC4Net_SDK/OSLC4Net.Client/Oslc/ConsumeContentExtension.cs(15,24): warning CS1591: Missing XML comment for publicly visible type or member 'ConsumeContentExtension.ConsumeContent(HttpResponseMessage)' [/app/OSLC4Net_SDK/OSLC4Net.Client/OSLC4Net.Client.csproj]
/app/OSLC4Net_SDK/OSLC4Net.Client/Oslc/OslcClient.cs(42,49): warning CS1591: Missing XML comment for publicly visible type or member 'OslcClient._formatters' [/app/OSLC4Net_SDK/OSLC4Net.Client/OSLC4Net.Client.csproj]
/app/OSLC4Net_SDK/OSLC4Net.Client/Oslc/OslcClient.cs(43,35): warning CS1591: Missing XML comment for publicly visible type or member 'OslcClient._client' [/app/OSLC4Net_SDK/OSLC4Net.Client/OSLC4Net.Client.csproj]
/app/OSLC4Net_SDK/OSLC4Net.Client/Oslc/OslcClient.cs(45,22): warning CS1591: Missing XML comment for publicly visible type or member 'OslcClient.AcceptHeader' [/app/OSLC4Net_SDK/OSLC4Net.Client/OSLC4Net.Client.csproj]
/app/OSLC4Net_SDK/OSLC4Net.Client/Oslc/OslcClient.cs(74,66): warning CS1573: Parameter 'logger' has no matching param tag in the XML comment for 'OslcClient.OslcClient(Func<HttpRequestMessage, X509Certificate2, X509Chain, SslPolicyErrors, bool>, ILogger<OslcClient>)' (but other parameters do) [/app/OSLC4Net_SDK/OSLC4Net.Client/OSLC4Net.Client.csproj]
/app/OSLC4Net_SDK/OSLC4Net.Client/Oslc/OslcClient.cs(88,29): warning CS1573: Parameter 'logger' has no matching param tag in the XML comment for 'OslcClient.OslcClient(Func<HttpRequestMessage, X509Certificate2, X509Chain, SslPolicyErrors, bool>, HttpMessageHandler, ILogger<OslcClient>)' (but other parameters do) [/app/OSLC4Net_SDK/OSLC4Net.Client/OSLC4Net.Client.csproj]
/app/OSLC4Net_SDK/OSLC4Net.Client/Oslc/OslcClient.cs(149,30): warning CS1591: Missing XML comment for publicly visible type or member 'OslcClient.ForBasicAuth(string, string, ILogger<OslcClient>, HttpClientHandler)' [/app/OSLC4Net_SDK/OSLC4Net.Client/OSLC4Net.Client.csproj]
/app/OSLC4Net_SDK/OSLC4Net.Client/Oslc/OslcClient.cs(182,40): warning CS1591: Missing XML comment for publicly visible type or member 'OslcClient.GetResourceAsync<T>(string, string?)' [/app/OSLC4Net_SDK/OSLC4Net.Client/OSLC4Net.Client.csproj]
/app/OSLC4Net_SDK/OSLC4Net.Client/Oslc/OslcClient.cs(238,34): warning CS1591: Missing XML comment for publicly visible type or member 'OslcClient.GetResourceAsync<T>(string)' [/app/OSLC4Net_SDK/OSLC4Net.Client/OSLC4Net.Client.csproj]
/app/OSLC4Net_SDK/OSLC4Net.Client/Oslc/OslcClient.cs(244,34): warning CS1591: Missing XML comment for publicly visible type or member 'OslcClient.GetResourceAsync<T>(Uri)' [/app/OSLC4Net_SDK/OSLC4Net.Client/OSLC4Net.Client.csproj]
/app/OSLC4Net_SDK/OSLC4Net.Client/Oslc/OslcClient.cs(250,35): warning CS0419: Ambiguous reference in cref attribute: 'GetResourceAsync{T}'. Assuming 'OslcClient.GetResourceAsync<T>(string, string?)', but could have also matched other overloads including 'OslcClient.GetResourceAsync<T>(string)'. [/app/OSLC4Net_SDK/OSLC4Net.Client/OSLC4Net.Client.csproj]
/app/OSLC4Net_SDK/OSLC4Net.Client/Oslc/OslcClient.cs(396,40): warning CS1591: Missing XML comment for publicly visible type or member 'OslcClient.CreateResourceAsync<T>(string, T, string?)' [/app/OSLC4Net_SDK/OSLC4Net.Client/OSLC4Net.Client.csproj]
/app/OSLC4Net_SDK/OSLC4Net.Client/Oslc/OslcClient.cs(431,44): warning CS1591: Missing XML comment for publicly visible type or member 'OslcClient.CreateResourceRawAsync(Uri, IResource, string?)' [/app/OSLC4Net_SDK/OSLC4Net.Client/OSLC4Net.Client.csproj]
/app/OSLC4Net_SDK/OSLC4Net.Client/Oslc/OslcClient.cs(491,44): warning CS1591: Missing XML comment for publicly visible type or member 'OslcClient.UpdateResourceRawAsync(Uri, IResource, string, string?)' [/app/OSLC4Net_SDK/OSLC4Net.Client/OSLC4Net.Client.csproj]
/app/OSLC4Net_SDK/OSLC4Net.Client/Oslc/OslcClient.cs(855,37): warning CS1591: Missing XML comment for publicly visible type or member 'OslcClient.GetFormatters()' [/app/OSLC4Net_SDK/OSLC4Net.Client/OSLC4Net.Client.csproj]
/app/OSLC4Net_SDK/OSLC4Net.Client/Oslc/OslcClient.cs(892,17): warning CS1591: Missing XML comment for publicly visible type or member 'OslcClient.Dispose()' [/app/OSLC4Net_SDK/OSLC4Net.Client/OSLC4Net.Client.csproj]
/app/OSLC4Net_SDK/OSLC4Net.Client/Oslc/OSLCConstants.cs(23,25): warning CS1591: Missing XML comment for publicly visible type or member 'OSLCConstants.RFC_DATE_FORMAT' [/app/OSLC4Net_SDK/OSLC4Net.Client/OSLC4Net.Client.csproj]
/app/OSLC4Net_SDK/OSLC4Net.Client/Oslc/OSLCConstants.cs(25,25): warning CS1591: Missing XML comment for publicly visible type or member 'OSLCConstants.DC' [/app/OSLC4Net_SDK/OSLC4Net.Client/OSLC4Net.Client.csproj]
/app/OSLC4Net_SDK/OSLC4Net.Client/Oslc/OSLCConstants.cs(26,25): warning CS1591: Missing XML comment for publicly visible type or member 'OSLCConstants.DCTERMS' [/app/OSLC4Net_SDK/OSLC4Net.Client/OSLC4Net.Client.csproj]
/app/OSLC4Net_SDK/OSLC4Net.Client/Oslc/OSLCConstants.cs(27,25): warning CS1591: Missing XML comment for publicly visible type or member 'OSLCConstants.RDF' [/app/OSLC4Net_SDK/OSLC4Net.Client/OSLC4Net.Client.csproj]
/app/OSLC4Net_SDK/OSLC4Net.Client/Oslc/OSLCConstants.cs(28,25): warning CS1591: Missing XML comment for publicly visible type or member 'OSLCConstants.RDFS' [/app/OSLC4Net_SDK/OSLC4Net.Client/OSLC4Net.Client.csproj]
/app/OSLC4Net_SDK/OSLC4Net.Client/Oslc/OSLCConstants.cs(29,25): warning CS1591: Missing XML comment for publicly visible type or member 'OSLCConstants.ATOM' [/app/OSLC4Net_SDK/OSLC4Net.Client/OSLC4Net.Client.csproj]
/app/OSLC4Net_SDK/OSLC4Net.Client/Oslc/OSLCConstants.cs(30,25): warning CS1591: Missing XML comment for publicly visible type or member 'OSLCConstants.OSLC_V2' [/app/OSLC4Net_SDK/OSLC4Net.Client/OSLC4Net.Client.csproj]
/app/OSLC4Net_SDK/OSLC4Net.Client/Oslc/OSLCConstants.cs(31,25): warning CS1591: Missing XML comment for publicly visible type or member 'OSLCConstants.CORE_DEFAULT' [/app/OSLC4Net_SDK/OSLC4Net.Client/OSLC4Net.Client.csproj]
/app/OSLC4Net_SDK/OSLC4Net.Client/Oslc/OSLCConstants.cs(32,25): warning CS1591: Missing XML comment for publicly visible type or member 'OSLCConstants.OSLC_CM_V2' [/app/OSLC4Net_SDK/OSLC4Net.Client/OSLC4Net.Client.csproj]
/app/OSLC4Net_SDK/OSLC4Net.Client/Oslc/OSLCConstants.cs(33,25): warning CS1591: Missing XML comment for publicly visible type or member 'OSLCConstants.OSLC_AM_V2' [/app/OSLC4Net_SDK/OSLC4Net.Client/OSLC4Net.Client.csproj]
/app/OSLC4Net_SDK/OSLC4Net.Client/Oslc/OSLCConstants.cs(34,25): warning CS1591: Missing XML comment for publicly visible type or member 'OSLCConstants.OSLC_ASSET_V2' [/app/OSLC4Net_SDK/OSLC4Net.Client/OSLC4Net.Client.csproj]
/app/OSLC4Net_SDK/OSLC4Net.Client/Oslc/OSLCConstants.cs(35,25): warning CS1591: Missing XML comment for publicly visible type or member 'OSLCConstants.OSLC_QM_V2' [/app/OSLC4Net_SDK/OSLC4Net.Client/OSLC4Net.Client.csproj]
/app/OSLC4Net_SDK/OSLC4Net.Client/Oslc/OSLCConstants.cs(36,25): warning CS1591: Missing XML comment for publicly visible type or member 'OSLCConstants.OSLC_RM_V2' [/app/OSLC4Net_SDK/OSLC4Net.Client/OSLC4Net.Client.csproj]
/app/OSLC4Net_SDK/OSLC4Net.Client/Oslc/OSLCConstants.cs(37,25): warning CS1591: Missing XML comment for publicly visible type or member 'OSLCConstants.OSLC_AUTO' [/app/OSLC4Net_SDK/OSLC4Net.Client/OSLC4Net.Client.csproj]
/app/OSLC4Net_SDK/OSLC4Net.Client/Oslc/OSLCConstants.cs(40,25): warning CS1591: Missing XML comment for publicly visible type or member 'OSLCConstants.OSLC_DISC' [/app/OSLC4Net_SDK/OSLC4Net.Client/OSLC4Net.Client.csproj]
/app/OSLC4Net_SDK/OSLC4Net.Client/Oslc/OSLCConstants.cs(41,25): warning CS1591: Missing XML comment for publicly visible type or member 'OSLCConstants.OSLC_CM' [/app/OSLC4Net_SDK/OSLC4Net.Client/OSLC4Net.Client.csproj]
/app/OSLC4Net_SDK/OSLC4Net.Client/Oslc/OSLCConstants.cs(42,25): warning CS1591: Missing XML comment for publicly visible type or member 'OSLCConstants.OSLC_QM' [/app/OSLC4Net_SDK/OSLC4Net.Client/OSLC4Net.Client.csproj]
/app/OSLC4Net_SDK/OSLC4Net.Client/Oslc/OSLCConstants.cs(43,25): warning CS1591: Missing XML comment for publicly visible type or member 'OSLCConstants.OSLC_RM' [/app/OSLC4Net_SDK/OSLC4Net.Client/OSLC4Net.Client.csproj]
/app/OSLC4Net_SDK/OSLC4Net.Client/Oslc/OSLCConstants.cs(48,25): warning CS1591: Missing XML comment for publicly visible type or member 'OSLCConstants.CT_XML' [/app/OSLC4Net_SDK/OSLC4Net.Client/OSLC4Net.Client.csproj]
/app/OSLC4Net_SDK/OSLC4Net.Client/Oslc/OSLCConstants.cs(49,25): warning CS1591: Missing XML comment for publicly visible type or member 'OSLCConstants.CT_RDF' [/app/OSLC4Net_SDK/OSLC4Net.Client/OSLC4Net.Client.csproj]
/app/OSLC4Net_SDK/OSLC4Net.Client/Oslc/OSLCConstants.cs(50,25): warning CS1591: Missing XML comment for publicly visible type or member 'OSLCConstants.CT_JSON' [/app/OSLC4Net_SDK/OSLC4Net.Client/OSLC4Net.Client.csproj]
/app/OSLC4Net_SDK/OSLC4Net.Client/Oslc/OSLCConstants.cs(51,25): warning CS1591: Missing XML comment for publicly visible type or member 'OSLCConstants.CT_ATOM' [/app/OSLC4Net_SDK/OSLC4Net.Client/OSLC4Net.Client.csproj]
/app/OSLC4Net_SDK/OSLC4Net.Client/Oslc/OSLCConstants.cs(54,25): warning CS1591: Missing XML comment for publicly visible type or member 'OSLCConstants.CT_CR_XML' [/app/OSLC4Net_SDK/OSLC4Net.Client/OSLC4Net.Client.csproj]
/app/OSLC4Net_SDK/OSLC4Net.Client/Oslc/OSLCConstants.cs(55,25): warning CS1591: Missing XML comment for publicly visible type or member 'OSLCConstants.CT_CR_JSON' [/app/OSLC4Net_SDK/OSLC4Net.Client/OSLC4Net.Client.csproj]
/app/OSLC4Net_SDK/OSLC4Net.Client/Oslc/OSLCConstants.cs(56,25): warning CS1591: Missing XML comment for publicly visible type or member 'OSLCConstants.CT_CR_QUERY' [/app/OSLC4Net_SDK/OSLC4Net.Client/OSLC4Net.Client.csproj]
/app/OSLC4Net_SDK/OSLC4Net.Client/Oslc/OSLCConstants.cs(57,25): warning CS1591: Missing XML comment for publicly visible type or member 'OSLCConstants.CT_DISC_CAT_XML' [/app/OSLC4Net_SDK/OSLC4Net.Client/OSLC4Net.Client.csproj]
/app/OSLC4Net_SDK/OSLC4Net.Client/Oslc/OSLCConstants.cs(58,25): warning CS1591: Missing XML comment for publicly visible type or member 'OSLCConstants.CT_DISC_DESC_XML' [/app/OSLC4Net_SDK/OSLC4Net.Client/OSLC4Net.Client.csproj]
/app/OSLC4Net_SDK/OSLC4Net.Client/Oslc/OSLCConstants.cs(61,25): warning CS1591: Missing XML comment for publicly visible type or member 'OSLCConstants.OSLC_CORE_VERSION' [/app/OSLC4Net_SDK/OSLC4Net.Client/OSLC4Net.Client.csproj]
/app/OSLC4Net_SDK/OSLC4Net.Client/Oslc/OSLCConstants.cs(62,25): warning CS1591: Missing XML comment for publicly visible type or member 'OSLCConstants.ETAG' [/app/OSLC4Net_SDK/OSLC4Net.Client/OSLC4Net.Client.csproj]
/app/OSLC4Net_SDK/OSLC4Net.Client/Oslc/OSLCConstants.cs(64,25): warning CS1591: Missing XML comment for publicly visible type or member 'OSLCConstants.POST' [/app/OSLC4Net_SDK/OSLC4Net.Client/OSLC4Net.Client.csproj]
/app/OSLC4Net_SDK/OSLC4Net.Client/Oslc/OSLCConstants.cs(65,25): warning CS1591: Missing XML comment for publicly visible type or member 'OSLCConstants.SSL' [/app/OSLC4Net_SDK/OSLC4Net.Client/OSLC4Net.Client.csproj]
/app/OSLC4Net_SDK/OSLC4Net.Client/Oslc/OSLCConstants.cs(67,25): warning CS1591: Missing XML comment for publicly visible type or member 'OSLCConstants.JENA_RDF_XML' [/app/OSLC4Net_SDK/OSLC4Net.Client/OSLC4Net.Client.csproj]
/app/OSLC4Net_SDK/OSLC4Net.Client/Oslc/OSLCConstants.cs(73,25): warning CS1591: Missing XML comment for publicly visible type or member 'OSLCConstants.SERVICE_PROVIDER_PROP' [/app/OSLC4Net_SDK/OSLC4Net.Client/OSLC4Net.Client.csproj]
/app/OSLC4Net_SDK/OSLC4Net.Client/Oslc/OSLCConstants.cs(74,25): warning CS1591: Missing XML comment for publicly visible type or member 'OSLCConstants.SERVICE_PROVIDER_TYPE' [/app/OSLC4Net_SDK/OSLC4Net.Client/OSLC4Net.Client.csproj]
/app/OSLC4Net_SDK/OSLC4Net.Client/Oslc/OSLCConstants.cs(75,25): warning CS1591: Missing XML comment for publicly visible type or member 'OSLCConstants.SERVICE_PROVIDER_CATALOG_PROP' [/app/OSLC4Net_SDK/OSLC4Net.Client/OSLC4Net.Client.csproj]
/app/OSLC4Net_SDK/OSLC4Net.Client/Oslc/OSLCConstants.cs(76,25): warning CS1591: Missing XML comment for publicly visible type or member 'OSLCConstants.SERVICE_PROVIDER_CATALOG_TYPE' [/app/OSLC4Net_SDK/OSLC4Net.Client/OSLC4Net.Client.csproj]
/app/OSLC4Net_SDK/OSLC4Net.Client/Oslc/OSLCConstants.cs(77,25): warning CS1591: Missing XML comment for publicly visible type or member 'OSLCConstants.CREATION_PROP' [/app/OSLC4Net_SDK/OSLC4Net.Client/OSLC4Net.Client.csproj]
/app/OSLC4Net_SDK/OSLC4Net.Client/Oslc/OSLCConstants.cs(78,25): warning CS1591: Missing XML comment for publicly visible type or member 'OSLCConstants.QUERY_CAPABILITY_PROP' [/app/OSLC4Net_SDK/OSLC4Net.Client/OSLC4Net.Client.csproj]
/app/OSLC4Net_SDK/OSLC4Net.Client/Oslc/OSLCConstants.cs(79,25): warning CS1591: Missing XML comment for publicly visible type or member 'OSLCConstants.QUERY_BASE_PROP' [/app/OSLC4Net_SDK/OSLC4Net.Client/OSLC4Net.Client.csproj]
/app/OSLC4Net_SDK/OSLC4Net.Client/Oslc/OSLCConstants.cs(80,25): warning CS1591: Missing XML comment for publicly visible type or member 'OSLCConstants.RESP_INFO_TYPE' [/app/OSLC4Net_SDK/OSLC4Net.Client/OSLC4Net.Client.csproj]
/app/OSLC4Net_SDK/OSLC4Net.Client/Oslc/OSLCConstants.cs(81,25): warning CS1591: Missing XML comment for publicly visible type or member 'OSLCConstants.SERVICE_PROP' [/app/OSLC4Net_SDK/OSLC4Net.Client/OSLC4Net.Client.csproj]
/app/OSLC4Net_SDK/OSLC4Net.Client/Oslc/OSLCConstants.cs(82,25): warning CS1591: Missing XML comment for publicly visible type or member 'OSLCConstants.DISCUSSION_PROP' [/app/OSLC4Net_SDK/OSLC4Net.Client/OSLC4Net.Client.csproj]
/app/OSLC4Net_SDK/OSLC4Net.Client/Oslc/OSLCConstants.cs(83,25): warning CS1591: Missing XML comment for publicly visible type or member 'OSLCConstants.INST_SHAPE_PROP' [/app/OSLC4Net_SDK/OSLC4Net.Client/OSLC4Net.Client.csproj]
/app/OSLC4Net_SDK/OSLC4Net.Client/Oslc/OSLCConstants.cs(84,25): warning CS1591: Missing XML comment for publicly visible type or member 'OSLCConstants.USAGE_PROP' [/app/OSLC4Net_SDK/OSLC4Net.Client/OSLC4Net.Client.csproj]
/app/OSLC4Net_SDK/OSLC4Net.Client/Oslc/OSLCConstants.cs(85,25): warning CS1591: Missing XML comment for publicly visible type or member 'OSLCConstants.USAGE_DEFAULT_URI' [/app/OSLC4Net_SDK/OSLC4Net.Client/OSLC4Net.Client.csproj]
/app/OSLC4Net_SDK/OSLC4Net.Client/Oslc/OSLCConstants.cs(86,25): warning CS1591: Missing XML comment for publicly visible type or member 'OSLCConstants.TOTAL_COUNT_PROP' [/app/OSLC4Net_SDK/OSLC4Net.Client/OSLC4Net.Client.csproj]
/app/OSLC4Net_SDK/OSLC4Net.Client/Oslc/OSLCConstants.cs(87,25): warning CS1591: Missing XML comment for publicly visible type or member 'OSLCConstants.RESOURCE_TYPE_PROP' [/app/OSLC4Net_SDK/OSLC4Net.Client/OSLC4Net.Client.csproj]
/app/OSLC4Net_SDK/OSLC4Net.Client/Oslc/OSLCConstants.cs(88,25): warning CS1591: Missing XML comment for publicly visible type or member 'OSLCConstants.RESOURCE_SHAPE_PROP' [/app/OSLC4Net_SDK/OSLC4Net.Client/OSLC4Net.Client.csproj]
/app/OSLC4Net_SDK/OSLC4Net.Client/Oslc/OSLCConstants.cs(90,25): warning CS1591: Missing XML comment for publicly visible type or member 'OSLCConstants.DESCRIPTION_PROP' [/app/OSLC4Net_SDK/OSLC4Net.Client/OSLC4Net.Client.csproj]
/app/OSLC4Net_SDK/OSLC4Net.Client/Oslc/OSLCConstants.cs(93,25): warning CS1591: Missing XML comment for publicly visible type or member 'OSLCConstants.CM_CHANGE_REQUEST_TYPE' [/app/OSLC4Net_SDK/OSLC4Net.Client/OSLC4Net.Client.csproj]
/app/OSLC4Net_SDK/OSLC4Net.Client/Oslc/OSLCConstants.cs(94,25): warning CS1591: Missing XML comment for publicly visible type or member 'OSLCConstants.CM_CLOSE_DATE_PROP' [/app/OSLC4Net_SDK/OSLC4Net.Client/OSLC4Net.Client.csproj]
/app/OSLC4Net_SDK/OSLC4Net.Client/Oslc/OSLCConstants.cs(95,25): warning CS1591: Missing XML comment for publicly visible type or member 'OSLCConstants.CM_STATUS_PROP' [/app/OSLC4Net_SDK/OSLC4Net.Client/OSLC4Net.Client.csproj]
/app/OSLC4Net_SDK/OSLC4Net.Client/Oslc/OSLCConstants.cs(96,25): warning CS1591: Missing XML comment for publicly visible type or member 'OSLCConstants.CM_CLOSED_PROP' [/app/OSLC4Net_SDK/OSLC4Net.Client/OSLC4Net.Client.csproj]
/app/OSLC4Net_SDK/OSLC4Net.Client/Oslc/OSLCConstants.cs(97,25): warning CS1591: Missing XML comment for publicly visible type or member 'OSLCConstants.CM_INPROGRESS_PROP' [/app/OSLC4Net_SDK/OSLC4Net.Client/OSLC4Net.Client.csproj]
/app/OSLC4Net_SDK/OSLC4Net.Client/Oslc/OSLCConstants.cs(98,25): warning CS1591: Missing XML comment for publicly visible type or member 'OSLCConstants.CM_FIXED_PROP' [/app/OSLC4Net_SDK/OSLC4Net.Client/OSLC4Net.Client.csproj]
/app/OSLC4Net_SDK/OSLC4Net.Client/Oslc/OSLCConstants.cs(99,25): warning CS1591: Missing XML comment for publicly visible type or member 'OSLCConstants.CM_APPROVED_PROP' [/app/OSLC4Net_SDK/OSLC4Net.Client/OSLC4Net.Client.csproj]
/app/OSLC4Net_SDK/OSLC4Net.Client/Oslc/OSLCConstants.cs(100,25): warning CS1591: Missing XML comment for publicly visible type or member 'OSLCConstants.CM_REVIEWED_PROP' [/app/OSLC4Net_SDK/OSLC4Net.Client/OSLC4Net.Client.csproj]
/app/OSLC4Net_SDK/OSLC4Net.Client/Oslc/OSLCConstants.cs(101,25): warning CS1591: Missing XML comment for publicly visible type or member 'OSLCConstants.CM_VERIFIED_PROP' [/app/OSLC4Net_SDK/OSLC4Net.Client/OSLC4Net.Client.csproj]
/app/OSLC4Net_SDK/OSLC4Net.Client/Oslc/OSLCConstants.cs(104,25): warning CS1591: Missing XML comment for publicly visible type or member 'OSLCConstants.QM_TEST_PLAN' [/app/OSLC4Net_SDK/OSLC4Net.Client/OSLC4Net.Client.csproj]
/app/OSLC4Net_SDK/OSLC4Net.Client/Oslc/OSLCConstants.cs(105,25): warning CS1591: Missing XML comment for publicly visible type or member 'OSLCConstants.QM_TEST_CASE' [/app/OSLC4Net_SDK/OSLC4Net.Client/OSLC4Net.Client.csproj]
/app/OSLC4Net_SDK/OSLC4Net.Client/Oslc/OSLCConstants.cs(106,25): warning CS1591: Missing XML comment for publicly visible type or member 'OSLCConstants.QM_TEST_SCRIPT' [/app/OSLC4Net_SDK/OSLC4Net.Client/OSLC4Net.Client.csproj]
/app/OSLC4Net_SDK/OSLC4Net.Client/Oslc/OSLCConstants.cs(107,25): warning CS1591: Missing XML comment for publicly visible type or member 'OSLCConstants.QM_TEST_RESULT' [/app/OSLC4Net_SDK/OSLC4Net.Client/OSLC4Net.Client.csproj]
/app/OSLC4Net_SDK/OSLC4Net.Client/Oslc/OSLCConstants.cs(108,25): warning CS1591: Missing XML comment for publicly visible type or member 'OSLCConstants.QM_TEST_EXECUTION_RECORD' [/app/OSLC4Net_SDK/OSLC4Net.Client/OSLC4Net.Client.csproj]
/app/OSLC4Net_SDK/OSLC4Net.Client/Oslc/OSLCConstants.cs(110,25): warning CS1591: Missing XML comment for publicly visible type or member 'OSLCConstants.QM_TEST_PLAN_QUERY' [/app/OSLC4Net_SDK/OSLC4Net.Client/OSLC4Net.Client.csproj]
/app/OSLC4Net_SDK/OSLC4Net.Client/Oslc/OSLCConstants.cs(111,25): warning CS1591: Missing XML comment for publicly visible type or member 'OSLCConstants.QM_TEST_CASE_QUERY' [/app/OSLC4Net_SDK/OSLC4Net.Client/OSLC4Net.Client.csproj]
/app/OSLC4Net_SDK/OSLC4Net.Client/Oslc/OSLCConstants.cs(112,25): warning CS1591: Missing XML comment for publicly visible type or member 'OSLCConstants.QM_TEST_SCRIPT_QUERY' [/app/OSLC4Net_SDK/OSLC4Net.Client/OSLC4Net.Client.csproj]
/app/OSLC4Net_SDK/OSLC4Net.Client/Oslc/OSLCConstants.cs(113,25): warning CS1591: Missing XML comment for publicly visible type or member 'OSLCConstants.QM_TEST_RESULT_QUERY' [/app/OSLC4Net_SDK/OSLC4Net.Client/OSLC4Net.Client.csproj]
/app/OSLC4Net_SDK/OSLC4Net.Client/Oslc/OSLCConstants.cs(114,25): warning CS1591: Missing XML comment for publicly visible type or member 'OSLCConstants.QM_TEST_EXECUTION_RECORD_QUERY' [/app/OSLC4Net_SDK/OSLC4Net.Client/OSLC4Net.Client.csproj]
/app/OSLC4Net_SDK/OSLC4Net.Client/Oslc/OSLCConstants.cs(118,25): warning CS1591: Missing XML comment for publicly visible type or member 'OSLCConstants.RM_REQUIREMENT_TYPE' [/app/OSLC4Net_SDK/OSLC4Net.Client/OSLC4Net.Client.csproj]
/app/OSLC4Net_SDK/OSLC4Net.Client/Oslc/OSLCConstants.cs(119,25): warning CS1591: Missing XML comment for publicly visible type or member 'OSLCConstants.RM_REQUIREMENT_COLLECTION_TYPE' [/app/OSLC4Net_SDK/OSLC4Net.Client/OSLC4Net.Client.csproj]
/app/OSLC4Net_SDK/OSLC4Net.Client/Oslc/OSLCConstants.cs(122,25): warning CS1591: Missing XML comment for publicly visible type or member 'OSLCConstants.AM_RESOURCE_TYPE' [/app/OSLC4Net_SDK/OSLC4Net.Client/OSLC4Net.Client.csproj]
/app/OSLC4Net_SDK/OSLC4Net.Client/Oslc/OSLCConstants.cs(123,25): warning CS1591: Missing XML comment for publicly visible type or member 'OSLCConstants.AM_LINK_TYPE_TYPE' [/app/OSLC4Net_SDK/OSLC4Net.Client/OSLC4Net.Client.csproj]
/app/OSLC4Net_SDK/OSLC4Net.Client/Oslc/OSLCConstants.cs(126,25): warning CS1591: Missing XML comment for publicly visible type or member 'OSLCConstants.RDF_TYPE_PROP' [/app/OSLC4Net_SDK/OSLC4Net.Client/OSLC4Net.Client.csproj]
/app/OSLC4Net_SDK/OSLC4Net.Client/Oslc/OSLCConstants.cs(127,25): warning CS1591: Missing XML comment for publicly visible type or member 'OSLCConstants.RDFS_MEMBER' [/app/OSLC4Net_SDK/OSLC4Net.Client/OSLC4Net.Client.csproj]
/app/OSLC4Net_SDK/OSLC4Net.Client/Oslc/OSLCConstants.cs(130,25): warning CS1591: Missing XML comment for publicly visible type or member 'OSLCConstants.DC_TITLE_PROP' [/app/OSLC4Net_SDK/OSLC4Net.Client/OSLC4Net.Client.csproj]
/app/OSLC4Net_SDK/OSLC4Net.Client/Oslc/OSLCConstants.cs(131,25): warning CS1591: Missing XML comment for publicly visible type or member 'OSLCConstants.DC_DESC_PROP' [/app/OSLC4Net_SDK/OSLC4Net.Client/OSLC4Net.Client.csproj]
/app/OSLC4Net_SDK/OSLC4Net.Client/Oslc/OSLCConstants.cs(132,25): warning CS1591: Missing XML comment for publicly visible type or member 'OSLCConstants.DC_TYPE_PROP' [/app/OSLC4Net_SDK/OSLC4Net.Client/OSLC4Net.Client.csproj]
/app/OSLC4Net_SDK/OSLC4Net.Client/Oslc/OSLCConstants.cs(133,25): warning CS1591: Missing XML comment for publicly visible type or member 'OSLCConstants.DC_PUBLISHER_PROP' [/app/OSLC4Net_SDK/OSLC4Net.Client/OSLC4Net.Client.csproj]
/app/OSLC4Net_SDK/OSLC4Net.Client/Oslc/OSLCConstants.cs(134,25): warning CS1591: Missing XML comment for publicly visible type or member 'OSLCConstants.DC_ID_PROP' [/app/OSLC4Net_SDK/OSLC4Net.Client/OSLC4Net.Client.csproj]
/app/OSLC4Net_SDK/OSLC4Net.Client/Oslc/OSLCConstants.cs(135,25): warning CS1591: Missing XML comment for publicly visible type or member 'OSLCConstants.DC_NAME_PROP' [/app/OSLC4Net_SDK/OSLC4Net.Client/OSLC4Net.Client.csproj]
/app/OSLC4Net_SDK/OSLC4Net.Client/Oslc/OSLCConstants.cs(136,25): warning CS1591: Missing XML comment for publicly visible type or member 'OSLCConstants.DC_CREATED_PROP' [/app/OSLC4Net_SDK/OSLC4Net.Client/OSLC4Net.Client.csproj]
/app/OSLC4Net_SDK/OSLC4Net.Client/Oslc/OSLCConstants.cs(137,25): warning CS1591: Missing XML comment for publicly visible type or member 'OSLCConstants.DC_MODIFIED_PROP' [/app/OSLC4Net_SDK/OSLC4Net.Client/OSLC4Net.Client.csproj]
/app/OSLC4Net_SDK/OSLC4Net.Client/Oslc/OSLCConstants.cs(140,25): warning CS1591: Missing XML comment for publicly visible type or member 'OSLCConstants.DCTERMS_TITLE' [/app/OSLC4Net_SDK/OSLC4Net.Client/OSLC4Net.Client.csproj]
/app/OSLC4Net_SDK/OSLC4Net.Client/Oslc/OSLCConstants.cs(141,25): warning CS1591: Missing XML comment for publicly visible type or member 'OSLCConstants.DCTERMS_DESC' [/app/OSLC4Net_SDK/OSLC4Net.Client/OSLC4Net.Client.csproj]
/app/OSLC4Net_SDK/OSLC4Net.Client/Oslc/OSLCConstants.cs(142,25): warning CS1591: Missing XML comment for publicly visible type or member 'OSLCConstants.DCTERMS_TYPE' [/app/OSLC4Net_SDK/OSLC4Net.Client/OSLC4Net.Client.csproj]
/app/OSLC4Net_SDK/OSLC4Net.Client/Oslc/OSLCConstants.cs(143,25): warning CS1591: Missing XML comment for publicly visible type or member 'OSLCConstants.DCTERMS_PUBLISHER' [/app/OSLC4Net_SDK/OSLC4Net.Client/OSLC4Net.Client.csproj]
/app/OSLC4Net_SDK/OSLC4Net.Client/Oslc/OSLCConstants.cs(144,25): warning CS1591: Missing XML comment for publicly visible type or member 'OSLCConstants.DCTERMS_ID' [/app/OSLC4Net_SDK/OSLC4Net.Client/OSLC4Net.Client.csproj]
/app/OSLC4Net_SDK/OSLC4Net.Client/Oslc/OSLCConstants.cs(145,25): warning CS1591: Missing XML comment for publicly visible type or member 'OSLCConstants.DCTERMS_NAME' [/app/OSLC4Net_SDK/OSLC4Net.Client/OSLC4Net.Client.csproj]
/app/OSLC4Net_SDK/OSLC4Net.Client/Oslc/OSLCConstants.cs(146,25): warning CS1591: Missing XML comment for publicly visible type or member 'OSLCConstants.DCTERMS_CREATED' [/app/OSLC4Net_SDK/OSLC4Net.Client/OSLC4Net.Client.csproj]
/app/OSLC4Net_SDK/OSLC4Net.Client/Oslc/OSLCConstants.cs(147,25): warning CS1591: Missing XML comment for publicly visible type or member 'OSLCConstants.DCTERMS_MODIFIED' [/app/OSLC4Net_SDK/OSLC4Net.Client/OSLC4Net.Client.csproj]
/app/OSLC4Net_SDK/OSLC4Net.Client/Oslc/Resources/ArchitectureConstants.cs(18,21): warning CS1591: Missing XML comment for publicly visible type or member 'ArchitectureConstants' [/app/OSLC4Net_SDK/OSLC4Net.Client/OSLC4Net.Client.csproj]
/app/OSLC4Net_SDK/OSLC4Net.Client/Oslc/Resources/ArchitectureConstants.cs(20,25): warning CS1591: Missing XML comment for publicly visible type or member 'ArchitectureConstants.ARCHITECTURE_DOMAIN' [/app/OSLC4Net_SDK/OSLC4Net.Client/OSLC4Net.Client.csproj]
/app/OSLC4Net_SDK/OSLC4Net.Client/Oslc/Resources/ArchitectureConstants.cs(21,25): warning CS1591: Missing XML comment for publicly visible type or member 'ArchitectureConstants.ARCHITECTURE_NAMESPACE' [/app/OSLC4Net_SDK/OSLC4Net.Client/OSLC4Net.Client.csproj]
/app/OSLC4Net_SDK/OSLC4Net.Client/Oslc/Resources/ArchitectureConstants.cs(22,25): warning CS1591: Missing XML comment for publicly visible type or member 'ArchitectureConstants.ARCHITECTURE_PREFIX' [/app/OSLC4Net_SDK/OSLC4Net.Client/OSLC4Net.Client.csproj]
/app/OSLC4Net_SDK/OSLC4Net.Client/Oslc/Resources/ArchitectureConstants.cs(23,25): warning CS1591: Missing XML comment for publicly visible type or member 'ArchitectureConstants.FOAF_NAMESPACE' [/app/OSLC4Net_SDK/OSLC4Net.Client/OSLC4Net.Client.csproj]
/app/OSLC4Net_SDK/OSLC4Net.Client/Oslc/Resources/ArchitectureConstants.cs(24,25): warning CS1591: Missing XML comment for publicly visible type or member 'ArchitectureConstants.FOAF_NAMESPACE_PREFIX' [/app/OSLC4Net_SDK/OSLC4Net.Client/OSLC4Net.Client.csproj]
/app/OSLC4Net_SDK/OSLC4Net.Client/Oslc/Resources/ArchitectureConstants.cs(26,25): warning CS1591: Missing XML comment for publicly visible type or member 'ArchitectureConstants.TYPE_ARCHITECTURE_RESOURCE' [/app/OSLC4Net_SDK/OSLC4Net.Client/OSLC4Net.Client.csproj]
/app/OSLC4Net_SDK/OSLC4Net.Client/Oslc/Resources/ArchitectureConstants.cs(27,25): warning CS1591: Missing XML comment for publicly visible type or member 'ArchitectureConstants.TYPE_ARCHITECTURE_LINK_TYPE' [/app/OSLC4Net_SDK/OSLC4Net.Client/OSLC4Net.Client.csproj]
/app/OSLC4Net_SDK/OSLC4Net.Client/Oslc/Resources/ArchitectureConstants.cs(28,25): warning CS1591: Missing XML comment for publicly visible type or member 'ArchitectureConstants.TYPE_PERSON' [/app/OSLC4Net_SDK/OSLC4Net.Client/OSLC4Net.Client.csproj]
/app/OSLC4Net_SDK/OSLC4Net.Client/Oslc/Resources/ArchitectureLinkType.cs(41,12): warning CS1591: Missing XML comment for publicly visible type or member 'ArchitectureLinkType.ArchitectureLinkType()' [/app/OSLC4Net_SDK/OSLC4Net.Client/OSLC4Net.Client.csproj]
/app/OSLC4Net_SDK/OSLC4Net.Client/Oslc/Resources/ArchitectureLinkType.cs(46,12): warning CS1591: Missing XML comment for publicly visible type or member 'ArchitectureLinkType.ArchitectureLinkType(Uri)' [/app/OSLC4Net_SDK/OSLC4Net.Client/OSLC4Net.Client.csproj]
/app/OSLC4Net_SDK/OSLC4Net.Client/Oslc/Resources/ArchitectureLinkType.cs(51,19): warning CS1591: Missing XML comment for publicly visible type or member 'ArchitectureLinkType.GetRdfType()' [/app/OSLC4Net_SDK/OSLC4Net.Client/OSLC4Net.Client.csproj]
/app/OSLC4Net_SDK/OSLC4Net.Client/Oslc/Resources/ArchitectureLinkType.cs(56,17): warning CS1591: Missing XML comment for publicly visible type or member 'ArchitectureLinkType.AddContributor(Uri)' [/app/OSLC4Net_SDK/OSLC4Net.Client/OSLC4Net.Client.csproj]
/app/OSLC4Net_SDK/OSLC4Net.Client/Oslc/Resources/ArchitectureLinkType.cs(61,17): warning CS1591: Missing XML comment for publicly visible type or member 'ArchitectureLinkType.AddCreator(Uri)' [/app/OSLC4Net_SDK/OSLC4Net.Client/OSLC4Net.Client.csproj]
/app/OSLC4Net_SDK/OSLC4Net.Client/Oslc/Resources/ArchitectureLinkType.cs(66,17): warning CS1591: Missing XML comment for publicly visible type or member 'ArchitectureLinkType.AddRdfType(Uri)' [/app/OSLC4Net_SDK/OSLC4Net.Client/OSLC4Net.Client.csproj]
/app/OSLC4Net_SDK/OSLC4Net.Client/Oslc/Resources/ArchitectureLinkType.cs(76,18): warning CS1591: Missing XML comment for publicly visible type or member 'ArchitectureLinkType.GetContributors()' [/app/OSLC4Net_SDK/OSLC4Net.Client/OSLC4Net.Client.csproj]
/app/OSLC4Net_SDK/OSLC4Net.Client/Oslc/Resources/ArchitectureLinkType.cs(85,22): warning CS1591: Missing XML comment for publicly visible type or member 'ArchitectureLinkType.GetCreated()' [/app/OSLC4Net_SDK/OSLC4Net.Client/OSLC4Net.Client.csproj]
/app/OSLC4Net_SDK/OSLC4Net.Client/Oslc/Resources/ArchitectureLinkType.cs(95,18): warning CS1591: Missing XML comment for publicly visible type or member 'ArchitectureLinkType.GetCreators()' [/app/OSLC4Net_SDK/OSLC4Net.Client/OSLC4Net.Client.csproj]
/app/OSLC4Net_SDK/OSLC4Net.Client/Oslc/Resources/ArchitectureLinkType.cs(104,19): warning CS1591: Missing XML comment for publicly visible type or member 'ArchitectureLinkType.GetLabel()' [/app/OSLC4Net_SDK/OSLC4Net.Client/OSLC4Net.Client.csproj]
/app/OSLC4Net_SDK/OSLC4Net.Client/Oslc/Resources/ArchitectureLinkType.cs(113,19): warning CS1591: Missing XML comment for publicly visible type or member 'ArchitectureLinkType.GetComment()' [/app/OSLC4Net_SDK/OSLC4Net.Client/OSLC4Net.Client.csproj]
/app/OSLC4Net_SDK/OSLC4Net.Client/Oslc/Resources/ArchitectureLinkType.cs(124,19): warning CS1591: Missing XML comment for publicly visible type or member 'ArchitectureLinkType.GetIdentifier()' [/app/OSLC4Net_SDK/OSLC4Net.Client/OSLC4Net.Client.csproj]
/app/OSLC4Net_SDK/OSLC4Net.Client/Oslc/Resources/ArchitectureLinkType.cs(133,16): warning CS1591: Missing XML comment for publicly visible type or member 'ArchitectureLinkType.GetInstanceShape()' [/app/OSLC4Net_SDK/OSLC4Net.Client/OSLC4Net.Client.csproj]
/app/OSLC4Net_SDK/OSLC4Net.Client/Oslc/Resources/ArchitectureLinkType.cs(142,22): warning CS1591: Missing XML comment for publicly visible type or member 'ArchitectureLinkType.GetModified()' [/app/OSLC4Net_SDK/OSLC4Net.Client/OSLC4Net.Client.csproj]
/app/OSLC4Net_SDK/OSLC4Net.Client/Oslc/Resources/ArchitectureLinkType.cs(148,18): warning CS1591: Missing XML comment for publicly visible type or member 'ArchitectureLinkType.GetRdfTypes()' [/app/OSLC4Net_SDK/OSLC4Net.Client/OSLC4Net.Client.csproj]
/app/OSLC4Net_SDK/OSLC4Net.Client/Oslc/Resources/ArchitectureLinkType.cs(157,16): warning CS1591: Missing XML comment for publicly visible type or member 'ArchitectureLinkType.GetServiceProvider()' [/app/OSLC4Net_SDK/OSLC4Net.Client/OSLC4Net.Client.csproj]
/app/OSLC4Net_SDK/OSLC4Net.Client/Oslc/Resources/ArchitectureLinkType.cs(162,17): warning CS1591: Missing XML comment for publicly visible type or member 'ArchitectureLinkType.SetContributors(Uri[])' [/app/OSLC4Net_SDK/OSLC4Net.Client/OSLC4Net.Client.csproj]
/app/OSLC4Net_SDK/OSLC4Net.Client/Oslc/Resources/ArchitectureLinkType.cs(172,17): warning CS1591: Missing XML comment for publicly visible type or member 'ArchitectureLinkType.SetCreated(DateTime?)' [/app/OSLC4Net_SDK/OSLC4Net.Client/OSLC4Net.Client.csproj]
/app/OSLC4Net_SDK/OSLC4Net.Client/Oslc/Resources/ArchitectureLinkType.cs(177,17): warning CS1591: Missing XML comment for publicly visible type or member 'ArchitectureLinkType.SetCreators(Uri[])' [/app/OSLC4Net_SDK/OSLC4Net.Client/OSLC4Net.Client.csproj]
/app/OSLC4Net_SDK/OSLC4Net.Client/Oslc/Resources/ArchitectureLinkType.cs(187,17): warning CS1591: Missing XML comment for publicly visible type or member 'ArchitectureLinkType.SetLabel(string)' [/app/OSLC4Net_SDK/OSLC4Net.Client/OSLC4Net.Client.csproj]
/app/OSLC4Net_SDK/OSLC4Net.Client/Oslc/Resources/ArchitectureLinkType.cs(192,17): warning CS1591: Missing XML comment for publicly visible type or member 'ArchitectureLinkType.SetComment(string)' [/app/OSLC4Net_SDK/OSLC4Net.Client/OSLC4Net.Client.csproj]
/app/OSLC4Net_SDK/OSLC4Net.Client/Oslc/Resources/ArchitectureLinkType.cs(197,17): warning CS1591: Missing XML comment for publicly visible type or member 'ArchitectureLinkType.SetIdentifier(string)' [/app/OSLC4Net_SDK/OSLC4Net.Client/OSLC4Net.Client.csproj]
/app/OSLC4Net_SDK/OSLC4Net.Client/Oslc/Resources/ArchitectureLinkType.cs(202,17): warning CS1591: Missing XML comment for publicly visible type or member 'ArchitectureLinkType.SetInstanceShape(Uri)' [/app/OSLC4Net_SDK/OSLC4Net.Client/OSLC4Net.Client.csproj]
/app/OSLC4Net_SDK/OSLC4Net.Client/Oslc/Resources/ArchitectureLinkType.cs(207,17): warning CS1591: Missing XML comment for publicly visible type or member 'ArchitectureLinkType.SetModified(DateTime?)' [/app/OSLC4Net_SDK/OSLC4Net.Client/OSLC4Net.Client.csproj]
/app/OSLC4Net_SDK/OSLC4Net.Client/Oslc/Resources/ArchitectureLinkType.cs(213,17): warning CS1591: Missing XML comment for publicly visible type or member 'ArchitectureLinkType.SetRdfTypes(Uri[])' [/app/OSLC4Net_SDK/OSLC4Net.Client/OSLC4Net.Client.csproj]
/app/OSLC4Net_SDK/OSLC4Net.Client/Oslc/Resources/ArchitectureLinkType.cs(218,17): warning CS1591: Missing XML comment for publicly visible type or member 'ArchitectureLinkType.SetServiceProvider(Uri)' [/app/OSLC4Net_SDK/OSLC4Net.Client/OSLC4Net.Client.csproj]
/app/OSLC4Net_SDK/OSLC4Net.Client/Oslc/Resources/ArchitectureResource.cs(44,12): warning CS1591: Missing XML comment for publicly visible type or member 'ArchitectureResource.ArchitectureResource()' [/app/OSLC4Net_SDK/OSLC4Net.Client/OSLC4Net.Client.csproj]
/app/OSLC4Net_SDK/OSLC4Net.Client/Oslc/Resources/ArchitectureResource.cs(49,12): warning CS1591: Missing XML comment for publicly visible type or member 'ArchitectureResource.ArchitectureResource(Uri)' [/app/OSLC4Net_SDK/OSLC4Net.Client/OSLC4Net.Client.csproj]
/app/OSLC4Net_SDK/OSLC4Net.Client/Oslc/Resources/ArchitectureResource.cs(54,19): warning CS1591: Missing XML comment for publicly visible type or member 'ArchitectureResource.GetRdfType()' [/app/OSLC4Net_SDK/OSLC4Net.Client/OSLC4Net.Client.csproj]
/app/OSLC4Net_SDK/OSLC4Net.Client/Oslc/Resources/ArchitectureResource.cs(59,17): warning CS1591: Missing XML comment for publicly visible type or member 'ArchitectureResource.AddContributor(Uri)' [/app/OSLC4Net_SDK/OSLC4Net.Client/OSLC4Net.Client.csproj]
/app/OSLC4Net_SDK/OSLC4Net.Client/Oslc/Resources/ArchitectureResource.cs(64,17): warning CS1591: Missing XML comment for publicly visible type or member 'ArchitectureResource.AddCreator(Uri)' [/app/OSLC4Net_SDK/OSLC4Net.Client/OSLC4Net.Client.csproj]
/app/OSLC4Net_SDK/OSLC4Net.Client/Oslc/Resources/ArchitectureResource.cs(69,17): warning CS1591: Missing XML comment for publicly visible type or member 'ArchitectureResource.AddRdfType(Uri)' [/app/OSLC4Net_SDK/OSLC4Net.Client/OSLC4Net.Client.csproj]
/app/OSLC4Net_SDK/OSLC4Net.Client/Oslc/Resources/ArchitectureResource.cs(74,17): warning CS1591: Missing XML comment for publicly visible type or member 'ArchitectureResource.addDctermsType(string)' [/app/OSLC4Net_SDK/OSLC4Net.Client/OSLC4Net.Client.csproj]
/app/OSLC4Net_SDK/OSLC4Net.Client/Oslc/Resources/ArchitectureResource.cs(84,18): warning CS1591: Missing XML comment for publicly visible type or member 'ArchitectureResource.GetContributors()' [/app/OSLC4Net_SDK/OSLC4Net.Client/OSLC4Net.Client.csproj]
/app/OSLC4Net_SDK/OSLC4Net.Client/Oslc/Resources/ArchitectureResource.cs(93,22): warning CS1591: Missing XML comment for publicly visible type or member 'ArchitectureResource.GetCreated()' [/app/OSLC4Net_SDK/OSLC4Net.Client/OSLC4Net.Client.csproj]
/app/OSLC4Net_SDK/OSLC4Net.Client/Oslc/Resources/ArchitectureResource.cs(103,18): warning CS1591: Missing XML comment for publicly visible type or member 'ArchitectureResource.GetCreators()' [/app/OSLC4Net_SDK/OSLC4Net.Client/OSLC4Net.Client.csproj]
/app/OSLC4Net_SDK/OSLC4Net.Client/Oslc/Resources/ArchitectureResource.cs(113,19): warning CS1591: Missing XML comment for publicly visible type or member 'ArchitectureResource.GetDescription()' [/app/OSLC4Net_SDK/OSLC4Net.Client/OSLC4Net.Client.csproj]
/app/OSLC4Net_SDK/OSLC4Net.Client/Oslc/Resources/ArchitectureResource.cs(124,19): warning CS1591: Missing XML comment for publicly visible type or member 'ArchitectureResource.GetIdentifier()' [/app/OSLC4Net_SDK/OSLC4Net.Client/OSLC4Net.Client.csproj]
/app/OSLC4Net_SDK/OSLC4Net.Client/Oslc/Resources/ArchitectureResource.cs(133,16): warning CS1591: Missing XML comment for publicly visible type or member 'ArchitectureResource.GetInstanceShape()' [/app/OSLC4Net_SDK/OSLC4Net.Client/OSLC4Net.Client.csproj]
/app/OSLC4Net_SDK/OSLC4Net.Client/Oslc/Resources/ArchitectureResource.cs(142,22): warning CS1591: Missing XML comment for publicly visible type or member 'ArchitectureResource.GetModified()' [/app/OSLC4Net_SDK/OSLC4Net.Client/OSLC4Net.Client.csproj]
/app/OSLC4Net_SDK/OSLC4Net.Client/Oslc/Resources/ArchitectureResource.cs(148,18): warning CS1591: Missing XML comment for publicly visible type or member 'ArchitectureResource.GetRdfTypes()' [/app/OSLC4Net_SDK/OSLC4Net.Client/OSLC4Net.Client.csproj]
/app/OSLC4Net_SDK/OSLC4Net.Client/Oslc/Resources/ArchitectureResource.cs(157,21): warning CS1591: Missing XML comment for publicly visible type or member 'ArchitectureResource.GetDctermsTypes()' [/app/OSLC4Net_SDK/OSLC4Net.Client/OSLC4Net.Client.csproj]
/app/OSLC4Net_SDK/OSLC4Net.Client/Oslc/Resources/ArchitectureResource.cs(166,16): warning CS1591: Missing XML comment for publicly visible type or member 'ArchitectureResource.GetSource()' [/app/OSLC4Net_SDK/OSLC4Net.Client/OSLC4Net.Client.csproj]
/app/OSLC4Net_SDK/OSLC4Net.Client/Oslc/Resources/ArchitectureResource.cs(175,16): warning CS1591: Missing XML comment for publicly visible type or member 'ArchitectureResource.GetServiceProvider()' [/app/OSLC4Net_SDK/OSLC4Net.Client/OSLC4Net.Client.csproj]
/app/OSLC4Net_SDK/OSLC4Net.Client/Oslc/Resources/ArchitectureResource.cs(186,19): warning CS1591: Missing XML comment for publicly visible type or member 'ArchitectureResource.GetTitle()' [/app/OSLC4Net_SDK/OSLC4Net.Client/OSLC4Net.Client.csproj]
/app/OSLC4Net_SDK/OSLC4Net.Client/Oslc/Resources/ArchitectureResource.cs(191,17): warning CS1591: Missing XML comment for publicly visible type or member 'ArchitectureResource.SetContributors(Uri[])' [/app/OSLC4Net_SDK/OSLC4Net.Client/OSLC4Net.Client.csproj]
/app/OSLC4Net_SDK/OSLC4Net.Client/Oslc/Resources/ArchitectureResource.cs(201,17): warning CS1591: Missing XML comment for publicly visible type or member 'ArchitectureResource.SetCreated(DateTime?)' [/app/OSLC4Net_SDK/OSLC4Net.Client/OSLC4Net.Client.csproj]
/app/OSLC4Net_SDK/OSLC4Net.Client/Oslc/Resources/ArchitectureResource.cs(206,17): warning CS1591: Missing XML comment for publicly visible type or member 'ArchitectureResource.SetCreators(Uri[])' [/app/OSLC4Net_SDK/OSLC4Net.Client/OSLC4Net.Client.csproj]
/app/OSLC4Net_SDK/OSLC4Net.Client/Oslc/Resources/ArchitectureResource.cs(216,17): warning CS1591: Missing XML comment for publicly visible type or member 'ArchitectureResource.SetDescription(string)' [/app/OSLC4Net_SDK/OSLC4Net.Client/OSLC4Net.Client.csproj]
/app/OSLC4Net_SDK/OSLC4Net.Client/Oslc/Resources/ArchitectureResource.cs(221,17): warning CS1591: Missing XML comment for publicly visible type or member 'ArchitectureResource.SetIdentifier(string)' [/app/OSLC4Net_SDK/OSLC4Net.Client/OSLC4Net.Client.csproj]
/app/OSLC4Net_SDK/OSLC4Net.Client/Oslc/Resources/ArchitectureResource.cs(226,17): warning CS1591: Missing XML comment for publicly visible type or member 'ArchitectureResource.SetInstanceShape(Uri)' [/app/OSLC4Net_SDK/OSLC4Net.Client/OSLC4Net.Client.csproj]
/app/OSLC4Net_SDK/OSLC4Net.Client/Oslc/Resources/ArchitectureResource.cs(231,17): warning CS1591: Missing XML comment for publicly visible type or member 'ArchitectureResource.SetModified(DateTime?)' [/app/OSLC4Net_SDK/OSLC4Net.Client/OSLC4Net.Client.csproj]
/app/OSLC4Net_SDK/OSLC4Net.Client/Oslc/Resources/ArchitectureResource.cs(237,17): warning CS1591: Missing XML comment for publicly visible type or member 'ArchitectureResource.SetRdfTypes(Uri[])' [/app/OSLC4Net_SDK/OSLC4Net.Client/OSLC4Net.Client.csproj]
/app/OSLC4Net_SDK/OSLC4Net.Client/Oslc/Resources/ArchitectureResource.cs(242,17): warning CS1591: Missing XML comment for publicly visible type or member 'ArchitectureResource.SetDctermsTypes(string[])' [/app/OSLC4Net_SDK/OSLC4Net.Client/OSLC4Net.Client.csproj]
/app/OSLC4Net_SDK/OSLC4Net.Client/Oslc/Resources/ArchitectureResource.cs(252,17): warning CS1591: Missing XML comment for publicly visible type or member 'ArchitectureResource.SetSource(Uri)' [/app/OSLC4Net_SDK/OSLC4Net.Client/OSLC4Net.Client.csproj]
/app/OSLC4Net_SDK/OSLC4Net.Client/Oslc/Resources/ArchitectureResource.cs(257,17): warning CS1591: Missing XML comment for publicly visible type or member 'ArchitectureResource.SetServiceProvider(Uri)' [/app/OSLC4Net_SDK/OSLC4Net.Client/OSLC4Net.Client.csproj]
/app/OSLC4Net_SDK/OSLC4Net.Client/Oslc/Resources/ArchitectureResource.cs(262,17): warning CS1591: Missing XML comment for publicly visible type or member 'ArchitectureResource.SetTitle(string)' [/app/OSLC4Net_SDK/OSLC4Net.Client/OSLC4Net.Client.csproj]
/app/OSLC4Net_SDK/OSLC4Net.Client/Oslc/Resources/AutomationConstants.cs(18,21): warning CS1591: Missing XML comment for publicly visible type or member 'AutomationConstants' [/app/OSLC4Net_SDK/OSLC4Net.Client/OSLC4Net.Client.csproj]
/app/OSLC4Net_SDK/OSLC4Net.Client/Oslc/Resources/AutomationConstants.cs(20,25): warning CS1591: Missing XML comment for publicly visible type or member 'AutomationConstants.AUTOMATION_DOMAIN' [/app/OSLC4Net_SDK/OSLC4Net.Client/OSLC4Net.Client.csproj]
/app/OSLC4Net_SDK/OSLC4Net.Client/Oslc/Resources/AutomationConstants.cs(21,25): warning CS1591: Missing XML comment for publicly visible type or member 'AutomationConstants.AUTOMATION_NAMESPACE' [/app/OSLC4Net_SDK/OSLC4Net.Client/OSLC4Net.Client.csproj]
/app/OSLC4Net_SDK/OSLC4Net.Client/Oslc/Resources/AutomationConstants.cs(22,25): warning CS1591: Missing XML comment for publicly visible type or member 'AutomationConstants.AUTOMATION_PREFIX' [/app/OSLC4Net_SDK/OSLC4Net.Client/OSLC4Net.Client.csproj]
/app/OSLC4Net_SDK/OSLC4Net.Client/Oslc/Resources/AutomationConstants.cs(24,25): warning CS1591: Missing XML comment for publicly visible type or member 'AutomationConstants.TYPE_AUTOMATION_PLAN' [/app/OSLC4Net_SDK/OSLC4Net.Client/OSLC4Net.Client.csproj]
/app/OSLC4Net_SDK/OSLC4Net.Client/Oslc/Resources/AutomationConstants.cs(25,25): warning CS1591: Missing XML comment for publicly visible type or member 'AutomationConstants.TYPE_AUTOMATION_REQUEST' [/app/OSLC4Net_SDK/OSLC4Net.Client/OSLC4Net.Client.csproj]
/app/OSLC4Net_SDK/OSLC4Net.Client/Oslc/Resources/AutomationConstants.cs(26,25): warning CS1591: Missing XML comment for publicly visible type or member 'AutomationConstants.TYPE_AUTOMATION_RESULT' [/app/OSLC4Net_SDK/OSLC4Net.Client/OSLC4Net.Client.csproj]
/app/OSLC4Net_SDK/OSLC4Net.Client/Oslc/Resources/AutomationConstants.cs(27,25): warning CS1591: Missing XML comment for publicly visible type or member 'AutomationConstants.TYPE_PARAMETER_INSTANCE' [/app/OSLC4Net_SDK/OSLC4Net.Client/OSLC4Net.Client.csproj]
/app/OSLC4Net_SDK/OSLC4Net.Client/Oslc/Resources/AutomationConstants.cs(29,25): warning CS1591: Missing XML comment for publicly visible type or member 'AutomationConstants.STATE_NEW' [/app/OSLC4Net_SDK/OSLC4Net.Client/OSLC4Net.Client.csproj]
/app/OSLC4Net_SDK/OSLC4Net.Client/Oslc/Resources/AutomationConstants.cs(30,25): warning CS1591: Missing XML comment for publicly visible type or member 'AutomationConstants.STATE_QUEUED' [/app/OSLC4Net_SDK/OSLC4Net.Client/OSLC4Net.Client.csproj]
/app/OSLC4Net_SDK/OSLC4Net.Client/Oslc/Resources/AutomationConstants.cs(31,25): warning CS1591: Missing XML comment for publicly visible type or member 'AutomationConstants.STATE_IN_PROGRESS' [/app/OSLC4Net_SDK/OSLC4Net.Client/OSLC4Net.Client.csproj]
/app/OSLC4Net_SDK/OSLC4Net.Client/Oslc/Resources/AutomationConstants.cs(32,25): warning CS1591: Missing XML comment for publicly visible type or member 'AutomationConstants.STATE_CANCELING' [/app/OSLC4Net_SDK/OSLC4Net.Client/OSLC4Net.Client.csproj]
/app/OSLC4Net_SDK/OSLC4Net.Client/Oslc/Resources/AutomationConstants.cs(33,25): warning CS1591: Missing XML comment for publicly visible type or member 'AutomationConstants.STATE_CANCELED' [/app/OSLC4Net_SDK/OSLC4Net.Client/OSLC4Net.Client.csproj]
/app/OSLC4Net_SDK/OSLC4Net.Client/Oslc/Resources/AutomationConstants.cs(34,25): warning CS1591: Missing XML comment for publicly visible type or member 'AutomationConstants.STATE_COMPLETE' [/app/OSLC4Net_SDK/OSLC4Net.Client/OSLC4Net.Client.csproj]
/app/OSLC4Net_SDK/OSLC4Net.Client/Oslc/Resources/AutomationConstants.cs(36,25): warning CS1591: Missing XML comment for publicly visible type or member 'AutomationConstants.VERDICT_UNAVAILABLE' [/app/OSLC4Net_SDK/OSLC4Net.Client/OSLC4Net.Client.csproj]
/app/OSLC4Net_SDK/OSLC4Net.Client/Oslc/Resources/AutomationConstants.cs(37,25): warning CS1591: Missing XML comment for publicly visible type or member 'AutomationConstants.VERDICT_PASSED' [/app/OSLC4Net_SDK/OSLC4Net.Client/OSLC4Net.Client.csproj]
/app/OSLC4Net_SDK/OSLC4Net.Client/Oslc/Resources/AutomationConstants.cs(38,25): warning CS1591: Missing XML comment for publicly visible type or member 'AutomationConstants.VERDICT_WARNING' [/app/OSLC4Net_SDK/OSLC4Net.Client/OSLC4Net.Client.csproj]
/app/OSLC4Net_SDK/OSLC4Net.Client/Oslc/Resources/AutomationConstants.cs(39,25): warning CS1591: Missing XML comment for publicly visible type or member 'AutomationConstants.VERDICT_FAILED' [/app/OSLC4Net_SDK/OSLC4Net.Client/OSLC4Net.Client.csproj]
/app/OSLC4Net_SDK/OSLC4Net.Client/Oslc/Resources/AutomationConstants.cs(40,25): warning CS1591: Missing XML comment for publicly visible type or member 'AutomationConstants.VERDICT_ERROR' [/app/OSLC4Net_SDK/OSLC4Net.Client/OSLC4Net.Client.csproj]
/app/OSLC4Net_SDK/OSLC4Net.Client/Oslc/Resources/AutomationPlan.cs(45,12): warning CS1591: Missing XML comment for publicly visible type or member 'AutomationPlan.AutomationPlan()' [/app/OSLC4Net_SDK/OSLC4Net.Client/OSLC4Net.Client.csproj]
/app/OSLC4Net_SDK/OSLC4Net.Client/Oslc/Resources/AutomationPlan.cs(50,12): warning CS1591: Missing XML comment for publicly visible type or member 'AutomationPlan.AutomationPlan(Uri)' [/app/OSLC4Net_SDK/OSLC4Net.Client/OSLC4Net.Client.csproj]
/app/OSLC4Net_SDK/OSLC4Net.Client/Oslc/Resources/AutomationPlan.cs(55,19): warning CS1591: Missing XML comment for publicly visible type or member 'AutomationPlan.GetRdfType()' [/app/OSLC4Net_SDK/OSLC4Net.Client/OSLC4Net.Client.csproj]
/app/OSLC4Net_SDK/OSLC4Net.Client/Oslc/Resources/AutomationPlan.cs(60,17): warning CS1591: Missing XML comment for publicly visible type or member 'AutomationPlan.AddContributor(Uri)' [/app/OSLC4Net_SDK/OSLC4Net.Client/OSLC4Net.Client.csproj]
/app/OSLC4Net_SDK/OSLC4Net.Client/Oslc/Resources/AutomationPlan.cs(65,17): warning CS1591: Missing XML comment for publicly visible type or member 'AutomationPlan.AddCreator(Uri)' [/app/OSLC4Net_SDK/OSLC4Net.Client/OSLC4Net.Client.csproj]
/app/OSLC4Net_SDK/OSLC4Net.Client/Oslc/Resources/AutomationPlan.cs(70,17): warning CS1591: Missing XML comment for publicly visible type or member 'AutomationPlan.AddRdfType(Uri)' [/app/OSLC4Net_SDK/OSLC4Net.Client/OSLC4Net.Client.csproj]
/app/OSLC4Net_SDK/OSLC4Net.Client/Oslc/Resources/AutomationPlan.cs(75,17): warning CS1591: Missing XML comment for publicly visible type or member 'AutomationPlan.AddSubject(string)' [/app/OSLC4Net_SDK/OSLC4Net.Client/OSLC4Net.Client.csproj]
/app/OSLC4Net_SDK/OSLC4Net.Client/Oslc/Resources/AutomationPlan.cs(80,17): warning CS1591: Missing XML comment for publicly visible type or member 'AutomationPlan.AddParameterDefinition(Property)' [/app/OSLC4Net_SDK/OSLC4Net.Client/OSLC4Net.Client.csproj]
/app/OSLC4Net_SDK/OSLC4Net.Client/Oslc/Resources/AutomationPlan.cs(90,18): warning CS1591: Missing XML comment for publicly visible type or member 'AutomationPlan.GetContributors()' [/app/OSLC4Net_SDK/OSLC4Net.Client/OSLC4Net.Client.csproj]
/app/OSLC4Net_SDK/OSLC4Net.Client/Oslc/Resources/AutomationPlan.cs(99,22): warning CS1591: Missing XML comment for publicly visible type or member 'AutomationPlan.GetCreated()' [/app/OSLC4Net_SDK/OSLC4Net.Client/OSLC4Net.Client.csproj]
/app/OSLC4Net_SDK/OSLC4Net.Client/Oslc/Resources/AutomationPlan.cs(109,18): warning CS1591: Missing XML comment for publicly visible type or member 'AutomationPlan.GetCreators()' [/app/OSLC4Net_SDK/OSLC4Net.Client/OSLC4Net.Client.csproj]
/app/OSLC4Net_SDK/OSLC4Net.Client/Oslc/Resources/AutomationPlan.cs(119,19): warning CS1591: Missing XML comment for publicly visible type or member 'AutomationPlan.GetDescription()' [/app/OSLC4Net_SDK/OSLC4Net.Client/OSLC4Net.Client.csproj]
/app/OSLC4Net_SDK/OSLC4Net.Client/Oslc/Resources/AutomationPlan.cs(130,19): warning CS1591: Missing XML comment for publicly visible type or member 'AutomationPlan.GetIdentifier()' [/app/OSLC4Net_SDK/OSLC4Net.Client/OSLC4Net.Client.csproj]
/app/OSLC4Net_SDK/OSLC4Net.Client/Oslc/Resources/AutomationPlan.cs(139,16): warning CS1591: Missing XML comment for publicly visible type or member 'AutomationPlan.GetInstanceShape()' [/app/OSLC4Net_SDK/OSLC4Net.Client/OSLC4Net.Client.csproj]
/app/OSLC4Net_SDK/OSLC4Net.Client/Oslc/Resources/AutomationPlan.cs(148,22): warning CS1591: Missing XML comment for publicly visible type or member 'AutomationPlan.GetModified()' [/app/OSLC4Net_SDK/OSLC4Net.Client/OSLC4Net.Client.csproj]
/app/OSLC4Net_SDK/OSLC4Net.Client/Oslc/Resources/AutomationPlan.cs(154,18): warning CS1591: Missing XML comment for publicly visible type or member 'AutomationPlan.GetRdfTypes()' [/app/OSLC4Net_SDK/OSLC4Net.Client/OSLC4Net.Client.csproj]
/app/OSLC4Net_SDK/OSLC4Net.Client/Oslc/Resources/AutomationPlan.cs(163,16): warning CS1591: Missing XML comment for publicly visible type or member 'AutomationPlan.GetServiceProvider()' [/app/OSLC4Net_SDK/OSLC4Net.Client/OSLC4Net.Client.csproj]
/app/OSLC4Net_SDK/OSLC4Net.Client/Oslc/Resources/AutomationPlan.cs(174,21): warning CS1591: Missing XML comment for publicly visible type or member 'AutomationPlan.GetSubjects()' [/app/OSLC4Net_SDK/OSLC4Net.Client/OSLC4Net.Client.csproj]
/app/OSLC4Net_SDK/OSLC4Net.Client/Oslc/Resources/AutomationPlan.cs(185,19): warning CS1591: Missing XML comment for publicly visible type or member 'AutomationPlan.GetTitle()' [/app/OSLC4Net_SDK/OSLC4Net.Client/OSLC4Net.Client.csproj]
/app/OSLC4Net_SDK/OSLC4Net.Client/Oslc/Resources/AutomationPlan.cs(195,23): warning CS1591: Missing XML comment for publicly visible type or member 'AutomationPlan.GetParameterDefinitions()' [/app/OSLC4Net_SDK/OSLC4Net.Client/OSLC4Net.Client.csproj]
/app/OSLC4Net_SDK/OSLC4Net.Client/Oslc/Resources/AutomationPlan.cs(200,17): warning CS1591: Missing XML comment for publicly visible type or member 'AutomationPlan.SetContributors(Uri[])' [/app/OSLC4Net_SDK/OSLC4Net.Client/OSLC4Net.Client.csproj]
/app/OSLC4Net_SDK/OSLC4Net.Client/Oslc/Resources/AutomationPlan.cs(210,17): warning CS1591: Missing XML comment for publicly visible type or member 'AutomationPlan.SetCreated(DateTime?)' [/app/OSLC4Net_SDK/OSLC4Net.Client/OSLC4Net.Client.csproj]
/app/OSLC4Net_SDK/OSLC4Net.Client/Oslc/Resources/AutomationPlan.cs(215,17): warning CS1591: Missing XML comment for publicly visible type or member 'AutomationPlan.SetCreators(Uri[])' [/app/OSLC4Net_SDK/OSLC4Net.Client/OSLC4Net.Client.csproj]
/app/OSLC4Net_SDK/OSLC4Net.Client/Oslc/Resources/AutomationPlan.cs(225,17): warning CS1591: Missing XML comment for publicly visible type or member 'AutomationPlan.SetDescription(string)' [/app/OSLC4Net_SDK/OSLC4Net.Client/OSLC4Net.Client.csproj]
/app/OSLC4Net_SDK/OSLC4Net.Client/Oslc/Resources/AutomationPlan.cs(230,17): warning CS1591: Missing XML comment for publicly visible type or member 'AutomationPlan.SetIdentifier(string)' [/app/OSLC4Net_SDK/OSLC4Net.Client/OSLC4Net.Client.csproj]
/app/OSLC4Net_SDK/OSLC4Net.Client/Oslc/Resources/AutomationPlan.cs(235,17): warning CS1591: Missing XML comment for publicly visible type or member 'AutomationPlan.SetInstanceShape(Uri)' [/app/OSLC4Net_SDK/OSLC4Net.Client/OSLC4Net.Client.csproj]
/app/OSLC4Net_SDK/OSLC4Net.Client/Oslc/Resources/AutomationPlan.cs(240,17): warning CS1591: Missing XML comment for publicly visible type or member 'AutomationPlan.SetModified(DateTime?)' [/app/OSLC4Net_SDK/OSLC4Net.Client/OSLC4Net.Client.csproj]
/app/OSLC4Net_SDK/OSLC4Net.Client/Oslc/Resources/AutomationPlan.cs(246,17): warning CS1591: Missing XML comment for publicly visible type or member 'AutomationPlan.SetRdfTypes(Uri[])' [/app/OSLC4Net_SDK/OSLC4Net.Client/OSLC4Net.Client.csproj]
/app/OSLC4Net_SDK/OSLC4Net.Client/Oslc/Resources/AutomationPlan.cs(251,17): warning CS1591: Missing XML comment for publicly visible type or member 'AutomationPlan.SetServiceProvider(Uri)' [/app/OSLC4Net_SDK/OSLC4Net.Client/OSLC4Net.Client.csproj]
/app/OSLC4Net_SDK/OSLC4Net.Client/Oslc/Resources/AutomationPlan.cs(256,17): warning CS1591: Missing XML comment for publicly visible type or member 'AutomationPlan.SetSubjects(string[])' [/app/OSLC4Net_SDK/OSLC4Net.Client/OSLC4Net.Client.csproj]
/app/OSLC4Net_SDK/OSLC4Net.Client/Oslc/Resources/AutomationPlan.cs(266,17): warning CS1591: Missing XML comment for publicly visible type or member 'AutomationPlan.SetTitle(string)' [/app/OSLC4Net_SDK/OSLC4Net.Client/OSLC4Net.Client.csproj]
/app/OSLC4Net_SDK/OSLC4Net.Client/Oslc/Resources/AutomationPlan.cs(271,17): warning CS1591: Missing XML comment for publicly visible type or member 'AutomationPlan.SetParameterDefinitions(Property[])' [/app/OSLC4Net_SDK/OSLC4Net.Client/OSLC4Net.Client.csproj]
/app/OSLC4Net_SDK/OSLC4Net.Client/Oslc/Resources/AutomationRequest.cs(50,12): warning CS1591: Missing XML comment for publicly visible type or member 'AutomationRequest.AutomationRequest()' [/app/OSLC4Net_SDK/OSLC4Net.Client/OSLC4Net.Client.csproj]
/app/OSLC4Net_SDK/OSLC4Net.Client/Oslc/Resources/AutomationRequest.cs(55,12): warning CS1591: Missing XML comment for publicly visible type or member 'AutomationRequest.AutomationRequest(Uri)' [/app/OSLC4Net_SDK/OSLC4Net.Client/OSLC4Net.Client.csproj]
/app/OSLC4Net_SDK/OSLC4Net.Client/Oslc/Resources/AutomationRequest.cs(60,19): warning CS1591: Missing XML comment for publicly visible type or member 'AutomationRequest.GetRdfType()' [/app/OSLC4Net_SDK/OSLC4Net.Client/OSLC4Net.Client.csproj]
/app/OSLC4Net_SDK/OSLC4Net.Client/Oslc/Resources/AutomationRequest.cs(65,17): warning CS1591: Missing XML comment for publicly visible type or member 'AutomationRequest.AddContributor(Uri)' [/app/OSLC4Net_SDK/OSLC4Net.Client/OSLC4Net.Client.csproj]
/app/OSLC4Net_SDK/OSLC4Net.Client/Oslc/Resources/AutomationRequest.cs(70,17): warning CS1591: Missing XML comment for publicly visible type or member 'AutomationRequest.AddCreator(Uri)' [/app/OSLC4Net_SDK/OSLC4Net.Client/OSLC4Net.Client.csproj]
/app/OSLC4Net_SDK/OSLC4Net.Client/Oslc/Resources/AutomationRequest.cs(75,17): warning CS1591: Missing XML comment for publicly visible type or member 'AutomationRequest.AddRdfType(Uri)' [/app/OSLC4Net_SDK/OSLC4Net.Client/OSLC4Net.Client.csproj]
/app/OSLC4Net_SDK/OSLC4Net.Client/Oslc/Resources/AutomationRequest.cs(80,17): warning CS1591: Missing XML comment for publicly visible type or member 'AutomationRequest.AddSubject(string)' [/app/OSLC4Net_SDK/OSLC4Net.Client/OSLC4Net.Client.csproj]
/app/OSLC4Net_SDK/OSLC4Net.Client/Oslc/Resources/AutomationRequest.cs(85,17): warning CS1591: Missing XML comment for publicly visible type or member 'AutomationRequest.AddState(Uri)' [/app/OSLC4Net_SDK/OSLC4Net.Client/OSLC4Net.Client.csproj]
/app/OSLC4Net_SDK/OSLC4Net.Client/Oslc/Resources/AutomationRequest.cs(90,17): warning CS1591: Missing XML comment for publicly visible type or member 'AutomationRequest.AddInputParameter(ParameterInstance)' [/app/OSLC4Net_SDK/OSLC4Net.Client/OSLC4Net.Client.csproj]
/app/OSLC4Net_SDK/OSLC4Net.Client/Oslc/Resources/AutomationRequest.cs(100,18): warning CS1591: Missing XML comment for publicly visible type or member 'AutomationRequest.GetContributors()' [/app/OSLC4Net_SDK/OSLC4Net.Client/OSLC4Net.Client.csproj]
/app/OSLC4Net_SDK/OSLC4Net.Client/Oslc/Resources/AutomationRequest.cs(109,22): warning CS1591: Missing XML comment for publicly visible type or member 'AutomationRequest.GetCreated()' [/app/OSLC4Net_SDK/OSLC4Net.Client/OSLC4Net.Client.csproj]
/app/OSLC4Net_SDK/OSLC4Net.Client/Oslc/Resources/AutomationRequest.cs(119,18): warning CS1591: Missing XML comment for publicly visible type or member 'AutomationRequest.GetCreators()' [/app/OSLC4Net_SDK/OSLC4Net.Client/OSLC4Net.Client.csproj]
/app/OSLC4Net_SDK/OSLC4Net.Client/Oslc/Resources/AutomationRequest.cs(129,19): warning CS1591: Missing XML comment for publicly visible type or member 'AutomationRequest.GetDescription()' [/app/OSLC4Net_SDK/OSLC4Net.Client/OSLC4Net.Client.csproj]
/app/OSLC4Net_SDK/OSLC4Net.Client/Oslc/Resources/AutomationRequest.cs(140,19): warning CS1591: Missing XML comment for publicly visible type or member 'AutomationRequest.GetIdentifier()' [/app/OSLC4Net_SDK/OSLC4Net.Client/OSLC4Net.Client.csproj]
/app/OSLC4Net_SDK/OSLC4Net.Client/Oslc/Resources/AutomationRequest.cs(149,16): warning CS1591: Missing XML comment for publicly visible type or member 'AutomationRequest.GetInstanceShape()' [/app/OSLC4Net_SDK/OSLC4Net.Client/OSLC4Net.Client.csproj]
/app/OSLC4Net_SDK/OSLC4Net.Client/Oslc/Resources/AutomationRequest.cs(158,22): warning CS1591: Missing XML comment for publicly visible type or member 'AutomationRequest.GetModified()' [/app/OSLC4Net_SDK/OSLC4Net.Client/OSLC4Net.Client.csproj]
/app/OSLC4Net_SDK/OSLC4Net.Client/Oslc/Resources/AutomationRequest.cs(164,18): warning CS1591: Missing XML comment for publicly visible type or member 'AutomationRequest.GetRdfTypes()' [/app/OSLC4Net_SDK/OSLC4Net.Client/OSLC4Net.Client.csproj]
/app/OSLC4Net_SDK/OSLC4Net.Client/Oslc/Resources/AutomationRequest.cs(172,16): warning CS1591: Missing XML comment for publicly visible type or member 'AutomationRequest.GetServiceProvider()' [/app/OSLC4Net_SDK/OSLC4Net.Client/OSLC4Net.Client.csproj]
/app/OSLC4Net_SDK/OSLC4Net.Client/Oslc/Resources/AutomationRequest.cs(192,16): warning CS1591: Missing XML comment for publicly visible type or member 'AutomationRequest.GetDesiredState()' [/app/OSLC4Net_SDK/OSLC4Net.Client/OSLC4Net.Client.csproj]
/app/OSLC4Net_SDK/OSLC4Net.Client/Oslc/Resources/AutomationRequest.cs(202,17): warning CS1591: Missing XML comment for publicly visible type or member 'AutomationRequest.GetExecutesAutomationPlan()' [/app/OSLC4Net_SDK/OSLC4Net.Client/OSLC4Net.Client.csproj]
/app/OSLC4Net_SDK/OSLC4Net.Client/Oslc/Resources/AutomationRequest.cs(213,21): warning CS1591: Missing XML comment for publicly visible type or member 'AutomationRequest.GetSubjects()' [/app/OSLC4Net_SDK/OSLC4Net.Client/OSLC4Net.Client.csproj]
/app/OSLC4Net_SDK/OSLC4Net.Client/Oslc/Resources/AutomationRequest.cs(224,19): warning CS1591: Missing XML comment for publicly visible type or member 'AutomationRequest.GetTitle()' [/app/OSLC4Net_SDK/OSLC4Net.Client/OSLC4Net.Client.csproj]
/app/OSLC4Net_SDK/OSLC4Net.Client/Oslc/Resources/AutomationRequest.cs(245,18): warning CS1591: Missing XML comment for publicly visible type or member 'AutomationRequest.GetStates()' [/app/OSLC4Net_SDK/OSLC4Net.Client/OSLC4Net.Client.csproj]
/app/OSLC4Net_SDK/OSLC4Net.Client/Oslc/Resources/AutomationRequest.cs(256,32): warning CS1591: Missing XML comment for publicly visible type or member 'AutomationRequest.GetInputParameters()' [/app/OSLC4Net_SDK/OSLC4Net.Client/OSLC4Net.Client.csproj]
/app/OSLC4Net_SDK/OSLC4Net.Client/Oslc/Resources/AutomationRequest.cs(261,17): warning CS1591: Missing XML comment for publicly visible type or member 'AutomationRequest.SetContributors(Uri[])' [/app/OSLC4Net_SDK/OSLC4Net.Client/OSLC4Net.Client.csproj]
/app/OSLC4Net_SDK/OSLC4Net.Client/Oslc/Resources/AutomationRequest.cs(271,17): warning CS1591: Missing XML comment for publicly visible type or member 'AutomationRequest.SetCreated(DateTime?)' [/app/OSLC4Net_SDK/OSLC4Net.Client/OSLC4Net.Client.csproj]
/app/OSLC4Net_SDK/OSLC4Net.Client/Oslc/Resources/AutomationRequest.cs(276,17): warning CS1591: Missing XML comment for publicly visible type or member 'AutomationRequest.SetCreators(Uri[])' [/app/OSLC4Net_SDK/OSLC4Net.Client/OSLC4Net.Client.csproj]
/app/OSLC4Net_SDK/OSLC4Net.Client/Oslc/Resources/AutomationRequest.cs(286,17): warning CS1591: Missing XML comment for publicly visible type or member 'AutomationRequest.SetDescription(string)' [/app/OSLC4Net_SDK/OSLC4Net.Client/OSLC4Net.Client.csproj]
/app/OSLC4Net_SDK/OSLC4Net.Client/Oslc/Resources/AutomationRequest.cs(291,17): warning CS1591: Missing XML comment for publicly visible type or member 'AutomationRequest.SetIdentifier(string)' [/app/OSLC4Net_SDK/OSLC4Net.Client/OSLC4Net.Client.csproj]
/app/OSLC4Net_SDK/OSLC4Net.Client/Oslc/Resources/AutomationRequest.cs(296,17): warning CS1591: Missing XML comment for publicly visible type or member 'AutomationRequest.SetInstanceShape(Uri)' [/app/OSLC4Net_SDK/OSLC4Net.Client/OSLC4Net.Client.csproj]
/app/OSLC4Net_SDK/OSLC4Net.Client/Oslc/Resources/AutomationRequest.cs(301,17): warning CS1591: Missing XML comment for publicly visible type or member 'AutomationRequest.SetModified(DateTime?)' [/app/OSLC4Net_SDK/OSLC4Net.Client/OSLC4Net.Client.csproj]
/app/OSLC4Net_SDK/OSLC4Net.Client/Oslc/Resources/AutomationRequest.cs(307,17): warning CS1591: Missing XML comment for publicly visible type or member 'AutomationRequest.SetRdfTypes(Uri[])' [/app/OSLC4Net_SDK/OSLC4Net.Client/OSLC4Net.Client.csproj]
/app/OSLC4Net_SDK/OSLC4Net.Client/Oslc/Resources/AutomationRequest.cs(312,17): warning CS1591: Missing XML comment for publicly visible type or member 'AutomationRequest.SetServiceProvider(Uri)' [/app/OSLC4Net_SDK/OSLC4Net.Client/OSLC4Net.Client.csproj]
/app/OSLC4Net_SDK/OSLC4Net.Client/Oslc/Resources/AutomationRequest.cs(317,17): warning CS1591: Missing XML comment for publicly visible type or member 'AutomationRequest.SetDesiredState(Uri)' [/app/OSLC4Net_SDK/OSLC4Net.Client/OSLC4Net.Client.csproj]
/app/OSLC4Net_SDK/OSLC4Net.Client/Oslc/Resources/AutomationRequest.cs(322,17): warning CS1591: Missing XML comment for publicly visible type or member 'AutomationRequest.SetExecutesAutomationPlan(Link)' [/app/OSLC4Net_SDK/OSLC4Net.Client/OSLC4Net.Client.csproj]
/app/OSLC4Net_SDK/OSLC4Net.Client/Oslc/Resources/AutomationRequest.cs(327,17): warning CS1591: Missing XML comment for publicly visible type or member 'AutomationRequest.SetSubjects(string[])' [/app/OSLC4Net_SDK/OSLC4Net.Client/OSLC4Net.Client.csproj]
/app/OSLC4Net_SDK/OSLC4Net.Client/Oslc/Resources/AutomationRequest.cs(337,17): warning CS1591: Missing XML comment for publicly visible type or member 'AutomationRequest.SetTitle(string)' [/app/OSLC4Net_SDK/OSLC4Net.Client/OSLC4Net.Client.csproj]
/app/OSLC4Net_SDK/OSLC4Net.Client/Oslc/Resources/AutomationRequest.cs(342,17): warning CS1591: Missing XML comment for publicly visible type or member 'AutomationRequest.SetStates(Uri[])' [/app/OSLC4Net_SDK/OSLC4Net.Client/OSLC4Net.Client.csproj]
/app/OSLC4Net_SDK/OSLC4Net.Client/Oslc/Resources/AutomationRequest.cs(352,17): warning CS1591: Missing XML comment for publicly visible type or member 'AutomationRequest.SetInputParameters(ParameterInstance[])' [/app/OSLC4Net_SDK/OSLC4Net.Client/OSLC4Net.Client.csproj]
/app/OSLC4Net_SDK/OSLC4Net.Client/Oslc/Resources/AutomationResult.cs(55,12): warning CS1591: Missing XML comment for publicly visible type or member 'AutomationResult.AutomationResult()' [/app/OSLC4Net_SDK/OSLC4Net.Client/OSLC4Net.Client.csproj]
/app/OSLC4Net_SDK/OSLC4Net.Client/Oslc/Resources/AutomationResult.cs(60,12): warning CS1591: Missing XML comment for publicly visible type or member 'AutomationResult.AutomationResult(Uri)' [/app/OSLC4Net_SDK/OSLC4Net.Client/OSLC4Net.Client.csproj]
/app/OSLC4Net_SDK/OSLC4Net.Client/Oslc/Resources/AutomationResult.cs(65,19): warning CS1591: Missing XML comment for publicly visible type or member 'AutomationResult.GetRdfType()' [/app/OSLC4Net_SDK/OSLC4Net.Client/OSLC4Net.Client.csproj]
/app/OSLC4Net_SDK/OSLC4Net.Client/Oslc/Resources/AutomationResult.cs(70,17): warning CS1591: Missing XML comment for publicly visible type or member 'AutomationResult.AddContributor(Uri)' [/app/OSLC4Net_SDK/OSLC4Net.Client/OSLC4Net.Client.csproj]
/app/OSLC4Net_SDK/OSLC4Net.Client/Oslc/Resources/AutomationResult.cs(75,17): warning CS1591: Missing XML comment for publicly visible type or member 'AutomationResult.AddCreator(Uri)' [/app/OSLC4Net_SDK/OSLC4Net.Client/OSLC4Net.Client.csproj]
/app/OSLC4Net_SDK/OSLC4Net.Client/Oslc/Resources/AutomationResult.cs(80,17): warning CS1591: Missing XML comment for publicly visible type or member 'AutomationResult.AddRdfType(Uri)' [/app/OSLC4Net_SDK/OSLC4Net.Client/OSLC4Net.Client.csproj]
/app/OSLC4Net_SDK/OSLC4Net.Client/Oslc/Resources/AutomationResult.cs(85,17): warning CS1591: Missing XML comment for publicly visible type or member 'AutomationResult.AddSubject(string)' [/app/OSLC4Net_SDK/OSLC4Net.Client/OSLC4Net.Client.csproj]
/app/OSLC4Net_SDK/OSLC4Net.Client/Oslc/Resources/AutomationResult.cs(90,17): warning CS1591: Missing XML comment for publicly visible type or member 'AutomationResult.AddState(Uri)' [/app/OSLC4Net_SDK/OSLC4Net.Client/OSLC4Net.Client.csproj]
/app/OSLC4Net_SDK/OSLC4Net.Client/Oslc/Resources/AutomationResult.cs(95,17): warning CS1591: Missing XML comment for publicly visible type or member 'AutomationResult.AddVerdict(Uri)' [/app/OSLC4Net_SDK/OSLC4Net.Client/OSLC4Net.Client.csproj]
/app/OSLC4Net_SDK/OSLC4Net.Client/Oslc/Resources/AutomationResult.cs(100,17): warning CS1591: Missing XML comment for publicly visible type or member 'AutomationResult.AddContribution(Uri)' [/app/OSLC4Net_SDK/OSLC4Net.Client/OSLC4Net.Client.csproj]
/app/OSLC4Net_SDK/OSLC4Net.Client/Oslc/Resources/AutomationResult.cs(105,17): warning CS1591: Missing XML comment for publicly visible type or member 'AutomationResult.AddInputParameter(ParameterInstance)' [/app/OSLC4Net_SDK/OSLC4Net.Client/OSLC4Net.Client.csproj]
/app/OSLC4Net_SDK/OSLC4Net.Client/Oslc/Resources/AutomationResult.cs(110,17): warning CS1591: Missing XML comment for publicly visible type or member 'AutomationResult.AddOutputParameter(ParameterInstance)' [/app/OSLC4Net_SDK/OSLC4Net.Client/OSLC4Net.Client.csproj]
/app/OSLC4Net_SDK/OSLC4Net.Client/Oslc/Resources/AutomationResult.cs(120,18): warning CS1591: Missing XML comment for publicly visible type or member 'AutomationResult.GetContributors()' [/app/OSLC4Net_SDK/OSLC4Net.Client/OSLC4Net.Client.csproj]
/app/OSLC4Net_SDK/OSLC4Net.Client/Oslc/Resources/AutomationResult.cs(129,22): warning CS1591: Missing XML comment for publicly visible type or member 'AutomationResult.GetCreated()' [/app/OSLC4Net_SDK/OSLC4Net.Client/OSLC4Net.Client.csproj]
/app/OSLC4Net_SDK/OSLC4Net.Client/Oslc/Resources/AutomationResult.cs(139,18): warning CS1591: Missing XML comment for publicly visible type or member 'AutomationResult.GetCreators()' [/app/OSLC4Net_SDK/OSLC4Net.Client/OSLC4Net.Client.csproj]
/app/OSLC4Net_SDK/OSLC4Net.Client/Oslc/Resources/AutomationResult.cs(150,19): warning CS1591: Missing XML comment for publicly visible type or member 'AutomationResult.GetIdentifier()' [/app/OSLC4Net_SDK/OSLC4Net.Client/OSLC4Net.Client.csproj]
/app/OSLC4Net_SDK/OSLC4Net.Client/Oslc/Resources/AutomationResult.cs(159,16): warning CS1591: Missing XML comment for publicly visible type or member 'AutomationResult.GetInstanceShape()' [/app/OSLC4Net_SDK/OSLC4Net.Client/OSLC4Net.Client.csproj]
/app/OSLC4Net_SDK/OSLC4Net.Client/Oslc/Resources/AutomationResult.cs(168,22): warning CS1591: Missing XML comment for publicly visible type or member 'AutomationResult.GetModified()' [/app/OSLC4Net_SDK/OSLC4Net.Client/OSLC4Net.Client.csproj]
/app/OSLC4Net_SDK/OSLC4Net.Client/Oslc/Resources/AutomationResult.cs(174,18): warning CS1591: Missing XML comment for publicly visible type or member 'AutomationResult.GetRdfTypes()' [/app/OSLC4Net_SDK/OSLC4Net.Client/OSLC4Net.Client.csproj]
/app/OSLC4Net_SDK/OSLC4Net.Client/Oslc/Resources/AutomationResult.cs(183,16): warning CS1591: Missing XML comment for publicly visible type or member 'AutomationResult.GetServiceProvider()' [/app/OSLC4Net_SDK/OSLC4Net.Client/OSLC4Net.Client.csproj]
/app/OSLC4Net_SDK/OSLC4Net.Client/Oslc/Resources/AutomationResult.cs(194,21): warning CS1591: Missing XML comment for publicly visible type or member 'AutomationResult.GetSubjects()' [/app/OSLC4Net_SDK/OSLC4Net.Client/OSLC4Net.Client.csproj]
/app/OSLC4Net_SDK/OSLC4Net.Client/Oslc/Resources/AutomationResult.cs(205,19): warning CS1591: Missing XML comment for publicly visible type or member 'AutomationResult.GetTitle()' [/app/OSLC4Net_SDK/OSLC4Net.Client/OSLC4Net.Client.csproj]
/app/OSLC4Net_SDK/OSLC4Net.Client/Oslc/Resources/AutomationResult.cs(226,18): warning CS1591: Missing XML comment for publicly visible type or member 'AutomationResult.GetStates()' [/app/OSLC4Net_SDK/OSLC4Net.Client/OSLC4Net.Client.csproj]
/app/OSLC4Net_SDK/OSLC4Net.Client/Oslc/Resources/AutomationResult.cs(236,18): warning CS1591: Missing XML comment for publicly visible type or member 'AutomationResult.GetContributions()' [/app/OSLC4Net_SDK/OSLC4Net.Client/OSLC4Net.Client.csproj]
/app/OSLC4Net_SDK/OSLC4Net.Client/Oslc/Resources/AutomationResult.cs(255,18): warning CS1591: Missing XML comment for publicly visible type or member 'AutomationResult.GetVerdicts()' [/app/OSLC4Net_SDK/OSLC4Net.Client/OSLC4Net.Client.csproj]
/app/OSLC4Net_SDK/OSLC4Net.Client/Oslc/Resources/AutomationResult.cs(275,16): warning CS1591: Missing XML comment for publicly visible type or member 'AutomationResult.GetDesiredState()' [/app/OSLC4Net_SDK/OSLC4Net.Client/OSLC4Net.Client.csproj]
/app/OSLC4Net_SDK/OSLC4Net.Client/Oslc/Resources/AutomationResult.cs(285,17): warning CS1591: Missing XML comment for publicly visible type or member 'AutomationResult.GetProducedByAutomationRequest()' [/app/OSLC4Net_SDK/OSLC4Net.Client/OSLC4Net.Client.csproj]
/app/OSLC4Net_SDK/OSLC4Net.Client/Oslc/Resources/AutomationResult.cs(295,17): warning CS1591: Missing XML comment for publicly visible type or member 'AutomationResult.GetReportsOnAutomationPlan()' [/app/OSLC4Net_SDK/OSLC4Net.Client/OSLC4Net.Client.csproj]
/app/OSLC4Net_SDK/OSLC4Net.Client/Oslc/Resources/AutomationResult.cs(307,32): warning CS1591: Missing XML comment for publicly visible type or member 'AutomationResult.GetInputParameters()' [/app/OSLC4Net_SDK/OSLC4Net.Client/OSLC4Net.Client.csproj]
/app/OSLC4Net_SDK/OSLC4Net.Client/Oslc/Resources/AutomationResult.cs(318,32): warning CS1591: Missing XML comment for publicly visible type or member 'AutomationResult.GetOutputParameters()' [/app/OSLC4Net_SDK/OSLC4Net.Client/OSLC4Net.Client.csproj]
/app/OSLC4Net_SDK/OSLC4Net.Client/Oslc/Resources/AutomationResult.cs(323,17): warning CS1591: Missing XML comment for publicly visible type or member 'AutomationResult.setContributors(Uri[])' [/app/OSLC4Net_SDK/OSLC4Net.Client/OSLC4Net.Client.csproj]
/app/OSLC4Net_SDK/OSLC4Net.Client/Oslc/Resources/AutomationResult.cs(333,17): warning CS1591: Missing XML comment for publicly visible type or member 'AutomationResult.setCreated(DateTime?)' [/app/OSLC4Net_SDK/OSLC4Net.Client/OSLC4Net.Client.csproj]
/app/OSLC4Net_SDK/OSLC4Net.Client/Oslc/Resources/AutomationResult.cs(338,17): warning CS1591: Missing XML comment for publicly visible type or member 'AutomationResult.setCreators(Uri[])' [/app/OSLC4Net_SDK/OSLC4Net.Client/OSLC4Net.Client.csproj]
/app/OSLC4Net_SDK/OSLC4Net.Client/Oslc/Resources/AutomationResult.cs(348,17): warning CS1591: Missing XML comment for publicly visible type or member 'AutomationResult.setIdentifier(string)' [/app/OSLC4Net_SDK/OSLC4Net.Client/OSLC4Net.Client.csproj]
/app/OSLC4Net_SDK/OSLC4Net.Client/Oslc/Resources/AutomationResult.cs(353,17): warning CS1591: Missing XML comment for publicly visible type or member 'AutomationResult.setInstanceShape(Uri)' [/app/OSLC4Net_SDK/OSLC4Net.Client/OSLC4Net.Client.csproj]
/app/OSLC4Net_SDK/OSLC4Net.Client/Oslc/Resources/AutomationResult.cs(358,17): warning CS1591: Missing XML comment for publicly visible type or member 'AutomationResult.setModified(DateTime?)' [/app/OSLC4Net_SDK/OSLC4Net.Client/OSLC4Net.Client.csproj]
/app/OSLC4Net_SDK/OSLC4Net.Client/Oslc/Resources/AutomationResult.cs(364,17): warning CS1591: Missing XML comment for publicly visible type or member 'AutomationResult.SetRdfTypes(Uri[])' [/app/OSLC4Net_SDK/OSLC4Net.Client/OSLC4Net.Client.csproj]
/app/OSLC4Net_SDK/OSLC4Net.Client/Oslc/Resources/AutomationResult.cs(369,17): warning CS1591: Missing XML comment for publicly visible type or member 'AutomationResult.setServiceProvider(Uri)' [/app/OSLC4Net_SDK/OSLC4Net.Client/OSLC4Net.Client.csproj]
/app/OSLC4Net_SDK/OSLC4Net.Client/Oslc/Resources/AutomationResult.cs(374,17): warning CS1591: Missing XML comment for publicly visible type or member 'AutomationResult.setSubjects(string[])' [/app/OSLC4Net_SDK/OSLC4Net.Client/OSLC4Net.Client.csproj]
/app/OSLC4Net_SDK/OSLC4Net.Client/Oslc/Resources/AutomationResult.cs(384,17): warning CS1591: Missing XML comment for publicly visible type or member 'AutomationResult.setTitle(string)' [/app/OSLC4Net_SDK/OSLC4Net.Client/OSLC4Net.Client.csproj]
/app/OSLC4Net_SDK/OSLC4Net.Client/Oslc/Resources/AutomationResult.cs(389,17): warning CS1591: Missing XML comment for publicly visible type or member 'AutomationResult.setStates(Uri[])' [/app/OSLC4Net_SDK/OSLC4Net.Client/OSLC4Net.Client.csproj]
/app/OSLC4Net_SDK/OSLC4Net.Client/Oslc/Resources/AutomationResult.cs(399,17): warning CS1591: Missing XML comment for publicly visible type or member 'AutomationResult.setVerdicts(Uri[])' [/app/OSLC4Net_SDK/OSLC4Net.Client/OSLC4Net.Client.csproj]
/app/OSLC4Net_SDK/OSLC4Net.Client/Oslc/Resources/AutomationResult.cs(409,17): warning CS1591: Missing XML comment for publicly visible type or member 'AutomationResult.setContributions(Uri[])' [/app/OSLC4Net_SDK/OSLC4Net.Client/OSLC4Net.Client.csproj]
/app/OSLC4Net_SDK/OSLC4Net.Client/Oslc/Resources/AutomationResult.cs(419,17): warning CS1591: Missing XML comment for publicly visible type or member 'AutomationResult.setDesiredState(Uri)' [/app/OSLC4Net_SDK/OSLC4Net.Client/OSLC4Net.Client.csproj]
/app/OSLC4Net_SDK/OSLC4Net.Client/Oslc/Resources/AutomationResult.cs(424,17): warning CS1591: Missing XML comment for publicly visible type or member 'AutomationResult.setProducedByAutomationRequest(Link)' [/app/OSLC4Net_SDK/OSLC4Net.Client/OSLC4Net.Client.csproj]
/app/OSLC4Net_SDK/OSLC4Net.Client/Oslc/Resources/AutomationResult.cs(429,17): warning CS1591: Missing XML comment for publicly visible type or member 'AutomationResult.setReportsOnAutomationPlan(Link)' [/app/OSLC4Net_SDK/OSLC4Net.Client/OSLC4Net.Client.csproj]
/app/OSLC4Net_SDK/OSLC4Net.Client/Oslc/Resources/AutomationResult.cs(434,17): warning CS1591: Missing XML comment for publicly visible type or member 'AutomationResult.setInputParameters(ParameterInstance[])' [/app/OSLC4Net_SDK/OSLC4Net.Client/OSLC4Net.Client.csproj]
/app/OSLC4Net_SDK/OSLC4Net.Client/Oslc/Resources/AutomationResult.cs(444,17): warning CS1591: Missing XML comment for publicly visible type or member 'AutomationResult.setOutputParameters(ParameterInstance[])' [/app/OSLC4Net_SDK/OSLC4Net.Client/OSLC4Net.Client.csproj]
/app/OSLC4Net_SDK/OSLC4Net.Client/Oslc/Resources/ChangeRequest.cs(25,14): warning CS1591: Missing XML comment for publicly visible type or member 'ChangeRequest' [/app/OSLC4Net_SDK/OSLC4Net.Client/OSLC4Net.Client.csproj]
/app/OSLC4Net_SDK/OSLC4Net.Client/Oslc/Resources/ChangeRequest.cs(68,12): warning CS1591: Missing XML comment for publicly visible type or member 'ChangeRequest.ChangeRequest()' [/app/OSLC4Net_SDK/OSLC4Net.Client/OSLC4Net.Client.csproj]
/app/OSLC4Net_SDK/OSLC4Net.Client/Oslc/Resources/ChangeRequest.cs(73,12): warning CS1591: Missing XML comment for publicly visible type or member 'ChangeRequest.ChangeRequest(Uri)' [/app/OSLC4Net_SDK/OSLC4Net.Client/OSLC4Net.Client.csproj]
/app/OSLC4Net_SDK/OSLC4Net.Client/Oslc/Resources/ChangeRequest.cs(78,17): warning CS1591: Missing XML comment for publicly visible type or member 'ChangeRequest.AddAffectedByDefect(Link)' [/app/OSLC4Net_SDK/OSLC4Net.Client/OSLC4Net.Client.csproj]
/app/OSLC4Net_SDK/OSLC4Net.Client/Oslc/Resources/ChangeRequest.cs(83,17): warning CS1591: Missing XML comment for publicly visible type or member 'ChangeRequest.AddAffectsPlanItem(Link)' [/app/OSLC4Net_SDK/OSLC4Net.Client/OSLC4Net.Client.csproj]
/app/OSLC4Net_SDK/OSLC4Net.Client/Oslc/Resources/ChangeRequest.cs(88,17): warning CS1591: Missing XML comment for publicly visible type or member 'ChangeRequest.AddAffectsRequirement(Link)' [/app/OSLC4Net_SDK/OSLC4Net.Client/OSLC4Net.Client.csproj]
/app/OSLC4Net_SDK/OSLC4Net.Client/Oslc/Resources/ChangeRequest.cs(93,17): warning CS1591: Missing XML comment for publicly visible type or member 'ChangeRequest.AddAffectsTestResult(Link)' [/app/OSLC4Net_SDK/OSLC4Net.Client/OSLC4Net.Client.csproj]
/app/OSLC4Net_SDK/OSLC4Net.Client/Oslc/Resources/ChangeRequest.cs(98,17): warning CS1591: Missing XML comment for publicly visible type or member 'ChangeRequest.AddBlocksTestExecutionRecord(Link)' [/app/OSLC4Net_SDK/OSLC4Net.Client/OSLC4Net.Client.csproj]
/app/OSLC4Net_SDK/OSLC4Net.Client/Oslc/Resources/ChangeRequest.cs(103,17): warning CS1591: Missing XML comment for publicly visible type or member 'ChangeRequest.AddContributor(Uri)' [/app/OSLC4Net_SDK/OSLC4Net.Client/OSLC4Net.Client.csproj]
/app/OSLC4Net_SDK/OSLC4Net.Client/Oslc/Resources/ChangeRequest.cs(108,17): warning CS1591: Missing XML comment for publicly visible type or member 'ChangeRequest.AddCreator(Uri)' [/app/OSLC4Net_SDK/OSLC4Net.Client/OSLC4Net.Client.csproj]
/app/OSLC4Net_SDK/OSLC4Net.Client/Oslc/Resources/ChangeRequest.cs(113,17): warning CS1591: Missing XML comment for publicly visible type or member 'ChangeRequest.AddDctermsType(string)' [/app/OSLC4Net_SDK/OSLC4Net.Client/OSLC4Net.Client.csproj]
/app/OSLC4Net_SDK/OSLC4Net.Client/Oslc/Resources/ChangeRequest.cs(118,17): warning CS1591: Missing XML comment for publicly visible type or member 'ChangeRequest.AddImplementsRequirement(Link)' [/app/OSLC4Net_SDK/OSLC4Net.Client/OSLC4Net.Client.csproj]
/app/OSLC4Net_SDK/OSLC4Net.Client/Oslc/Resources/ChangeRequest.cs(124,17): warning CS1591: Missing XML comment for publicly visible type or member 'ChangeRequest.AddRdfType(Uri)' [/app/OSLC4Net_SDK/OSLC4Net.Client/OSLC4Net.Client.csproj]
/app/OSLC4Net_SDK/OSLC4Net.Client/Oslc/Resources/ChangeRequest.cs(129,17): warning CS1591: Missing XML comment for publicly visible type or member 'ChangeRequest.AddRelatedChangeRequest(Link)' [/app/OSLC4Net_SDK/OSLC4Net.Client/OSLC4Net.Client.csproj]
/app/OSLC4Net_SDK/OSLC4Net.Client/Oslc/Resources/ChangeRequest.cs(134,17): warning CS1591: Missing XML comment for publicly visible type or member 'ChangeRequest.AddRelatedResource(Link)' [/app/OSLC4Net_SDK/OSLC4Net.Client/OSLC4Net.Client.csproj]
/app/OSLC4Net_SDK/OSLC4Net.Client/Oslc/Resources/ChangeRequest.cs(139,17): warning CS1591: Missing XML comment for publicly visible type or member 'ChangeRequest.AddRelatedTestCase(Link)' [/app/OSLC4Net_SDK/OSLC4Net.Client/OSLC4Net.Client.csproj]
/app/OSLC4Net_SDK/OSLC4Net.Client/Oslc/Resources/ChangeRequest.cs(144,17): warning CS1591: Missing XML comment for publicly visible type or member 'ChangeRequest.AddRelatedTestExecutionRecord(Link)' [/app/OSLC4Net_SDK/OSLC4Net.Client/OSLC4Net.Client.csproj]
/app/OSLC4Net_SDK/OSLC4Net.Client/Oslc/Resources/ChangeRequest.cs(149,17): warning CS1591: Missing XML comment for publicly visible type or member 'ChangeRequest.AddRelatedTestPlan(Link)' [/app/OSLC4Net_SDK/OSLC4Net.Client/OSLC4Net.Client.csproj]
/app/OSLC4Net_SDK/OSLC4Net.Client/Oslc/Resources/ChangeRequest.cs(154,17): warning CS1591: Missing XML comment for publicly visible type or member 'ChangeRequest.AddRelatedTestScript(Link)' [/app/OSLC4Net_SDK/OSLC4Net.Client/OSLC4Net.Client.csproj]
/app/OSLC4Net_SDK/OSLC4Net.Client/Oslc/Resources/ChangeRequest.cs(159,17): warning CS1591: Missing XML comment for publicly visible type or member 'ChangeRequest.AddSubject(string)' [/app/OSLC4Net_SDK/OSLC4Net.Client/OSLC4Net.Client.csproj]
/app/OSLC4Net_SDK/OSLC4Net.Client/Oslc/Resources/ChangeRequest.cs(164,17): warning CS1591: Missing XML comment for publicly visible type or member 'ChangeRequest.AddTestedByTestCase(Link)' [/app/OSLC4Net_SDK/OSLC4Net.Client/OSLC4Net.Client.csproj]
/app/OSLC4Net_SDK/OSLC4Net.Client/Oslc/Resources/ChangeRequest.cs(169,17): warning CS1591: Missing XML comment for publicly visible type or member 'ChangeRequest.AddTracksChangeSet(Link)' [/app/OSLC4Net_SDK/OSLC4Net.Client/OSLC4Net.Client.csproj]
/app/OSLC4Net_SDK/OSLC4Net.Client/Oslc/Resources/ChangeRequest.cs(174,17): warning CS1591: Missing XML comment for publicly visible type or member 'ChangeRequest.AddTracksRequirement(Link)' [/app/OSLC4Net_SDK/OSLC4Net.Client/OSLC4Net.Client.csproj]
/app/OSLC4Net_SDK/OSLC4Net.Client/Oslc/Resources/ChangeRequest.cs(185,19): warning CS1591: Missing XML comment for publicly visible type or member 'ChangeRequest.GetAffectedByDefects()' [/app/OSLC4Net_SDK/OSLC4Net.Client/OSLC4Net.Client.csproj]
/app/OSLC4Net_SDK/OSLC4Net.Client/Oslc/Resources/ChangeRequest.cs(196,19): warning CS1591: Missing XML comment for publicly visible type or member 'ChangeRequest.GetAffectsPlanItems()' [/app/OSLC4Net_SDK/OSLC4Net.Client/OSLC4Net.Client.csproj]
/app/OSLC4Net_SDK/OSLC4Net.Client/Oslc/Resources/ChangeRequest.cs(207,19): warning CS1591: Missing XML comment for publicly visible type or member 'ChangeRequest.GetAffectsRequirements()' [/app/OSLC4Net_SDK/OSLC4Net.Client/OSLC4Net.Client.csproj]
/app/OSLC4Net_SDK/OSLC4Net.Client/Oslc/Resources/ChangeRequest.cs(218,19): warning CS1591: Missing XML comment for publicly visible type or member 'ChangeRequest.GetAffectsTestResults()' [/app/OSLC4Net_SDK/OSLC4Net.Client/OSLC4Net.Client.csproj]
/app/OSLC4Net_SDK/OSLC4Net.Client/Oslc/Resources/ChangeRequest.cs(229,19): warning CS1591: Missing XML comment for publicly visible type or member 'ChangeRequest.GetBlocksTestExecutionRecords()' [/app/OSLC4Net_SDK/OSLC4Net.Client/OSLC4Net.Client.csproj]
/app/OSLC4Net_SDK/OSLC4Net.Client/Oslc/Resources/ChangeRequest.cs(238,22): warning CS1591: Missing XML comment for publicly visible type or member 'ChangeRequest.GetCloseDate()' [/app/OSLC4Net_SDK/OSLC4Net.Client/OSLC4Net.Client.csproj]
/app/OSLC4Net_SDK/OSLC4Net.Client/Oslc/Resources/ChangeRequest.cs(248,18): warning CS1591: Missing XML comment for publicly visible type or member 'ChangeRequest.GetContributors()' [/app/OSLC4Net_SDK/OSLC4Net.Client/OSLC4Net.Client.csproj]
/app/OSLC4Net_SDK/OSLC4Net.Client/Oslc/Resources/ChangeRequest.cs(257,22): warning CS1591: Missing XML comment for publicly visible type or member 'ChangeRequest.GetCreated()' [/app/OSLC4Net_SDK/OSLC4Net.Client/OSLC4Net.Client.csproj]
/app/OSLC4Net_SDK/OSLC4Net.Client/Oslc/Resources/ChangeRequest.cs(267,18): warning CS1591: Missing XML comment for publicly visible type or member 'ChangeRequest.GetCreators()' [/app/OSLC4Net_SDK/OSLC4Net.Client/OSLC4Net.Client.csproj]
/app/OSLC4Net_SDK/OSLC4Net.Client/Oslc/Resources/ChangeRequest.cs(277,21): warning CS1591: Missing XML comment for publicly visible type or member 'ChangeRequest.GetDctermsTypes()' [/app/OSLC4Net_SDK/OSLC4Net.Client/OSLC4Net.Client.csproj]
/app/OSLC4Net_SDK/OSLC4Net.Client/Oslc/Resources/ChangeRequest.cs(287,19): warning CS1591: Missing XML comment for publicly visible type or member 'ChangeRequest.GetDescription()' [/app/OSLC4Net_SDK/OSLC4Net.Client/OSLC4Net.Client.csproj]
/app/OSLC4Net_SDK/OSLC4Net.Client/Oslc/Resources/ChangeRequest.cs(296,16): warning CS1591: Missing XML comment for publicly visible type or member 'ChangeRequest.GetDiscussedBy()' [/app/OSLC4Net_SDK/OSLC4Net.Client/OSLC4Net.Client.csproj]
/app/OSLC4Net_SDK/OSLC4Net.Client/Oslc/Resources/ChangeRequest.cs(307,19): warning CS1591: Missing XML comment for publicly visible type or member 'ChangeRequest.GetIdentifier()' [/app/OSLC4Net_SDK/OSLC4Net.Client/OSLC4Net.Client.csproj]
/app/OSLC4Net_SDK/OSLC4Net.Client/Oslc/Resources/ChangeRequest.cs(318,19): warning CS1591: Missing XML comment for publicly visible type or member 'ChangeRequest.GetImplementsRequirements()' [/app/OSLC4Net_SDK/OSLC4Net.Client/OSLC4Net.Client.csproj]
/app/OSLC4Net_SDK/OSLC4Net.Client/Oslc/Resources/ChangeRequest.cs(327,16): warning CS1591: Missing XML comment for publicly visible type or member 'ChangeRequest.GetInstanceShape()' [/app/OSLC4Net_SDK/OSLC4Net.Client/OSLC4Net.Client.csproj]
/app/OSLC4Net_SDK/OSLC4Net.Client/Oslc/Resources/ChangeRequest.cs(336,22): warning CS1591: Missing XML comment for publicly visible type or member 'ChangeRequest.GetModified()' [/app/OSLC4Net_SDK/OSLC4Net.Client/OSLC4Net.Client.csproj]
/app/OSLC4Net_SDK/OSLC4Net.Client/Oslc/Resources/ChangeRequest.cs(342,18): warning CS1591: Missing XML comment for publicly visible type or member 'ChangeRequest.GetRdfTypes()' [/app/OSLC4Net_SDK/OSLC4Net.Client/OSLC4Net.Client.csproj]
/app/OSLC4Net_SDK/OSLC4Net.Client/Oslc/Resources/ChangeRequest.cs(353,19): warning CS1591: Missing XML comment for publicly visible type or member 'ChangeRequest.GetRelatedChangeRequests()' [/app/OSLC4Net_SDK/OSLC4Net.Client/OSLC4Net.Client.csproj]
/app/OSLC4Net_SDK/OSLC4Net.Client/Oslc/Resources/ChangeRequest.cs(362,19): warning CS1591: Missing XML comment for publicly visible type or member 'ChangeRequest.GetRelatedResources()' [/app/OSLC4Net_SDK/OSLC4Net.Client/OSLC4Net.Client.csproj]
/app/OSLC4Net_SDK/OSLC4Net.Client/Oslc/Resources/ChangeRequest.cs(373,19): warning CS1591: Missing XML comment for publicly visible type or member 'ChangeRequest.GetRelatedTestCases()' [/app/OSLC4Net_SDK/OSLC4Net.Client/OSLC4Net.Client.csproj]
/app/OSLC4Net_SDK/OSLC4Net.Client/Oslc/Resources/ChangeRequest.cs(384,19): warning CS1591: Missing XML comment for publicly visible type or member 'ChangeRequest.GetRelatedTestExecutionRecords()' [/app/OSLC4Net_SDK/OSLC4Net.Client/OSLC4Net.Client.csproj]
/app/OSLC4Net_SDK/OSLC4Net.Client/Oslc/Resources/ChangeRequest.cs(395,19): warning CS1591: Missing XML comment for publicly visible type or member 'ChangeRequest.GetRelatedTestPlans()' [/app/OSLC4Net_SDK/OSLC4Net.Client/OSLC4Net.Client.csproj]
/app/OSLC4Net_SDK/OSLC4Net.Client/Oslc/Resources/ChangeRequest.cs(406,19): warning CS1591: Missing XML comment for publicly visible type or member 'ChangeRequest.GetRelatedTestScripts()' [/app/OSLC4Net_SDK/OSLC4Net.Client/OSLC4Net.Client.csproj]
/app/OSLC4Net_SDK/OSLC4Net.Client/Oslc/Resources/ChangeRequest.cs(415,16): warning CS1591: Missing XML comment for publicly visible type or member 'ChangeRequest.GetServiceProvider()' [/app/OSLC4Net_SDK/OSLC4Net.Client/OSLC4Net.Client.csproj]
/app/OSLC4Net_SDK/OSLC4Net.Client/Oslc/Resources/ChangeRequest.cs(425,19): warning CS1591: Missing XML comment for publicly visible type or member 'ChangeRequest.GetShortTitle()' [/app/OSLC4Net_SDK/OSLC4Net.Client/OSLC4Net.Client.csproj]
/app/OSLC4Net_SDK/OSLC4Net.Client/Oslc/Resources/ChangeRequest.cs(434,19): warning CS1591: Missing XML comment for publicly visible type or member 'ChangeRequest.GetStatus()' [/app/OSLC4Net_SDK/OSLC4Net.Client/OSLC4Net.Client.csproj]
/app/OSLC4Net_SDK/OSLC4Net.Client/Oslc/Resources/ChangeRequest.cs(445,21): warning CS1591: Missing XML comment for publicly visible type or member 'ChangeRequest.GetSubjects()' [/app/OSLC4Net_SDK/OSLC4Net.Client/OSLC4Net.Client.csproj]
/app/OSLC4Net_SDK/OSLC4Net.Client/Oslc/Resources/ChangeRequest.cs(456,19): warning CS1591: Missing XML comment for publicly visible type or member 'ChangeRequest.GetTestedByTestCases()' [/app/OSLC4Net_SDK/OSLC4Net.Client/OSLC4Net.Client.csproj]
/app/OSLC4Net_SDK/OSLC4Net.Client/Oslc/Resources/ChangeRequest.cs(467,19): warning CS1591: Missing XML comment for publicly visible type or member 'ChangeRequest.GetTitle()' [/app/OSLC4Net_SDK/OSLC4Net.Client/OSLC4Net.Client.csproj]
/app/OSLC4Net_SDK/OSLC4Net.Client/Oslc/Resources/ChangeRequest.cs(478,19): warning CS1591: Missing XML comment for publicly visible type or member 'ChangeRequest.GetTracksChangeSets()' [/app/OSLC4Net_SDK/OSLC4Net.Client/OSLC4Net.Client.csproj]
/app/OSLC4Net_SDK/OSLC4Net.Client/Oslc/Resources/ChangeRequest.cs(489,19): warning CS1591: Missing XML comment for publicly visible type or member 'ChangeRequest.GetTracksRequirements()' [/app/OSLC4Net_SDK/OSLC4Net.Client/OSLC4Net.Client.csproj]
/app/OSLC4Net_SDK/OSLC4Net.Client/Oslc/Resources/ChangeRequest.cs(498,17): warning CS1591: Missing XML comment for publicly visible type or member 'ChangeRequest.isApproved()' [/app/OSLC4Net_SDK/OSLC4Net.Client/OSLC4Net.Client.csproj]
/app/OSLC4Net_SDK/OSLC4Net.Client/Oslc/Resources/ChangeRequest.cs(508,17): warning CS1591: Missing XML comment for publicly visible type or member 'ChangeRequest.isClosed()' [/app/OSLC4Net_SDK/OSLC4Net.Client/OSLC4Net.Client.csproj]
/app/OSLC4Net_SDK/OSLC4Net.Client/Oslc/Resources/ChangeRequest.cs(517,17): warning CS1591: Missing XML comment for publicly visible type or member 'ChangeRequest.isFixed()' [/app/OSLC4Net_SDK/OSLC4Net.Client/OSLC4Net.Client.csproj]
/app/OSLC4Net_SDK/OSLC4Net.Client/Oslc/Resources/ChangeRequest.cs(528,17): warning CS1591: Missing XML comment for publicly visible type or member 'ChangeRequest.isInProgress()' [/app/OSLC4Net_SDK/OSLC4Net.Client/OSLC4Net.Client.csproj]
/app/OSLC4Net_SDK/OSLC4Net.Client/Oslc/Resources/ChangeRequest.cs(537,17): warning CS1591: Missing XML comment for publicly visible type or member 'ChangeRequest.isReviewed()' [/app/OSLC4Net_SDK/OSLC4Net.Client/OSLC4Net.Client.csproj]
/app/OSLC4Net_SDK/OSLC4Net.Client/Oslc/Resources/ChangeRequest.cs(546,17): warning CS1591: Missing XML comment for publicly visible type or member 'ChangeRequest.isVerified()' [/app/OSLC4Net_SDK/OSLC4Net.Client/OSLC4Net.Client.csproj]
/app/OSLC4Net_SDK/OSLC4Net.Client/Oslc/Resources/ChangeRequest.cs(551,17): warning CS1591: Missing XML comment for publicly visible type or member 'ChangeRequest.SetAffectedByDefects(Link[])' [/app/OSLC4Net_SDK/OSLC4Net.Client/OSLC4Net.Client.csproj]
/app/OSLC4Net_SDK/OSLC4Net.Client/Oslc/Resources/ChangeRequest.cs(561,17): warning CS1591: Missing XML comment for publicly visible type or member 'ChangeRequest.SetAffectsPlanItems(Link[])' [/app/OSLC4Net_SDK/OSLC4Net.Client/OSLC4Net.Client.csproj]
/app/OSLC4Net_SDK/OSLC4Net.Client/Oslc/Resources/ChangeRequest.cs(571,17): warning CS1591: Missing XML comment for publicly visible type or member 'ChangeRequest.SetAffectsRequirements(Link[])' [/app/OSLC4Net_SDK/OSLC4Net.Client/OSLC4Net.Client.csproj]
/app/OSLC4Net_SDK/OSLC4Net.Client/Oslc/Resources/ChangeRequest.cs(581,17): warning CS1591: Missing XML comment for publicly visible type or member 'ChangeRequest.SetAffectsTestResults(Link[])' [/app/OSLC4Net_SDK/OSLC4Net.Client/OSLC4Net.Client.csproj]
/app/OSLC4Net_SDK/OSLC4Net.Client/Oslc/Resources/ChangeRequest.cs(591,17): warning CS1591: Missing XML comment for publicly visible type or member 'ChangeRequest.SetApproved(bool)' [/app/OSLC4Net_SDK/OSLC4Net.Client/OSLC4Net.Client.csproj]
/app/OSLC4Net_SDK/OSLC4Net.Client/Oslc/Resources/ChangeRequest.cs(596,17): warning CS1591: Missing XML comment for publicly visible type or member 'ChangeRequest.SetBlocksTestExecutionRecords(Link[])' [/app/OSLC4Net_SDK/OSLC4Net.Client/OSLC4Net.Client.csproj]
/app/OSLC4Net_SDK/OSLC4Net.Client/Oslc/Resources/ChangeRequest.cs(606,17): warning CS1591: Missing XML comment for publicly visible type or member 'ChangeRequest.SetClosed(bool)' [/app/OSLC4Net_SDK/OSLC4Net.Client/OSLC4Net.Client.csproj]
/app/OSLC4Net_SDK/OSLC4Net.Client/Oslc/Resources/ChangeRequest.cs(611,17): warning CS1591: Missing XML comment for publicly visible type or member 'ChangeRequest.SetCloseDate(DateTime?)' [/app/OSLC4Net_SDK/OSLC4Net.Client/OSLC4Net.Client.csproj]
/app/OSLC4Net_SDK/OSLC4Net.Client/Oslc/Resources/ChangeRequest.cs(616,17): warning CS1591: Missing XML comment for publicly visible type or member 'ChangeRequest.SetContributors(Uri[])' [/app/OSLC4Net_SDK/OSLC4Net.Client/OSLC4Net.Client.csproj]
/app/OSLC4Net_SDK/OSLC4Net.Client/Oslc/Resources/ChangeRequest.cs(626,17): warning CS1591: Missing XML comment for publicly visible type or member 'ChangeRequest.SetCreated(DateTime?)' [/app/OSLC4Net_SDK/OSLC4Net.Client/OSLC4Net.Client.csproj]
/app/OSLC4Net_SDK/OSLC4Net.Client/Oslc/Resources/ChangeRequest.cs(631,17): warning CS1591: Missing XML comment for publicly visible type or member 'ChangeRequest.SetCreators(Uri[])' [/app/OSLC4Net_SDK/OSLC4Net.Client/OSLC4Net.Client.csproj]
/app/OSLC4Net_SDK/OSLC4Net.Client/Oslc/Resources/ChangeRequest.cs(641,17): warning CS1591: Missing XML comment for publicly visible type or member 'ChangeRequest.SetDctermsTypes(string[])' [/app/OSLC4Net_SDK/OSLC4Net.Client/OSLC4Net.Client.csproj]
/app/OSLC4Net_SDK/OSLC4Net.Client/Oslc/Resources/ChangeRequest.cs(651,17): warning CS1591: Missing XML comment for publicly visible type or member 'ChangeRequest.SetDescription(string)' [/app/OSLC4Net_SDK/OSLC4Net.Client/OSLC4Net.Client.csproj]
/app/OSLC4Net_SDK/OSLC4Net.Client/Oslc/Resources/ChangeRequest.cs(656,17): warning CS1591: Missing XML comment for publicly visible type or member 'ChangeRequest.SetDiscussedBy(Uri)' [/app/OSLC4Net_SDK/OSLC4Net.Client/OSLC4Net.Client.csproj]
/app/OSLC4Net_SDK/OSLC4Net.Client/Oslc/Resources/ChangeRequest.cs(661,17): warning CS1591: Missing XML comment for publicly visible type or member 'ChangeRequest.SetFixed(bool)' [/app/OSLC4Net_SDK/OSLC4Net.Client/OSLC4Net.Client.csproj]
/app/OSLC4Net_SDK/OSLC4Net.Client/Oslc/Resources/ChangeRequest.cs(666,17): warning CS1591: Missing XML comment for publicly visible type or member 'ChangeRequest.SetIdentifier(string)' [/app/OSLC4Net_SDK/OSLC4Net.Client/OSLC4Net.Client.csproj]
/app/OSLC4Net_SDK/OSLC4Net.Client/Oslc/Resources/ChangeRequest.cs(671,17): warning CS1591: Missing XML comment for publicly visible type or member 'ChangeRequest.SetImplementsRequirements(Link[])' [/app/OSLC4Net_SDK/OSLC4Net.Client/OSLC4Net.Client.csproj]
/app/OSLC4Net_SDK/OSLC4Net.Client/Oslc/Resources/ChangeRequest.cs(681,17): warning CS1591: Missing XML comment for publicly visible type or member 'ChangeRequest.SetInProgress(bool)' [/app/OSLC4Net_SDK/OSLC4Net.Client/OSLC4Net.Client.csproj]
/app/OSLC4Net_SDK/OSLC4Net.Client/Oslc/Resources/ChangeRequest.cs(686,17): warning CS1591: Missing XML comment for publicly visible type or member 'ChangeRequest.SetInstanceShape(Uri)' [/app/OSLC4Net_SDK/OSLC4Net.Client/OSLC4Net.Client.csproj]
/app/OSLC4Net_SDK/OSLC4Net.Client/Oslc/Resources/ChangeRequest.cs(691,17): warning CS1591: Missing XML comment for publicly visible type or member 'ChangeRequest.SetModified(DateTime?)' [/app/OSLC4Net_SDK/OSLC4Net.Client/OSLC4Net.Client.csproj]
/app/OSLC4Net_SDK/OSLC4Net.Client/Oslc/Resources/ChangeRequest.cs(697,17): warning CS1591: Missing XML comment for publicly visible type or member 'ChangeRequest.SetRdfTypes(Uri[])' [/app/OSLC4Net_SDK/OSLC4Net.Client/OSLC4Net.Client.csproj]
/app/OSLC4Net_SDK/OSLC4Net.Client/Oslc/Resources/ChangeRequest.cs(702,17): warning CS1591: Missing XML comment for publicly visible type or member 'ChangeRequest.SetRelatedChangeRequests(Link[])' [/app/OSLC4Net_SDK/OSLC4Net.Client/OSLC4Net.Client.csproj]
/app/OSLC4Net_SDK/OSLC4Net.Client/Oslc/Resources/ChangeRequest.cs(712,17): warning CS1591: Missing XML comment for publicly visible type or member 'ChangeRequest.SetRelatedResources(Link[])' [/app/OSLC4Net_SDK/OSLC4Net.Client/OSLC4Net.Client.csproj]
/app/OSLC4Net_SDK/OSLC4Net.Client/Oslc/Resources/ChangeRequest.cs(722,17): warning CS1591: Missing XML comment for publicly visible type or member 'ChangeRequest.SetRelatedTestCases(Link[])' [/app/OSLC4Net_SDK/OSLC4Net.Client/OSLC4Net.Client.csproj]
/app/OSLC4Net_SDK/OSLC4Net.Client/Oslc/Resources/ChangeRequest.cs(732,17): warning CS1591: Missing XML comment for publicly visible type or member 'ChangeRequest.SetRelatedTestExecutionRecords(Link[])' [/app/OSLC4Net_SDK/OSLC4Net.Client/OSLC4Net.Client.csproj]
/app/OSLC4Net_SDK/OSLC4Net.Client/Oslc/Resources/ChangeRequest.cs(742,17): warning CS1591: Missing XML comment for publicly visible type or member 'ChangeRequest.SetRelatedTestPlans(Link[])' [/app/OSLC4Net_SDK/OSLC4Net.Client/OSLC4Net.Client.csproj]
/app/OSLC4Net_SDK/OSLC4Net.Client/Oslc/Resources/ChangeRequest.cs(752,17): warning CS1591: Missing XML comment for publicly visible type or member 'ChangeRequest.SetRelatedTestScripts(Link[])' [/app/OSLC4Net_SDK/OSLC4Net.Client/OSLC4Net.Client.csproj]
/app/OSLC4Net_SDK/OSLC4Net.Client/Oslc/Resources/ChangeRequest.cs(762,17): warning CS1591: Missing XML comment for publicly visible type or member 'ChangeRequest.SetReviewed(bool)' [/app/OSLC4Net_SDK/OSLC4Net.Client/OSLC4Net.Client.csproj]
/app/OSLC4Net_SDK/OSLC4Net.Client/Oslc/Resources/ChangeRequest.cs(767,17): warning CS1591: Missing XML comment for publicly visible type or member 'ChangeRequest.SetServiceProvider(Uri)' [/app/OSLC4Net_SDK/OSLC4Net.Client/OSLC4Net.Client.csproj]
/app/OSLC4Net_SDK/OSLC4Net.Client/Oslc/Resources/ChangeRequest.cs(772,17): warning CS1591: Missing XML comment for publicly visible type or member 'ChangeRequest.SetShortTitle(string)' [/app/OSLC4Net_SDK/OSLC4Net.Client/OSLC4Net.Client.csproj]
/app/OSLC4Net_SDK/OSLC4Net.Client/Oslc/Resources/ChangeRequest.cs(777,17): warning CS1591: Missing XML comment for publicly visible type or member 'ChangeRequest.SetStatus(string)' [/app/OSLC4Net_SDK/OSLC4Net.Client/OSLC4Net.Client.csproj]
/app/OSLC4Net_SDK/OSLC4Net.Client/Oslc/Resources/ChangeRequest.cs(782,17): warning CS1591: Missing XML comment for publicly visible type or member 'ChangeRequest.SetSubjects(string[])' [/app/OSLC4Net_SDK/OSLC4Net.Client/OSLC4Net.Client.csproj]
/app/OSLC4Net_SDK/OSLC4Net.Client/Oslc/Resources/ChangeRequest.cs(792,17): warning CS1591: Missing XML comment for publicly visible type or member 'ChangeRequest.SetTestedByTestCases(Link[])' [/app/OSLC4Net_SDK/OSLC4Net.Client/OSLC4Net.Client.csproj]
/app/OSLC4Net_SDK/OSLC4Net.Client/Oslc/Resources/ChangeRequest.cs(802,17): warning CS1591: Missing XML comment for publicly visible type or member 'ChangeRequest.SetTitle(string)' [/app/OSLC4Net_SDK/OSLC4Net.Client/OSLC4Net.Client.csproj]
/app/OSLC4Net_SDK/OSLC4Net.Client/Oslc/Resources/ChangeRequest.cs(807,17): warning CS1591: Missing XML comment for publicly visible type or member 'ChangeRequest.SetTracksChangeSets(Link[])' [/app/OSLC4Net_SDK/OSLC4Net.Client/OSLC4Net.Client.csproj]
/app/OSLC4Net_SDK/OSLC4Net.Client/Oslc/Resources/ChangeRequest.cs(817,17): warning CS1591: Missing XML comment for publicly visible type or member 'ChangeRequest.SetTracksRequirements(Link[])' [/app/OSLC4Net_SDK/OSLC4Net.Client/OSLC4Net.Client.csproj]
/app/OSLC4Net_SDK/OSLC4Net.Client/Oslc/Resources/ChangeRequest.cs(827,17): warning CS1591: Missing XML comment for publicly visible type or member 'ChangeRequest.SetVerified(bool)' [/app/OSLC4Net_SDK/OSLC4Net.Client/OSLC4Net.Client.csproj]
/app/OSLC4Net_SDK/OSLC4Net.Client/Oslc/Resources/CmConstants.cs(20,21): warning CS1591: Missing XML comment for publicly visible type or member 'CmConstants' [/app/OSLC4Net_SDK/OSLC4Net.Client/OSLC4Net.Client.csproj]
/app/OSLC4Net_SDK/OSLC4Net.Client/Oslc/Resources/CmConstants.cs(22,25): warning CS1591: Missing XML comment for publicly visible type or member 'CmConstants.CHANGE_MANAGEMENT_DOMAIN' [/app/OSLC4Net_SDK/OSLC4Net.Client/OSLC4Net.Client.csproj]
/app/OSLC4Net_SDK/OSLC4Net.Client/Oslc/Resources/CmConstants.cs(23,25): warning CS1591: Missing XML comment for publicly visible type or member 'CmConstants.CHANGE_MANAGEMENT_NAMESPACE' [/app/OSLC4Net_SDK/OSLC4Net.Client/OSLC4Net.Client.csproj]
/app/OSLC4Net_SDK/OSLC4Net.Client/Oslc/Resources/CmConstants.cs(24,25): warning CS1591: Missing XML comment for publicly visible type or member 'CmConstants.CHANGE_MANAGEMENT_NAMESPACE_PREFIX' [/app/OSLC4Net_SDK/OSLC4Net.Client/OSLC4Net.Client.csproj]
/app/OSLC4Net_SDK/OSLC4Net.Client/Oslc/Resources/CmConstants.cs(25,25): warning CS1591: Missing XML comment for publicly visible type or member 'CmConstants.FOAF_NAMESPACE' [/app/OSLC4Net_SDK/OSLC4Net.Client/OSLC4Net.Client.csproj]
/app/OSLC4Net_SDK/OSLC4Net.Client/Oslc/Resources/CmConstants.cs(26,25): warning CS1591: Missing XML comment for publicly visible type or member 'CmConstants.FOAF_NAMESPACE_PREFIX' [/app/OSLC4Net_SDK/OSLC4Net.Client/OSLC4Net.Client.csproj]
/app/OSLC4Net_SDK/OSLC4Net.Client/Oslc/Resources/CmConstants.cs(27,25): warning CS1591: Missing XML comment for publicly visible type or member 'CmConstants.QUALITY_MANAGEMENT_NAMESPACE' [/app/OSLC4Net_SDK/OSLC4Net.Client/OSLC4Net.Client.csproj]
/app/OSLC4Net_SDK/OSLC4Net.Client/Oslc/Resources/CmConstants.cs(28,25): warning CS1591: Missing XML comment for publicly visible type or member 'CmConstants.QUALITY_MANAGEMENT_PREFIX' [/app/OSLC4Net_SDK/OSLC4Net.Client/OSLC4Net.Client.csproj]
/app/OSLC4Net_SDK/OSLC4Net.Client/Oslc/Resources/CmConstants.cs(29,25): warning CS1591: Missing XML comment for publicly visible type or member 'CmConstants.REQUIREMENTS_MANAGEMENT_NAMESPACE' [/app/OSLC4Net_SDK/OSLC4Net.Client/OSLC4Net.Client.csproj]
/app/OSLC4Net_SDK/OSLC4Net.Client/Oslc/Resources/CmConstants.cs(30,25): warning CS1591: Missing XML comment for publicly visible type or member 'CmConstants.REQUIREMENTS_MANAGEMENT_PREFIX' [/app/OSLC4Net_SDK/OSLC4Net.Client/OSLC4Net.Client.csproj]
/app/OSLC4Net_SDK/OSLC4Net.Client/Oslc/Resources/CmConstants.cs(31,25): warning CS1591: Missing XML comment for publicly visible type or member 'CmConstants.SOFTWARE_CONFIGURATION_MANAGEMENT_NAMESPACE' [/app/OSLC4Net_SDK/OSLC4Net.Client/OSLC4Net.Client.csproj]
/app/OSLC4Net_SDK/OSLC4Net.Client/Oslc/Resources/CmConstants.cs(32,25): warning CS1591: Missing XML comment for publicly visible type or member 'CmConstants.SOFTWARE_CONFIGURATION_MANAGEMENT_PREFIX' [/app/OSLC4Net_SDK/OSLC4Net.Client/OSLC4Net.Client.csproj]
/app/OSLC4Net_SDK/OSLC4Net.Client/Oslc/Resources/CmConstants.cs(34,25): warning CS1591: Missing XML comment for publicly visible type or member 'CmConstants.TYPE_CHANGE_REQUEST' [/app/OSLC4Net_SDK/OSLC4Net.Client/OSLC4Net.Client.csproj]
/app/OSLC4Net_SDK/OSLC4Net.Client/Oslc/Resources/CmConstants.cs(35,25): warning CS1591: Missing XML comment for publicly visible type or member 'CmConstants.TYPE_CHANGE_SET' [/app/OSLC4Net_SDK/OSLC4Net.Client/OSLC4Net.Client.csproj]
/app/OSLC4Net_SDK/OSLC4Net.Client/Oslc/Resources/CmConstants.cs(36,25): warning CS1591: Missing XML comment for publicly visible type or member 'CmConstants.TYPE_DISCUSSION' [/app/OSLC4Net_SDK/OSLC4Net.Client/OSLC4Net.Client.csproj]
/app/OSLC4Net_SDK/OSLC4Net.Client/Oslc/Resources/CmConstants.cs(37,25): warning CS1591: Missing XML comment for publicly visible type or member 'CmConstants.TYPE_PERSON' [/app/OSLC4Net_SDK/OSLC4Net.Client/OSLC4Net.Client.csproj]
/app/OSLC4Net_SDK/OSLC4Net.Client/Oslc/Resources/CmConstants.cs(38,25): warning CS1591: Missing XML comment for publicly visible type or member 'CmConstants.TYPE_REQUIREMENT' [/app/OSLC4Net_SDK/OSLC4Net.Client/OSLC4Net.Client.csproj]
/app/OSLC4Net_SDK/OSLC4Net.Client/Oslc/Resources/CmConstants.cs(39,25): warning CS1591: Missing XML comment for publicly visible type or member 'CmConstants.TYPE_TEST_CASE' [/app/OSLC4Net_SDK/OSLC4Net.Client/OSLC4Net.Client.csproj]
/app/OSLC4Net_SDK/OSLC4Net.Client/Oslc/Resources/CmConstants.cs(40,25): warning CS1591: Missing XML comment for publicly visible type or member 'CmConstants.TYPE_TEST_EXECUTION_RECORD' [/app/OSLC4Net_SDK/OSLC4Net.Client/OSLC4Net.Client.csproj]
/app/OSLC4Net_SDK/OSLC4Net.Client/Oslc/Resources/CmConstants.cs(41,25): warning CS1591: Missing XML comment for publicly visible type or member 'CmConstants.TYPE_TEST_PLAN' [/app/OSLC4Net_SDK/OSLC4Net.Client/OSLC4Net.Client.csproj]
/app/OSLC4Net_SDK/OSLC4Net.Client/Oslc/Resources/CmConstants.cs(42,25): warning CS1591: Missing XML comment for publicly visible type or member 'CmConstants.TYPE_TEST_RESULT' [/app/OSLC4Net_SDK/OSLC4Net.Client/OSLC4Net.Client.csproj]
/app/OSLC4Net_SDK/OSLC4Net.Client/Oslc/Resources/CmConstants.cs(43,25): warning CS1591: Missing XML comment for publicly visible type or member 'CmConstants.TYPE_TEST_SCRIPT' [/app/OSLC4Net_SDK/OSLC4Net.Client/OSLC4Net.Client.csproj]
/app/OSLC4Net_SDK/OSLC4Net.Client/Oslc/Resources/CmConstants.cs(45,25): warning CS1591: Missing XML comment for publicly visible type or member 'CmConstants.PATH_CHANGE_REQUEST' [/app/OSLC4Net_SDK/OSLC4Net.Client/OSLC4Net.Client.csproj]
/app/OSLC4Net_SDK/OSLC4Net.Client/Oslc/Resources/CmConstants.cs(47,25): warning CS1591: Missing XML comment for publicly visible type or member 'CmConstants.USAGE_LIST' [/app/OSLC4Net_SDK/OSLC4Net.Client/OSLC4Net.Client.csproj]
/app/OSLC4Net_SDK/OSLC4Net.Client/Oslc/Resources/OslcQuery.cs(50,26): warning CS1573: Parameter 'rdfHelper' has no matching param tag in the XML comment for 'OslcQuery.OslcQuery(OslcClient, string, DotNetRdfHelper?)' (but other parameters do) [/app/OSLC4Net_SDK/OSLC4Net.Client/OSLC4Net.Client.csproj]
/app/OSLC4Net_SDK/OSLC4Net.Client/Oslc/Resources/OslcQuery.cs(125,19): warning CS1591: Missing XML comment for publicly visible type or member 'OslcQuery.CapabilityUrl' [/app/OSLC4Net_SDK/OSLC4Net.Client/OSLC4Net.Client.csproj]
/app/OSLC4Net_SDK/OSLC4Net.Client/Oslc/Resources/OslcQuery.cs(196,40): warning CS1591: Missing XML comment for publicly visible type or member 'OslcQuery.Submit()' [/app/OSLC4Net_SDK/OSLC4Net.Client/OSLC4Net.Client.csproj]
/app/OSLC4Net_SDK/OSLC4Net.Client/Oslc/Resources/OslcQueryParameters.cs(29,12): warning CS1591: Missing XML comment for publicly visible type or member 'OslcQueryParameters.OslcQueryParameters()' [/app/OSLC4Net_SDK/OSLC4Net.Client/OSLC4Net.Client.csproj]
/app/OSLC4Net_SDK/OSLC4Net.Client/Oslc/Resources/OslcQueryParameters.cs(50,20): warning CS1591: Missing XML comment for publicly visible type or member 'OslcQueryParameters.GetWhere()' [/app/OSLC4Net_SDK/OSLC4Net.Client/OSLC4Net.Client.csproj]
/app/OSLC4Net_SDK/OSLC4Net.Client/Oslc/Resources/OslcQueryParameters.cs(55,17): warning CS1591: Missing XML comment for publicly visible type or member 'OslcQueryParameters.SetWhere(string)' [/app/OSLC4Net_SDK/OSLC4Net.Client/OSLC4Net.Client.csproj]
/app/OSLC4Net_SDK/OSLC4Net.Client/Oslc/Resources/OslcQueryParameters.cs(60,20): warning CS1591: Missing XML comment for publicly visible type or member 'OslcQueryParameters.GetSelect()' [/app/OSLC4Net_SDK/OSLC4Net.Client/OSLC4Net.Client.csproj]
/app/OSLC4Net_SDK/OSLC4Net.Client/Oslc/Resources/OslcQueryParameters.cs(65,17): warning CS1591: Missing XML comment for publicly visible type or member 'OslcQueryParameters.SetSelect(string)' [/app/OSLC4Net_SDK/OSLC4Net.Client/OSLC4Net.Client.csproj]
/app/OSLC4Net_SDK/OSLC4Net.Client/Oslc/Resources/OslcQueryParameters.cs(70,20): warning CS1591: Missing XML comment for publicly visible type or member 'OslcQueryParameters.GetSearchTerms()' [/app/OSLC4Net_SDK/OSLC4Net.Client/OSLC4Net.Client.csproj]
/app/OSLC4Net_SDK/OSLC4Net.Client/Oslc/Resources/OslcQueryParameters.cs(75,17): warning CS1591: Missing XML comment for publicly visible type or member 'OslcQueryParameters.SetSearchTerms(string)' [/app/OSLC4Net_SDK/OSLC4Net.Client/OSLC4Net.Client.csproj]
/app/OSLC4Net_SDK/OSLC4Net.Client/Oslc/Resources/OslcQueryParameters.cs(80,20): warning CS1591: Missing XML comment for publicly visible type or member 'OslcQueryParameters.GetOrderBy()' [/app/OSLC4Net_SDK/OSLC4Net.Client/OSLC4Net.Client.csproj]
/app/OSLC4Net_SDK/OSLC4Net.Client/Oslc/Resources/OslcQueryParameters.cs(85,17): warning CS1591: Missing XML comment for publicly visible type or member 'OslcQueryParameters.SetOrderBy(string)' [/app/OSLC4Net_SDK/OSLC4Net.Client/OSLC4Net.Client.csproj]
/app/OSLC4Net_SDK/OSLC4Net.Client/Oslc/Resources/OslcQueryParameters.cs(90,20): warning CS1591: Missing XML comment for publicly visible type or member 'OslcQueryParameters.GetPrefix()' [/app/OSLC4Net_SDK/OSLC4Net.Client/OSLC4Net.Client.csproj]
/app/OSLC4Net_SDK/OSLC4Net.Client/Oslc/Resources/OslcQueryParameters.cs(95,17): warning CS1591: Missing XML comment for publicly visible type or member 'OslcQueryParameters.SetPrefix(string)' [/app/OSLC4Net_SDK/OSLC4Net.Client/OSLC4Net.Client.csproj]
/app/OSLC4Net_SDK/OSLC4Net.Client/Oslc/Resources/OslcQueryResult.cs(63,12): warning CS1591: Missing XML comment for publicly visible type or member 'OslcQueryResult.OslcQueryResult(OslcQuery, HttpResponseMessage, DotNetRdfHelper?)' [/app/OSLC4Net_SDK/OSLC4Net.Client/OSLC4Net.Client.csproj]
/app/OSLC4Net_SDK/OSLC4Net.Client/Oslc/Resources/OslcQueryResult.cs(83,18): warning CS1591: Missing XML comment for publicly visible type or member 'OslcQueryResult.TotalCount' [/app/OSLC4Net_SDK/OSLC4Net.Client/OSLC4Net.Client.csproj]
/app/OSLC4Net_SDK/OSLC4Net.Client/Oslc/Resources/OslcQueryResult.cs(128,17): warning CS1591: Missing XML comment for publicly visible type or member 'OslcQueryResult.Reset()' [/app/OSLC4Net_SDK/OSLC4Net.Client/OSLC4Net.Client.csproj]
/app/OSLC4Net_SDK/OSLC4Net.Client/Oslc/Resources/ParameterInstance.cs(38,12): warning CS1591: Missing XML comment for publicly visible type or member 'ParameterInstance.ParameterInstance()' [/app/OSLC4Net_SDK/OSLC4Net.Client/OSLC4Net.Client.csproj]
/app/OSLC4Net_SDK/OSLC4Net.Client/Oslc/Resources/ParameterInstance.cs(43,12): warning CS1591: Missing XML comment for publicly visible type or member 'ParameterInstance.ParameterInstance(Uri)' [/app/OSLC4Net_SDK/OSLC4Net.Client/OSLC4Net.Client.csproj]
/app/OSLC4Net_SDK/OSLC4Net.Client/Oslc/Resources/ParameterInstance.cs(48,19): warning CS1591: Missing XML comment for publicly visible type or member 'ParameterInstance.GetRdfType()' [/app/OSLC4Net_SDK/OSLC4Net.Client/OSLC4Net.Client.csproj]
/app/OSLC4Net_SDK/OSLC4Net.Client/Oslc/Resources/ParameterInstance.cs(53,17): warning CS1591: Missing XML comment for publicly visible type or member 'ParameterInstance.addRdfType(Uri)' [/app/OSLC4Net_SDK/OSLC4Net.Client/OSLC4Net.Client.csproj]
/app/OSLC4Net_SDK/OSLC4Net.Client/Oslc/Resources/ParameterInstance.cs(63,19): warning CS1591: Missing XML comment for publicly visible type or member 'ParameterInstance.GetDescription()' [/app/OSLC4Net_SDK/OSLC4Net.Client/OSLC4Net.Client.csproj]
/app/OSLC4Net_SDK/OSLC4Net.Client/Oslc/Resources/ParameterInstance.cs(72,19): warning CS1591: Missing XML comment for publicly visible type or member 'ParameterInstance.GetName()' [/app/OSLC4Net_SDK/OSLC4Net.Client/OSLC4Net.Client.csproj]
/app/OSLC4Net_SDK/OSLC4Net.Client/Oslc/Resources/ParameterInstance.cs(81,19): warning CS1591: Missing XML comment for publicly visible type or member 'ParameterInstance.GetValue()' [/app/OSLC4Net_SDK/OSLC4Net.Client/OSLC4Net.Client.csproj]
/app/OSLC4Net_SDK/OSLC4Net.Client/Oslc/Resources/ParameterInstance.cs(90,16): warning CS1591: Missing XML comment for publicly visible type or member 'ParameterInstance.GetInstanceShape()' [/app/OSLC4Net_SDK/OSLC4Net.Client/OSLC4Net.Client.csproj]
/app/OSLC4Net_SDK/OSLC4Net.Client/Oslc/Resources/ParameterInstance.cs(96,18): warning CS1591: Missing XML comment for publicly visible type or member 'ParameterInstance.GetRdfTypes()' [/app/OSLC4Net_SDK/OSLC4Net.Client/OSLC4Net.Client.csproj]
/app/OSLC4Net_SDK/OSLC4Net.Client/Oslc/Resources/ParameterInstance.cs(105,16): warning CS1591: Missing XML comment for publicly visible type or member 'ParameterInstance.GetServiceProvider()' [/app/OSLC4Net_SDK/OSLC4Net.Client/OSLC4Net.Client.csproj]
/app/OSLC4Net_SDK/OSLC4Net.Client/Oslc/Resources/ParameterInstance.cs(110,17): warning CS1591: Missing XML comment for publicly visible type or member 'ParameterInstance.SetDescription(string)' [/app/OSLC4Net_SDK/OSLC4Net.Client/OSLC4Net.Client.csproj]
/app/OSLC4Net_SDK/OSLC4Net.Client/Oslc/Resources/ParameterInstance.cs(115,17): warning CS1591: Missing XML comment for publicly visible type or member 'ParameterInstance.SetName(string)' [/app/OSLC4Net_SDK/OSLC4Net.Client/OSLC4Net.Client.csproj]
/app/OSLC4Net_SDK/OSLC4Net.Client/Oslc/Resources/ParameterInstance.cs(120,17): warning CS1591: Missing XML comment for publicly visible type or member 'ParameterInstance.SetValue(string)' [/app/OSLC4Net_SDK/OSLC4Net.Client/OSLC4Net.Client.csproj]
/app/OSLC4Net_SDK/OSLC4Net.Client/Oslc/Resources/ParameterInstance.cs(125,17): warning CS1591: Missing XML comment for publicly visible type or member 'ParameterInstance.SetInstanceShape(Uri)' [/app/OSLC4Net_SDK/OSLC4Net.Client/OSLC4Net.Client.csproj]
/app/OSLC4Net_SDK/OSLC4Net.Client/Oslc/Resources/ParameterInstance.cs(131,17): warning CS1591: Missing XML comment for publicly visible type or member 'ParameterInstance.SetRdfTypes(Uri[])' [/app/OSLC4Net_SDK/OSLC4Net.Client/OSLC4Net.Client.csproj]
/app/OSLC4Net_SDK/OSLC4Net.Client/Oslc/Resources/ParameterInstance.cs(136,17): warning CS1591: Missing XML comment for publicly visible type or member 'ParameterInstance.SetServiceProvider(Uri)' [/app/OSLC4Net_SDK/OSLC4Net.Client/OSLC4Net.Client.csproj]
/app/OSLC4Net_SDK/OSLC4Net.Client/Oslc/Resources/ParameterInstance.cs(141,16): warning CS1591: Missing XML comment for publicly visible type or member 'ParameterInstance.CompareTo(ParameterInstance)' [/app/OSLC4Net_SDK/OSLC4Net.Client/OSLC4Net.Client.csproj]
/app/OSLC4Net_SDK/OSLC4Net.Client/Oslc/Resources/QmConstants.cs(20,21): warning CS1591: Missing XML comment for publicly visible type or member 'QmConstants' [/app/OSLC4Net_SDK/OSLC4Net.Client/OSLC4Net.Client.csproj]
/app/OSLC4Net_SDK/OSLC4Net.Client/Oslc/Resources/QmConstants.cs(22,25): warning CS1591: Missing XML comment for publicly visible type or member 'QmConstants.CHANGE_MANAGEMENT_DOMAIN' [/app/OSLC4Net_SDK/OSLC4Net.Client/OSLC4Net.Client.csproj]
/app/OSLC4Net_SDK/OSLC4Net.Client/Oslc/Resources/QmConstants.cs(23,25): warning CS1591: Missing XML comment for publicly visible type or member 'QmConstants.CHANGE_MANAGEMENT_NAMESPACE' [/app/OSLC4Net_SDK/OSLC4Net.Client/OSLC4Net.Client.csproj]
/app/OSLC4Net_SDK/OSLC4Net.Client/Oslc/Resources/QmConstants.cs(24,25): warning CS1591: Missing XML comment for publicly visible type or member 'QmConstants.CHANGE_MANAGEMENT_NAMESPACE_PREFIX' [/app/OSLC4Net_SDK/OSLC4Net.Client/OSLC4Net.Client.csproj]
/app/OSLC4Net_SDK/OSLC4Net.Client/Oslc/Resources/QmConstants.cs(25,25): warning CS1591: Missing XML comment for publicly visible type or member 'QmConstants.FOAF_NAMESPACE' [/app/OSLC4Net_SDK/OSLC4Net.Client/OSLC4Net.Client.csproj]
/app/OSLC4Net_SDK/OSLC4Net.Client/Oslc/Resources/QmConstants.cs(26,25): warning CS1591: Missing XML comment for publicly visible type or member 'QmConstants.FOAF_NAMESPACE_PREFIX' [/app/OSLC4Net_SDK/OSLC4Net.Client/OSLC4Net.Client.csproj]
/app/OSLC4Net_SDK/OSLC4Net.Client/Oslc/Resources/QmConstants.cs(27,25): warning CS1591: Missing XML comment for publicly visible type or member 'QmConstants.QUALITY_MANAGEMENT_DOMAIN' [/app/OSLC4Net_SDK/OSLC4Net.Client/OSLC4Net.Client.csproj]
/app/OSLC4Net_SDK/OSLC4Net.Client/Oslc/Resources/QmConstants.cs(28,25): warning CS1591: Missing XML comment for publicly visible type or member 'QmConstants.QUALITY_MANAGEMENT_NAMESPACE' [/app/OSLC4Net_SDK/OSLC4Net.Client/OSLC4Net.Client.csproj]
/app/OSLC4Net_SDK/OSLC4Net.Client/Oslc/Resources/QmConstants.cs(29,25): warning CS1591: Missing XML comment for publicly visible type or member 'QmConstants.QUALITY_MANAGEMENT_PREFIX' [/app/OSLC4Net_SDK/OSLC4Net.Client/OSLC4Net.Client.csproj]
/app/OSLC4Net_SDK/OSLC4Net.Client/Oslc/Resources/QmConstants.cs(30,25): warning CS1591: Missing XML comment for publicly visible type or member 'QmConstants.REQUIREMENTS_MANAGEMENT_NAMESPACE' [/app/OSLC4Net_SDK/OSLC4Net.Client/OSLC4Net.Client.csproj]
/app/OSLC4Net_SDK/OSLC4Net.Client/Oslc/Resources/QmConstants.cs(31,25): warning CS1591: Missing XML comment for publicly visible type or member 'QmConstants.REQUIREMENTS_MANAGEMENT_PREFIX' [/app/OSLC4Net_SDK/OSLC4Net.Client/OSLC4Net.Client.csproj]
/app/OSLC4Net_SDK/OSLC4Net.Client/Oslc/Resources/QmConstants.cs(32,25): warning CS1591: Missing XML comment for publicly visible type or member 'QmConstants.SOFTWARE_CONFIGURATION_MANAGEMENT_NAMESPACE' [/app/OSLC4Net_SDK/OSLC4Net.Client/OSLC4Net.Client.csproj]
/app/OSLC4Net_SDK/OSLC4Net.Client/Oslc/Resources/QmConstants.cs(33,25): warning CS1591: Missing XML comment for publicly visible type or member 'QmConstants.SOFTWARE_CONFIGURATION_MANAGEMENT_PREFIX' [/app/OSLC4Net_SDK/OSLC4Net.Client/OSLC4Net.Client.csproj]
/app/OSLC4Net_SDK/OSLC4Net.Client/Oslc/Resources/QmConstants.cs(35,25): warning CS1591: Missing XML comment for publicly visible type or member 'QmConstants.TYPE_CHANGE_REQUEST' [/app/OSLC4Net_SDK/OSLC4Net.Client/OSLC4Net.Client.csproj]
/app/OSLC4Net_SDK/OSLC4Net.Client/Oslc/Resources/QmConstants.cs(36,25): warning CS1591: Missing XML comment for publicly visible type or member 'QmConstants.TYPE_CHANGE_SET' [/app/OSLC4Net_SDK/OSLC4Net.Client/OSLC4Net.Client.csproj]
/app/OSLC4Net_SDK/OSLC4Net.Client/Oslc/Resources/QmConstants.cs(37,25): warning CS1591: Missing XML comment for publicly visible type or member 'QmConstants.TYPE_DISCUSSION' [/app/OSLC4Net_SDK/OSLC4Net.Client/OSLC4Net.Client.csproj]
/app/OSLC4Net_SDK/OSLC4Net.Client/Oslc/Resources/QmConstants.cs(38,25): warning CS1591: Missing XML comment for publicly visible type or member 'QmConstants.TYPE_PERSON' [/app/OSLC4Net_SDK/OSLC4Net.Client/OSLC4Net.Client.csproj]
/app/OSLC4Net_SDK/OSLC4Net.Client/Oslc/Resources/QmConstants.cs(39,25): warning CS1591: Missing XML comment for publicly visible type or member 'QmConstants.TYPE_REQUIREMENT' [/app/OSLC4Net_SDK/OSLC4Net.Client/OSLC4Net.Client.csproj]
/app/OSLC4Net_SDK/OSLC4Net.Client/Oslc/Resources/QmConstants.cs(40,25): warning CS1591: Missing XML comment for publicly visible type or member 'QmConstants.TYPE_REQUIREMENT_COLLECTION' [/app/OSLC4Net_SDK/OSLC4Net.Client/OSLC4Net.Client.csproj]
/app/OSLC4Net_SDK/OSLC4Net.Client/Oslc/Resources/QmConstants.cs(41,25): warning CS1591: Missing XML comment for publicly visible type or member 'QmConstants.TYPE_TEST_CASE' [/app/OSLC4Net_SDK/OSLC4Net.Client/OSLC4Net.Client.csproj]
/app/OSLC4Net_SDK/OSLC4Net.Client/Oslc/Resources/QmConstants.cs(42,25): warning CS1591: Missing XML comment for publicly visible type or member 'QmConstants.TYPE_TEST_EXECUTION_RECORD' [/app/OSLC4Net_SDK/OSLC4Net.Client/OSLC4Net.Client.csproj]
/app/OSLC4Net_SDK/OSLC4Net.Client/Oslc/Resources/QmConstants.cs(43,25): warning CS1591: Missing XML comment for publicly visible type or member 'QmConstants.TYPE_TEST_PLAN' [/app/OSLC4Net_SDK/OSLC4Net.Client/OSLC4Net.Client.csproj]
/app/OSLC4Net_SDK/OSLC4Net.Client/Oslc/Resources/QmConstants.cs(44,25): warning CS1591: Missing XML comment for publicly visible type or member 'QmConstants.TYPE_TEST_RESULT' [/app/OSLC4Net_SDK/OSLC4Net.Client/OSLC4Net.Client.csproj]
/app/OSLC4Net_SDK/OSLC4Net.Client/Oslc/Resources/QmConstants.cs(45,25): warning CS1591: Missing XML comment for publicly visible type or member 'QmConstants.TYPE_TEST_SCRIPT' [/app/OSLC4Net_SDK/OSLC4Net.Client/OSLC4Net.Client.csproj]
/app/OSLC4Net_SDK/OSLC4Net.Client/Oslc/Resources/QmConstants.cs(47,25): warning CS1591: Missing XML comment for publicly visible type or member 'QmConstants.PATH_TEST_PLAN' [/app/OSLC4Net_SDK/OSLC4Net.Client/OSLC4Net.Client.csproj]
/app/OSLC4Net_SDK/OSLC4Net.Client/Oslc/Resources/QmConstants.cs(48,25): warning CS1591: Missing XML comment for publicly visible type or member 'QmConstants.PATH_TEST_CASE' [/app/OSLC4Net_SDK/OSLC4Net.Client/OSLC4Net.Client.csproj]
/app/OSLC4Net_SDK/OSLC4Net.Client/Oslc/Resources/QmConstants.cs(49,25): warning CS1591: Missing XML comment for publicly visible type or member 'QmConstants.PATH_TEST_SCRIPT' [/app/OSLC4Net_SDK/OSLC4Net.Client/OSLC4Net.Client.csproj]
/app/OSLC4Net_SDK/OSLC4Net.Client/Oslc/Resources/QmConstants.cs(50,25): warning CS1591: Missing XML comment for publicly visible type or member 'QmConstants.PATH_TEST_EXECUTION_RECORD' [/app/OSLC4Net_SDK/OSLC4Net.Client/OSLC4Net.Client.csproj]
/app/OSLC4Net_SDK/OSLC4Net.Client/Oslc/Resources/QmConstants.cs(51,25): warning CS1591: Missing XML comment for publicly visible type or member 'QmConstants.PATH_TEST_RESULT' [/app/OSLC4Net_SDK/OSLC4Net.Client/OSLC4Net.Client.csproj]
/app/OSLC4Net_SDK/OSLC4Net.Client/Oslc/Resources/QmConstants.cs(53,25): warning CS1591: Missing XML comment for publicly visible type or member 'QmConstants.USAGE_LIST' [/app/OSLC4Net_SDK/OSLC4Net.Client/OSLC4Net.Client.csproj]
/app/OSLC4Net_SDK/OSLC4Net.Client/Oslc/Resources/QmResource.cs(35,15): warning CS1591: Missing XML comment for publicly visible type or member 'QmResource.QmResource()' [/app/OSLC4Net_SDK/OSLC4Net.Client/OSLC4Net.Client.csproj]
/app/OSLC4Net_SDK/OSLC4Net.Client/Oslc/Resources/QmResource.cs(40,15): warning CS1591: Missing XML comment for publicly visible type or member 'QmResource.QmResource(Uri)' [/app/OSLC4Net_SDK/OSLC4Net.Client/OSLC4Net.Client.csproj]
/app/OSLC4Net_SDK/OSLC4Net.Client/Oslc/Resources/QmResource.cs(45,28): warning CS1591: Missing XML comment for publicly visible type or member 'QmResource.GetRdfType()' [/app/OSLC4Net_SDK/OSLC4Net.Client/OSLC4Net.Client.csproj]
/app/OSLC4Net_SDK/OSLC4Net.Client/Oslc/Resources/QmResource.cs(47,17): warning CS1591: Missing XML comment for publicly visible type or member 'QmResource.AddRdfType(Uri)' [/app/OSLC4Net_SDK/OSLC4Net.Client/OSLC4Net.Client.csproj]
/app/OSLC4Net_SDK/OSLC4Net.Client/Oslc/Resources/QmResource.cs(56,22): warning CS1591: Missing XML comment for publicly visible type or member 'QmResource.GetCreated()' [/app/OSLC4Net_SDK/OSLC4Net.Client/OSLC4Net.Client.csproj]
/app/OSLC4Net_SDK/OSLC4Net.Client/Oslc/Resources/QmResource.cs(67,19): warning CS1591: Missing XML comment for publicly visible type or member 'QmResource.GetIdentifier()' [/app/OSLC4Net_SDK/OSLC4Net.Client/OSLC4Net.Client.csproj]
/app/OSLC4Net_SDK/OSLC4Net.Client/Oslc/Resources/QmResource.cs(76,16): warning CS1591: Missing XML comment for publicly visible type or member 'QmResource.GetInstanceShape()' [/app/OSLC4Net_SDK/OSLC4Net.Client/OSLC4Net.Client.csproj]
/app/OSLC4Net_SDK/OSLC4Net.Client/Oslc/Resources/QmResource.cs(85,22): warning CS1591: Missing XML comment for publicly visible type or member 'QmResource.GetModified()' [/app/OSLC4Net_SDK/OSLC4Net.Client/OSLC4Net.Client.csproj]
/app/OSLC4Net_SDK/OSLC4Net.Client/Oslc/Resources/QmResource.cs(91,18): warning CS1591: Missing XML comment for publicly visible type or member 'QmResource.GetRdfTypes()' [/app/OSLC4Net_SDK/OSLC4Net.Client/OSLC4Net.Client.csproj]
/app/OSLC4Net_SDK/OSLC4Net.Client/Oslc/Resources/QmResource.cs(100,16): warning CS1591: Missing XML comment for publicly visible type or member 'QmResource.GetServiceProvider()' [/app/OSLC4Net_SDK/OSLC4Net.Client/OSLC4Net.Client.csproj]
/app/OSLC4Net_SDK/OSLC4Net.Client/Oslc/Resources/QmResource.cs(111,19): warning CS1591: Missing XML comment for publicly visible type or member 'QmResource.GetTitle()' [/app/OSLC4Net_SDK/OSLC4Net.Client/OSLC4Net.Client.csproj]
/app/OSLC4Net_SDK/OSLC4Net.Client/Oslc/Resources/QmResource.cs(116,17): warning CS1591: Missing XML comment for publicly visible type or member 'QmResource.SetCreated(DateTime?)' [/app/OSLC4Net_SDK/OSLC4Net.Client/OSLC4Net.Client.csproj]
/app/OSLC4Net_SDK/OSLC4Net.Client/Oslc/Resources/QmResource.cs(121,17): warning CS1591: Missing XML comment for publicly visible type or member 'QmResource.SetIdentifier(string)' [/app/OSLC4Net_SDK/OSLC4Net.Client/OSLC4Net.Client.csproj]
/app/OSLC4Net_SDK/OSLC4Net.Client/Oslc/Resources/QmResource.cs(126,17): warning CS1591: Missing XML comment for publicly visible type or member 'QmResource.SetInstanceShape(Uri)' [/app/OSLC4Net_SDK/OSLC4Net.Client/OSLC4Net.Client.csproj]
/app/OSLC4Net_SDK/OSLC4Net.Client/Oslc/Resources/QmResource.cs(131,17): warning CS1591: Missing XML comment for publicly visible type or member 'QmResource.SetModified(DateTime?)' [/app/OSLC4Net_SDK/OSLC4Net.Client/OSLC4Net.Client.csproj]
/app/OSLC4Net_SDK/OSLC4Net.Client/Oslc/Resources/QmResource.cs(137,17): warning CS1591: Missing XML comment for publicly visible type or member 'QmResource.SetRdfTypes(Uri[])' [/app/OSLC4Net_SDK/OSLC4Net.Client/OSLC4Net.Client.csproj]
/app/OSLC4Net_SDK/OSLC4Net.Client/Oslc/Resources/QmResource.cs(142,17): warning CS1591: Missing XML comment for publicly visible type or member 'QmResource.SetServiceProvider(Uri)' [/app/OSLC4Net_SDK/OSLC4Net.Client/OSLC4Net.Client.csproj]
/app/OSLC4Net_SDK/OSLC4Net.Client/Oslc/Resources/QmResource.cs(147,17): warning CS1591: Missing XML comment for publicly visible type or member 'QmResource.SetTitle(string)' [/app/OSLC4Net_SDK/OSLC4Net.Client/OSLC4Net.Client.csproj]
/app/OSLC4Net_SDK/OSLC4Net.Client/Oslc/Resources/Requirement.cs(28,12): warning CS1591: Missing XML comment for publicly visible type or member 'Requirement.Requirement()' [/app/OSLC4Net_SDK/OSLC4Net.Client/OSLC4Net.Client.csproj]
/app/OSLC4Net_SDK/OSLC4Net.Client/Oslc/Resources/Requirement.cs(33,12): warning CS1591: Missing XML comment for publicly visible type or member 'Requirement.Requirement(Uri)' [/app/OSLC4Net_SDK/OSLC4Net.Client/OSLC4Net.Client.csproj]
/app/OSLC4Net_SDK/OSLC4Net.Client/Oslc/Resources/RequirementBase.cs(18,23): warning CS1591: Missing XML comment for publicly visible type or member 'RequirementBase' [/app/OSLC4Net_SDK/OSLC4Net.Client/OSLC4Net.Client.csproj]
/app/OSLC4Net_SDK/OSLC4Net.Client/Oslc/Resources/RequirementBase.cs(57,34): warning CS1591: Missing XML comment for publicly visible type or member 'RequirementBase.RdfTypes' [/app/OSLC4Net_SDK/OSLC4Net.Client/OSLC4Net.Client.csproj]
/app/OSLC4Net_SDK/OSLC4Net.Client/Oslc/Resources/RequirementBase.cs(59,15): warning CS1591: Missing XML comment for publicly visible type or member 'RequirementBase.RequirementBase()' [/app/OSLC4Net_SDK/OSLC4Net.Client/OSLC4Net.Client.csproj]
/app/OSLC4Net_SDK/OSLC4Net.Client/Oslc/Resources/RequirementBase.cs(63,15): warning CS1591: Missing XML comment for publicly visible type or member 'RequirementBase.RequirementBase(Uri)' [/app/OSLC4Net_SDK/OSLC4Net.Client/OSLC4Net.Client.csproj]
/app/OSLC4Net_SDK/OSLC4Net.Client/Oslc/Resources/RequirementBase.cs(67,17): warning CS1591: Missing XML comment for publicly visible type or member 'RequirementBase.AddSubject(string)' [/app/OSLC4Net_SDK/OSLC4Net.Client/OSLC4Net.Client.csproj]
/app/OSLC4Net_SDK/OSLC4Net.Client/Oslc/Resources/RequirementBase.cs(72,17): warning CS1591: Missing XML comment for publicly visible type or member 'RequirementBase.AddConstrains(Link)' [/app/OSLC4Net_SDK/OSLC4Net.Client/OSLC4Net.Client.csproj]
/app/OSLC4Net_SDK/OSLC4Net.Client/Oslc/Resources/RequirementBase.cs(77,17): warning CS1591: Missing XML comment for publicly visible type or member 'RequirementBase.AddConstrainedBy(Link)' [/app/OSLC4Net_SDK/OSLC4Net.Client/OSLC4Net.Client.csproj]
/app/OSLC4Net_SDK/OSLC4Net.Client/Oslc/Resources/RequirementBase.cs(82,17): warning CS1591: Missing XML comment for publicly visible type or member 'RequirementBase.AddDecomposes(Link)' [/app/OSLC4Net_SDK/OSLC4Net.Client/OSLC4Net.Client.csproj]
/app/OSLC4Net_SDK/OSLC4Net.Client/Oslc/Resources/RequirementBase.cs(87,17): warning CS1591: Missing XML comment for publicly visible type or member 'RequirementBase.AddDecomposedBy(Link)' [/app/OSLC4Net_SDK/OSLC4Net.Client/OSLC4Net.Client.csproj]
/app/OSLC4Net_SDK/OSLC4Net.Client/Oslc/Resources/RequirementBase.cs(92,17): warning CS1591: Missing XML comment for publicly visible type or member 'RequirementBase.AddSatisfies(Link)' [/app/OSLC4Net_SDK/OSLC4Net.Client/OSLC4Net.Client.csproj]
/app/OSLC4Net_SDK/OSLC4Net.Client/Oslc/Resources/RequirementBase.cs(97,17): warning CS1591: Missing XML comment for publicly visible type or member 'RequirementBase.AddSatisfiedBy(Link)' [/app/OSLC4Net_SDK/OSLC4Net.Client/OSLC4Net.Client.csproj]
/app/OSLC4Net_SDK/OSLC4Net.Client/Oslc/Resources/RequirementBase.cs(102,17): warning CS1591: Missing XML comment for publicly visible type or member 'RequirementBase.AddValidatedBy(Link)' [/app/OSLC4Net_SDK/OSLC4Net.Client/OSLC4Net.Client.csproj]
/app/OSLC4Net_SDK/OSLC4Net.Client/Oslc/Resources/RequirementBase.cs(107,17): warning CS1591: Missing XML comment for publicly visible type or member 'RequirementBase.AddTrackedBy(Link)' [/app/OSLC4Net_SDK/OSLC4Net.Client/OSLC4Net.Client.csproj]
/app/OSLC4Net_SDK/OSLC4Net.Client/Oslc/Resources/RequirementBase.cs(112,17): warning CS1591: Missing XML comment for publicly visible type or member 'RequirementBase.AddImplementedBy(Link)' [/app/OSLC4Net_SDK/OSLC4Net.Client/OSLC4Net.Client.csproj]
/app/OSLC4Net_SDK/OSLC4Net.Client/Oslc/Resources/RequirementBase.cs(117,17): warning CS1591: Missing XML comment for publicly visible type or member 'RequirementBase.AddAffectedBy(Link)' [/app/OSLC4Net_SDK/OSLC4Net.Client/OSLC4Net.Client.csproj]
/app/OSLC4Net_SDK/OSLC4Net.Client/Oslc/Resources/RequirementBase.cs(122,17): warning CS1591: Missing XML comment for publicly visible type or member 'RequirementBase.AddElaboratedBy(Link)' [/app/OSLC4Net_SDK/OSLC4Net.Client/OSLC4Net.Client.csproj]
/app/OSLC4Net_SDK/OSLC4Net.Client/Oslc/Resources/RequirementBase.cs(127,17): warning CS1591: Missing XML comment for publicly visible type or member 'RequirementBase.AddElaborates(Link)' [/app/OSLC4Net_SDK/OSLC4Net.Client/OSLC4Net.Client.csproj]
/app/OSLC4Net_SDK/OSLC4Net.Client/Oslc/Resources/RequirementBase.cs(132,17): warning CS1591: Missing XML comment for publicly visible type or member 'RequirementBase.AddSpecifiedBy(Link)' [/app/OSLC4Net_SDK/OSLC4Net.Client/OSLC4Net.Client.csproj]
/app/OSLC4Net_SDK/OSLC4Net.Client/Oslc/Resources/RequirementBase.cs(137,17): warning CS1591: Missing XML comment for publicly visible type or member 'RequirementBase.AddSpecifies(Link)' [/app/OSLC4Net_SDK/OSLC4Net.Client/OSLC4Net.Client.csproj]
/app/OSLC4Net_SDK/OSLC4Net.Client/Oslc/Resources/RequirementBase.cs(142,17): warning CS1591: Missing XML comment for publicly visible type or member 'RequirementBase.AddContributor(Uri)' [/app/OSLC4Net_SDK/OSLC4Net.Client/OSLC4Net.Client.csproj]
/app/OSLC4Net_SDK/OSLC4Net.Client/Oslc/Resources/RequirementBase.cs(147,17): warning CS1591: Missing XML comment for publicly visible type or member 'RequirementBase.AddCreator(Uri)' [/app/OSLC4Net_SDK/OSLC4Net.Client/OSLC4Net.Client.csproj]
/app/OSLC4Net_SDK/OSLC4Net.Client/Oslc/Resources/RequirementBase.cs(152,17): warning CS1591: Missing XML comment for publicly visible type or member 'RequirementBase.AddRdfType(Uri)' [/app/OSLC4Net_SDK/OSLC4Net.Client/OSLC4Net.Client.csproj]
/app/OSLC4Net_SDK/OSLC4Net.Client/Oslc/Resources/RequirementBase.cs(163,21): warning CS1591: Missing XML comment for publicly visible type or member 'RequirementBase.GetSubjects()' [/app/OSLC4Net_SDK/OSLC4Net.Client/OSLC4Net.Client.csproj]
/app/OSLC4Net_SDK/OSLC4Net.Client/Oslc/Resources/RequirementBase.cs(174,19): warning CS1591: Missing XML comment for publicly visible type or member 'RequirementBase.GetElaboratedBy()' [/app/OSLC4Net_SDK/OSLC4Net.Client/OSLC4Net.Client.csproj]
/app/OSLC4Net_SDK/OSLC4Net.Client/Oslc/Resources/RequirementBase.cs(185,19): warning CS1591: Missing XML comment for publicly visible type or member 'RequirementBase.GetElaborates()' [/app/OSLC4Net_SDK/OSLC4Net.Client/OSLC4Net.Client.csproj]
/app/OSLC4Net_SDK/OSLC4Net.Client/Oslc/Resources/RequirementBase.cs(196,19): warning CS1591: Missing XML comment for publicly visible type or member 'RequirementBase.GetSpecifiedBy()' [/app/OSLC4Net_SDK/OSLC4Net.Client/OSLC4Net.Client.csproj]
/app/OSLC4Net_SDK/OSLC4Net.Client/Oslc/Resources/RequirementBase.cs(207,19): warning CS1591: Missing XML comment for publicly visible type or member 'RequirementBase.GetSpecifies()' [/app/OSLC4Net_SDK/OSLC4Net.Client/OSLC4Net.Client.csproj]
/app/OSLC4Net_SDK/OSLC4Net.Client/Oslc/Resources/RequirementBase.cs(218,19): warning CS1591: Missing XML comment for publicly visible type or member 'RequirementBase.GetImplementedBy()' [/app/OSLC4Net_SDK/OSLC4Net.Client/OSLC4Net.Client.csproj]
/app/OSLC4Net_SDK/OSLC4Net.Client/Oslc/Resources/RequirementBase.cs(229,19): warning CS1591: Missing XML comment for publicly visible type or member 'RequirementBase.GetAffectedBy()' [/app/OSLC4Net_SDK/OSLC4Net.Client/OSLC4Net.Client.csproj]
/app/OSLC4Net_SDK/OSLC4Net.Client/Oslc/Resources/RequirementBase.cs(240,19): warning CS1591: Missing XML comment for publicly visible type or member 'RequirementBase.GetTrackedBy()' [/app/OSLC4Net_SDK/OSLC4Net.Client/OSLC4Net.Client.csproj]
/app/OSLC4Net_SDK/OSLC4Net.Client/Oslc/Resources/RequirementBase.cs(251,19): warning CS1591: Missing XML comment for publicly visible type or member 'RequirementBase.GetValidatedBy()' [/app/OSLC4Net_SDK/OSLC4Net.Client/OSLC4Net.Client.csproj]
/app/OSLC4Net_SDK/OSLC4Net.Client/Oslc/Resources/RequirementBase.cs(262,19): warning CS1591: Missing XML comment for publicly visible type or member 'RequirementBase.GetSatisfiedBy()' [/app/OSLC4Net_SDK/OSLC4Net.Client/OSLC4Net.Client.csproj]
/app/OSLC4Net_SDK/OSLC4Net.Client/Oslc/Resources/RequirementBase.cs(273,19): warning CS1591: Missing XML comment for publicly visible type or member 'RequirementBase.GetSatisfies()' [/app/OSLC4Net_SDK/OSLC4Net.Client/OSLC4Net.Client.csproj]
/app/OSLC4Net_SDK/OSLC4Net.Client/Oslc/Resources/RequirementBase.cs(284,19): warning CS1591: Missing XML comment for publicly visible type or member 'RequirementBase.GetDecomposedBy()' [/app/OSLC4Net_SDK/OSLC4Net.Client/OSLC4Net.Client.csproj]
/app/OSLC4Net_SDK/OSLC4Net.Client/Oslc/Resources/RequirementBase.cs(295,19): warning CS1591: Missing XML comment for publicly visible type or member 'RequirementBase.GetDecomposes()' [/app/OSLC4Net_SDK/OSLC4Net.Client/OSLC4Net.Client.csproj]
/app/OSLC4Net_SDK/OSLC4Net.Client/Oslc/Resources/RequirementBase.cs(306,19): warning CS1591: Missing XML comment for publicly visible type or member 'RequirementBase.GetConstrainedBy()' [/app/OSLC4Net_SDK/OSLC4Net.Client/OSLC4Net.Client.csproj]
/app/OSLC4Net_SDK/OSLC4Net.Client/Oslc/Resources/RequirementBase.cs(317,19): warning CS1591: Missing XML comment for publicly visible type or member 'RequirementBase.GetConstrains()' [/app/OSLC4Net_SDK/OSLC4Net.Client/OSLC4Net.Client.csproj]
/app/OSLC4Net_SDK/OSLC4Net.Client/Oslc/Resources/RequirementBase.cs(327,18): warning CS1591: Missing XML comment for publicly visible type or member 'RequirementBase.GetContributors()' [/app/OSLC4Net_SDK/OSLC4Net.Client/OSLC4Net.Client.csproj]
/app/OSLC4Net_SDK/OSLC4Net.Client/Oslc/Resources/RequirementBase.cs(336,22): warning CS1591: Missing XML comment for publicly visible type or member 'RequirementBase.GetCreated()' [/app/OSLC4Net_SDK/OSLC4Net.Client/OSLC4Net.Client.csproj]
/app/OSLC4Net_SDK/OSLC4Net.Client/Oslc/Resources/RequirementBase.cs(346,18): warning CS1591: Missing XML comment for publicly visible type or member 'RequirementBase.GetCreators()' [/app/OSLC4Net_SDK/OSLC4Net.Client/OSLC4Net.Client.csproj]
/app/OSLC4Net_SDK/OSLC4Net.Client/Oslc/Resources/RequirementBase.cs(356,20): warning CS1591: Missing XML comment for publicly visible type or member 'RequirementBase.GetDescription()' [/app/OSLC4Net_SDK/OSLC4Net.Client/OSLC4Net.Client.csproj]
/app/OSLC4Net_SDK/OSLC4Net.Client/Oslc/Resources/RequirementBase.cs(367,20): warning CS1591: Missing XML comment for publicly visible type or member 'RequirementBase.GetIdentifier()' [/app/OSLC4Net_SDK/OSLC4Net.Client/OSLC4Net.Client.csproj]
/app/OSLC4Net_SDK/OSLC4Net.Client/Oslc/Resources/RequirementBase.cs(376,17): warning CS1591: Missing XML comment for publicly visible type or member 'RequirementBase.GetInstanceShape()' [/app/OSLC4Net_SDK/OSLC4Net.Client/OSLC4Net.Client.csproj]
/app/OSLC4Net_SDK/OSLC4Net.Client/Oslc/Resources/RequirementBase.cs(385,22): warning CS1591: Missing XML comment for publicly visible type or member 'RequirementBase.GetModified()' [/app/OSLC4Net_SDK/OSLC4Net.Client/OSLC4Net.Client.csproj]
/app/OSLC4Net_SDK/OSLC4Net.Client/Oslc/Resources/RequirementBase.cs(391,18): warning CS1591: Missing XML comment for publicly visible type or member 'RequirementBase.GetRdfTypes()' [/app/OSLC4Net_SDK/OSLC4Net.Client/OSLC4Net.Client.csproj]
/app/OSLC4Net_SDK/OSLC4Net.Client/Oslc/Resources/RequirementBase.cs(400,17): warning CS1591: Missing XML comment for publicly visible type or member 'RequirementBase.GetServiceProvider()' [/app/OSLC4Net_SDK/OSLC4Net.Client/OSLC4Net.Client.csproj]
/app/OSLC4Net_SDK/OSLC4Net.Client/Oslc/Resources/RequirementBase.cs(410,20): warning CS1591: Missing XML comment for publicly visible type or member 'RequirementBase.GetShortTitle()' [/app/OSLC4Net_SDK/OSLC4Net.Client/OSLC4Net.Client.csproj]
/app/OSLC4Net_SDK/OSLC4Net.Client/Oslc/Resources/RequirementBase.cs(421,20): warning CS1591: Missing XML comment for publicly visible type or member 'RequirementBase.GetTitle()' [/app/OSLC4Net_SDK/OSLC4Net.Client/OSLC4Net.Client.csproj]
/app/OSLC4Net_SDK/OSLC4Net.Client/Oslc/Resources/RequirementBase.cs(426,17): warning CS1591: Missing XML comment for publicly visible type or member 'RequirementBase.SetConstrains(Link[])' [/app/OSLC4Net_SDK/OSLC4Net.Client/OSLC4Net.Client.csproj]
/app/OSLC4Net_SDK/OSLC4Net.Client/Oslc/Resources/RequirementBase.cs(436,17): warning CS1591: Missing XML comment for publicly visible type or member 'RequirementBase.SetConstrainedBy(Link[])' [/app/OSLC4Net_SDK/OSLC4Net.Client/OSLC4Net.Client.csproj]
/app/OSLC4Net_SDK/OSLC4Net.Client/Oslc/Resources/RequirementBase.cs(446,17): warning CS1591: Missing XML comment for publicly visible type or member 'RequirementBase.SetDecomposes(Link[])' [/app/OSLC4Net_SDK/OSLC4Net.Client/OSLC4Net.Client.csproj]
/app/OSLC4Net_SDK/OSLC4Net.Client/Oslc/Resources/RequirementBase.cs(456,17): warning CS1591: Missing XML comment for publicly visible type or member 'RequirementBase.SetDecomposedBy(Link[])' [/app/OSLC4Net_SDK/OSLC4Net.Client/OSLC4Net.Client.csproj]
/app/OSLC4Net_SDK/OSLC4Net.Client/Oslc/Resources/RequirementBase.cs(466,17): warning CS1591: Missing XML comment for publicly visible type or member 'RequirementBase.SetSatisfies(Link[])' [/app/OSLC4Net_SDK/OSLC4Net.Client/OSLC4Net.Client.csproj]
/app/OSLC4Net_SDK/OSLC4Net.Client/Oslc/Resources/RequirementBase.cs(476,17): warning CS1591: Missing XML comment for publicly visible type or member 'RequirementBase.SetSatisfiedBy(Link[])' [/app/OSLC4Net_SDK/OSLC4Net.Client/OSLC4Net.Client.csproj]
/app/OSLC4Net_SDK/OSLC4Net.Client/Oslc/Resources/RequirementBase.cs(486,17): warning CS1591: Missing XML comment for publicly visible type or member 'RequirementBase.SetValidatedBy(Link[])' [/app/OSLC4Net_SDK/OSLC4Net.Client/OSLC4Net.Client.csproj]
/app/OSLC4Net_SDK/OSLC4Net.Client/Oslc/Resources/RequirementBase.cs(496,17): warning CS1591: Missing XML comment for publicly visible type or member 'RequirementBase.SetTrackedBy(Link[])' [/app/OSLC4Net_SDK/OSLC4Net.Client/OSLC4Net.Client.csproj]
/app/OSLC4Net_SDK/OSLC4Net.Client/Oslc/Resources/RequirementBase.cs(506,17): warning CS1591: Missing XML comment for publicly visible type or member 'RequirementBase.SetAffectedBy(Link[])' [/app/OSLC4Net_SDK/OSLC4Net.Client/OSLC4Net.Client.csproj]
/app/OSLC4Net_SDK/OSLC4Net.Client/Oslc/Resources/RequirementBase.cs(516,17): warning CS1591: Missing XML comment for publicly visible type or member 'RequirementBase.SetImplementedBy(Link[])' [/app/OSLC4Net_SDK/OSLC4Net.Client/OSLC4Net.Client.csproj]
/app/OSLC4Net_SDK/OSLC4Net.Client/Oslc/Resources/RequirementBase.cs(526,17): warning CS1591: Missing XML comment for publicly visible type or member 'RequirementBase.SetElaboratedBy(Link[])' [/app/OSLC4Net_SDK/OSLC4Net.Client/OSLC4Net.Client.csproj]
/app/OSLC4Net_SDK/OSLC4Net.Client/Oslc/Resources/RequirementBase.cs(536,17): warning CS1591: Missing XML comment for publicly visible type or member 'RequirementBase.SetElaborates(Link[])' [/app/OSLC4Net_SDK/OSLC4Net.Client/OSLC4Net.Client.csproj]
/app/OSLC4Net_SDK/OSLC4Net.Client/Oslc/Resources/RequirementBase.cs(546,17): warning CS1591: Missing XML comment for publicly visible type or member 'RequirementBase.SetSpecifiedBy(Link[])' [/app/OSLC4Net_SDK/OSLC4Net.Client/OSLC4Net.Client.csproj]
/app/OSLC4Net_SDK/OSLC4Net.Client/Oslc/Resources/RequirementBase.cs(556,17): warning CS1591: Missing XML comment for publicly visible type or member 'RequirementBase.SetSpecifies(Link[])' [/app/OSLC4Net_SDK/OSLC4Net.Client/OSLC4Net.Client.csproj]
/app/OSLC4Net_SDK/OSLC4Net.Client/Oslc/Resources/RequirementBase.cs(566,17): warning CS1591: Missing XML comment for publicly visible type or member 'RequirementBase.SetContributors(Uri[])' [/app/OSLC4Net_SDK/OSLC4Net.Client/OSLC4Net.Client.csproj]
/app/OSLC4Net_SDK/OSLC4Net.Client/Oslc/Resources/RequirementBase.cs(576,17): warning CS1591: Missing XML comment for publicly visible type or member 'RequirementBase.SetCreated(DateTime?)' [/app/OSLC4Net_SDK/OSLC4Net.Client/OSLC4Net.Client.csproj]
/app/OSLC4Net_SDK/OSLC4Net.Client/Oslc/Resources/RequirementBase.cs(581,17): warning CS1591: Missing XML comment for publicly visible type or member 'RequirementBase.SetCreators(Uri[])' [/app/OSLC4Net_SDK/OSLC4Net.Client/OSLC4Net.Client.csproj]
/app/OSLC4Net_SDK/OSLC4Net.Client/Oslc/Resources/RequirementBase.cs(591,17): warning CS1591: Missing XML comment for publicly visible type or member 'RequirementBase.SetDescription(string?)' [/app/OSLC4Net_SDK/OSLC4Net.Client/OSLC4Net.Client.csproj]
/app/OSLC4Net_SDK/OSLC4Net.Client/Oslc/Resources/RequirementBase.cs(596,17): warning CS1591: Missing XML comment for publicly visible type or member 'RequirementBase.SetIdentifier(string?)' [/app/OSLC4Net_SDK/OSLC4Net.Client/OSLC4Net.Client.csproj]
/app/OSLC4Net_SDK/OSLC4Net.Client/Oslc/Resources/RequirementBase.cs(601,17): warning CS1591: Missing XML comment for publicly visible type or member 'RequirementBase.SetInstanceShape(Uri?)' [/app/OSLC4Net_SDK/OSLC4Net.Client/OSLC4Net.Client.csproj]
/app/OSLC4Net_SDK/OSLC4Net.Client/Oslc/Resources/RequirementBase.cs(606,17): warning CS1591: Missing XML comment for publicly visible type or member 'RequirementBase.SetModified(DateTime?)' [/app/OSLC4Net_SDK/OSLC4Net.Client/OSLC4Net.Client.csproj]
/app/OSLC4Net_SDK/OSLC4Net.Client/Oslc/Resources/RequirementBase.cs(612,17): warning CS1591: Missing XML comment for publicly visible type or member 'RequirementBase.SetRdfTypes(Uri[])' [/app/OSLC4Net_SDK/OSLC4Net.Client/OSLC4Net.Client.csproj]
/app/OSLC4Net_SDK/OSLC4Net.Client/Oslc/Resources/RequirementBase.cs(617,17): warning CS1591: Missing XML comment for publicly visible type or member 'RequirementBase.SetServiceProvider(Uri?)' [/app/OSLC4Net_SDK/OSLC4Net.Client/OSLC4Net.Client.csproj]
/app/OSLC4Net_SDK/OSLC4Net.Client/Oslc/Resources/RequirementBase.cs(622,17): warning CS1591: Missing XML comment for publicly visible type or member 'RequirementBase.SetShortTitle(string?)' [/app/OSLC4Net_SDK/OSLC4Net.Client/OSLC4Net.Client.csproj]
/app/OSLC4Net_SDK/OSLC4Net.Client/Oslc/Resources/RequirementBase.cs(627,17): warning CS1591: Missing XML comment for publicly visible type or member 'RequirementBase.SetTitle(string?)' [/app/OSLC4Net_SDK/OSLC4Net.Client/OSLC4Net.Client.csproj]
/app/OSLC4Net_SDK/OSLC4Net.Client/Oslc/Resources/RequirementBase.cs(632,17): warning CS1591: Missing XML comment for publicly visible type or member 'RequirementBase.SetSubjects(string[])' [/app/OSLC4Net_SDK/OSLC4Net.Client/OSLC4Net.Client.csproj]
/app/OSLC4Net_SDK/OSLC4Net.Client/Oslc/Resources/RequirementCollection.cs(34,12): warning CS1591: Missing XML comment for publicly visible type or member 'RequirementCollection.RequirementCollection()' [/app/OSLC4Net_SDK/OSLC4Net.Client/OSLC4Net.Client.csproj]
/app/OSLC4Net_SDK/OSLC4Net.Client/Oslc/Resources/RequirementCollection.cs(39,12): warning CS1591: Missing XML comment for publicly visible type or member 'RequirementCollection.RequirementCollection(Uri)' [/app/OSLC4Net_SDK/OSLC4Net.Client/OSLC4Net.Client.csproj]
/app/OSLC4Net_SDK/OSLC4Net.Client/Oslc/Resources/RequirementCollection.cs(44,17): warning CS1591: Missing XML comment for publicly visible type or member 'RequirementCollection.AddUses(Uri)' [/app/OSLC4Net_SDK/OSLC4Net.Client/OSLC4Net.Client.csproj]
/app/OSLC4Net_SDK/OSLC4Net.Client/Oslc/Resources/RequirementCollection.cs(54,18): warning CS1591: Missing XML comment for publicly visible type or member 'RequirementCollection.GetUses()' [/app/OSLC4Net_SDK/OSLC4Net.Client/OSLC4Net.Client.csproj]
/app/OSLC4Net_SDK/OSLC4Net.Client/Oslc/Resources/RequirementCollection.cs(59,17): warning CS1591: Missing XML comment for publicly visible type or member 'RequirementCollection.SetUses(Uri[])' [/app/OSLC4Net_SDK/OSLC4Net.Client/OSLC4Net.Client.csproj]
/app/OSLC4Net_SDK/OSLC4Net.Client/Oslc/Resources/RmConstants.cs(21,21): warning CS1591: Missing XML comment for publicly visible type or member 'RmConstants' [/app/OSLC4Net_SDK/OSLC4Net.Client/OSLC4Net.Client.csproj]
/app/OSLC4Net_SDK/OSLC4Net.Client/Oslc/Resources/RmConstants.cs(23,25): warning CS1591: Missing XML comment for publicly visible type or member 'RmConstants.REQUIREMENTS_MANAGEMENT_DOMAIN' [/app/OSLC4Net_SDK/OSLC4Net.Client/OSLC4Net.Client.csproj]
/app/OSLC4Net_SDK/OSLC4Net.Client/Oslc/Resources/RmConstants.cs(24,25): warning CS1591: Missing XML comment for publicly visible type or member 'RmConstants.REQUIREMENTS_MANAGEMENT_NAMESPACE' [/app/OSLC4Net_SDK/OSLC4Net.Client/OSLC4Net.Client.csproj]
/app/OSLC4Net_SDK/OSLC4Net.Client/Oslc/Resources/RmConstants.cs(26,25): warning CS1591: Missing XML comment for publicly visible type or member 'RmConstants.REQUIREMENTS_MANAGEMENT_PREFIX' [/app/OSLC4Net_SDK/OSLC4Net.Client/OSLC4Net.Client.csproj]
/app/OSLC4Net_SDK/OSLC4Net.Client/Oslc/Resources/RmConstants.cs(27,25): warning CS1591: Missing XML comment for publicly visible type or member 'RmConstants.SOFTWARE_CONFIGURATION_MANAGEMENT_PREFIX' [/app/OSLC4Net_SDK/OSLC4Net.Client/OSLC4Net.Client.csproj]
/app/OSLC4Net_SDK/OSLC4Net.Client/Oslc/Resources/RmConstants.cs(28,25): warning CS1591: Missing XML comment for publicly visible type or member 'RmConstants.QUALITY_MANAGEMENT_PREFIX' [/app/OSLC4Net_SDK/OSLC4Net.Client/OSLC4Net.Client.csproj]
/app/OSLC4Net_SDK/OSLC4Net.Client/Oslc/Resources/RmConstants.cs(30,25): warning CS1591: Missing XML comment for publicly visible type or member 'RmConstants.FOAF_NAMESPACE' [/app/OSLC4Net_SDK/OSLC4Net.Client/OSLC4Net.Client.csproj]
/app/OSLC4Net_SDK/OSLC4Net.Client/Oslc/Resources/RmConstants.cs(31,25): warning CS1591: Missing XML comment for publicly visible type or member 'RmConstants.FOAF_NAMESPACE_PREFIX' [/app/OSLC4Net_SDK/OSLC4Net.Client/OSLC4Net.Client.csproj]
/app/OSLC4Net_SDK/OSLC4Net.Client/Oslc/Resources/RmConstants.cs(33,25): warning CS1591: Missing XML comment for publicly visible type or member 'RmConstants.TYPE_DISCUSSION' [/app/OSLC4Net_SDK/OSLC4Net.Client/OSLC4Net.Client.csproj]
/app/OSLC4Net_SDK/OSLC4Net.Client/Oslc/Resources/RmConstants.cs(34,25): warning CS1591: Missing XML comment for publicly visible type or member 'RmConstants.TYPE_PERSON' [/app/OSLC4Net_SDK/OSLC4Net.Client/OSLC4Net.Client.csproj]
/app/OSLC4Net_SDK/OSLC4Net.Client/Oslc/Resources/RmConstants.cs(35,25): warning CS1591: Missing XML comment for publicly visible type or member 'RmConstants.TYPE_REQUIREMENT' [/app/OSLC4Net_SDK/OSLC4Net.Client/OSLC4Net.Client.csproj]
/app/OSLC4Net_SDK/OSLC4Net.Client/Oslc/Resources/RmConstants.cs(36,25): warning CS1591: Missing XML comment for publicly visible type or member 'RmConstants.TYPE_REQUIREMENT_COLLECTION' [/app/OSLC4Net_SDK/OSLC4Net.Client/OSLC4Net.Client.csproj]
/app/OSLC4Net_SDK/OSLC4Net.Client/Oslc/Resources/RmConstants.cs(38,25): warning CS1591: Missing XML comment for publicly visible type or member 'RmConstants.JAZZ_RM_NAMESPACE' [/app/OSLC4Net_SDK/OSLC4Net.Client/OSLC4Net.Client.csproj]
/app/OSLC4Net_SDK/OSLC4Net.Client/Oslc/Resources/RmConstants.cs(39,25): warning CS1591: Missing XML comment for publicly visible type or member 'RmConstants.JAZZ_RM_NAV_NAMESPACE' [/app/OSLC4Net_SDK/OSLC4Net.Client/OSLC4Net.Client.csproj]
/app/OSLC4Net_SDK/OSLC4Net.Client/Oslc/Resources/RmConstants.cs(40,25): warning CS1591: Missing XML comment for publicly visible type or member 'RmConstants.JAZZ_RM_ACCESS_NAMESPACE' [/app/OSLC4Net_SDK/OSLC4Net.Client/OSLC4Net.Client.csproj]
/app/OSLC4Net_SDK/OSLC4Net.Client/Oslc/Resources/RmConstants.cs(42,34): warning CS1591: Missing XML comment for publicly visible type or member 'RmConstants.PROPERTY_PRIMARY_TEXT' [/app/OSLC4Net_SDK/OSLC4Net.Client/OSLC4Net.Client.csproj]
/app/OSLC4Net_SDK/OSLC4Net.Client/Oslc/Resources/RmConstants.cs(43,34): warning CS1591: Missing XML comment for publicly visible type or member 'RmConstants.PROPERTY_PARENT_FOLDER' [/app/OSLC4Net_SDK/OSLC4Net.Client/OSLC4Net.Client.csproj]
/app/OSLC4Net_SDK/OSLC4Net.Client/Oslc/Resources/RmConstants.cs(45,34): warning CS1591: Missing XML comment for publicly visible type or member 'RmConstants.PROPERTY_ACCESS_CONTROL' [/app/OSLC4Net_SDK/OSLC4Net.Client/OSLC4Net.Client.csproj]
/app/OSLC4Net_SDK/OSLC4Net.Client/Oslc/Resources/RmConstants.cs(48,25): warning CS1591: Missing XML comment for publicly visible type or member 'RmConstants.NAMESPACE_URI_XHTML' [/app/OSLC4Net_SDK/OSLC4Net.Client/OSLC4Net.Client.csproj]
/app/OSLC4Net_SDK/OSLC4Net.Client/Oslc/Resources/RmUtil.cs(22,21): warning CS1591: Missing XML comment for publicly visible type or member 'RmUtil' [/app/OSLC4Net_SDK/OSLC4Net.Client/OSLC4Net.Client.csproj]
/app/OSLC4Net_SDK/OSLC4Net.Client/Oslc/Resources/RmUtil.cs(24,46): warning CS1591: Missing XML comment for publicly visible type or member 'RmUtil.LookupRequirementsInstanceShapesAsync(string, string, string, OslcClient, string)' [/app/OSLC4Net_SDK/OSLC4Net.Client/OSLC4Net.Client.csproj]
/app/OSLC4Net_SDK/OSLC4Net.Client/Oslc/Resources/RmUtil.cs(89,28): warning CS1591: Missing XML comment for publicly visible type or member 'RmUtil.ConvertStringToHTML(string)' [/app/OSLC4Net_SDK/OSLC4Net.Client/OSLC4Net.Client.csproj]
/app/OSLC4Net_SDK/OSLC4Net.Client/Oslc/Resources/TestCase.cs(40,12): warning CS1591: Missing XML comment for publicly visible type or member 'TestCase.TestCase()' [/app/OSLC4Net_SDK/OSLC4Net.Client/OSLC4Net.Client.csproj]
/app/OSLC4Net_SDK/OSLC4Net.Client/Oslc/Resources/TestCase.cs(44,28): warning CS1591: Missing XML comment for publicly visible type or member 'TestCase.GetRdfType()' [/app/OSLC4Net_SDK/OSLC4Net.Client/OSLC4Net.Client.csproj]
/app/OSLC4Net_SDK/OSLC4Net.Client/Oslc/Resources/TestCase.cs(49,17): warning CS1591: Missing XML comment for publicly visible type or member 'TestCase.AddContributor(Uri)' [/app/OSLC4Net_SDK/OSLC4Net.Client/OSLC4Net.Client.csproj]
/app/OSLC4Net_SDK/OSLC4Net.Client/Oslc/Resources/TestCase.cs(54,17): warning CS1591: Missing XML comment for publicly visible type or member 'TestCase.AddCreator(Uri)' [/app/OSLC4Net_SDK/OSLC4Net.Client/OSLC4Net.Client.csproj]
/app/OSLC4Net_SDK/OSLC4Net.Client/Oslc/Resources/TestCase.cs(59,17): warning CS1591: Missing XML comment for publicly visible type or member 'TestCase.AddRelatedChangeRequest(Link)' [/app/OSLC4Net_SDK/OSLC4Net.Client/OSLC4Net.Client.csproj]
/app/OSLC4Net_SDK/OSLC4Net.Client/Oslc/Resources/TestCase.cs(64,17): warning CS1591: Missing XML comment for publicly visible type or member 'TestCase.AddSubject(string)' [/app/OSLC4Net_SDK/OSLC4Net.Client/OSLC4Net.Client.csproj]
/app/OSLC4Net_SDK/OSLC4Net.Client/Oslc/Resources/TestCase.cs(69,17): warning CS1591: Missing XML comment for publicly visible type or member 'TestCase.AddTestsChangeRequest(Link)' [/app/OSLC4Net_SDK/OSLC4Net.Client/OSLC4Net.Client.csproj]
/app/OSLC4Net_SDK/OSLC4Net.Client/Oslc/Resources/TestCase.cs(74,17): warning CS1591: Missing XML comment for publicly visible type or member 'TestCase.AddUsesTestScript(Link)' [/app/OSLC4Net_SDK/OSLC4Net.Client/OSLC4Net.Client.csproj]
/app/OSLC4Net_SDK/OSLC4Net.Client/Oslc/Resources/TestCase.cs(79,17): warning CS1591: Missing XML comment for publicly visible type or member 'TestCase.AddValidatesRequirement(Link)' [/app/OSLC4Net_SDK/OSLC4Net.Client/OSLC4Net.Client.csproj]
/app/OSLC4Net_SDK/OSLC4Net.Client/Oslc/Resources/TestCase.cs(89,18): warning CS1591: Missing XML comment for publicly visible type or member 'TestCase.GetContributors()' [/app/OSLC4Net_SDK/OSLC4Net.Client/OSLC4Net.Client.csproj]
/app/OSLC4Net_SDK/OSLC4Net.Client/Oslc/Resources/TestCase.cs(99,18): warning CS1591: Missing XML comment for publicly visible type or member 'TestCase.GetCreators()' [/app/OSLC4Net_SDK/OSLC4Net.Client/OSLC4Net.Client.csproj]
/app/OSLC4Net_SDK/OSLC4Net.Client/Oslc/Resources/TestCase.cs(109,19): warning CS1591: Missing XML comment for publicly visible type or member 'TestCase.GetDescription()' [/app/OSLC4Net_SDK/OSLC4Net.Client/OSLC4Net.Client.csproj]
/app/OSLC4Net_SDK/OSLC4Net.Client/Oslc/Resources/TestCase.cs(120,19): warning CS1591: Missing XML comment for publicly visible type or member 'TestCase.GetRelatedChangeRequests()' [/app/OSLC4Net_SDK/OSLC4Net.Client/OSLC4Net.Client.csproj]
/app/OSLC4Net_SDK/OSLC4Net.Client/Oslc/Resources/TestCase.cs(131,21): warning CS1591: Missing XML comment for publicly visible type or member 'TestCase.GetSubjects()' [/app/OSLC4Net_SDK/OSLC4Net.Client/OSLC4Net.Client.csproj]
/app/OSLC4Net_SDK/OSLC4Net.Client/Oslc/Resources/TestCase.cs(142,19): warning CS1591: Missing XML comment for publicly visible type or member 'TestCase.GetTestsChangeRequests()' [/app/OSLC4Net_SDK/OSLC4Net.Client/OSLC4Net.Client.csproj]
/app/OSLC4Net_SDK/OSLC4Net.Client/Oslc/Resources/TestCase.cs(153,19): warning CS1591: Missing XML comment for publicly visible type or member 'TestCase.GetUsesTestScripts()' [/app/OSLC4Net_SDK/OSLC4Net.Client/OSLC4Net.Client.csproj]
/app/OSLC4Net_SDK/OSLC4Net.Client/Oslc/Resources/TestCase.cs(164,19): warning CS1591: Missing XML comment for publicly visible type or member 'TestCase.GetValidatesRequirements()' [/app/OSLC4Net_SDK/OSLC4Net.Client/OSLC4Net.Client.csproj]
/app/OSLC4Net_SDK/OSLC4Net.Client/Oslc/Resources/TestCase.cs(169,17): warning CS1591: Missing XML comment for publicly visible type or member 'TestCase.SetContributors(Uri[])' [/app/OSLC4Net_SDK/OSLC4Net.Client/OSLC4Net.Client.csproj]
/app/OSLC4Net_SDK/OSLC4Net.Client/Oslc/Resources/TestCase.cs(179,17): warning CS1591: Missing XML comment for publicly visible type or member 'TestCase.SetCreators(Uri[])' [/app/OSLC4Net_SDK/OSLC4Net.Client/OSLC4Net.Client.csproj]
/app/OSLC4Net_SDK/OSLC4Net.Client/Oslc/Resources/TestCase.cs(189,17): warning CS1591: Missing XML comment for publicly visible type or member 'TestCase.SetDescription(string)' [/app/OSLC4Net_SDK/OSLC4Net.Client/OSLC4Net.Client.csproj]
/app/OSLC4Net_SDK/OSLC4Net.Client/Oslc/Resources/TestCase.cs(194,17): warning CS1591: Missing XML comment for publicly visible type or member 'TestCase.SetRelatedChangeRequests(Link[])' [/app/OSLC4Net_SDK/OSLC4Net.Client/OSLC4Net.Client.csproj]
/app/OSLC4Net_SDK/OSLC4Net.Client/Oslc/Resources/TestCase.cs(204,17): warning CS1591: Missing XML comment for publicly visible type or member 'TestCase.SetSubjects(string[])' [/app/OSLC4Net_SDK/OSLC4Net.Client/OSLC4Net.Client.csproj]
/app/OSLC4Net_SDK/OSLC4Net.Client/Oslc/Resources/TestCase.cs(214,17): warning CS1591: Missing XML comment for publicly visible type or member 'TestCase.SetTestsChangeRequests(Link[])' [/app/OSLC4Net_SDK/OSLC4Net.Client/OSLC4Net.Client.csproj]
/app/OSLC4Net_SDK/OSLC4Net.Client/Oslc/Resources/TestCase.cs(224,17): warning CS1591: Missing XML comment for publicly visible type or member 'TestCase.SetUsesTestScripts(Link[])' [/app/OSLC4Net_SDK/OSLC4Net.Client/OSLC4Net.Client.csproj]
/app/OSLC4Net_SDK/OSLC4Net.Client/Oslc/Resources/TestCase.cs(234,17): warning CS1591: Missing XML comment for publicly visible type or member 'TestCase.SetValidatesRequirements(Link[])' [/app/OSLC4Net_SDK/OSLC4Net.Client/OSLC4Net.Client.csproj]
/app/OSLC4Net_SDK/OSLC4Net.Client/Oslc/Resources/TestExecutionRecord.cs(39,12): warning CS1591: Missing XML comment for publicly visible type or member 'TestExecutionRecord.TestExecutionRecord()' [/app/OSLC4Net_SDK/OSLC4Net.Client/OSLC4Net.Client.csproj]
/app/OSLC4Net_SDK/OSLC4Net.Client/Oslc/Resources/TestExecutionRecord.cs(43,28): warning CS1591: Missing XML comment for publicly visible type or member 'TestExecutionRecord.GetRdfType()' [/app/OSLC4Net_SDK/OSLC4Net.Client/OSLC4Net.Client.csproj]
/app/OSLC4Net_SDK/OSLC4Net.Client/Oslc/Resources/TestExecutionRecord.cs(48,17): warning CS1591: Missing XML comment for publicly visible type or member 'TestExecutionRecord.AddBlockedByChangeRequest(Link)' [/app/OSLC4Net_SDK/OSLC4Net.Client/OSLC4Net.Client.csproj]
/app/OSLC4Net_SDK/OSLC4Net.Client/Oslc/Resources/TestExecutionRecord.cs(53,17): warning CS1591: Missing XML comment for publicly visible type or member 'TestExecutionRecord.AddContributor(Uri)' [/app/OSLC4Net_SDK/OSLC4Net.Client/OSLC4Net.Client.csproj]
/app/OSLC4Net_SDK/OSLC4Net.Client/Oslc/Resources/TestExecutionRecord.cs(58,17): warning CS1591: Missing XML comment for publicly visible type or member 'TestExecutionRecord.AddCreator(Uri)' [/app/OSLC4Net_SDK/OSLC4Net.Client/OSLC4Net.Client.csproj]
/app/OSLC4Net_SDK/OSLC4Net.Client/Oslc/Resources/TestExecutionRecord.cs(63,17): warning CS1591: Missing XML comment for publicly visible type or member 'TestExecutionRecord.AddRelatedChangeRequest(Link)' [/app/OSLC4Net_SDK/OSLC4Net.Client/OSLC4Net.Client.csproj]
/app/OSLC4Net_SDK/OSLC4Net.Client/Oslc/Resources/TestExecutionRecord.cs(73,18): warning CS1591: Missing XML comment for publicly visible type or member 'TestExecutionRecord.GetContributors()' [/app/OSLC4Net_SDK/OSLC4Net.Client/OSLC4Net.Client.csproj]
/app/OSLC4Net_SDK/OSLC4Net.Client/Oslc/Resources/TestExecutionRecord.cs(83,18): warning CS1591: Missing XML comment for publicly visible type or member 'TestExecutionRecord.GetCreators()' [/app/OSLC4Net_SDK/OSLC4Net.Client/OSLC4Net.Client.csproj]
/app/OSLC4Net_SDK/OSLC4Net.Client/Oslc/Resources/TestExecutionRecord.cs(94,19): warning CS1591: Missing XML comment for publicly visible type or member 'TestExecutionRecord.GetBlockedByChangeRequests()' [/app/OSLC4Net_SDK/OSLC4Net.Client/OSLC4Net.Client.csproj]
/app/OSLC4Net_SDK/OSLC4Net.Client/Oslc/Resources/TestExecutionRecord.cs(105,19): warning CS1591: Missing XML comment for publicly visible type or member 'TestExecutionRecord.GetRelatedChangeRequests()' [/app/OSLC4Net_SDK/OSLC4Net.Client/OSLC4Net.Client.csproj]
/app/OSLC4Net_SDK/OSLC4Net.Client/Oslc/Resources/TestExecutionRecord.cs(116,17): warning CS1591: Missing XML comment for publicly visible type or member 'TestExecutionRecord.GetReportsOnTestPlan()' [/app/OSLC4Net_SDK/OSLC4Net.Client/OSLC4Net.Client.csproj]
/app/OSLC4Net_SDK/OSLC4Net.Client/Oslc/Resources/TestExecutionRecord.cs(124,16): warning CS1591: Missing XML comment for publicly visible type or member 'TestExecutionRecord.GetRunsOnTestEnvironment()' [/app/OSLC4Net_SDK/OSLC4Net.Client/OSLC4Net.Client.csproj]
/app/OSLC4Net_SDK/OSLC4Net.Client/Oslc/Resources/TestExecutionRecord.cs(135,17): warning CS1591: Missing XML comment for publicly visible type or member 'TestExecutionRecord.GetRunsTestCase()' [/app/OSLC4Net_SDK/OSLC4Net.Client/OSLC4Net.Client.csproj]
/app/OSLC4Net_SDK/OSLC4Net.Client/Oslc/Resources/TestExecutionRecord.cs(140,17): warning CS1591: Missing XML comment for publicly visible type or member 'TestExecutionRecord.SetBlockedByChangeRequests(Link[])' [/app/OSLC4Net_SDK/OSLC4Net.Client/OSLC4Net.Client.csproj]
/app/OSLC4Net_SDK/OSLC4Net.Client/Oslc/Resources/TestExecutionRecord.cs(150,17): warning CS1591: Missing XML comment for publicly visible type or member 'TestExecutionRecord.SetContributors(Uri[])' [/app/OSLC4Net_SDK/OSLC4Net.Client/OSLC4Net.Client.csproj]
/app/OSLC4Net_SDK/OSLC4Net.Client/Oslc/Resources/TestExecutionRecord.cs(160,17): warning CS1591: Missing XML comment for publicly visible type or member 'TestExecutionRecord.SetCreators(Uri[])' [/app/OSLC4Net_SDK/OSLC4Net.Client/OSLC4Net.Client.csproj]
/app/OSLC4Net_SDK/OSLC4Net.Client/Oslc/Resources/TestExecutionRecord.cs(170,17): warning CS1591: Missing XML comment for publicly visible type or member 'TestExecutionRecord.SetRelatedChangeRequests(Link[])' [/app/OSLC4Net_SDK/OSLC4Net.Client/OSLC4Net.Client.csproj]
/app/OSLC4Net_SDK/OSLC4Net.Client/Oslc/Resources/TestExecutionRecord.cs(180,17): warning CS1591: Missing XML comment for publicly visible type or member 'TestExecutionRecord.SetReportsOnTestPlan(Link)' [/app/OSLC4Net_SDK/OSLC4Net.Client/OSLC4Net.Client.csproj]
/app/OSLC4Net_SDK/OSLC4Net.Client/Oslc/Resources/TestExecutionRecord.cs(185,17): warning CS1591: Missing XML comment for publicly visible type or member 'TestExecutionRecord.SetRunsOnTestEnvironment(Uri)' [/app/OSLC4Net_SDK/OSLC4Net.Client/OSLC4Net.Client.csproj]
/app/OSLC4Net_SDK/OSLC4Net.Client/Oslc/Resources/TestExecutionRecord.cs(190,17): warning CS1591: Missing XML comment for publicly visible type or member 'TestExecutionRecord.SetRunsTestCase(Link)' [/app/OSLC4Net_SDK/OSLC4Net.Client/OSLC4Net.Client.csproj]
/app/OSLC4Net_SDK/OSLC4Net.Client/Oslc/Resources/TestPlan.cs(39,12): warning CS1591: Missing XML comment for publicly visible type or member 'TestPlan.TestPlan()' [/app/OSLC4Net_SDK/OSLC4Net.Client/OSLC4Net.Client.csproj]
/app/OSLC4Net_SDK/OSLC4Net.Client/Oslc/Resources/TestPlan.cs(43,28): warning CS1591: Missing XML comment for publicly visible type or member 'TestPlan.GetRdfType()' [/app/OSLC4Net_SDK/OSLC4Net.Client/OSLC4Net.Client.csproj]
/app/OSLC4Net_SDK/OSLC4Net.Client/Oslc/Resources/TestPlan.cs(48,17): warning CS1591: Missing XML comment for publicly visible type or member 'TestPlan.AddContributor(Uri)' [/app/OSLC4Net_SDK/OSLC4Net.Client/OSLC4Net.Client.csproj]
/app/OSLC4Net_SDK/OSLC4Net.Client/Oslc/Resources/TestPlan.cs(53,17): warning CS1591: Missing XML comment for publicly visible type or member 'TestPlan.AddCreator(Uri)' [/app/OSLC4Net_SDK/OSLC4Net.Client/OSLC4Net.Client.csproj]
/app/OSLC4Net_SDK/OSLC4Net.Client/Oslc/Resources/TestPlan.cs(58,17): warning CS1591: Missing XML comment for publicly visible type or member 'TestPlan.AddRelatedChangeRequest(Link)' [/app/OSLC4Net_SDK/OSLC4Net.Client/OSLC4Net.Client.csproj]
/app/OSLC4Net_SDK/OSLC4Net.Client/Oslc/Resources/TestPlan.cs(63,17): warning CS1591: Missing XML comment for publicly visible type or member 'TestPlan.AddSubject(string)' [/app/OSLC4Net_SDK/OSLC4Net.Client/OSLC4Net.Client.csproj]
/app/OSLC4Net_SDK/OSLC4Net.Client/Oslc/Resources/TestPlan.cs(68,17): warning CS1591: Missing XML comment for publicly visible type or member 'TestPlan.AddUsesTestCase(Link)' [/app/OSLC4Net_SDK/OSLC4Net.Client/OSLC4Net.Client.csproj]
/app/OSLC4Net_SDK/OSLC4Net.Client/Oslc/Resources/TestPlan.cs(73,17): warning CS1591: Missing XML comment for publicly visible type or member 'TestPlan.AddValidatesRequirementCollection(Link)' [/app/OSLC4Net_SDK/OSLC4Net.Client/OSLC4Net.Client.csproj]
/app/OSLC4Net_SDK/OSLC4Net.Client/Oslc/Resources/TestPlan.cs(83,18): warning CS1591: Missing XML comment for publicly visible type or member 'TestPlan.GetContributors()' [/app/OSLC4Net_SDK/OSLC4Net.Client/OSLC4Net.Client.csproj]
/app/OSLC4Net_SDK/OSLC4Net.Client/Oslc/Resources/TestPlan.cs(93,18): warning CS1591: Missing XML comment for publicly visible type or member 'TestPlan.GetCreators()' [/app/OSLC4Net_SDK/OSLC4Net.Client/OSLC4Net.Client.csproj]
/app/OSLC4Net_SDK/OSLC4Net.Client/Oslc/Resources/TestPlan.cs(103,19): warning CS1591: Missing XML comment for publicly visible type or member 'TestPlan.GetDescription()' [/app/OSLC4Net_SDK/OSLC4Net.Client/OSLC4Net.Client.csproj]
/app/OSLC4Net_SDK/OSLC4Net.Client/Oslc/Resources/TestPlan.cs(114,19): warning CS1591: Missing XML comment for publicly visible type or member 'TestPlan.GetRelatedChangeRequests()' [/app/OSLC4Net_SDK/OSLC4Net.Client/OSLC4Net.Client.csproj]
/app/OSLC4Net_SDK/OSLC4Net.Client/Oslc/Resources/TestPlan.cs(125,21): warning CS1591: Missing XML comment for publicly visible type or member 'TestPlan.GetSubjects()' [/app/OSLC4Net_SDK/OSLC4Net.Client/OSLC4Net.Client.csproj]
/app/OSLC4Net_SDK/OSLC4Net.Client/Oslc/Resources/TestPlan.cs(136,19): warning CS1591: Missing XML comment for publicly visible type or member 'TestPlan.GetUsesTestCases()' [/app/OSLC4Net_SDK/OSLC4Net.Client/OSLC4Net.Client.csproj]
/app/OSLC4Net_SDK/OSLC4Net.Client/Oslc/Resources/TestPlan.cs(147,19): warning CS1591: Missing XML comment for publicly visible type or member 'TestPlan.GetValidatesRequirementCollections()' [/app/OSLC4Net_SDK/OSLC4Net.Client/OSLC4Net.Client.csproj]
/app/OSLC4Net_SDK/OSLC4Net.Client/Oslc/Resources/TestPlan.cs(152,17): warning CS1591: Missing XML comment for publicly visible type or member 'TestPlan.SetContributors(Uri[])' [/app/OSLC4Net_SDK/OSLC4Net.Client/OSLC4Net.Client.csproj]
/app/OSLC4Net_SDK/OSLC4Net.Client/Oslc/Resources/TestPlan.cs(162,17): warning CS1591: Missing XML comment for publicly visible type or member 'TestPlan.SetCreators(Uri[])' [/app/OSLC4Net_SDK/OSLC4Net.Client/OSLC4Net.Client.csproj]
/app/OSLC4Net_SDK/OSLC4Net.Client/Oslc/Resources/TestPlan.cs(172,17): warning CS1591: Missing XML comment for publicly visible type or member 'TestPlan.SetDescription(string)' [/app/OSLC4Net_SDK/OSLC4Net.Client/OSLC4Net.Client.csproj]
/app/OSLC4Net_SDK/OSLC4Net.Client/Oslc/Resources/TestPlan.cs(177,17): warning CS1591: Missing XML comment for publicly visible type or member 'TestPlan.SetRelatedChangeRequests(Link[])' [/app/OSLC4Net_SDK/OSLC4Net.Client/OSLC4Net.Client.csproj]
/app/OSLC4Net_SDK/OSLC4Net.Client/Oslc/Resources/TestPlan.cs(187,17): warning CS1591: Missing XML comment for publicly visible type or member 'TestPlan.SetSubjects(string[])' [/app/OSLC4Net_SDK/OSLC4Net.Client/OSLC4Net.Client.csproj]
/app/OSLC4Net_SDK/OSLC4Net.Client/Oslc/Resources/TestPlan.cs(197,17): warning CS1591: Missing XML comment for publicly visible type or member 'TestPlan.SetUsesTestCases(Link[])' [/app/OSLC4Net_SDK/OSLC4Net.Client/OSLC4Net.Client.csproj]
/app/OSLC4Net_SDK/OSLC4Net.Client/Oslc/Resources/TestPlan.cs(207,17): warning CS1591: Missing XML comment for publicly visible type or member 'TestPlan.SetValidatesRequirementCollections(Link[])' [/app/OSLC4Net_SDK/OSLC4Net.Client/OSLC4Net.Client.csproj]
/app/OSLC4Net_SDK/OSLC4Net.Client/Oslc/Resources/TestResult.cs(37,12): warning CS1591: Missing XML comment for publicly visible type or member 'TestResult.TestResult()' [/app/OSLC4Net_SDK/OSLC4Net.Client/OSLC4Net.Client.csproj]
/app/OSLC4Net_SDK/OSLC4Net.Client/Oslc/Resources/TestResult.cs(41,28): warning CS1591: Missing XML comment for publicly visible type or member 'TestResult.GetRdfType()' [/app/OSLC4Net_SDK/OSLC4Net.Client/OSLC4Net.Client.csproj]
/app/OSLC4Net_SDK/OSLC4Net.Client/Oslc/Resources/TestResult.cs(46,17): warning CS1591: Missing XML comment for publicly visible type or member 'TestResult.AddAffectedByChangeRequest(Link)' [/app/OSLC4Net_SDK/OSLC4Net.Client/OSLC4Net.Client.csproj]
/app/OSLC4Net_SDK/OSLC4Net.Client/Oslc/Resources/TestResult.cs(57,19): warning CS1591: Missing XML comment for publicly visible type or member 'TestResult.GetAffectedByChangeRequests()' [/app/OSLC4Net_SDK/OSLC4Net.Client/OSLC4Net.Client.csproj]
/app/OSLC4Net_SDK/OSLC4Net.Client/Oslc/Resources/TestResult.cs(68,17): warning CS1591: Missing XML comment for publicly visible type or member 'TestResult.GetReportsOnTestPlan()' [/app/OSLC4Net_SDK/OSLC4Net.Client/OSLC4Net.Client.csproj]
/app/OSLC4Net_SDK/OSLC4Net.Client/Oslc/Resources/TestResult.cs(79,17): warning CS1591: Missing XML comment for publicly visible type or member 'TestResult.GetReportsOnTestCase()' [/app/OSLC4Net_SDK/OSLC4Net.Client/OSLC4Net.Client.csproj]
/app/OSLC4Net_SDK/OSLC4Net.Client/Oslc/Resources/TestResult.cs(87,17): warning CS1591: Missing XML comment for publicly visible type or member 'TestResult.GetExecutesTestScript()' [/app/OSLC4Net_SDK/OSLC4Net.Client/OSLC4Net.Client.csproj]
/app/OSLC4Net_SDK/OSLC4Net.Client/Oslc/Resources/TestResult.cs(98,17): warning CS1591: Missing XML comment for publicly visible type or member 'TestResult.GetProducedByTestExecutionRecord()' [/app/OSLC4Net_SDK/OSLC4Net.Client/OSLC4Net.Client.csproj]
/app/OSLC4Net_SDK/OSLC4Net.Client/Oslc/Resources/TestResult.cs(108,19): warning CS1591: Missing XML comment for publicly visible type or member 'TestResult.GetStatus()' [/app/OSLC4Net_SDK/OSLC4Net.Client/OSLC4Net.Client.csproj]
/app/OSLC4Net_SDK/OSLC4Net.Client/Oslc/Resources/TestResult.cs(113,17): warning CS1591: Missing XML comment for publicly visible type or member 'TestResult.SetAffectedByChangeRequests(Link[])' [/app/OSLC4Net_SDK/OSLC4Net.Client/OSLC4Net.Client.csproj]
/app/OSLC4Net_SDK/OSLC4Net.Client/Oslc/Resources/TestResult.cs(123,17): warning CS1591: Missing XML comment for publicly visible type or member 'TestResult.SetReportsOnTestPlan(Link)' [/app/OSLC4Net_SDK/OSLC4Net.Client/OSLC4Net.Client.csproj]
/app/OSLC4Net_SDK/OSLC4Net.Client/Oslc/Resources/TestResult.cs(128,17): warning CS1591: Missing XML comment for publicly visible type or member 'TestResult.SetReportsOnTestCase(Link)' [/app/OSLC4Net_SDK/OSLC4Net.Client/OSLC4Net.Client.csproj]
/app/OSLC4Net_SDK/OSLC4Net.Client/Oslc/Resources/TestResult.cs(133,17): warning CS1591: Missing XML comment for publicly visible type or member 'TestResult.SetProducedByTestExecutionRecord(Link)' [/app/OSLC4Net_SDK/OSLC4Net.Client/OSLC4Net.Client.csproj]
/app/OSLC4Net_SDK/OSLC4Net.Client/Oslc/Resources/TestResult.cs(138,17): warning CS1591: Missing XML comment for publicly visible type or member 'TestResult.SetExecutesTestScript(Link)' [/app/OSLC4Net_SDK/OSLC4Net.Client/OSLC4Net.Client.csproj]
/app/OSLC4Net_SDK/OSLC4Net.Client/Oslc/Resources/TestResult.cs(143,17): warning CS1591: Missing XML comment for publicly visible type or member 'TestResult.SetStatus(string)' [/app/OSLC4Net_SDK/OSLC4Net.Client/OSLC4Net.Client.csproj]
/app/OSLC4Net_SDK/OSLC4Net.Client/Oslc/Resources/TestScript.cs(37,12): warning CS1591: Missing XML comment for publicly visible type or member 'TestScript.TestScript()' [/app/OSLC4Net_SDK/OSLC4Net.Client/OSLC4Net.Client.csproj]
/app/OSLC4Net_SDK/OSLC4Net.Client/Oslc/Resources/TestScript.cs(41,28): warning CS1591: Missing XML comment for publicly visible type or member 'TestScript.GetRdfType()' [/app/OSLC4Net_SDK/OSLC4Net.Client/OSLC4Net.Client.csproj]
/app/OSLC4Net_SDK/OSLC4Net.Client/Oslc/Resources/TestScript.cs(46,17): warning CS1591: Missing XML comment for publicly visible type or member 'TestScript.AddContributor(Uri)' [/app/OSLC4Net_SDK/OSLC4Net.Client/OSLC4Net.Client.csproj]
/app/OSLC4Net_SDK/OSLC4Net.Client/Oslc/Resources/TestScript.cs(51,17): warning CS1591: Missing XML comment for publicly visible type or member 'TestScript.AddCreator(Uri)' [/app/OSLC4Net_SDK/OSLC4Net.Client/OSLC4Net.Client.csproj]
/app/OSLC4Net_SDK/OSLC4Net.Client/Oslc/Resources/TestScript.cs(56,17): warning CS1591: Missing XML comment for publicly visible type or member 'TestScript.AddRelatedChangeRequest(Link)' [/app/OSLC4Net_SDK/OSLC4Net.Client/OSLC4Net.Client.csproj]
/app/OSLC4Net_SDK/OSLC4Net.Client/Oslc/Resources/TestScript.cs(61,17): warning CS1591: Missing XML comment for publicly visible type or member 'TestScript.AddValidatesRequirement(Link)' [/app/OSLC4Net_SDK/OSLC4Net.Client/OSLC4Net.Client.csproj]
/app/OSLC4Net_SDK/OSLC4Net.Client/Oslc/Resources/TestScript.cs(71,18): warning CS1591: Missing XML comment for publicly visible type or member 'TestScript.GetContributors()' [/app/OSLC4Net_SDK/OSLC4Net.Client/OSLC4Net.Client.csproj]
/app/OSLC4Net_SDK/OSLC4Net.Client/Oslc/Resources/TestScript.cs(81,18): warning CS1591: Missing XML comment for publicly visible type or member 'TestScript.GetCreators()' [/app/OSLC4Net_SDK/OSLC4Net.Client/OSLC4Net.Client.csproj]
/app/OSLC4Net_SDK/OSLC4Net.Client/Oslc/Resources/TestScript.cs(91,19): warning CS1591: Missing XML comment for publicly visible type or member 'TestScript.GetDescription()' [/app/OSLC4Net_SDK/OSLC4Net.Client/OSLC4Net.Client.csproj]
/app/OSLC4Net_SDK/OSLC4Net.Client/Oslc/Resources/TestScript.cs(99,16): warning CS1591: Missing XML comment for publicly visible type or member 'TestScript.GetExecutionInstructions()' [/app/OSLC4Net_SDK/OSLC4Net.Client/OSLC4Net.Client.csproj]
/app/OSLC4Net_SDK/OSLC4Net.Client/Oslc/Resources/TestScript.cs(110,19): warning CS1591: Missing XML comment for publicly visible type or member 'TestScript.GetRelatedChangeRequests()' [/app/OSLC4Net_SDK/OSLC4Net.Client/OSLC4Net.Client.csproj]
/app/OSLC4Net_SDK/OSLC4Net.Client/Oslc/Resources/TestScript.cs(121,19): warning CS1591: Missing XML comment for publicly visible type or member 'TestScript.GetValidatesRequirements()' [/app/OSLC4Net_SDK/OSLC4Net.Client/OSLC4Net.Client.csproj]
/app/OSLC4Net_SDK/OSLC4Net.Client/Oslc/Resources/TestScript.cs(126,17): warning CS1591: Missing XML comment for publicly visible type or member 'TestScript.setContributors(Uri[])' [/app/OSLC4Net_SDK/OSLC4Net.Client/OSLC4Net.Client.csproj]
/app/OSLC4Net_SDK/OSLC4Net.Client/Oslc/Resources/TestScript.cs(136,17): warning CS1591: Missing XML comment for publicly visible type or member 'TestScript.setCreators(Uri[])' [/app/OSLC4Net_SDK/OSLC4Net.Client/OSLC4Net.Client.csproj]
/app/OSLC4Net_SDK/OSLC4Net.Client/Oslc/Resources/TestScript.cs(146,17): warning CS1591: Missing XML comment for publicly visible type or member 'TestScript.setDescription(string)' [/app/OSLC4Net_SDK/OSLC4Net.Client/OSLC4Net.Client.csproj]
/app/OSLC4Net_SDK/OSLC4Net.Client/Oslc/Resources/TestScript.cs(151,17): warning CS1591: Missing XML comment for publicly visible type or member 'TestScript.setExecutionInstructions(Uri)' [/app/OSLC4Net_SDK/OSLC4Net.Client/OSLC4Net.Client.csproj]
/app/OSLC4Net_SDK/OSLC4Net.Client/Oslc/Resources/TestScript.cs(156,17): warning CS1591: Missing XML comment for publicly visible type or member 'TestScript.setRelatedChangeRequests(Link[])' [/app/OSLC4Net_SDK/OSLC4Net.Client/OSLC4Net.Client.csproj]
/app/OSLC4Net_SDK/OSLC4Net.Client/Oslc/Resources/TestScript.cs(166,17): warning CS1591: Missing XML comment for publicly visible type or member 'TestScript.setValidatesRequirements(Link[])' [/app/OSLC4Net_SDK/OSLC4Net.Client/OSLC4Net.Client.csproj]
/app/OSLC4Net_SDK/OSLC4Net.Client/OslcResponse.cs(7,21): warning CS1591: Missing XML comment for publicly visible type or member 'OslcResponse<T>' [/app/OSLC4Net_SDK/OSLC4Net.Client/OSLC4Net.Client.csproj]
/app/OSLC4Net_SDK/OSLC4Net.Client/OslcResponse.cs(10,19): warning CS1591: Missing XML comment for publicly visible type or member 'OslcResponse<T>.Graph' [/app/OSLC4Net_SDK/OSLC4Net.Client/OSLC4Net.Client.csproj]
/app/OSLC4Net_SDK/OSLC4Net.Client/OslcResponse.cs(11,21): warning CS1591: Missing XML comment for publicly visible type or member 'OslcResponse<T>.Resources' [/app/OSLC4Net_SDK/OSLC4Net.Client/OSLC4Net.Client.csproj]
/app/OSLC4Net_SDK/OSLC4Net.Client/OslcResponse.cs(12,19): warning CS1591: Missing XML comment for publicly visible type or member 'OslcResponse<T>.ErrorResource' [/app/OSLC4Net_SDK/OSLC4Net.Client/OSLC4Net.Client.csproj]
/app/OSLC4Net_SDK/OSLC4Net.Client/OslcResponse.cs(14,33): warning CS1591: Missing XML comment for publicly visible type or member 'OslcResponse<T>.ResponseMessage' [/app/OSLC4Net_SDK/OSLC4Net.Client/OSLC4Net.Client.csproj]
/app/OSLC4Net_SDK/OSLC4Net.Client/OslcResponse.cs(17,28): warning CS1591: Missing XML comment for publicly visible type or member 'OslcResponse<T>.StatusCode' [/app/OSLC4Net_SDK/OSLC4Net.Client/OSLC4Net.Client.csproj]
/app/OSLC4Net_SDK/OSLC4Net.Client/OslcResponse.cs(19,17): warning CS1591: Missing XML comment for publicly visible type or member 'OslcResponse<T>.IsSuccess' [/app/OSLC4Net_SDK/OSLC4Net.Client/OSLC4Net.Client.csproj]
/app/OSLC4Net_SDK/OSLC4Net.Client/OslcResponse.cs(21,35): warning CS1591: Missing XML comment for publicly visible type or member 'OslcResponse<T>.WithSuccess(List<T>?, Graph?, HttpResponseMessage?)' [/app/OSLC4Net_SDK/OSLC4Net.Client/OSLC4Net.Client.csproj]
/app/OSLC4Net_SDK/OSLC4Net.Client/OslcResponse.cs(34,35): warning CS1591: Missing XML comment for publicly visible type or member 'OslcResponse<T>.WithError(HttpResponseMessage?, Error?, Graph?)' [/app/OSLC4Net_SDK/OSLC4Net.Client/OSLC4Net.Client.csproj]
/app/OSLC4Net_SDK/OSLC4Net.Client/OslcRestClient.cs(36,52): warning CS1591: Missing XML comment for publicly visible type or member 'OslcRestClient.Formatters' [/app/OSLC4Net_SDK/OSLC4Net.Client/OSLC4Net.Client.csproj]
/app/OSLC4Net_SDK/OSLC4Net.Client/OslcRestClient.cs(71,12): warning CS1591: Missing XML comment for publicly visible type or member 'OslcRestClient.OslcRestClient(string, DotNetRdfHelper, string?, int?)' [/app/OSLC4Net_SDK/OSLC4Net.Client/OSLC4Net.Client.csproj]
/app/OSLC4Net_SDK/OSLC4Net.Client/OslcRestClient.cs(183,19): warning CS1591: Missing XML comment for publicly visible type or member 'OslcRestClient.GetMediaType()' [/app/OSLC4Net_SDK/OSLC4Net.Client/OSLC4Net.Client.csproj]
/app/OSLC4Net_SDK/OSLC4Net.Client/OslcRestClient.cs(188,16): warning CS1591: Missing XML comment for publicly visible type or member 'OslcRestClient.GetReadTimeout()' [/app/OSLC4Net_SDK/OSLC4Net.Client/OSLC4Net.Client.csproj]
/app/OSLC4Net_SDK/OSLC4Net.Client/OslcRestClient.cs(193,19): warning CS1591: Missing XML comment for publicly visible type or member 'OslcRestClient.GetUri()' [/app/OSLC4Net_SDK/OSLC4Net.Client/OSLC4Net.Client.csproj]
/app/OSLC4Net_SDK/OSLC4Net.Client/OslcRestClient.cs(198,23): warning CS1591: Missing XML comment for publicly visible type or member 'OslcRestClient.GetClient()' [/app/OSLC4Net_SDK/OSLC4Net.Client/OSLC4Net.Client.csproj]
/app/OSLC4Net_SDK/OSLC4Net.Client/ServiceProviderRegistryClient.cs(35,23): warning CS1591: Missing XML comment for publicly visible type or member 'ServiceProviderRegistryClient.Client' [/app/OSLC4Net_SDK/OSLC4Net.Client/OSLC4Net.Client.csproj]
/app/OSLC4Net_SDK/OSLC4Net.Client/ServiceProviderRegistryClient.cs(49,24): warning CS1573: Parameter 'loggerFactory' has no matching param tag in the XML comment for 'ServiceProviderRegistryClient.ServiceProviderRegistryClient(string, IEnumerable<MediaTypeFormatter>?, string, ILoggerFactory, string?, string?)' (but other parameters do) [/app/OSLC4Net_SDK/OSLC4Net.Client/OSLC4Net.Client.csproj]
/app/OSLC4Net_SDK/OSLC4Net.Client/ServiceProviderRegistryClient.cs(74,42): warning CS1573: Parameter 'loggerFactory' has no matching param tag in the XML comment for 'ServiceProviderRegistryClient.ServiceProviderRegistryClient(string, IEnumerable<MediaTypeFormatter>?, string, ILoggerFactory)' (but other parameters do) [/app/OSLC4Net_SDK/OSLC4Net.Client/OSLC4Net.Client.csproj]
/app/OSLC4Net_SDK/OSLC4Net.Client/ServiceProviderRegistryClient.cs(79,12): warning CS1591: Missing XML comment for publicly visible type or member 'ServiceProviderRegistryClient.ServiceProviderRegistryClient(string, ILoggerFactory, IEnumerable<MediaTypeFormatter>?)' [/app/OSLC4Net_SDK/OSLC4Net.Client/OSLC4Net.Client.csproj]
/app/OSLC4Net_SDK/OSLC4Net.Client/ServiceProviderRegistryClient.cs(99,49): warning CS1591: Missing XML comment for publicly visible type or member 'ServiceProviderRegistryClient.WithBasicAuth(string, string, string, ILoggerFactory)' [/app/OSLC4Net_SDK/OSLC4Net.Client/OSLC4Net.Client.csproj]
/app/OSLC4Net_SDK/OSLC4Net.Client/ServiceProviderRegistryURIs.cs(18,1): warning CS1587: XML comment is not placed on a valid language element [/app/OSLC4Net_SDK/OSLC4Net.Client/OSLC4Net.Client.csproj]
/app/OSLC4Net_SDK/OSLC4Net.Client/Oslc/OslcClient.cs(255,12): warning MA0026: TODO use uniformly (@berezovskyi 2024-10) (https://github.com/meziantou/Meziantou.Analyzer/blob/main/docs/Rules/MA0026.md) [/app/OSLC4Net_SDK/OSLC4Net.Client/OSLC4Net.Client.csproj]
/app/OSLC4Net_SDK/OSLC4Net.Client/Oslc/OslcClient.cs(413,16): warning MA0026: TODO try to read the error resource if any (https://github.com/meziantou/Meziantou.Analyzer/blob/main/docs/Rules/MA0026.md) [/app/OSLC4Net_SDK/OSLC4Net.Client/OSLC4Net.Client.csproj]
/app/OSLC4Net_SDK/OSLC4Net.Client/Oslc/Resources/ChangeRequest.cs(39,52): warning MA0026: TODO - Extension to point to any other OSLC resource(s). (https://github.com/meziantou/Meziantou.Analyzer/blob/main/docs/Rules/MA0026.md) [/app/OSLC4Net_SDK/OSLC4Net.Client/OSLC4Net.Client.csproj]
/app/OSLC4Net_SDK/OSLC4Net.Client/Oslc/Resources/OslcQueryResult.cs(114,8): warning MA0026: TODO do not expose implementation details to users (@berezovskyi 2024-10) (https://github.com/meziantou/Meziantou.Analyzer/blob/main/docs/Rules/MA0026.md) [/app/OSLC4Net_SDK/OSLC4Net.Client/OSLC4Net.Client.csproj]
/app/OSLC4Net_SDK/OSLC4Net.Client/Oslc/Resources/OslcQueryResult.cs(120,8): warning MA0026: TODO remove with IEnumerator (@berezovskyi 2024-10) (https://github.com/meziantou/Meziantou.Analyzer/blob/main/docs/Rules/MA0026.md) [/app/OSLC4Net_SDK/OSLC4Net.Client/OSLC4Net.Client.csproj]
/app/OSLC4Net_SDK/OSLC4Net.Client/Oslc/Resources/OslcQueryResult.cs(126,8): warning MA0026: TODO remove with IEnumerator (@berezovskyi 2024-10) (https://github.com/meziantou/Meziantou.Analyzer/blob/main/docs/Rules/MA0026.md) [/app/OSLC4Net_SDK/OSLC4Net.Client/OSLC4Net.Client.csproj]
/app/OSLC4Net_SDK/OSLC4Net.Client/OslcResponse.cs(9,8): warning MA0026: TODO make init (@berezovskyi 2024-10) (https://github.com/meziantou/Meziantou.Analyzer/blob/main/docs/Rules/MA0026.md) [/app/OSLC4Net_SDK/OSLC4Net.Client/OSLC4Net.Client.csproj]
/app/OSLC4Net_SDK/OSLC4Net.Client/OslcRestClient.cs(242,20): warning MA0026: TODO check if we can get rid of this Java-looking code (https://github.com/meziantou/Meziantou.Analyzer/blob/main/docs/Rules/MA0026.md) [/app/OSLC4Net_SDK/OSLC4Net.Client/OSLC4Net.Client.csproj]
/app/OSLC4Net_SDK/OSLC4Net.Client/OslcResponse.cs(11,12): warning MA0016: Prefer using collection abstraction instead of implementation (https://github.com/meziantou/Meziantou.Analyzer/blob/main/docs/Rules/MA0016.md) [/app/OSLC4Net_SDK/OSLC4Net.Client/OSLC4Net.Client.csproj]
/app/OSLC4Net_SDK/OSLC4Net.Client/Oslc/Resources/ParameterInstance.cs(29,14): warning MA0094: A class that provides CompareTo(T) should implement IComparable<T> (https://github.com/meziantou/Meziantou.Analyzer/blob/main/docs/Rules/MA0094.md) [/app/OSLC4Net_SDK/OSLC4Net.Client/OSLC4Net.Client.csproj]
/app/OSLC4Net_SDK/OSLC4Net.Client/OslcResponse.cs(21,47): warning MA0016: Prefer using collection abstraction instead of implementation (https://github.com/meziantou/Meziantou.Analyzer/blob/main/docs/Rules/MA0016.md) [/app/OSLC4Net_SDK/OSLC4Net.Client/OSLC4Net.Client.csproj]
/app/OSLC4Net_SDK/OSLC4Net.Client/ServiceProviderRegistryClient.cs(111,28): warning MA0051: Method is too long (137 lines; maximum allowed: 60) (https://github.com/meziantou/Meziantou.Analyzer/blob/main/docs/Rules/MA0051.md) [/app/OSLC4Net_SDK/OSLC4Net.Client/OSLC4Net.Client.csproj]
/app/OSLC4Net_SDK/OSLC4Net.Client/ServiceProviderRegistryClient.cs(313,53): warning MA0051: Method is too long (93 lines; maximum allowed: 60) (https://github.com/meziantou/Meziantou.Analyzer/blob/main/docs/Rules/MA0051.md) [/app/OSLC4Net_SDK/OSLC4Net.Client/OSLC4Net.Client.csproj]
/app/OSLC4Net_SDK/OSLC4Net.Client/Oslc/Resources/QmResource.cs(37,17): warning MA0056: Do not call overridable members in constructor (https://github.com/meziantou/Meziantou.Analyzer/blob/main/docs/Rules/MA0056.md) [/app/OSLC4Net_SDK/OSLC4Net.Client/OSLC4Net.Client.csproj]
/app/OSLC4Net_SDK/OSLC4Net.Client/Oslc/Resources/QmResource.cs(42,17): warning MA0056: Do not call overridable members in constructor (https://github.com/meziantou/Meziantou.Analyzer/blob/main/docs/Rules/MA0056.md) [/app/OSLC4Net_SDK/OSLC4Net.Client/OSLC4Net.Client.csproj]
/app/OSLC4Net_SDK/OSLC4Net.Client/Oslc/OslcClient.cs(706,31): warning MA0051: Method is too long (67 lines; maximum allowed: 60) (https://github.com/meziantou/Meziantou.Analyzer/blob/main/docs/Rules/MA0051.md) [/app/OSLC4Net_SDK/OSLC4Net.Client/OSLC4Net.Client.csproj]
/app/OSLC4Net_SDK/OSLC4Net.Client/Oslc/Resources/OslcQueryResult.cs(402,66): warning MA0015: 'Current' is not a valid parameter name (https://github.com/meziantou/Meziantou.Analyzer/blob/main/docs/Rules/MA0015.md) [/app/OSLC4Net_SDK/OSLC4Net.Client/OSLC4Net.Client.csproj]
/app/OSLC4Net_SDK/OSLC4Net.Client/Oslc/OslcClient.cs(785,31): warning MA0051: Method is too long (66 lines; maximum allowed: 60) (https://github.com/meziantou/Meziantou.Analyzer/blob/main/docs/Rules/MA0051.md) [/app/OSLC4Net_SDK/OSLC4Net.Client/OSLC4Net.Client.csproj]
/app/OSLC4Net_SDK/Examples/OSLC4Net.Client.Jazz/Oslc/Jazz/JazzFormAuthClient.cs(122,39): warning MA0051: Method is too long (73 lines; maximum allowed: 60) (https://github.com/meziantou/Meziantou.Analyzer/blob/main/docs/Rules/MA0051.md) [/app/OSLC4Net_SDK/Examples/OSLC4Net.Client.Jazz/OSLC4Net.Client.Jazz.csproj]
/app/OSLC4Net_SDK/Examples/OSLC4Net.Client.Samples/EWMSample.cs(263,27): warning CS8632: The annotation for nullable reference types should only be used in code within a '#nullable' annotations context. [/app/OSLC4Net_SDK/Examples/OSLC4Net.Client.Samples/OSLC4Net.Client.Samples.csproj]
/app/OSLC4Net_SDK/Examples/OSLC4Net.Client.Samples/ETMSample.cs(162,25): warning CS0618: 'QmResource.GetRdfTypes()' is obsolete: 'User GetTypes() or .Types instead' [/app/OSLC4Net_SDK/Examples/OSLC4Net.Client.Samples/OSLC4Net.Client.Samples.csproj]
/app/OSLC4Net_SDK/Examples/OSLC4Net.Client.Samples/EWMSample.cs(183,20): warning CS8632: The annotation for nullable reference types should only be used in code within a '#nullable' annotations context. [/app/OSLC4Net_SDK/Examples/OSLC4Net.Client.Samples/OSLC4Net.Client.Samples.csproj]
/app/OSLC4Net_SDK/Examples/OSLC4Net.Client.Samples/EWMSample.cs(198,33): warning CS0618: 'ChangeRequest.GetRdfTypes()' is obsolete: 'Use .Types instead' [/app/OSLC4Net_SDK/Examples/OSLC4Net.Client.Samples/OSLC4Net.Client.Samples.csproj]
/app/OSLC4Net_SDK/Examples/OSLC4Net.Client.Samples/ERMSample.cs(132,30): warning CS8632: The annotation for nullable reference types should only be used in code within a '#nullable' annotations context. [/app/OSLC4Net_SDK/Examples/OSLC4Net.Client.Samples/OSLC4Net.Client.Samples.csproj]
/app/OSLC4Net_SDK/Examples/OSLC4Net.Client.Samples/ERMSample.cs(133,30): warning CS8632: The annotation for nullable reference types should only be used in code within a '#nullable' annotations context. [/app/OSLC4Net_SDK/Examples/OSLC4Net.Client.Samples/OSLC4Net.Client.Samples.csproj]
/app/OSLC4Net_SDK/Examples/OSLC4Net.Client.Samples/ERMSample.cs(193,61): warning CS0618: 'RmConstants' is obsolete: 'See OSLC4Net.Domains.RequirementsManagement' [/app/OSLC4Net_SDK/Examples/OSLC4Net.Client.Samples/OSLC4Net.Client.Samples.csproj]
/app/OSLC4Net_SDK/Examples/OSLC4Net.Client.Samples/EWMSample.cs(274,17): warning CS0618: 'ChangeRequest.GetRdfTypes()' is obsolete: 'Use .Types instead' [/app/OSLC4Net_SDK/Examples/OSLC4Net.Client.Samples/OSLC4Net.Client.Samples.csproj]
/app/OSLC4Net_SDK/Examples/OSLC4Net.Client.Samples/EWMSample.cs(296,28): warning CS8632: The annotation for nullable reference types should only be used in code within a '#nullable' annotations context. [/app/OSLC4Net_SDK/Examples/OSLC4Net.Client.Samples/OSLC4Net.Client.Samples.csproj]
/app/OSLC4Net_SDK/Examples/OSLC4Net.Client.Samples/EWMSample.cs(326,18): warning CS8632: The annotation for nullable reference types should only be used in code within a '#nullable' annotations context. [/app/OSLC4Net_SDK/Examples/OSLC4Net.Client.Samples/OSLC4Net.Client.Samples.csproj]
/app/OSLC4Net_SDK/Examples/OSLC4Net.Client.Samples/EWMSample.cs(345,25): warning CS8632: The annotation for nullable reference types should only be used in code within a '#nullable' annotations context. [/app/OSLC4Net_SDK/Examples/OSLC4Net.Client.Samples/OSLC4Net.Client.Samples.csproj]
/app/OSLC4Net_SDK/Examples/OSLC4Net.Client.Samples/EWMSample.cs(363,20): warning CS8632: The annotation for nullable reference types should only be used in code within a '#nullable' annotations context. [/app/OSLC4Net_SDK/Examples/OSLC4Net.Client.Samples/OSLC4Net.Client.Samples.csproj]
/app/OSLC4Net_SDK/Examples/OSLC4Net.Client.Samples/ETMSample.cs(96,16): warning MA0051: Method is too long (104 lines; maximum allowed: 60) (https://github.com/meziantou/Meziantou.Analyzer/blob/main/docs/Rules/MA0051.md) [/app/OSLC4Net_SDK/Examples/OSLC4Net.Client.Samples/OSLC4Net.Client.Samples.csproj]
/app/OSLC4Net_SDK/Examples/OSLC4Net.Client.Samples/EWMSample.cs(115,23): warning MA0051: Method is too long (133 lines; maximum allowed: 60) (https://github.com/meziantou/Meziantou.Analyzer/blob/main/docs/Rules/MA0051.md) [/app/OSLC4Net_SDK/Examples/OSLC4Net.Client.Samples/OSLC4Net.Client.Samples.csproj]
/app/OSLC4Net_SDK/Examples/OSLC4Net.Client.Samples/ERMSample.cs(96,16): warning MA0051: Method is too long (244 lines; maximum allowed: 60) (https://github.com/meziantou/Meziantou.Analyzer/blob/main/docs/Rules/MA0051.md) [/app/OSLC4Net_SDK/Examples/OSLC4Net.Client.Samples/OSLC4Net.Client.Samples.csproj]
/app/OSLC4Net_SDK/Examples/OSLC4Net.Client.Samples/EWMSample.cs(263,30): warning MA0051: Method is too long (161 lines; maximum allowed: 60) (https://github.com/meziantou/Meziantou.Analyzer/blob/main/docs/Rules/MA0051.md) [/app/OSLC4Net_SDK/Examples/OSLC4Net.Client.Samples/OSLC4Net.Client.Samples.csproj]
    1257 Warning(s)
    0 Error(s)

Time Elapsed 00:00:21.89
