  Determining projects to restore...
  All projects are up-to-date for restore.
/home/jules/.nuget/packages/microsoft.testing.platform.msbuild/2.0.2/buildMultiTargeting/Microsoft.Testing.Platform.MSBuild.targets(263,5): error : Testing with VSTest target is no longer supported by Microsoft.Testing.Platform on .NET 10 SDK and later. If you use dotnet test, you should opt-in to the new dotnet test experience. For more information, see https://aka.ms/dotnet-test-mtp-error [/app/OSLC4Net_SDK/Tests/OSLC4Net.Client.Tests/OSLC4Net.Client.Tests.csproj]
/home/jules/.nuget/packages/microsoft.testing.platform.msbuild/2.0.2/buildMultiTargeting/Microsoft.Testing.Platform.MSBuild.targets(263,5): error : Testing with VSTest target is no longer supported by Microsoft.Testing.Platform on .NET 10 SDK and later. If you use dotnet test, you should opt-in to the new dotnet test experience. For more information, see https://aka.ms/dotnet-test-mtp-error [/app/OSLC4Net_SDK/Tests/OSLC4Net.Core.QueryTests/OSLC4Net.Core.QueryTests.csproj]
/home/jules/.nuget/packages/microsoft.testing.platform.msbuild/2.0.2/buildMultiTargeting/Microsoft.Testing.Platform.MSBuild.targets(263,5): error : Testing with VSTest target is no longer supported by Microsoft.Testing.Platform on .NET 10 SDK and later. If you use dotnet test, you should opt-in to the new dotnet test experience. For more information, see https://aka.ms/dotnet-test-mtp-error [/app/OSLC4Net_SDK/Tests/OSLC4Net.Core.DotNetRdfProviderTests/OSLC4Net.Core.DotNetRdfProviderTests.csproj]
/home/jules/.nuget/packages/microsoft.testing.platform.msbuild/2.0.2/buildMultiTargeting/Microsoft.Testing.Platform.MSBuild.targets(263,5): error : Testing with VSTest target is no longer supported by Microsoft.Testing.Platform on .NET 10 SDK and later. If you use dotnet test, you should opt-in to the new dotnet test experience. For more information, see https://aka.ms/dotnet-test-mtp-error [/app/OSLC4Net_SDK/Tests/OSLC4Net.Test.RefImpl/OSLC4Net.Test.RefImpl.csproj]
/home/jules/.nuget/packages/microsoft.testing.platform.msbuild/2.0.2/buildMultiTargeting/Microsoft.Testing.Platform.MSBuild.targets(263,5): error : Testing with VSTest target is no longer supported by Microsoft.Testing.Platform on .NET 10 SDK and later. If you use dotnet test, you should opt-in to the new dotnet test experience. For more information, see https://aka.ms/dotnet-test-mtp-error [/app/OSLC4Net_SDK/Tests/OSLC4Net.Core.Tests/OSLC4Net.Core.Tests.csproj]
